
dccapalgo.w2k.bnm.gov.my
eno1 eno2:10.103.9.98/16 192.168.13.174/21
3.10.0-1160.76.1.el7.x86_64
 10:10:42 up 9 days, 17:55,  4 users,  load average: 2.01, 2.18, 1.67
kernel-3.10.0-1160.76.1.el7.x86_64            Mon 15 Aug 2022 04:16:36 PM +08
kernel-3.10.0-1160.66.1.el7.x86_64            Sat 25 Jun 2022 12:08:20 AM +08
kernel-3.10.0-1160.62.1.el7.x86_64            Tue 26 Apr 2022 12:37:34 PM +08
Red Hat Enterprise Linux Server release 7.9 (Maipo)
Intel(R) Xeon(R) CPU E5-2698 v3 @ 2.30GHz
127779 MB
2 of 5

CPU usage is below the threshold (Which is 80%)
Memory Usage is above the threshold (Which is 80%)

Memory free 
Used	Avail	Use%	Mounted
0	63G	0%	/dev
8.0K	63G	1%	/dev/shm
235M	63G	1%	/run
0	63G	0%	/sys/fs/cgroup
20G	31G	39%	/
239M	253M	49%	/boot
9.9M	190M	5%	/boot/efi
5.1G	15G	26%	/home
34M	10G	1%	/tmp
14G	17G	46%	/var
338G	32G	92%	/disc3
7.6G	43G	16%	/disc2
12K	13G	1%	/run/user/42
0	13G	0%	/run/user/1002
0	13G	0%	/run/user/1010
0	13G	0%	/run/user/1008

9 days,
● ntpd.service - Network Time Service
   Loaded: loaded (/usr/lib/systemd/system/ntpd.service; enabled; vendor preset: disabled)
   Active: inactive (dead)

Tue 6 Sep 2022 10:10:43 AM
Tue 06 Sep 2022 10:10:44 AM +08  -0.439519 seconds
● ntpd.service - Network Time Service
   Loaded: loaded (/usr/lib/systemd/system/ntpd.service; enabled; vendor preset: disabled)
   Active: inactive (dead)
server 0.rhel.pool.ntp.org iburst
server 1.rhel.pool.ntp.org iburst
server 2.rhel.pool.ntp.org iburst
server 3.rhel.pool.ntp.org iburst


Linux 3.10.0-1160.76.1.el7.x86_64 (dccapalgo.w2k.bnm.gov.my) 	09/06/2022 	_x86_64_	(64 CPU)

10:10:44 AM     CPU     %user     %nice   %system   %iowait    %steal     %idle
10:10:46 AM     all      3.69      0.00      3.15      0.00      0.00     93.16
10:10:48 AM     all      3.35      0.00      2.33      0.00      0.00     94.32
10:10:50 AM     all      2.75      0.00      2.69      0.01      0.00     94.56
10:10:52 AM     all      2.54      0.00      2.68      0.00      0.00     94.78
10:10:54 AM     all      2.72      0.00      3.01      0.00      0.00     94.27
Average:        all      3.01      0.00      2.77      0.00      0.00     94.22
Average:        all      0.12      0.00      0.13      0.00      0.00     99.75

              total        used        free      shared  buff/cache   available
Mem:         127779        8611      101390         352       17776      118204
Swap:            31           0          31
Total:       127811        8611      101422




Filesystem                          Size  Used Avail Use% Mounted on
devtmpfs                             63G     0   63G   0% /dev
tmpfs                                63G  8.0K   63G   1% /dev/shm
tmpfs                                63G  235M   63G   1% /run
tmpfs                                63G     0   63G   0% /sys/fs/cgroup
/dev/mapper/rhel_dccapalgo00-root    50G   20G   31G  39% /
/dev/sda2                           492M  239M  253M  49% /boot
/dev/sda1                           200M  9.9M  190M   5% /boot/efi
/dev/mapper/rhel_dccapalgo00-home    20G  5.1G   15G  26% /home
/dev/mapper/rhel_dccapalgo00-tmp     10G   34M   10G   1% /tmp
/dev/mapper/rhel_dccapalgo00-var     30G   14G   17G  46% /var
/dev/mapper/rhel_dccapalgo00-disc3  370G  338G   32G  92% /disc3
/dev/mapper/rhel_dccapalgo00-disc2   50G  7.6G   43G  16% /disc2
tmpfs                                13G   12K   13G   1% /run/user/42
tmpfs                                13G     0   13G   0% /run/user/1002
tmpfs                                13G     0   13G   0% /run/user/1010
tmpfs                                13G     0   13G   0% /run/user/1008


Galaxy         	0:off	1:off	2:off	3:on	4:off	5:on	6:off
Jarvis         	0:off	1:off	2:on	3:on	4:on	5:on	6:off
besclient      	0:off	1:off	2:on	3:on	4:on	5:on	6:off
hp-asrd        	0:off	1:off	2:on	3:on	4:on	5:on	6:off
hp-health      	0:off	1:off	2:on	3:on	4:on	5:on	6:off
ncpa_listener  	0:off	1:off	2:on	3:on	4:on	5:on	6:off
ncpa_passive   	0:off	1:off	2:on	3:on	4:on	5:on	6:off
netconsole     	0:off	1:off	2:off	3:off	4:off	5:off	6:off
network        	0:off	1:off	2:on	3:on	4:on	5:on	6:off
rhnsd          	0:off	1:off	2:on	3:off	4:off	5:off	6:off

xinetd based services:
	chargen-dgram: 	off
	chargen-stream:	off
	daytime-dgram: 	off
	daytime-stream:	off
	discard-dgram: 	off
	discard-stream:	off
	echo-dgram:    	off
	echo-stream:   	off
	nrpe:          	on
	nsca:          	on
	tcpmux-server: 	off
	time-dgram:    	off
	time-stream:   	off


