
dccebrsma13
eth14 eth4 eth11 bond0 usb0:192.168.2.13/16 192.168.8.75/21 169.254.95.120/24
2.6.32-754.47.1.el6.x86_64
 11:17:28 up 48 days, 13:12,  1 user,  load average: 1.51, 1.59, 1.42
kernel-2.6.32-754.48.1.el6.x86_64             Fri 19 Aug 2022 08:51:16 PM +08
kernel-2.6.32-754.47.1.el6.x86_64             Fri 24 Jun 2022 10:18:47 PM +08
kernel-2.6.32-754.43.1.el6.x86_64             Sat 19 Mar 2022 12:15:46 AM +08
Red Hat Enterprise Linux Server release 6.10 (Santiago)
Intel(R) Xeon(R) Gold 6132 CPU @ 2.60GHz
257977 MB
5 of 18

CPU usage is below the threshold (Which is 80%)
Memory Usage is below the threshold (Which is 80%)

Memory free 92
Used	Avail	Use%	Mounted
1.9G	51%	/	
1.1G	125G	1%	/dev/shm
924M	1%	/appl	
111M	352M	24%	/boot
280K	512M	1%	/boot/efi
4.6G	2%	/home	
3.6G	23%	/opt	
17G	1%	/tmp	
1.8G	62%	/usr	
4.4G	42%	/var	
1.4G	51%	/var/log	
894M	4%	/var/log/audit	
367G	22%	/opt/simpana	
350G	26%	/IndexCache	
603G	61%	/DCCMA13GDDB/DDB	
1.6T	81%	/DCCMA01_Disk10	
2.7T	67%	/DCCMA01_Disk11	
1.4T	83%	/DCCMA01_Disk12	
2.3T	72%	/DCCMA01_Disk13	
1.6T	82%	/DCCMA01_Disk14	
2.0T	77%	/DCCMA01_Disk15	
1.8T	79%	/DCCMA01_Disk16	
4.0T	51%	/DCCMA01_Disk17	
3.7T	55%	/DCCMA02_Disk6	
2.4T	71%	/DCCMA02_Disk7	
2.4T	71%	/DCCMA02_Disk8	
1.5T	83%	/DCCMA02_Disk9	
2.0T	77%	/DCCMA02_Disk10	
2.2T	73%	/DCCMA02_Disk11	
2.1T	75%	/DCCMA02_Disk12	
1.5T	82%	/DCCMA02_Disk13	
1.1T	87%	/DCCMA03_Disk6	
1.8T	79%	/DCCMA03_Disk7	
1.7T	80%	/DCCMA03_Disk8	
2.4T	71%	/DCCMA03_Disk9	
2.6T	68%	/DCCMA03_Disk10	
2.1T	75%	/DCCMA03_Disk11	
953G	89%	/DCCMA03_Disk12	
2.3T	73%	/DCCMA03_Disk13	
2.6T	68%	/DCCMA04_Disk5	
2.3T	72%	/DCCMA04_Disk6	
1.7T	80%	/DCCMA04_Disk7	
2.8T	67%	/DCCMA04_Disk8	
3.1T	62%	/DCCMA04_Disk9	
1.6T	81%	/DCCMA04_Disk10	
3.8T	54%	/DCCMA04_Disk11	
953G	89%	/DCCMA04_Disk12	
3.0T	64%	/DCCMA05_Disk3	
2.2T	73%	/DCCMA05_Disk4	
1.7T	80%	/DCCMA05_Disk5	
968G	89%	/DCCMA05_Disk6	
1.6T	81%	/DCCMA05_Disk7	
1.5T	82%	/DCCMA05_Disk8	
2.5G	100%	/DCCMA05_Disk9	
3.0T	64%	/DCCMA05_Disk10	
3.1T	62%	/DCCMA06_Disk1	
3.5T	57%	/DCCMA06_Disk2	
3.9T	52%	/DCCMA06_Disk3	
2.2T	74%	/DCCMA06_Disk4	
1.4T	83%	/DCCMA06_Disk5	
2.7T	68%	/DCCMA06_Disk6	
2.2T	73%	/DCCMA06_Disk7	
2.7T	67%	/DCCMA06_Disk8	
1.5T	82%	/DCCMA07_Disk1	
184G	96%	/DCCMA01_Disk19	
151G	97%	/DCCMA01_Disk20	
383G	91%	/DCCMA01_Disk21	
950G	8%	/DCCMA01_Disk22	
2.0T	1%	/DCCMA01_Disk23	
793G	81%	/DCCMA02_Disk14	
252G	94%	/DCCMA02_Disk15	
964G	6%	/DCCMA02_Disk16	
2.0T	1%	/DCCMA02_Disk17	
398G	91%	/DCCMA03_Disk14	
1.8G	100%	/DCCMA03_Disk15	
757G	27%	/DCCMA03_Disk16	
83G	98%	/DCCMA04_Disk13	
954G	77%	/DCCMA04_Disk14	
712G	31%	/DCCMA04_Disk15	
8.0T	1%	/DCCMA04_Disk16	
8.0T	1%	/DCCMA04_Disk17	
8.0T	1%	/DCCMA04_Disk18	
8.0T	1%	/DCCMA04_Disk19	
812G	81%	/DCCMA05_Disk11	
768G	26%	/DCCMA05_Disk12	
8.0T	1%	/DCCMA05_Disk13	
8.0T	1%	/DCCMA05_Disk14	
8.0T	1%	/DCCMA05_Disk15	
8.0T	1%	/DCCMA05_Disk16	
2.5T	69%	/DCCMA07_Disk2	
4.0T	51%	/DCCMA07_Disk3	
1.3T	85%	/DCCMA07_Disk4	
2.9T	64%	/DCCMA07_Disk5	
3.6T	56%	/DCCMA07_Disk6	
2.7T	68%	/DCCMA07_Disk7	
2.3T	73%	/DCCMA08_Disk1	
3.1T	62%	/DCCMA08_Disk2	
623G	93%	/DCCMA08_Disk3	
799G	91%	/DCCMA08_Disk4	
61G	100%	/DCCMA08_Disk5	
2.1T	75%	/DCCMA08_Disk6	
3.9T	52%	/DCCMA08_Disk7	
2.7T	67%	/DCCMA08_Disk8	
1.1T	88%	/DCCMA09_Disk1	
97G	99%	/DCCMA09_Disk2	
1.6T	82%	/DCCMA09_Disk3	
708G	92%	/DCCMA09_Disk4	
1.3T	85%	/DCCMA09_Disk5	
1.4T	83%	/DCCMA09_Disk6	
71G	100%	/DCCMA09_Disk7	
3.0T	63%	/DCCMA09_Disk8	
3.4T	59%	/DCCMA10_Disk1	
3.0T	64%	/DCCMA10_Disk2	
424G	95%	/DCCMA10_Disk3	
258G	97%	/DCCMA10_Disk4	
4.0G	100%	/DCCMA10_Disk5	
3.5T	57%	/DCCMA10_Disk6	
1.2T	86%	/DCCMA10_Disk7	
84G	99%	/DCCMA10_Disk8	
46G	100%	/DCCMA11_Disk1	
124G	99%	/DCCMA11_Disk2	
2.5G	100%	/DCCMA11_Disk3	
989G	88%	/DCCMA11_Disk4	
3.2T	61%	/DCCMA11_Disk5	
2.2G	100%	/DCCMA11_Disk7	
3.5T	57%	/DCCMA11_Disk8	
131G	99%	/DCCMA11_Disk9	
434G	95%	/DCCMA11_Disk10	
1.4T	83%	/DCCMA11_Disk11	
1.6T	81%	/DCCMA10_Disk9	
8.0T	1%	/DCCMA10_Disk10	
8.0T	1%	/DCCMA10_Disk11	
8.0T	1%	/DCCMA10_Disk12	
8.0T	1%	/DCCMA10_Disk13	
8.0T	1%	/DCCMA10_Disk14	
8.0T	1%	/DCCMA10_Disk15	
8.0T	1%	/DCCMA10_Disk16	
2.3T	72%	/DCCMA11_Disk12	
2.4T	71%	/DCCMA11_Disk13	
2.5T	70%	/DCCMA11_Disk14	
1.4T	84%	/DCCMA11_Disk15	
3.1T	62%	/DCCMA11_Disk16	
2.6T	69%	/DCCMA11_Disk17	
3.7T	54%	/DCCMA11_Disk18	
3.1T	62%	/DCCMA11_Disk19	
2.5T	70%	/DCCMA12_Disk1	
4.0T	51%	/DCCMA12_Disk2	
2.7T	67%	/DCCMA12_Disk3	
8.0T	1%	/DCCMA12_Disk4	
8.0T	1%	/DCCMA12_Disk5	
8.0T	1%	/DCCMA12_Disk6	
8.0T	1%	/DCCMA12_Disk7	
8.0T	1%	/DCCMA12_Disk8	
8.0T	1%	/DCCMA13_Disk1	
8.0T	1%	/DCCMA13_Disk2	
8.0T	1%	/DCCMA13_Disk3	
8.0T	1%	/DCCMA13_Disk4	
8.0T	1%	/DCCMA13_Disk5	
8.0T	1%	/DCCMA13_Disk6	
8.0T	1%	/DCCMA13_Disk7	
8.0T	1%	/DCCMA13_Disk8	
298G	97%	/DCCMA11_Disk20	
349G	96%	/DCCMA11_Disk21	
292G	97%	/DCCMA12_Disk9	
1.5T	82%	/DCCMA12_Disk10	
3.1T	62%	/DCCMA12_Disk11	
1.9T	78%	/DCCMA12_Disk12	
2.4T	71%	/DCCMA12_Disk13	
3.0T	64%	/DCCMA12_Disk15	
1.3T	85%	/DCCMA12_Disk16	
1.8T	78%	/DCCMA12_Disk17	
2.6G	100%	/DCCMA12_Disk18	
1.6T	81%	/DCCMA13_Disk14	
1.2T	86%	/DCCMA13_Disk15	
2.1T	75%	/DCCMA13_Disk16	
2.5T	70%	/DCCMA13_Disk17	
2.7T	67%	/DCCMA13_Disk18	
709G	92%	/DCCMA06_Disk09	
51G	100%	/DCCMA06_Disk10	
268G	97%	/DCCMA06_Disk11	
2.1T	75%	/DCCMA06_Disk12	
537G	94%	/DCCMA06_Disk14	
2.8T	67%	/DCCMA06_Disk15	
8.0T	1%	/DCCMA12_Disk14	
2.7T	35%	/DCCMA07_Disk9	
5.2T	36%	/DCCMA09_Disk10	
6.6T	18%	/DCCMA09_Disk11	
3.5G	100%	/DCCMA09_Disk12	
8.0T	2%	/DCCMA09_Disk13	
7.9T	2%	/DCCMA09_Disk09	

48 days,
ntpd (pid  41732) is running...
ntpd           	0:off	1:off	2:on	3:on	4:on	5:on	6:off

Sat 10 Sep 2022 11:17:29 AM ZONE="Asia/Kuala_Lumpur"
Sat 10 Sep 2022 11:17:30 AM +08  -0.767926 seconds
ntpd (pid  41732) is running...
server 10.10.10.75 iburst
server 10.10.10.76 iburst


Linux 2.6.32-754.47.1.el6.x86_64 (dccebrsma13) 	09/10/2022 	_x86_64_	(56 CPU)

11:17:30 AM     CPU     %user     %nice   %system   %iowait    %steal     %idle
11:17:32 AM     all      0.05      0.00      1.05      0.00      0.00     98.90
11:17:34 AM     all      0.01      0.00      0.89      0.01      0.00     99.09
11:17:36 AM     all      0.02      0.00      0.90      0.00      0.00     99.09
11:17:38 AM     all      0.02      0.00      0.88      0.01      0.00     99.09
11:17:40 AM     all      0.02      0.00      0.89      0.00      0.00     99.09
Average:        all      0.02      0.00      0.92      0.00      0.00     99.05
Average:        all      0.43      0.00      1.45      0.11      0.00     98.01

             total       used       free     shared    buffers     cached
Mem:        257977     251372       6604       1311       1461     231071
-/+ buffers/cache:      18839     239138
Swap:            0          0          0
Total:      257977     251372       6604


Linux 2.6.32-754.47.1.el6.x86_64 (dccebrsma13) 	09/10/2022 	_x86_64_	(56 CPU)

09/10/2022 11:17:40 AM
Device:            tps    MB_read/s    MB_wrtn/s    MB_read    MB_wrtn
sda              63.56         0.04         0.42     188748    1762402
sdg               0.86         0.01         0.08      48179     339896
sdb               0.92         0.00         0.13      14871     535452
sdc               0.95         0.01         0.12      34568     514302
sde               0.85         0.00         0.12      15283     517290
sdf               2.86         0.20         0.04     824284     175598
sdd               0.83         0.01         0.07      48286     288229
sdi               0.87         0.01         0.10      24244     416105
sdn               0.73         0.01         0.04      42673     175042
sdj               1.08         0.01         0.16      49519     671869
sds               0.70         0.01         0.06      21776     263924
sdk               0.62         0.01         0.04      23828     188659
sdo               1.00         0.01         0.13      45566     551075
sdm               0.59         0.00         0.02      17518      99015
sdq               0.68         0.01         0.06      31648     230957
sdr               0.83         0.01         0.09      31988     381219
sdp               0.71         0.01         0.09      22184     357991
sdu               1.10         0.01         0.13      45120     536340
sdaa              1.21         0.04         0.11     176621     446701
sdh               1.35         0.01         0.16      54043     665416
sdaf              1.25         0.00         0.00      20559          0
sdw               0.87         0.01         0.10      51798     403994
sdag              0.96         0.00         0.00      15391        311
sdx               1.76         0.11         0.11     456867     458180
sdab              0.73         0.01         0.08      31424     323245
sdai              0.66         0.00         0.00      10417        999
sdaj              0.67         0.00         0.00      10589        380
sdl               0.97         0.01         0.12      21814     517988
sdak              1.12         0.00         0.13      11322     561631
sdae              0.75         0.00         0.09      18225     376370
sdz               0.71         0.01         0.05      25462     229224
sdad              1.03         0.01         0.13      46786     551135
sdam              0.75         0.00         0.00      11895        317
sdah              0.79         0.02         0.05      63651     194948
sdy               0.72         0.01         0.03      32449     117488
sdac              0.72         0.00         0.08      15587     329530
sdan              0.79         0.01         0.07      25826     282899
sdv               1.15         0.01         0.21      25543     860061
sdao              0.68         0.00         0.00      10687        370
sdaq              0.79         0.01         0.09      22129     377633
sdap              0.62         0.00         0.00       9800       1507
sdar              0.65         0.00         0.00      10207        324
sdt               0.86         0.00         0.10      16909     437055
sdal              0.74         0.00         0.05      14690     210052
sdas              0.63         0.00         0.00       9975        312
sdau              0.97         0.00         0.12      20597     520360
sdav              0.23         0.00         0.00       3754          0
sdaw              0.06         0.00         0.00       1034          0
sdax              1.00         0.00         0.15      15771     634087
sdba              0.76         0.00         0.10      15247     425953
sdaz              0.06         0.00         0.00       1034          0
sdbc              0.72         0.00         0.06      15700     239798
sdbd              0.06         0.00         0.00       1034          0
sday              0.06         0.00         0.00       1034          0
sdbb              0.06         0.00         0.00       1034          0
sdat              0.65         0.00         0.00      10177        290
sdbe              0.06         0.00         0.00       1035          0
sdbh              0.58         0.01         0.01      33605      22943
sdbk              1.03         0.00         0.16      19815     686271
sdbl              0.22         0.00         0.00       3596          0
sdbj              0.06         0.00         0.00       1034          0
sdbn              0.69         0.01         0.03      45177     143302
sdbf              0.06         0.00         0.00       1034          0
sdbo              0.06         0.00         0.00       1022          0
sdbp              0.06         0.00         0.00       1022          0
sdby              0.27         0.00         0.00       4417          0
sdbi              0.06         0.00         0.00       1034          0
sdbg              0.06         0.00         0.00       1034          0
sdbm              0.23         0.00         0.00       3743          0
sdbt              0.06         0.00         0.00       1023          0
sdbr              0.81         0.00         0.05      18517     216296
sdbs              0.06         0.00         0.00       1023          0
sdbq              0.06         0.00         0.00       1023          0
sdcf              0.61         0.01         0.01      34571      38585
sdbw              0.73         0.01         0.03      27502     126393
sdbv              0.06         0.00         0.00       1022          0
sdcm              0.27         0.00         0.00       4407          0
sdcp              0.28         0.00         0.00       4436        144
sdcs              0.65         0.01         0.00      42762       3481
sdcj              0.72         0.00         0.05      19955     206138
sdbu              0.06         0.00         0.00       1023          0
sdcu              0.81         0.01         0.02      21905      99532
sdct              0.95         0.01         0.12      34563     514404
sdcb              0.28         0.00         0.00       4433        144
sdcr              0.92         0.00         0.13      14873     535398
sdcx              0.52         0.00         0.00      17408       6449
sdcv              0.27         0.00         0.00       4409          0
sdbz              0.06         0.00         0.00       1023          0
sdcz              0.76         0.00         0.04      17777     163432
sdcc              0.23         0.00         0.00       3743          0
sdcw              0.83         0.01         0.07      48284     288278
sdcy              0.85         0.00         0.12      15312     517221
sdbx              0.06         0.00         0.00       1023          0
sddb              0.86         0.01         0.08      48177     339871
sddi              1.08         0.01         0.16      49487     671863
sddf              1.35         0.01         0.16      54052     665328
sdch              0.06         0.00         0.00       1023          0
sddn              0.27         0.00         0.00       4423          0
sdcg              0.06         0.00         0.00       1023          0
sdce              0.06         0.00         0.00       1023          0
sdcl              0.06         0.00         0.00       1023          0
sddd              0.27         0.00         0.00       4406          0
sddr              1.00         0.01         0.13      45563     551022
sdda              2.86         0.20         0.04     824120     175554
sddk              0.27         0.00         0.00       4417          0
sddc              0.27         0.00         0.00       4416          0
sdcd              0.06         0.00         0.00       1023          0
sdde              0.27         0.00         0.00       4403          0
sddp              0.27         0.00         0.00       4404          0
sddl              0.72         0.00         0.05      12752     226213
sddq              0.73         0.01         0.04      42643     174985
sdci              0.06         0.00         0.00       1023          0
sddg              0.27         0.00         0.00       4396          0
sddm              0.97         0.01         0.12      21749     518046
sddo              0.59         0.00         0.02      17521      98944
sddz              0.70         0.01         0.06      21784     263944
sdca              0.06         0.00         0.00       1024          0
sdeb              1.01         0.01         0.09      22783     390748
sddv              0.27         0.00         0.00       4406          0
sdea              1.17         0.01         0.11      57312     465652
sddy              0.83         0.01         0.09      31971     381343
sddh              0.87         0.01         0.10      24233     416227
sddx              1.01         0.00         0.11      15836     448899
sdck              0.06         0.00         0.00       1023          0
sddu              0.71         0.01         0.09      22187     357919
sddw              0.68         0.01         0.06      31709     231158
sdec              0.86         0.00         0.10      16905     436881
sdeg              1.15         0.01         0.21      25498     860320
sdcn              0.06         0.00         0.00       1023          0
sddj              0.62         0.01         0.04      23830     188668
sdcq              0.06         0.00         0.00       1023          0
sdco              0.06         0.00         0.00       1023          0
sded              1.41         0.00         0.20      17469     859546
sdek              1.76         0.11         0.11     456814     458149
sdep              1.21         0.04         0.11     176319     446744
sdej              1.54         0.01         0.14      35038     600411
sdel              0.94         0.01         0.09      29249     359604
sdds              0.27         0.00         0.00       4401          0
sdef              1.43         0.02         0.12      89228     502426
sdem              0.72         0.01         0.03      32468     117450
sdeu              0.72         0.00         0.08      15576     329644
sder              1.19         0.01         0.09      29499     373873
sdet              1.06         0.02         0.04      94309     153933
sdev              1.08         0.01         0.11      53643     445920
sddt              0.27         0.00         0.00       4403          0
sdes              0.73         0.01         0.08      31440     323207
sdfa              1.36         0.02         0.07      94310     288841
sdeh              0.87         0.01         0.10      51831     404258
sdee              1.10         0.01         0.13      45125     536290
sdex              0.75         0.00         0.09      18230     376221
sdeq              1.28         0.01         0.13      46287     533407
sdei              1.13         0.00         0.18      17070     759947
sdeo              0.71         0.01         0.05      25471     229252
sdey              0.91         0.00         0.06      17251     270545
sdfd              0.79         0.01         0.07      25825     283038
sdfc              0.31         0.00         0.00       4826        169
sdfh              0.36         0.00         0.00       5772        194
sdff              0.30         0.00         0.00       4633        294
sdfm              0.72         0.00         0.06      15708     239752
sdfi              0.97         0.00         0.12      20616     520462
sdfq              0.58         0.01         0.01      33596      22983
sdgb              0.27         0.00         0.00       4417          0
sdfu              0.69         0.01         0.03      45087     143211
sdga              0.73         0.01         0.03      27486     126340
sdfe              0.79         0.01         0.09      22110     377712
sdfr              1.03         0.00         0.16      19820     686273
sdgc              0.28         0.00         0.00       4435        145
sdfl              0.76         0.00         0.10      15280     426051
sdfk              1.00         0.00         0.15      15791     633736
sdgf              0.33         0.00         0.00       5243        669
sdfz              0.30         0.00         0.00       4710        181
sdgj              0.27         0.00         0.00       4408          0
sdew              1.03         0.01         0.13      46754     551249
sdfg              0.45         0.00         0.00       7242        281
sdge              0.35         0.00         0.00       5527        412
sdfv              0.43         0.00         0.00       6806        178
sdgh              0.72         0.00         0.05      19996     206146
sdft              0.22         0.00         0.00       3596          0
sdgn              0.65         0.01         0.00      42732       3491
sdgi              0.31         0.00         0.00       4877        151
sdfp              0.35         0.00         0.00       5500        399
sdgr              0.27         0.00         0.00       4411          0
sdfs              0.36         0.00         0.00       5746        167
sdfo              0.30         0.00         0.00       4667        200
sdgv              0.76         0.00         0.04      17760     163575
sdfb              0.74         0.00         0.05      14714     210087
sdfn              0.30         0.00         0.00       4708        175
sdgw              0.33         0.00         0.00       5275        158
sdfx              0.37         0.00         0.00       5863        157
sdgo              0.32         0.00         0.00       4983        162
sdgl              0.31         0.00         0.00       4848        159
sdfw              0.31         0.00         0.00       4830        161
sdez              0.79         0.02         0.05      63628     194835
sdgs              0.52         0.00         0.00      17386       6410
sdgk              0.28         0.00         0.00       4432        144
sdgy              0.39         0.00         0.00       6194        160
sdha              0.27         0.00         0.00       4412          0
sden              1.14         0.00         0.10      19416     433306
sdgm              0.31         0.00         0.00       4792        743
sdfy              0.81         0.00         0.05      18502     216217
sdgt              0.31         0.00         0.00       4809        164
sdhc              0.27         0.00         0.00       4419          0
sdgz              0.27         0.00         0.00       4409          0
sdhe              0.27         0.00         0.00       4397          0
sdgd              0.31         0.00         0.00       4787       2500
sdhj              0.27         0.00         0.00       4411          0
sdfj              0.31         0.00         0.00       4831        160
sdhh              0.27         0.00         0.00       4425          0
sdgg              0.61         0.01         0.01      34574      38613
sdhu              1.01         0.01         0.09      22750     391063
sdhx              1.43         0.02         0.12      89282     502101
sdhg              0.27         0.00         0.00       4408          0
sdhm              0.27         0.00         0.00       4412          0
sdho              0.27         0.00         0.00       4409          0
sdht              1.05         0.01         0.11      24937     464581
sdhw              1.41         0.00         0.20      17460     859435
sdgp              0.81         0.01         0.02      21870      99576
sdgu              0.34         0.00         0.00       5433        179
sdhl              0.27         0.00         0.00       4413          0
sdhz              1.07         0.01         0.06      38459     269899
sdia              1.13         0.00         0.18      17065     759618
sdhi              0.27         0.00         0.00       4402          0
sdhq              1.17         0.02         0.11      65033     471457
sdif              1.14         0.00         0.10      19394     433382
sdih              2.08         0.02         0.16     101140     660844
sdhs              1.17         0.01         0.11      57283     465638
sdhr              1.01         0.00         0.11      15849     449148
sdik              1.06         0.02         0.04      94173     153882
sdhn              0.27         0.00         0.00       4411          0
sdio              0.27         0.00         0.00       4409          0
sdij              1.19         0.01         0.09      29549     373792
sdig              0.92         0.01         0.05      21923     228899
sdii              1.28         0.01         0.13      46266     533425
sdgx              0.27         0.00         0.00       4422          0
sdhf              0.72         0.00         0.05      12765     226476
sdhb              0.27         0.00         0.00       4406          0
sdir              1.36         0.02         0.07      94208     288859
sdhp              0.26         0.00         0.00       4287          0
sdil              1.41         0.02         0.13     100786     547432
sdgq              0.34         0.00         0.00       5342        148
sdid              0.94         0.01         0.09      29250     359693
sdiq              0.27         0.00         0.00       4408          0
sdim              1.09         0.01         0.11      48386     466376
sdic              1.24         0.01         0.15      22417     627074
sdie              1.35         0.01         0.13      55829     564393
sdiu              0.27         0.00         0.00       4413          0
sdiw              0.45         0.00         0.00       7244        284
sdin              1.08         0.01         0.11      53678     445950
sdip              0.91         0.00         0.06      17247     270589
sdhd              0.27         0.00         0.00       4409          0
sdiy              0.36         0.00         0.00       5773        195
sdjb              0.27         0.00         0.00       4414          0
sdiz              0.27         0.00         0.00       4411          0
sdje              0.30         0.00         0.00       4667        200
sdjh              0.27         0.00         0.00       4409          0
sdhy              0.27         0.00         0.00       4414          0
sdhv              1.01         0.01         0.08      29101     326208
sdib              1.54         0.01         0.14      35069     600541
sdjg              0.27         0.00         0.00       4411          0
sdjc              0.27         0.00         0.00       4406          0
sdjf              0.35         0.00         0.00       5491        398
sdjj              0.27         0.00         0.00       4410          0
sdjm              0.31         0.00         0.00       4837        161
sdiv              0.30         0.00         0.00       4634        294
sdix              0.27         0.00         0.00       4402          0
sdji              0.36         0.00         0.00       5756        162
sdja              0.31         0.00         0.00       4840        161
sdjr              0.29         0.00         0.00       4527        154
sdjd              0.30         0.00         0.00       4696        176
sdjv              0.33         0.00         0.00       5247        658
sdis              0.27         0.00         0.00       4420          0
sdjn              0.37         0.00         0.00       5859        161
sdkc              0.32         0.00         0.00       4981        163
sdke              0.34         0.00         0.00       5337        147
sdit              0.31         0.00         0.00       4834        167
sdjo              0.27         0.00         0.00       4406          0
sdjp              0.30         0.00         0.00       4711        179
sdjw              0.31         0.00         0.00       4822        243
sdkd              0.29         0.00         0.00       4566        176
sdjq              0.29         0.00         0.00       4507        146
sdjt              0.35         0.00         0.00       5535        413
sdjx              0.31         0.00         0.00       4870        152
sdkb              0.31         0.00         0.00       4793        739
sdjz              0.31         0.00         0.00       4841        159
sdhk              0.27         0.00         0.00       4406          0
sdjy              0.31         0.00         0.00       4699        363
sdjl              0.27         0.00         0.00       4410          0
sdka              0.29         0.00         0.00       4502        159
sdkg              0.31         0.00         0.00       4815        163
sdkl              0.30         0.00         0.00       4774        734
sdko              0.33         0.00         0.00       5281        158
sdkn              0.31         0.00         0.00       4914        474
sdkm              0.15         0.00         0.00       2488          0
sdjk              0.43         0.00         0.00       6818        179
sdkt              0.27         0.00         0.00       4407          0
sdkv              0.29         0.00         0.00       4615        148
sdjs              0.31         0.00         0.00       4775       2498
sdki              0.34         0.00         0.00       5431        178
sdkr              0.36         0.00         0.00       5765        235
sdks              0.27         0.00         0.00       4410          0
sdkj              0.29         0.00         0.00       4566        156
sdkp              0.39         0.00         0.00       6202        160
sdkh              0.29         0.00         0.00       4480        147
sdkk              0.29         0.00         0.00       4514        149
sdkq              0.30         0.00         0.00       4782        160
sdky              0.69         0.00         0.04       7475     166922
sdkz              0.34         0.00         0.00       5170        344
sdla              0.27         0.00         0.00       4409          0
sdlc              0.85         0.00         0.12       5277     519079
sdle              0.26         0.00         0.00       4296          0
sdkw              0.27         0.00         0.00       4407          0
sdju              1.81         0.00         0.26      12384    1089815
sdkx              0.27         0.00         0.00       4415          0
sdlh              1.05         0.01         0.11      24926     464599
sdlj              1.01         0.01         0.08      29133     326204
sdld              0.42         0.01         0.00      55997        161
sdkf              0.27         0.00         0.00       4410          0
sdli              0.33         0.00         0.00       5262        217
sdlm              0.32         0.00         0.00       5077         99
sdll              0.27         0.00         0.00       4418          0
sdlo              0.32         0.00         0.00       5101        105
sdln              1.07         0.01         0.06      38449     269740
sdlk              0.32         0.00         0.00       5086         97
sdlf              1.17         0.02         0.11      65006     471586
sdlb              0.27         0.00         0.00       4403          0
sdku              0.30         0.00         0.00       4688        210
sdlg              0.30         0.00         0.00       4644        199
sdlr              1.35         0.01         0.13      55860     564460
sdlp              1.24         0.01         0.15      22441     626929
sdlv              0.27         0.00         0.00       4414          0
sdlu              2.08         0.02         0.16     101137     660979
sdls              0.92         0.01         0.05      21909     228972
sdma              0.27         0.00         0.00       4396          0
sdlw              1.41         0.02         0.13     100819     547457
sdmb              0.27         0.00         0.00       4404          0
sdlz              0.27         0.00         0.00       4409          0
sdlx              1.09         0.01         0.11      48399     466407
sdmc              0.27         0.00         0.00       4414          0
sdme              0.27         0.00         0.00       4404          0
sdmd              0.27         0.00         0.00       4408          0
sdmg              0.27         0.00         0.00       4406          0
sdmf              0.27         0.00         0.00       4411          0
sdlq              0.32         0.00         0.00       5073         97
sdmj              0.23         0.00         0.00       3755          0
sdmi              0.27         0.00         0.00       4407          0
sdmm              0.06         0.00         0.00       1034          0
sdlt              0.32         0.00         0.00       5077         99
sdmq              0.06         0.00         0.00       1035          0
sdmr              0.06         0.00         0.00       1034          0
sdmo              0.06         0.00         0.00       1034          0
sdml              0.06         0.00         0.00       1034          0
sdnb              0.31         0.00         0.00       4824        240
sdly              0.27         0.00         0.00       4406          0
sdmw              0.06         0.00         0.00       1034          0
sdmv              0.29         0.00         0.00       4537        154
sdmy              0.23         0.00         0.00       3754          0
sdmp              0.27         0.00         0.00       4409          0
sdmk              0.27         0.00         0.00       4407          0
sdmu              0.06         0.00         0.00       1034          0
sdmn              0.06         0.00         0.00       1034          0
sdmh              0.27         0.00         0.00       4408          0
sdmz              1.81         0.00         0.26      12374    1089687
sdnc              0.06         0.00         0.00       1034          0
sdmx              0.06         0.00         0.00       1034          0
sdnh              0.06         0.00         0.00       1034          0
sdni              0.06         0.00         0.00       1035          0
sdng              0.31         0.00         0.00       4689        362
sdms              0.06         0.00         0.00       1035          0
sdna              0.06         0.00         0.00       1035          0
sdnd              0.06         0.00         0.00       1035          0
sdmt              0.29         0.00         0.00       4519        146
sdnj              0.29         0.00         0.00       4496        157
sdnl              0.06         0.00         0.00       1035          0
sdnk              0.06         0.00         0.00       1034          0
sdnf              0.06         0.00         0.00       1035          0
sdne              0.06         0.00         0.00       1035          0
sdnm              0.06         0.00         0.00       1035          0
sdnn              0.29         0.00         0.00       4571        178
sdno              0.23         0.00         0.00       3743          0
sdnr              0.06         0.00         0.00       1023          0
sdnq              0.27         0.00         0.00       4407          0
sdns              0.06         0.00         0.00       1023          0
sdnv              0.06         0.00         0.00       1023          0
sdnw              0.06         0.00         0.00       1023          0
sdnp              0.06         0.00         0.00       1023          0
sdnt              0.06         0.00         0.00       1024          0
sdnx              0.29         0.00         0.00       4573        155
sdoa              0.06         0.00         0.00       1024          0
sdnu              0.29         0.00         0.00       4488        147
sdoc              0.29         0.00         0.00       4521        151
sdny              0.06         0.00         0.00       1024          0
sdob              0.06         0.00         0.00       1024          0
sdoe              0.30         0.00         0.00       4781        736
sdnz              0.06         0.00         0.00       1023          0
sdof              0.06         0.00         0.00       1024          0
sdoj              0.31         0.00         0.00       4915        478
sdok              0.06         0.00         0.00       1024          0
sdol              0.06         0.00         0.00       1024          0
sdog              0.15         0.00         0.00       2488          0
sdor              0.36         0.00         0.00       5777        236
sdoo              0.30         0.00         0.00       4782        163
sdot              0.30         0.00         0.00       4694        215
sdod              0.23         0.00         0.00       3744          0
sdow              0.34         0.00         0.00       5168        340
sdoh              0.06         0.00         0.00       1024          0
sdoi              0.06         0.00         0.00       1024          0
sdou              0.29         0.00         0.00       4618        148
sdox              0.85         0.00         0.12       5272     518983
sdom              0.06         0.00         0.00       1024          0
sdoy              0.42         0.01         0.00      56019        162
sdoz              0.30         0.00         0.00       4640        200
sdon              0.06         0.00         0.00       1024          0
sdpa              0.33         0.00         0.00       5249        217
sdpb              0.32         0.00         0.00       5084         96
sdoq              0.06         0.00         0.00       1024          0
sdph              2.35         0.03         0.06     108717     242606
sdpi            738.23        18.44         4.03   77342443   16888257
sdpf              0.32         0.00         0.00       5080         99
sdpg              0.27         0.00         0.00       4417          0
sdpc              0.32         0.00         0.00       5078         98
sdos              0.06         0.00         0.00       1024          0
sdov              0.69         0.00         0.04       7483     166872
sdpe              0.32         0.00         0.00       5073         97
sdop              0.06         0.00         0.00       1024          0
sdpd              0.32         0.00         0.00       5100        106
vg00-lv_root    100.65         0.00         0.39       5683    1645534
dccebrsma02_disk8     1.67         0.02         0.16      95907     679767
dccebrsma01_disk10     1.78         0.01         0.26      29296    1070850
dccebrsma01_disk11     1.84         0.02         0.25      68681    1028706
dccebrsma02_disk6     1.64         0.01         0.25      30146    1034512
dccebrsma02_disk7     5.64         0.39         0.08    1647955     351152
dccebrsma01_disk12     1.61         0.02         0.14      96121     576507
dccebrsma03_disk7     1.69         0.01         0.20      48027     832332
dccebrsma05_disk3     1.40         0.02         0.08      84868     350027
dccebrsma03_disk8     2.11         0.02         0.32      98557    1343732
dccebrsma01_disk15     1.34         0.01         0.13      43111     527869
dccebrsma04_disk5     1.20         0.01         0.09      47209     377328
dccebrsma05_disk4     1.95         0.02         0.26      90680    1102097
dccebrsma04_disk7     1.13         0.01         0.05      34590     197959
dccebrsma01_disk13     1.31         0.01         0.11      62908     462115
dccebrsma01_disk14     1.61         0.02         0.18      63511     762563
dccebrsma05_disk5     1.38         0.01         0.17      43922     715910
dccebrsma01_disk17     2.15         0.02         0.26      89796    1072631
dccebrsma02_disk8p1     1.86         0.02         0.16      95438     679767
dccebrsma01_disk11p1     2.11         0.02         0.25      68211    1028706
dccebrsma03_disk9     2.36         0.08         0.21     352491     893445
dccebrsma02_disk6p1     1.91         0.01         0.25      29676    1034512
dccebrsma01_disk10p1     2.03         0.01         0.26      28826    1070850
dccebrsma03_disk6     2.62         0.03         0.32     107647    1330744
dccebrsma02_disk7p1     5.92         0.39         0.08    1647486     351152
dccebrsma03_disk7p1     1.90         0.01         0.20      47558     832332
dccebrsma11_disk6     1.03         0.00         0.00      16805          0
dccebrsma01_disk12p1     1.77         0.02         0.14      95651     576507
dccebrsma02_disk10     1.68         0.02         0.19     103180     808253
dccebrsma03_disk8p1     2.44         0.02         0.32      98087    1343732
dccebrsma11_disk4     0.90         0.00         0.00      14357        311
dccebrsma04_disk5p1     1.29         0.01         0.09      46740     377328
dccebrsma04_disk7p1     1.22         0.01         0.05      34120     197959
dccebrsma05_disk4p1     2.21         0.02         0.26      90211    1102097
dccebrsma02_disk11     3.48         0.22         0.22     913232     916329
dccebrsma03_disk10     1.42         0.01         0.15      62415     646453
dccebrsma01_disk13p1     1.43         0.01         0.11      62438     462115
dccebrsma01_disk14p1     1.81         0.02         0.18      63041     762563
dccebrsma11_disk3     0.59         0.00         0.00       9383        999
dccebrsma01_disk17p1     2.38         0.02         0.26      89327    1072631
dccebrsma01_disk15p1     1.50         0.01         0.13      42642     527869
dccebrsma05_disk5p1     1.54         0.01         0.17      43452     715910
dccebrsma03_disk9p1     2.58         0.08         0.21     352022     893445
dccebrsma02_disk10p1     1.85         0.02         0.19     102711     808253
dccebrsma11_disk4p1     0.87         0.00         0.00      13888        311
dccebrsma11_disk2     0.60         0.00         0.00       9555        380
dccebrsma02_disk11p1     3.76         0.22         0.22     912763     916329
dccebrsma03_disk10p1     1.54         0.01         0.15      61946     646453
dccebrsma11_disk2p1     0.58         0.00         0.00       9085        380
dccebrsma03_disk6p1     3.05         0.03         0.32     107178    1330744
dccebrsma04_disk6     1.87         0.01         0.25      43114    1036035
dccebrsma11_disk6p1     1.00         0.00         0.00      16336          0
dccebrsma04_disk6p1     2.14         0.01         0.25      42645    1036035
dccebrsma11_disk3p1     0.57         0.00         0.00       8914        999
dccebrsma11_disk11     1.04         0.00         0.13      10288     561631
dccebrsma03_disk13     1.46         0.01         0.18      36007     752591
dccebrsma02_disk13     1.37         0.01         0.11      50484     458477
dccebrsma03_disk12     2.00         0.02         0.26      93092    1102385
dccebrsma03_disk13p1     1.60         0.01         0.18      35537     752591
dccebrsma11_disk9     0.68         0.00         0.00      10861        317
dccebrsma04_disk8     1.52         0.03         0.09     126829     389783
dccebrsma02_disk12     1.38         0.02         0.06      64468     234939
dccebrsma03_disk11     1.39         0.01         0.16      30714     659174
dccebrsma04_disk8p1     1.63         0.03         0.09     126360     389783
dccebrsma02_disk12p1     1.46         0.02         0.06      63999     234939
dccebrsma11_disk11p1     1.15         0.00         0.13       9819     561631
dccebrsma03_disk11p1     1.55         0.01         0.16      30245     659174
dccebrsma04_disk10     1.52         0.01         0.13      51202     565938
dccebrsma03_disk12p1     2.26         0.02         0.26      92622    1102385
dccebrsma11_disk9p1     0.66         0.00         0.00      10392        317
dccebrsma02_disk9     2.24         0.01         0.41      50592    1720381
dccebrsma04_disk10p1     1.65         0.01         0.13      50732     565938
dccebrsma11_disk8     0.61         0.00         0.00       9653        370
dccebrsma04_disk11     1.52         0.01         0.18      43790     755346
dccebrsma02_disk9p1     2.57         0.01         0.41      50123    1720381
dccebrsma11_disk8p1     0.58         0.00         0.00       9184        370
dccebrsma11_disk5     0.55         0.00         0.00       8766       1507
dccebrsma11_disk1     0.58         0.00         0.00       9172        324
dccebrsma01_disk16     1.67         0.01         0.21      33366     873936
dccebrsma04_disk9     1.41         0.01         0.10      28955     420139
dccebrsma11_disk10     0.56         0.00         0.00       8941        312
dccebrsma04_disk12     1.88         0.01         0.25      40765    1040823
dccebrsma05_disk6     1.95         0.01         0.30      31114    1267823
dccebrsma11_disk5p1     0.53         0.00         0.00       8296       1507
dccebrsma05_disk7     1.47         0.01         0.20      30078     852005
dccebrsma11_disk1p1     0.56         0.00         0.00       8703        324
dccebrsma01_disk16p1     1.88         0.01         0.21      32897     873936
dccebrsma05_disk8     1.37         0.01         0.11      30959     479550
dccebrsma04_disk9p1     1.55         0.01         0.10      28486     420139
dccebrsma11_disk10p1     0.54         0.00         0.00       8472        312
dccebrsma11_disk7     0.58         0.00         0.00       9142        290
dccebrsma05_disk9     1.12         0.02         0.01      66752      45926
dccebrsma05_disk10     2.00         0.01         0.33      39186    1372545
dccebrsma01_disk18     0.44         0.00         0.00       7186          0
dccebrsma01_disk19     1.33         0.02         0.07      89816     286513
dccebrsma04_disk12p1     2.10         0.01         0.25      40296    1040823
dccebrsma01_disk22     0.51         0.00         0.00       8386          0
dccebrsma01_disk20     1.55         0.01         0.10      36569     432513
dccebrsma02_disk14     1.16         0.02         0.02      68695      77199
dccebrsma05_disk6p1     2.21         0.01         0.30      30644    1267823
dccebrsma01_disk21     1.40         0.01         0.06      54541     252734
dccebrsma05_disk9p1     1.15         0.02         0.01      66282      45926
dccebrsma01_disk22p1     0.48         0.00         0.00       7917          0
dccebrsma05_disk10p1     2.26         0.01         0.33      38717    1372545
dccebrsma01_disk20p1     1.75         0.01         0.10      36100     432513
dccebrsma02_disk14p1     1.22         0.02         0.02      68226      77199
dccebrsma01_disk21p1     1.53         0.01         0.06      54071     252734
dccebrsma02_disk16     0.51         0.00         0.00       8368          0
dccebrsma01_disk19p1     1.44         0.02         0.07      89347     286513
dccebrsma05_disk8p1     1.60         0.01         0.11      30490     479550
dccebrsma11_disk7p1     0.55         0.00         0.00       8673        290
dccebrsma02_disk17     0.53         0.00         0.00       8419        289
dccebrsma03_disk14     1.24         0.02         0.00      85045       6973
dccebrsma02_disk15     1.39         0.01         0.10      39501     412284
dccebrsma03_disk15     1.57         0.01         0.05      43324     199109
dccebrsma01_disk23     0.53         0.00         0.00       8419        289
dccebrsma04_disk13     0.98         0.01         0.00      34345      12860
dccebrsma03_disk16     0.51         0.00         0.00       8372          0
dccebrsma04_disk14     1.46         0.01         0.08      35088     327007
dccebrsma05_disk12     0.51         0.00         0.00       8398          0
dccebrsma04_disk16     0.51         0.00         0.00       8365          0
dccebrsma04_disk19     0.51         0.00         0.00       8364          0
dccebrsma04_disk15     0.51         0.00         0.00       8388          0
dccebrsma04_disk17     0.51         0.00         0.00       8365          0
dccebrsma02_disk16p1     0.48         0.00         0.00       7898          0
dccebrsma02_disk15p1     1.52         0.01         0.10      39032     412284
dccebrsma01_disk23p1     0.51         0.00         0.00       7949        289
dccebrsma03_disk14p1     1.29         0.02         0.00      84576       6973
dccebrsma04_disk14p1     1.61         0.01         0.08      34619     327007
dccebrsma04_disk13p1     1.02         0.01         0.00      33875      12860
dccebrsma04_disk16p1     0.48         0.00         0.00       7896          0
dccebrsma03_disk15p1     1.67         0.01         0.05      42855     199109
dccebrsma04_disk17p1     0.48         0.00         0.00       7896          0
dccebrsma04_disk19p1     0.48         0.00         0.00       7895          0
dccebrsma03_disk16p1     0.48         0.00         0.00       7903          0
dccebrsma05_disk12p1     0.48         0.00         0.00       7929          0
dccebrsma04_disk15p1     0.48         0.00         0.00       7919          0
dccebrsma05_disk13     0.51         0.00         0.00       8366          0
dccebrsma05_disk11     1.39         0.01         0.11      25068     452690
dccebrsma04_disk18     0.51         0.00         0.00       8365          0
dccebrsma06_disk3     1.95         0.01         0.19      45082     781812
dccebrsma05_disk16     0.51         0.00         0.00       8365          0
dccebrsma06_disk2     2.27         0.03         0.22     114144     931290
dccebrsma06_disk1     1.94         0.01         0.21      31236     898047
dccebrsma06_disk4     2.74         0.01         0.41      34480    1718982
dccebrsma05_disk16p1     0.48         0.00         0.00       7896          0
dccebrsma04_disk18p1     0.48         0.00         0.00       7896          0
dccebrsma06_disk4p1     3.30         0.01         0.41      34011    1718982
dccebrsma06_disk1p1     2.29         0.01         0.21      30766     898047
dccebrsma06_disk2p1     2.56         0.03         0.22     113675     931290
dccebrsma06_disk7     2.94         0.02         0.29      69658    1200952
dccebrsma05_disk11p1     1.51         0.01         0.11      24598     452690
ddccebrsma06_disk8     1.82         0.01         0.17      58049     719298
dccebrsma05_disk14     0.51         0.00         0.00       8365          0
dccebrsma06_disk5     2.79         0.04         0.24     178060    1004527
dccebrsma07_disk3     2.28         0.01         0.18      58598     747665
dccebrsma07_disk4     2.05         0.04         0.07     188032     307815
dccebrsma07_disk5     2.09         0.03         0.21     106872     891870
dccebrsma05_disk15     0.51         0.00         0.00       8365          0
dccebrsma07_disk7     2.64         0.04         0.14     188068     577700
dccebrsma07_disk2     2.49         0.02         0.25      92103    1066832
dccebrsma06_disk3p1     2.23         0.01         0.19      44613     781812
dccebrsma06_disk6     2.19         0.01         0.36      33686    1519566
dccebrsma05_disk13p1     0.48         0.00         0.00       7896          0
dccebrsma07_disk6     1.74         0.01         0.13      34049     541134
dccebrsma08_disk1     0.58         0.00         0.00       9211        336
ddccebrsma06_disk8p1     2.05         0.01         0.17      57580     719298
dccebrsma08_disk4     0.70         0.00         0.00      11096        390
dccebrsma07_disk3p1     2.56         0.01         0.18      58129     747665
dccebrsma08_disk2     0.56         0.00         0.00       8818        589
dccebrsma05_disk14p1     0.48         0.00         0.00       7896          0
dccebrsma06_disk7p1     3.60         0.02         0.29      69189    1200952
dccebrsma07_disk5p1     2.38         0.03         0.21     106403     891870
dccebrsma05_disk15p1     0.48         0.00         0.00       7895          0
dccebrsma09_disk8     0.63         0.00         0.00      10042       1328
dccebrsma07_disk7p1     2.89         0.04         0.14     187599     577700
dccebrsma09_disk5     0.57         0.00         0.00       8972        360
dccebrsma07_disk4p1     2.23         0.04         0.07     187563     307815
dccebrsma08_disk3     0.88         0.00         0.00      14037        566
dccebrsma09_disk7     0.67         0.00         0.00      10613        825
dccebrsma06_disk6p1     2.65         0.01         0.36      33216    1519566
dccebrsma09_disk2     0.82         0.00         0.00      13176        357
dccebrsma08_disk1p1     0.56         0.00         0.00       8742        336
dccebrsma07_disk2p1     2.86         0.02         0.25      91633    1066832
dccebrsma08_disk4p1     0.68         0.00         0.00      10627        390
dccebrsma08_disk2p1     0.53         0.00         0.00       8348        589
dccebrsma09_disk5p1     0.55         0.00         0.00       8503        360
dccebrsma09_disk7p1     0.64         0.00         0.00      10143        825
dccebrsma09_disk2p1     0.80         0.00         0.00      12706        357
dccebrsma05_disk3p1     1.53         0.02         0.08      84399     350027
dccebrsma06_disk5p1     3.07         0.04         0.24     177591    1004527
dccebrsma10_disk1     0.59         0.00         0.00       9298        304
dccebrsma07_disk6p1     2.00         0.01         0.13      33579     541134
dccebrsma09_disk8p1     0.61         0.00         0.00       9572       1328
dccebrsma08_disk8     0.66         0.00         0.00      10543        797
dccebrsma02_disk13p1     1.48         0.01         0.11      50014     458477
dccebrsma10_disk1p1     0.56         0.00         0.00       8829        304
dccebrsma08_disk3p1     0.86         0.00         0.00      13568        566
dccebrsma04_disk11p1     1.68         0.01         0.18      43321     755346
dccebrsma05_disk7p1     1.65         0.01         0.20      29609     852005
dccebrsma09_disk1     0.69         0.00         0.00      11052        330
dccebrsma08_disk7     0.56         0.00         0.00       8884        401
dccebrsma08_disk6     0.57         0.00         0.00       8956        351
dccebrsma10_disk8     0.64         0.00         0.00      10108        317
dccebrsma09_disk4     0.71         0.00         0.00      11274        319
dccebrsma10_disk4     0.60         0.00         0.00       9515        325
dccebrsma09_disk1p1     0.67         0.00         0.00      10582        330
dccebrsma10_disk2     0.58         0.00         0.00       9239        318
dccebrsma08_disk7p1     0.54         0.00         0.00       8415        401
dccebrsma09_disk3     0.58         0.00         0.00       9217        322
dccebrsma10_disk9     0.75         0.00         0.00      11946        320
dccebrsma07_disk1     2.18         0.01         0.21      38359     866688
dccebrsma10_disk3     0.58         0.00         0.00       9136       1483
dccebrsma10_disk6     0.58         0.00         0.00       9174        328
dccebrsma08_disk6p1     0.55         0.00         0.00       8487        351
dccebrsma09_disk6     0.58         0.00         0.00       9113       4998
dccebrsma10_disk8p1     0.61         0.00         0.00       9638        317
dccebrsma08_disk5     0.58         0.00         0.00       9221        322
dccebrsma09_disk4p1     0.68         0.00         0.00      10804        319
dccebrsma10_disk12     0.51         0.00         0.00       8366          0
dccebrsma10_disk15     0.51         0.00         0.00       8366          0
dccebrsma11_disk13     2.03         0.01         0.22      49413     929181
dccebrsma10_disk7     0.66         0.00         0.00      10414        357
dccebrsma07_disk1p1     2.58         0.01         0.21      37890     866688
dccebrsma08_disk5p1     0.56         0.00         0.00       8751        322
dccebrsma10_disk3p1     0.55         0.00         0.00       8666       1483
dccebrsma10_disk6p1     0.56         0.00         0.00       8705        328
dccebrsma02_disk17p1     0.51         0.00         0.00       7949        289
dccebrsma11_disk16     2.06         0.02         0.13      76458     539639
dccebrsma10_disk13     0.51         0.00         0.00       8366          0
dccebrsma11_disk12     2.25         0.03         0.22     129589     943044
dccebrsma12_disk1     4.03         0.05         0.32     201826    1321823
dccebrsma12_disk4     0.51         0.00         0.00       8366          0
dccebrsma11_disk19     1.77         0.01         0.11      43382     457871
dccebrsma10_disk10     0.51         0.00         0.00       8366          0
dccebrsma10_disk16     0.49         0.00         0.00       8133          0
dccebrsma12_disk2     2.75         0.05         0.26     201155    1094889
dccebrsma10_disk5     0.64         0.00         0.00      10229        296
dccebrsma10_disk2p1     0.56         0.00         0.00       8770        318
dccebrsma09_disk3p1     0.56         0.00         0.00       8747        322
dccebrsma12_disk5     0.51         0.00         0.00       8368          0
dccebrsma12_disk3     2.10         0.02         0.22      96335     932784
dccebrsma08_disk8p1     0.64         0.00         0.00      10073        797
dccebrsma11_disk12p1     2.63         0.03         0.22     129119     943044
dccebrsma10_disk13p1     0.48         0.00         0.00       7897          0
dccebrsma12_disk1p1     4.57         0.05         0.32     201356    1321823
dccebrsma11_disk19p1     1.98         0.01         0.11      42912     457871
dccebrsma12_disk4p1     0.48         0.00         0.00       7897          0
dccebrsma10_disk5p1     0.62         0.00         0.00       9760        296
dccebrsma12_disk5p1     0.48         0.00         0.00       7898          0
dccebrsma12_disk2p1     3.02         0.05         0.26     200686    1094889
dccebrsma12_disk3p1     2.37         0.02         0.22      95866     932784
dccebrsma10_disk9p1     0.73         0.00         0.00      11477        320
dccebrsma09_disk6p1     0.56         0.00         0.00       8644       4998
dccebrsma10_disk15p1     0.48         0.00         0.00       7896          0
dccebrsma10_disk7p1     0.63         0.00         0.00       9945        357
dccebrsma11_disk13p1     2.26         0.01         0.22      48943     929181
dccebrsma10_disk12p1     0.48         0.00         0.00       7896          0
dccebrsma10_disk4p1     0.58         0.00         0.00       9046        325
dccebrsma11_disk17     2.40         0.01         0.30      44409    1254003
dccebrsma11_disk18     2.62         0.03         0.27     111239    1128854
dccebrsma12_disk7     0.51         0.00         0.00       8367          0
dccebrsma10_disk11     0.51         0.00         0.00       8367          0
dccebrsma13_disk2     0.51         0.00         0.00       8368          0
dccebrsma13_disk1     0.51         0.00         0.00       8368          0
dccebrsma11_disk16p1     2.30         0.02         0.13      75988     539639
dccebrsma10_disk16p1     0.47         0.00         0.00       7664          0
dccebrsma13_disk5     0.51         0.00         0.00       8367          0
dccebrsma11_disk15     0.51         0.00         0.00       8381          0
dccebrsma11_disk14     1.95         0.01         0.16      57783     652413
dccebrsma13_disk4     0.51         0.00         0.00       8366          0
dccebrsma13_disk3     0.51         0.00         0.00       8367          0
dccebrsma11_disk18p1     2.94         0.03         0.27     110770    1128854
dccebrsma10_disk10p1     0.48         0.00         0.00       7897          0
dccebrsma13_disk2p1     0.48         0.00         0.00       7898          0
dccebrsma11_disk14p1     2.15         0.01         0.16      57314     652413
dccebrsma13_disk1p1     0.48         0.00         0.00       7898          0
dccebrsma13_disk3p1     0.48         0.00         0.00       7898          0
dccebrsma13_disk5p1     0.48         0.00         0.00       7898          0
dccebrsma13_disk4p1     0.48         0.00         0.00       7897          0
dccebrsma11_disk17p1     2.78         0.01         0.30      43939    1254003
dccebrsma13_disk6     0.51         0.00         0.00       8367          0
dccebrsma12_disk8     0.51         0.00         0.00       8368          0
dccebrsma11_disk20     0.54         0.00         0.00       8615        308
dccebrsma12_disk6     0.51         0.00         0.00       8366          0
dccebrsma13_disk8     0.51         0.00         0.00       8366          0
dccebrsma12_disk10     0.58         0.00         0.00       9196        483
dccebrsma12_disk13     0.55         0.00         0.00       8688        355
dccebrsma11_disk21     0.54         0.00         0.00       8575        293
dccebrsma10_disk14     0.51         0.00         0.00       8365          0
dccebrsma12_disk11     0.58         0.00         0.00       8939        725
dccebrsma11_disk20p1     0.52         0.00         0.00       8146        308
dccebrsma12_disk6p1     0.48         0.00         0.00       7897          0
dccebrsma13_disk6p1     0.48         0.00         0.00       7898          0
dccebrsma13_disk7     0.51         0.00         0.00       8367          0
dccebrsma11_disk21p1     0.52         0.00         0.00       8106        293
dccebrsma12_disk12     0.54         0.00         0.00       8549        316
dccebrsma13_disk8p1     0.48         0.00         0.00       7897          0
dccebrsma12_disk18     0.58         0.00         0.00       9105       1470
dccebrsma10_disk14p1     0.48         0.00         0.00       7896          0
dccebrsma13_disk7p1     0.48         0.00         0.00       7898          0
dccebrsma12_disk12p1     0.52         0.00         0.00       8079        316
dccebrsma12_disk10p1     0.57         0.00         0.00       8727        483
dccebrsma06_disk15     0.59         0.00         0.00       9380        953
vmax_dccebrsma09_disk19     0.30         0.00         0.00       4968          0
dccebrsma12_disk13p1     0.53         0.00         0.00       8218        355
dccebrsma06_disk10     0.56         0.00         0.00       8784        296
dccebrsma06_disk9     0.69         0.00         0.00      11093        472
dccebrsma12_disk11p1     0.57         0.00         0.00       8470        725
dccebrsma12_disk16     0.55         0.00         0.00       8690        312
dccebrsma12_disk15     0.54         0.00         0.00       8518        295
dccebrsma12_disk17     0.54         0.00         0.00       8585        301
dccebrsma06_disk11     0.57         0.00         0.00       9114        323
dccebrsma13_disk14     1.32         0.00         0.08      14509     333794
dccebrsma13_disk15     0.64         0.00         0.00       9888        685
dccebrsma13_disk16     1.62         0.00         0.25      10100    1038063
dccebrsma12_disk9     3.49         0.01         0.52      24309    2179502
dccebrsma13_disk17     0.81         0.03         0.00     111566        324
dccebrsma12_disk14     0.51         0.00         0.00       8368          0
vmax_dccebrsma09_disk17     0.63         0.00         0.00      10061        434
dccebrsma06_disk15p1     0.57         0.00         0.00       8911        953
vsp_g700_dccebrsma09_disk10     0.61         0.00         0.00       9705        197
vsp_g700_dccebrsma09_disk11     0.61         0.00         0.00       9751        211
dccebrsma12_disk16p1     0.53         0.00         0.00       8221        312
dccebrsma12_disk17p1     0.52         0.00         0.00       8116        301
dccebrsma06_disk11p1     0.55         0.00         0.00       8645        323
dccebrsma06_disk9p1     0.68         0.00         0.00      10623        472
dccebrsma06_disk10p1     0.53         0.00         0.00       8315        296
dccebrsma13_disk14p1     1.54         0.00         0.08      14039     333794
dccebrsma12_disk9p1     4.51         0.01         0.52      23840    2179502
dccebrsma13_disk16p1     2.11         0.00         0.25       9630    1038063
vsp_g700_dccebrsma09_disk10p1     0.58         0.00         0.00       9236        197
dccebrsma13_disk17p1     0.80         0.03         0.00     111097        324
vmax_dccebrsma09_disk17p1     0.62         0.00         0.00       9592        434
dccebrsma12_disk7p1     0.48         0.00         0.00       7898          0
dccebrsma11_disk15p1     0.48         0.00         0.00       7912          0
vsp_g700_dccebrsma09_disk9     0.61         0.00         0.00       9720        194
dccebrsma12_disk15p1     0.52         0.00         0.00       8048        295
dccebrsma13_disk15p1     0.63         0.00         0.00       9419        685
dccebrsma12_disk14p1     0.48         0.00         0.00       7898          0
dccebrsma06_disk14     0.56         0.00         0.00       8931        425
vsp_g700_dccebrsma09_disk11p1     0.58         0.00         0.00       9282        211
dccebrsma13_disk18     0.56         0.00         0.00       8833        399
vsp_g700_dccebrsma07_disk9     0.51         0.00         0.00       8381          0
vsp_g700_dccebrsma09_disk9p1     0.58         0.00         0.00       9251        194
dccebrsma13_disk18p1     0.54         0.00         0.00       8363        399
vsp_g700_dccebrsma07_disk9p1     0.48         0.00         0.00       7911          0
dccebrsma12_disk8p1     0.48         0.00         0.00       7898          0
dccebrsma10_disk11p1     0.48         0.00         0.00       7897          0
dccebrsma12_disk18p1     0.56         0.00         0.00       8636       1470
vsp_g700_dccebrsma09_disk12     0.61         0.00         0.00       9695        194
vsp_g700_dccebrsma09_disk13     0.61         0.00         0.00       9707        198
mpathb            2.29         0.03         0.06     107680     242606
mpatha          738.17        18.44         4.03   77341407   16888257
mpathap1       3944.41        18.44         4.03   77340938   16888257
vsp_g700_dccebrsma09_disk12p1     0.58         0.00         0.00       9226        194
vsp_g700_dccebrsma09_disk13p1     0.58         0.00         0.00       9237        198
mpathbp1         15.92         0.03         0.06     107211     242606
dccebrsma06_disk14p1     0.55         0.00         0.00       8461        425
vg02-lv_gddb   1471.44         8.87         3.93   37215991   16491195
vg01-lv_indexcache    14.47         0.02         0.05      83103     228148
vg01-lv_simpana     1.17         0.00         0.00      18836      14457
vg00-lv_opt       0.46         0.00         0.00       9784       2487
vg00-lv_var       3.96         0.03         0.01     119293      51143
vg00-lv_home      0.45         0.00         0.00       2678       4741
vg00-lv_appl      0.16         0.00         0.00       2668          0
vg00-lv_tmp       0.87         0.00         0.00       2705      11485
vg00-lv_var_log     2.59         0.00         0.01      10051      38124
vg00-lv_var_log_audit     0.18         0.00         0.00       2813        306
vg00-lv_usr       1.17         0.01         0.00      21290       8539
clusvg12_4-lv12_4     0.20         0.00         0.00       3248          0
clusvg11_16-lv11_16     1.97         0.02         0.13      71339     539639
clusvg11_19-lv11_19     1.65         0.01         0.11      38263     457871
clusvg12_1-lv12_1     4.20         0.05         0.32     196706    1321823
clusvg10_13-lv10_13     0.20         0.00         0.00       3248          0
clusvg11_12-lv11_12     2.28         0.03         0.22     124470     943044
clusvg8_8-lv8_8     0.35         0.00         0.00       5424        797
clusvg2_17-lv2_17     0.22         0.00         0.00       3300        289
clusvg10_7-lv10_7     0.34         0.00         0.00       5296        357
clusvg10_15-lv10_15     0.20         0.00         0.00       3247          0
clusvg10_12-lv10_12     0.20         0.00         0.00       3247          0
clusvg11_13-lv11_13     1.94         0.01         0.22      44294     929181
clusvg9_6-lv9_6     0.27         0.00         0.00       3994       4998
clusvg10_6-lv10_6     0.27         0.00         0.00       4056        328
clusvg10_3-lv10_3     0.26         0.00         0.00       4017       1483
clusvg8_5-lv8_5     0.27         0.00         0.00       4102        322
clusvg7_1-lv7_1     2.23         0.01         0.21      33240     866688
clusvg10_9-lv10_9     0.44         0.00         0.00       6827        320
clusvg9_3-lv9_3     0.27         0.00         0.00       4098        322
clusvg10_2-lv10_2     0.27         0.00         0.00       4121        318
clusvg9_4-lv9_4     0.40         0.00         0.00       6155        319
clusvg10_8-lv10_8     0.32         0.00         0.00       4989        317
clusvg8_6-lv8_6     0.26         0.00         0.00       3838        351
clusvg8_7-lv8_7     0.25         0.00         0.00       3766        401
clusvg9_1-lv9_1     0.38         0.00         0.00       5933        330
clusvg5_7-lv5_7     1.34         0.01         0.20      24960     852005
clusvg4_11-lv4_11     1.38         0.01         0.18      38672     755346
clusvg10_1-lv10_1     0.27         0.00         0.00       4180        304
clusvg2_13-lv2_13     1.17         0.01         0.11      45365     458477
clusvg8_3-lv8_3     0.57         0.00         0.00       8919        566
clusvg9_2-lv9_2     0.51         0.00         0.00       8057        357
clusvg9_7-lv9_7     0.35         0.00         0.00       5494        825
clusvg9_5-lv9_5     0.26         0.00         0.00       3854        360
clusvg9_8-lv9_8     0.32         0.00         0.00       4923       1328
clusvg8_2-lv8_2     0.24         0.00         0.00       3699        589
clusvg7_6-lv7_6     1.67         0.01         0.13      28930     541134
clusvg8_4-lv8_4     0.39         0.00         0.00       5978        390
clusvg7_2-lv7_2     2.53         0.02         0.25      86984    1066832
clusvg8_1-lv8_1     0.27         0.00         0.00       4093        336
clusvg6_5-lv6_5     2.75         0.04         0.24     172942    1004527
clusvg6_6-lv6_6     2.33         0.01         0.36      28567    1519566
clusvg7_4-lv7_4     1.90         0.04         0.07     182913     307815
clusvg7_7-lv7_7     2.55         0.04         0.14     182950     577700
clusvg5_15-lv5_15     0.20         0.00         0.00       3246          0
clusvg7_5-lv7_5     2.05         0.02         0.21     101754     891870
clusvg6_7-lv6_7     3.21         0.02         0.29      64539    1200952
clusvg5_14-lv5_14     0.20         0.00         0.00       3246          0
clusvg7_3-lv7_3     2.22         0.01         0.18      53480     747665
clusvg6_8-lv6_8     1.72         0.01         0.17      52931     719298
clusvg5_3-lv5_3     1.22         0.02         0.08      79750     350027
clusvg6_2-lv6_2     2.24         0.03         0.22     109026     931290
clusvg6_1-lv6_1     1.95         0.01         0.21      26117     898047
clusvg5_13-lv5_13     0.20         0.00         0.00       3247          0
clusvg6_4-lv6_4     2.96         0.01         0.41      29362    1718982
clusvg4_18-lv4_18     0.20         0.00         0.00       3246          0
clusvg5_16-lv5_16     0.20         0.00         0.00       3247          0
clusvg6_3-lv6_3     1.90         0.01         0.19      39964     781812
clusvg5_11-lv5_11     1.20         0.00         0.11      19949     452690
clusvg4_15-lv4_15     0.20         0.00         0.00       3269          0
clusvg5_12-lv5_12     0.20         0.00         0.00       3280          0
clusvg3_16-lv3_16     0.20         0.00         0.00       3254          0
clusvg4_19-lv4_19     0.20         0.00         0.00       3246          0
clusvg4_17-lv4_17     0.20         0.00         0.00       3247          0
clusvg3_15-lv3_15     1.36         0.01         0.05      38206     199109
clusvg4_16-lv4_16     0.20         0.00         0.00       3246          0
clusvg4_13-lv4_13     0.71         0.01         0.00      29226      12860
clusvg4_14-lv4_14     1.29         0.01         0.08      29970     327007
clusvg3_14-lv3_14     0.97         0.02         0.00      79927       6973
clusvg1_23-lv1_23     0.22         0.00         0.00       3300        289
clusvg2_15-lv2_15     1.21         0.01         0.10      34383     412284
clusvg2_16-lv2_16     0.20         0.00         0.00       3249          0
clusvg1_21-lv1_21     1.21         0.01         0.06      49422     252734
clusvg2_14-lv2_14     0.91         0.02         0.02      63577      77199
clusvg1_20-lv1_20     1.42         0.01         0.10      31451     432513
clusvg5_10-lv5_10     1.96         0.01         0.33      34068    1372545
clusvg11_7-lv11_7     0.26         0.00         0.00       4024        290
clusvg1_22-lv1_22     0.20         0.00         0.00       3268          0
clusvg5_8-lv5_8     1.28         0.01         0.11      25841     479550
clusvg1_19-lv1_19     1.13         0.02         0.07      84698     286513
clusvg06_14-lv06_14     0.26         0.00         0.00       3812        425
clusvg5_9-lv5_9     0.84         0.01         0.01      61633      45926
clusvg9_13-lv9_13     0.29         0.00         0.00       4588        198
clusvg9_12-lv9_12     0.29         0.00         0.00       4576        194
clusvg5_6-lv5_6     1.90         0.01         0.30      25995    1267823
clusvg4_12-lv4_12     1.79         0.01         0.25      35647    1040823
clusvg12_18-lv12_18     0.27         0.00         0.00       3987       1470
clusvg12_8-lv12_8     0.20         0.00         0.00       3249          0
clusvg7_9-lv7_9     0.20         0.00         0.00       3262          0
clusvg13_18-lv13_18     0.25         0.00         0.00       3714        399
clusvg9_9-lv9_9     0.29         0.00         0.00       4601        194
clusvg11_10-lv11_10     0.25         0.00         0.00       3822        312
clusvg4_9-lv4_9     1.23         0.01         0.10      23837     420139
clusvg1_16-lv1_16     1.56         0.01         0.21      28248     873936
clusvg11_1-lv11_1     0.27         0.00         0.00       4054        324
clusvg11_15-lv11_15     0.20         0.00         0.00       3263          0
clusvg10_11-lv10_11     0.20         0.00         0.00       3248          0
clusvg12_7-lv12_7     0.20         0.00         0.00       3248          0
clusvg11_5-lv11_5     0.24         0.00         0.00       3647       1507
clusvg06_12-lv06_12     0.33         0.00         0.00       4942        434
clusvg9_11-lv9_11     0.30         0.00         0.00       4632        211
clusvg13_17-lv13_17     0.51         0.03         0.00     106447        324
clusvg9_10-lv9_10     0.29         0.00         0.00       4587        197
clusvg12_14-lv12_14     0.20         0.00         0.00       3248          0
clusvg13_16-lv13_16     1.77         0.00         0.25       4981    1038063
clusvg12_9-lv12_9     4.12         0.00         0.52      19190    2179502
clusvg13_15-lv13_15     0.33         0.00         0.00       4770        685
clusvg11_8-lv11_8     0.29         0.00         0.00       4534        370
clusvg06_10-lv06_10     0.24         0.00         0.00       3665        296
clusvg2_9-lv2_9     2.26         0.01         0.41      45474    1720381
clusvg06_09-lv06_09     0.39         0.00         0.00       5974        472
clusvg13_14-lv13_14     1.21         0.00         0.08       9390     333794
clusvg06_11-lv06_11     0.26         0.00         0.00       3995        323
clusvg4_10-lv4_10     1.34         0.01         0.13      46083     565938
clusvg12_17-lv12_17     0.23         0.00         0.00       3467        301
clusvg12_15-lv12_15     0.23         0.00         0.00       3399        295
clusvg3_11-lv3_11     1.25         0.01         0.16      25596     659174
clusvg4_8-lv4_8     1.32         0.03         0.09     121711     389783
clusvg12_16-lv12_16     0.24         0.00         0.00       3571        312
clusvg2_12-lv2_12     1.14         0.01         0.06      59350     234939
clusvg11_9-lv11_9     0.37         0.00         0.00       5742        317
clusvg3_12-lv3_12     1.95         0.02         0.26      87973    1102385
clusvg06_15-lv06_15     0.29         0.00         0.00       4261        953
clusvg3_13-lv3_13     1.29         0.01         0.18      30888     752591
clusvg11_11-lv11_11     0.86         0.00         0.13       5170     561631
clusvg4_6-lv4_6     1.83         0.01         0.25      37995    1036035
clusvg11_2-lv11_2     0.29         0.00         0.00       4436        380
clusvg11_3-lv11_3     0.28         0.00         0.00       4265        999
clusvg3_10-lv3_10     1.24         0.01         0.15      57297     646453
clusvg12_12-lv12_12     0.23         0.00         0.00       3430        316
clusvg2_11-lv2_11     3.45         0.22         0.22     908114     916329
clusvg13_7-lv13_7     0.20         0.00         0.00       3249          0
clusvg10_14-lv10_14     0.20         0.00         0.00       3247          0
clusvg12_11-lv12_11     0.27         0.00         0.00       3821        725
clusvg12_13-lv12_13     0.24         0.00         0.00       3569        355
clusvg11_4-lv11_4     0.58         0.00         0.00       9238        311
clusvg2_10-lv2_10     1.54         0.02         0.19      98062     808253
clusvg3_6-lv3_6     2.71         0.02         0.32     102529    1330744
clusvg13_8-lv13_8     0.20         0.00         0.00       3248          0
clusvg3_9-lv3_9     2.27         0.08         0.21     347373     893445
clusvg11_21-lv11_21     0.23         0.00         0.00       3457        293
clusvg5_5-lv5_5     1.24         0.01         0.17      38803     715910
clusvg12_10-lv12_10     0.28         0.00         0.00       4078        483
clusvg1_17-lv1_17     2.06         0.02         0.26      84678    1072631
clusvg1_15-lv1_15     1.20         0.01         0.13      37993     527869
clusvg13_6-lv13_6     0.20         0.00         0.00       3248          0
clusvg1_14-lv1_14     1.51         0.01         0.18      58392     762563
clusvg12_6-lv12_6     0.20         0.00         0.00       3248          0
clusvg1_13-lv1_13     1.12         0.01         0.11      57789     462115
clusvg11_20-lv11_20     0.23         0.00         0.00       3496        308
clusvg5_4-lv5_4     1.90         0.02         0.26      85562    1102097
clusvg4_7-lv4_7     0.91         0.01         0.05      29471     197959
clusvg4_5-lv4_5     0.99         0.01         0.09      42090     377328
clusvg3_8-lv3_8     2.13         0.02         0.32      93438    1343732
clusvg1_12-lv1_12     1.46         0.02         0.14      91002     576507
clusvg13_4-lv13_4     0.20         0.00         0.00       3248          0
clusvg3_7-lv3_7     1.59         0.01         0.20      42909     832332
clusvg13_5-lv13_5     0.20         0.00         0.00       3249          0
clusvg2_7-lv2_7     5.58         0.39         0.08    1642837     351152
clusvg13_3-lv13_3     0.20         0.00         0.00       3249          0
clusvg11_14-lv11_14     1.83         0.01         0.16      52664     652413
clusvg1_10-lv1_10     1.72         0.01         0.26      24177    1070850
clusvg13_1-lv13_1     0.20         0.00         0.00       3249          0
clusvg2_6-lv2_6     1.60         0.01         0.25      25027    1034512
clusvg13_2-lv13_2     0.20         0.00         0.00       3249          0
clusvg1_11-lv1_11     1.80         0.02         0.25      63562    1028706
clusvg11_18-lv11_18     2.60         0.03         0.27     106120    1128854
clusvg2_8-lv2_8     1.55         0.02         0.16      90789     679767
clusvg11_17-lv11_17     2.45         0.01         0.30      39290    1254003
clusvg10_4-lv10_4     0.29         0.00         0.00       4397        325
clusvg12_3-lv12_3     2.04         0.02         0.22      91217     932784
clusvg10_10-lv10_10     0.20         0.00         0.00       3248          0
clusvg12_2-lv12_2     2.69         0.05         0.26     196037    1094889
clusvg12_5-lv12_5     0.20         0.00         0.00       3249          0
clusvg10_5-lv10_5     0.33         0.00         0.00       5110        296
clusvg10_16-lv10_16     0.20         0.00         0.00       3248          0

Filesystem:               rMB_nor/s    wMB_nor/s    rMB_dir/s    wMB_dir/s    rMB_svr/s    wMB_svr/s     ops/s    rops/s    wops/s



Filesystem            Size  Used Avail Use% Mounted on
/dev/mapper/vg00-lv_root
                      3.9G  1.9G  1.9G  51% /
tmpfs                 126G  1.1G  125G   1% /dev/shm
/dev/mapper/vg00-lv_appl
                      976M  1.3M  924M   1% /appl
/dev/sda3             488M  111M  352M  24% /boot
/dev/sda2             512M  280K  512M   1% /boot/efi
/dev/mapper/vg00-lv_home
                      4.9G   94M  4.6G   2% /home
/dev/mapper/vg00-lv_opt
                      4.8G  1.1G  3.6G  23% /opt
/dev/mapper/vg00-lv_tmp
                       18G  5.5M   17G   1% /tmp
/dev/mapper/vg00-lv_usr
                      4.8G  2.8G  1.8G  62% /usr
/dev/mapper/vg00-lv_var
                      7.9G  3.1G  4.4G  42% /var
/dev/mapper/vg00-lv_var_log
                      3.0G  1.5G  1.4G  51% /var/log
/dev/mapper/vg00-lv_var_log_audit
                      976M   32M  894M   4% /var/log/audit
/dev/mapper/vg01-lv_simpana
                      493G  101G  367G  22% /opt/simpana
/dev/mapper/vg01-lv_indexcache
                      493G  118G  350G  26% /IndexCache
/dev/mapper/vg02-lv_gddb
                      1.6T  929G  603G  61% /DCCMA13GDDB/DDB
/dev/mapper/clusvg1_10-lv1_10
                      8.0T  6.5T  1.6T  81% /DCCMA01_Disk10
/dev/mapper/clusvg1_11-lv1_11
                      8.0T  5.4T  2.7T  67% /DCCMA01_Disk11
/dev/mapper/clusvg1_12-lv1_12
                      8.0T  6.7T  1.4T  83% /DCCMA01_Disk12
/dev/mapper/clusvg1_13-lv1_13
                      8.0T  5.8T  2.3T  72% /DCCMA01_Disk13
/dev/mapper/clusvg1_14-lv1_14
                      8.0T  6.5T  1.6T  82% /DCCMA01_Disk14
/dev/mapper/clusvg1_15-lv1_15
                      8.0T  6.1T  2.0T  77% /DCCMA01_Disk15
/dev/mapper/clusvg1_16-lv1_16
                      8.0T  6.3T  1.8T  79% /DCCMA01_Disk16
/dev/mapper/clusvg1_17-lv1_17
                      8.0T  4.1T  4.0T  51% /DCCMA01_Disk17
/dev/mapper/clusvg2_6-lv2_6
                      8.0T  4.4T  3.7T  55% /DCCMA02_Disk6
/dev/mapper/clusvg2_7-lv2_7
                      8.0T  5.7T  2.4T  71% /DCCMA02_Disk7
/dev/mapper/clusvg2_8-lv2_8
                      8.0T  5.7T  2.4T  71% /DCCMA02_Disk8
/dev/mapper/clusvg2_9-lv2_9
                      8.0T  6.6T  1.5T  83% /DCCMA02_Disk9
/dev/mapper/clusvg2_10-lv2_10
                      8.0T  6.1T  2.0T  77% /DCCMA02_Disk10
/dev/mapper/clusvg2_11-lv2_11
                      8.0T  5.9T  2.2T  73% /DCCMA02_Disk11
/dev/mapper/clusvg2_12-lv2_12
                      8.0T  6.0T  2.1T  75% /DCCMA02_Disk12
/dev/mapper/clusvg2_13-lv2_13
                      8.0T  6.6T  1.5T  82% /DCCMA02_Disk13
/dev/mapper/clusvg3_6-lv3_6
                      8.0T  7.0T  1.1T  87% /DCCMA03_Disk6
/dev/mapper/clusvg3_7-lv3_7
                      8.0T  6.3T  1.8T  79% /DCCMA03_Disk7
/dev/mapper/clusvg3_8-lv3_8
                      8.0T  6.4T  1.7T  80% /DCCMA03_Disk8
/dev/mapper/clusvg3_9-lv3_9
                      8.0T  5.7T  2.4T  71% /DCCMA03_Disk9
/dev/mapper/clusvg3_10-lv3_10
                      8.0T  5.5T  2.6T  68% /DCCMA03_Disk10
/dev/mapper/clusvg3_11-lv3_11
                      8.0T  6.0T  2.1T  75% /DCCMA03_Disk11
/dev/mapper/clusvg3_12-lv3_12
                      8.0T  7.1T  953G  89% /DCCMA03_Disk12
/dev/mapper/clusvg3_13-lv3_13
                      8.0T  5.8T  2.3T  73% /DCCMA03_Disk13
/dev/mapper/clusvg4_5-lv4_5
                      8.0T  5.5T  2.6T  68% /DCCMA04_Disk5
/dev/mapper/clusvg4_6-lv4_6
                      8.0T  5.8T  2.3T  72% /DCCMA04_Disk6
/dev/mapper/clusvg4_7-lv4_7
                      8.0T  6.4T  1.7T  80% /DCCMA04_Disk7
/dev/mapper/clusvg4_8-lv4_8
                      8.0T  5.3T  2.8T  67% /DCCMA04_Disk8
/dev/mapper/clusvg4_9-lv4_9
                      8.0T  5.0T  3.1T  62% /DCCMA04_Disk9
/dev/mapper/clusvg4_10-lv4_10
                      8.0T  6.5T  1.6T  81% /DCCMA04_Disk10
/dev/mapper/clusvg4_11-lv4_11
                      8.0T  4.3T  3.8T  54% /DCCMA04_Disk11
/dev/mapper/clusvg4_12-lv4_12
                      8.0T  7.1T  953G  89% /DCCMA04_Disk12
/dev/mapper/clusvg5_3-lv5_3
                      8.0T  5.1T  3.0T  64% /DCCMA05_Disk3
/dev/mapper/clusvg5_4-lv5_4
                      8.0T  5.9T  2.2T  73% /DCCMA05_Disk4
/dev/mapper/clusvg5_5-lv5_5
                      8.0T  6.4T  1.7T  80% /DCCMA05_Disk5
/dev/mapper/clusvg5_6-lv5_6
                      8.0T  7.1T  968G  89% /DCCMA05_Disk6
/dev/mapper/clusvg5_7-lv5_7
                      8.0T  6.5T  1.6T  81% /DCCMA05_Disk7
/dev/mapper/clusvg5_8-lv5_8
                      8.0T  6.6T  1.5T  82% /DCCMA05_Disk8
/dev/mapper/clusvg5_9-lv5_9
                      8.0T  8.0T  2.5G 100% /DCCMA05_Disk9
/dev/mapper/clusvg5_10-lv5_10
                      8.0T  5.1T  3.0T  64% /DCCMA05_Disk10
/dev/mapper/clusvg6_1-lv6_1
                      8.0T  5.0T  3.1T  62% /DCCMA06_Disk1
/dev/mapper/clusvg6_2-lv6_2
                      8.0T  4.6T  3.5T  57% /DCCMA06_Disk2
/dev/mapper/clusvg6_3-lv6_3
                      8.0T  4.2T  3.9T  52% /DCCMA06_Disk3
/dev/mapper/clusvg6_4-lv6_4
                      8.0T  5.9T  2.2T  74% /DCCMA06_Disk4
/dev/mapper/clusvg6_5-lv6_5
                      8.0T  6.7T  1.4T  83% /DCCMA06_Disk5
/dev/mapper/clusvg6_6-lv6_6
                      8.0T  5.4T  2.7T  68% /DCCMA06_Disk6
/dev/mapper/clusvg6_7-lv6_7
                      8.0T  5.9T  2.2T  73% /DCCMA06_Disk7
/dev/mapper/clusvg6_8-lv6_8
                      8.0T  5.4T  2.7T  67% /DCCMA06_Disk8
/dev/mapper/clusvg7_1-lv7_1
                      8.0T  6.6T  1.5T  82% /DCCMA07_Disk1
/dev/mapper/clusvg1_19-lv1_19
                      4.0T  3.9T  184G  96% /DCCMA01_Disk19
/dev/mapper/clusvg1_20-lv1_20
                      4.0T  3.9T  151G  97% /DCCMA01_Disk20
/dev/mapper/clusvg1_21-lv1_21
                      4.0T  3.7T  383G  91% /DCCMA01_Disk21
/dev/mapper/clusvg1_22-lv1_22
                      1.0T   75G  950G   8% /DCCMA01_Disk22
/dev/mapper/clusvg1_23-lv1_23
                      2.0T  2.6G  2.0T   1% /DCCMA01_Disk23
/dev/mapper/clusvg2_14-lv2_14
                      4.0T  3.3T  793G  81% /DCCMA02_Disk14
/dev/mapper/clusvg2_15-lv2_15
                      4.0T  3.8T  252G  94% /DCCMA02_Disk15
/dev/mapper/clusvg2_16-lv2_16
                      1.0T   61G  964G   6% /DCCMA02_Disk16
/dev/mapper/clusvg2_17-lv2_17
                      2.0T  2.6G  2.0T   1% /DCCMA02_Disk17
/dev/mapper/clusvg3_14-lv3_14
                      4.0T  3.7T  398G  91% /DCCMA03_Disk14
/dev/mapper/clusvg3_15-lv3_15
                      4.0T  4.0T  1.8G 100% /DCCMA03_Disk15
/dev/mapper/clusvg3_16-lv3_16
                      1.0T  268G  757G  27% /DCCMA03_Disk16
/dev/mapper/clusvg4_13-lv4_13
                      4.0T  4.0T   83G  98% /DCCMA04_Disk13
/dev/mapper/clusvg4_14-lv4_14
                      4.0T  3.1T  954G  77% /DCCMA04_Disk14
/dev/mapper/clusvg4_15-lv4_15
                      1.0T  313G  712G  31% /DCCMA04_Disk15
/dev/mapper/clusvg4_16-lv4_16
                      8.0T  2.6G  8.0T   1% /DCCMA04_Disk16
/dev/mapper/clusvg4_17-lv4_17
                      8.0T  2.6G  8.0T   1% /DCCMA04_Disk17
/dev/mapper/clusvg4_18-lv4_18
                      8.0T  2.6G  8.0T   1% /DCCMA04_Disk18
/dev/mapper/clusvg4_19-lv4_19
                      8.0T  2.6G  8.0T   1% /DCCMA04_Disk19
/dev/mapper/clusvg5_11-lv5_11
                      4.0T  3.3T  812G  81% /DCCMA05_Disk11
/dev/mapper/clusvg5_12-lv5_12
                      1.0T  257G  768G  26% /DCCMA05_Disk12
/dev/mapper/clusvg5_13-lv5_13
                      8.0T  2.6G  8.0T   1% /DCCMA05_Disk13
/dev/mapper/clusvg5_14-lv5_14
                      8.0T  2.6G  8.0T   1% /DCCMA05_Disk14
/dev/mapper/clusvg5_15-lv5_15
                      8.0T  2.6G  8.0T   1% /DCCMA05_Disk15
/dev/mapper/clusvg5_16-lv5_16
                      8.0T  2.6G  8.0T   1% /DCCMA05_Disk16
/dev/mapper/clusvg7_2-lv7_2
                      8.0T  5.6T  2.5T  69% /DCCMA07_Disk2
/dev/mapper/clusvg7_3-lv7_3
                      8.0T  4.1T  4.0T  51% /DCCMA07_Disk3
/dev/mapper/clusvg7_4-lv7_4
                      8.0T  6.8T  1.3T  85% /DCCMA07_Disk4
/dev/mapper/clusvg7_5-lv7_5
                      8.0T  5.2T  2.9T  64% /DCCMA07_Disk5
/dev/mapper/clusvg7_6-lv7_6
                      8.0T  4.5T  3.6T  56% /DCCMA07_Disk6
/dev/mapper/clusvg7_7-lv7_7
                      8.0T  5.4T  2.7T  68% /DCCMA07_Disk7
/dev/mapper/clusvg8_1-lv8_1
                      8.0T  5.8T  2.3T  73% /DCCMA08_Disk1
/dev/mapper/clusvg8_2-lv8_2
                      8.0T  5.0T  3.1T  62% /DCCMA08_Disk2
/dev/mapper/clusvg8_3-lv8_3
                      8.0T  7.4T  623G  93% /DCCMA08_Disk3
/dev/mapper/clusvg8_4-lv8_4
                      8.0T  7.3T  799G  91% /DCCMA08_Disk4
/dev/mapper/clusvg8_5-lv8_5
                      8.0T  8.0T   61G 100% /DCCMA08_Disk5
/dev/mapper/clusvg8_6-lv8_6
                      8.0T  6.0T  2.1T  75% /DCCMA08_Disk6
/dev/mapper/clusvg8_7-lv8_7
                      8.0T  4.2T  3.9T  52% /DCCMA08_Disk7
/dev/mapper/clusvg8_8-lv8_8
                      8.0T  5.4T  2.7T  67% /DCCMA08_Disk8
/dev/mapper/clusvg9_1-lv9_1
                      8.0T  7.0T  1.1T  88% /DCCMA09_Disk1
/dev/mapper/clusvg9_2-lv9_2
                      8.0T  8.0T   97G  99% /DCCMA09_Disk2
/dev/mapper/clusvg9_3-lv9_3
                      8.0T  6.5T  1.6T  82% /DCCMA09_Disk3
/dev/mapper/clusvg9_4-lv9_4
                      8.0T  7.4T  708G  92% /DCCMA09_Disk4
/dev/mapper/clusvg9_5-lv9_5
                      8.0T  6.8T  1.3T  85% /DCCMA09_Disk5
/dev/mapper/clusvg9_6-lv9_6
                      8.0T  6.7T  1.4T  83% /DCCMA09_Disk6
/dev/mapper/clusvg9_7-lv9_7
                      8.0T  8.0T   71G 100% /DCCMA09_Disk7
/dev/mapper/clusvg9_8-lv9_8
                      8.0T  5.1T  3.0T  63% /DCCMA09_Disk8
/dev/mapper/clusvg10_1-lv10_1
                      8.0T  4.7T  3.4T  59% /DCCMA10_Disk1
/dev/mapper/clusvg10_2-lv10_2
                      8.0T  5.1T  3.0T  64% /DCCMA10_Disk2
/dev/mapper/clusvg10_3-lv10_3
                      8.0T  7.6T  424G  95% /DCCMA10_Disk3
/dev/mapper/clusvg10_4-lv10_4
                      8.0T  7.8T  258G  97% /DCCMA10_Disk4
/dev/mapper/clusvg10_5-lv10_5
                      8.0T  8.0T  4.0G 100% /DCCMA10_Disk5
/dev/mapper/clusvg10_6-lv10_6
                      8.0T  4.6T  3.5T  57% /DCCMA10_Disk6
/dev/mapper/clusvg10_7-lv10_7
                      8.0T  6.9T  1.2T  86% /DCCMA10_Disk7
/dev/mapper/clusvg10_8-lv10_8
                      8.0T  8.0T   84G  99% /DCCMA10_Disk8
/dev/mapper/clusvg11_1-lv11_1
                      8.1T  8.0T   46G 100% /DCCMA11_Disk1
/dev/mapper/clusvg11_2-lv11_2
                      8.1T  7.9T  124G  99% /DCCMA11_Disk2
/dev/mapper/clusvg11_3-lv11_3
                      8.1T  8.1T  2.5G 100% /DCCMA11_Disk3
/dev/mapper/clusvg11_4-lv11_4
                      8.1T  7.1T  989G  88% /DCCMA11_Disk4
/dev/mapper/clusvg11_5-lv11_5
                      8.1T  4.9T  3.2T  61% /DCCMA11_Disk5
/dev/mapper/clusvg11_7-lv11_7
                      8.1T  8.1T  2.2G 100% /DCCMA11_Disk7
/dev/mapper/clusvg11_8-lv11_8
                      8.1T  4.6T  3.5T  57% /DCCMA11_Disk8
/dev/mapper/clusvg11_9-lv11_9
                      8.1T  7.9T  131G  99% /DCCMA11_Disk9
/dev/mapper/clusvg11_10-lv11_10
                      8.1T  7.6T  434G  95% /DCCMA11_Disk10
/dev/mapper/clusvg11_11-lv11_11
                      8.1T  6.7T  1.4T  83% /DCCMA11_Disk11
/dev/mapper/clusvg10_9-lv10_9
                      8.0T  6.5T  1.6T  81% /DCCMA10_Disk9
/dev/mapper/clusvg10_10-lv10_10
                      8.0T  2.6G  8.0T   1% /DCCMA10_Disk10
/dev/mapper/clusvg10_11-lv10_11
                      8.0T  2.6G  8.0T   1% /DCCMA10_Disk11
/dev/mapper/clusvg10_12-lv10_12
                      8.0T  2.6G  8.0T   1% /DCCMA10_Disk12
/dev/mapper/clusvg10_13-lv10_13
                      8.0T  2.6G  8.0T   1% /DCCMA10_Disk13
/dev/mapper/clusvg10_14-lv10_14
                      8.0T  2.6G  8.0T   1% /DCCMA10_Disk14
/dev/mapper/clusvg10_15-lv10_15
                      8.0T  2.6G  8.0T   1% /DCCMA10_Disk15
/dev/mapper/clusvg10_16-lv10_16
                      8.0T  2.6G  8.0T   1% /DCCMA10_Disk16
/dev/mapper/clusvg11_12-lv11_12
                      8.0T  5.8T  2.3T  72% /DCCMA11_Disk12
/dev/mapper/clusvg11_13-lv11_13
                      8.0T  5.7T  2.4T  71% /DCCMA11_Disk13
/dev/mapper/clusvg11_14-lv11_14
                      8.0T  5.6T  2.5T  70% /DCCMA11_Disk14
/dev/mapper/clusvg11_15-lv11_15
                      8.0T  6.7T  1.4T  84% /DCCMA11_Disk15
/dev/mapper/clusvg11_16-lv11_16
                      8.0T  5.0T  3.1T  62% /DCCMA11_Disk16
/dev/mapper/clusvg11_17-lv11_17
                      8.0T  5.5T  2.6T  69% /DCCMA11_Disk17
/dev/mapper/clusvg11_18-lv11_18
                      8.0T  4.4T  3.7T  54% /DCCMA11_Disk18
/dev/mapper/clusvg11_19-lv11_19
                      8.0T  5.0T  3.1T  62% /DCCMA11_Disk19
/dev/mapper/clusvg12_1-lv12_1
                      8.0T  5.6T  2.5T  70% /DCCMA12_Disk1
/dev/mapper/clusvg12_2-lv12_2
                      8.0T  4.1T  4.0T  51% /DCCMA12_Disk2
/dev/mapper/clusvg12_3-lv12_3
                      8.0T  5.4T  2.7T  67% /DCCMA12_Disk3
/dev/mapper/clusvg12_4-lv12_4
                      8.0T  2.6G  8.0T   1% /DCCMA12_Disk4
/dev/mapper/clusvg12_5-lv12_5
                      8.0T  2.6G  8.0T   1% /DCCMA12_Disk5
/dev/mapper/clusvg12_6-lv12_6
                      8.0T  2.6G  8.0T   1% /DCCMA12_Disk6
/dev/mapper/clusvg12_7-lv12_7
                      8.0T  2.6G  8.0T   1% /DCCMA12_Disk7
/dev/mapper/clusvg12_8-lv12_8
                      8.0T  2.6G  8.0T   1% /DCCMA12_Disk8
/dev/mapper/clusvg13_1-lv13_1
                      8.0T  2.6G  8.0T   1% /DCCMA13_Disk1
/dev/mapper/clusvg13_2-lv13_2
                      8.0T  2.6G  8.0T   1% /DCCMA13_Disk2
/dev/mapper/clusvg13_3-lv13_3
                      8.0T  2.6G  8.0T   1% /DCCMA13_Disk3
/dev/mapper/clusvg13_4-lv13_4
                      8.0T  2.6G  8.0T   1% /DCCMA13_Disk4
/dev/mapper/clusvg13_5-lv13_5
                      8.0T  2.6G  8.0T   1% /DCCMA13_Disk5
/dev/mapper/clusvg13_6-lv13_6
                      8.0T  2.6G  8.0T   1% /DCCMA13_Disk6
/dev/mapper/clusvg13_7-lv13_7
                      8.0T  2.6G  8.0T   1% /DCCMA13_Disk7
/dev/mapper/clusvg13_8-lv13_8
                      8.0T  2.6G  8.0T   1% /DCCMA13_Disk8
/dev/mapper/clusvg11_20-lv11_20
                      8.0T  7.8T  298G  97% /DCCMA11_Disk20
/dev/mapper/clusvg11_21-lv11_21
                      8.0T  7.7T  349G  96% /DCCMA11_Disk21
/dev/mapper/clusvg12_9-lv12_9
                      8.0T  7.8T  292G  97% /DCCMA12_Disk9
/dev/mapper/clusvg12_10-lv12_10
                      8.0T  6.6T  1.5T  82% /DCCMA12_Disk10
/dev/mapper/clusvg12_11-lv12_11
                      8.0T  5.0T  3.1T  62% /DCCMA12_Disk11
/dev/mapper/clusvg12_12-lv12_12
                      8.0T  6.2T  1.9T  78% /DCCMA12_Disk12
/dev/mapper/clusvg12_13-lv12_13
                      8.0T  5.7T  2.4T  71% /DCCMA12_Disk13
/dev/mapper/clusvg12_15-lv12_15
                      8.0T  5.1T  3.0T  64% /DCCMA12_Disk15
/dev/mapper/clusvg12_16-lv12_16
                      8.0T  6.8T  1.3T  85% /DCCMA12_Disk16
/dev/mapper/clusvg12_17-lv12_17
                      8.0T  6.3T  1.8T  78% /DCCMA12_Disk17
/dev/mapper/clusvg12_18-lv12_18
                      8.0T  8.0T  2.6G 100% /DCCMA12_Disk18
/dev/mapper/clusvg13_14-lv13_14
                      8.0T  6.5T  1.6T  81% /DCCMA13_Disk14
/dev/mapper/clusvg13_15-lv13_15
                      8.0T  6.9T  1.2T  86% /DCCMA13_Disk15
/dev/mapper/clusvg13_16-lv13_16
                      8.0T  6.0T  2.1T  75% /DCCMA13_Disk16
/dev/mapper/clusvg13_17-lv13_17
                      8.0T  5.6T  2.5T  70% /DCCMA13_Disk17
/dev/mapper/clusvg13_18-lv13_18
                      8.0T  5.4T  2.7T  67% /DCCMA13_Disk18
/dev/mapper/clusvg06_09-lv06_09
                      8.0T  7.4T  709G  92% /DCCMA06_Disk09
/dev/mapper/clusvg06_10-lv06_10
                      8.0T  8.0T   51G 100% /DCCMA06_Disk10
/dev/mapper/clusvg06_11-lv06_11
                      8.0T  7.8T  268G  97% /DCCMA06_Disk11
/dev/mapper/clusvg06_12-lv06_12
                      8.0T  6.0T  2.1T  75% /DCCMA06_Disk12
/dev/mapper/clusvg06_14-lv06_14
                      8.0T  7.5T  537G  94% /DCCMA06_Disk14
/dev/mapper/clusvg06_15-lv06_15
                      8.0T  5.3T  2.8T  67% /DCCMA06_Disk15
/dev/mapper/clusvg12_14-lv12_14
                      8.0T  2.6G  8.0T   1% /DCCMA12_Disk14
/dev/mapper/clusvg7_9-lv7_9
                      4.0T  1.4T  2.7T  35% /DCCMA07_Disk9
/dev/mapper/clusvg9_10-lv9_10
                      8.0T  2.9T  5.2T  36% /DCCMA09_Disk10
/dev/mapper/clusvg9_11-lv9_11
                      8.0T  1.5T  6.6T  18% /DCCMA09_Disk11
/dev/mapper/clusvg9_12-lv9_12
                      8.0T  8.0T  3.5G 100% /DCCMA09_Disk12
/dev/mapper/clusvg9_13-lv9_13
                      8.0T   97G  8.0T   2% /DCCMA09_Disk13
/dev/mapper/clusvg9_9-lv9_9
                      8.0T  156G  7.9T   2% /DCCMA09_Disk09


Galaxy         	0:off	1:off	2:off	3:on	4:off	5:on	6:off
Jarvis         	0:off	1:off	2:on	3:on	4:on	5:on	6:off
NetworkManager 	0:off	1:off	2:off	3:off	4:off	5:off	6:off
abrt-ccpp      	0:off	1:off	2:off	3:on	4:off	5:on	6:off
abrtd          	0:off	1:off	2:off	3:on	4:off	5:on	6:off
acpid          	0:off	1:off	2:on	3:on	4:on	5:on	6:off
atd            	0:off	1:off	2:off	3:on	4:on	5:on	6:off
auditd         	0:off	1:off	2:on	3:on	4:on	5:on	6:off
autofs         	0:off	1:off	2:off	3:on	4:on	5:on	6:off
blk-availability	0:off	1:on	2:on	3:on	4:on	5:on	6:off
bluetooth      	0:off	1:off	2:off	3:on	4:on	5:on	6:off
cba8           	0:off	1:off	2:off	3:on	4:on	5:on	6:off
certmonger     	0:off	1:off	2:off	3:on	4:on	5:on	6:off
cgconfig       	0:off	1:off	2:off	3:off	4:off	5:off	6:off
cgred          	0:off	1:off	2:off	3:off	4:off	5:off	6:off
clvmd          	0:off	1:off	2:on	3:on	4:on	5:on	6:off
cman           	0:off	1:off	2:on	3:on	4:on	5:on	6:off
corosync       	0:off	1:off	2:off	3:off	4:off	5:off	6:off
cpglockd       	0:off	1:off	2:off	3:off	4:off	5:off	6:off
cpuspeed       	0:off	1:on	2:on	3:on	4:on	5:on	6:off
crond          	0:off	1:off	2:on	3:on	4:on	5:on	6:off
cups           	0:off	1:off	2:on	3:on	4:on	5:on	6:off
dnsmasq        	0:off	1:off	2:off	3:off	4:off	5:off	6:off
ds_agent       	0:off	1:off	2:on	3:on	4:on	5:on	6:off
firstboot      	0:off	1:off	2:off	3:off	4:off	5:off	6:off
gfs2           	0:off	1:off	2:on	3:on	4:on	5:on	6:off
goferd         	0:off	1:off	2:on	3:on	4:on	5:on	6:off
haldaemon      	0:off	1:off	2:off	3:on	4:on	5:on	6:off
htcacheclean   	0:off	1:off	2:off	3:off	4:off	5:off	6:off
httpd          	0:off	1:off	2:off	3:off	4:off	5:off	6:off
ip6tables      	0:off	1:off	2:on	3:on	4:on	5:on	6:off
ipmievd        	0:off	1:off	2:off	3:off	4:off	5:off	6:off
iptables       	0:off	1:off	2:off	3:off	4:off	5:off	6:off
irqbalance     	0:off	1:off	2:off	3:on	4:on	5:on	6:off
kdump          	0:off	1:off	2:on	3:on	4:on	5:on	6:off
libvirt-guests 	0:off	1:off	2:on	3:on	4:on	5:on	6:off
lvm2-monitor   	0:off	1:on	2:on	3:on	4:on	5:on	6:off
mcelogd        	0:off	1:off	2:off	3:on	4:off	5:on	6:off
mdmonitor      	0:off	1:off	2:on	3:on	4:on	5:on	6:off
messagebus     	0:off	1:off	2:on	3:on	4:on	5:on	6:off
modclusterd    	0:off	1:off	2:off	3:off	4:off	5:off	6:off
multipathd     	0:off	1:off	2:off	3:on	4:on	5:on	6:off
ncpa_listener  	0:off	1:off	2:on	3:on	4:on	5:on	6:off
ncpa_passive   	0:off	1:off	2:on	3:on	4:on	5:on	6:off
netconsole     	0:off	1:off	2:off	3:off	4:off	5:off	6:off
netfs          	0:off	1:off	2:off	3:off	4:off	5:off	6:off
network        	0:off	1:off	2:on	3:on	4:on	5:on	6:off
nfs            	0:off	1:off	2:off	3:off	4:off	5:off	6:off
nfs-rdma       	0:off	1:off	2:off	3:off	4:off	5:off	6:off
nfslock        	0:off	1:off	2:off	3:off	4:off	5:off	6:off
nntgen7agent   	0:off	1:off	2:on	3:on	4:off	5:on	6:off
ntpd           	0:off	1:off	2:on	3:on	4:on	5:on	6:off
ntpdate        	0:off	1:off	2:off	3:off	4:off	5:off	6:off
numad          	0:off	1:off	2:off	3:off	4:off	5:off	6:off
oddjobd        	0:off	1:off	2:off	3:off	4:off	5:off	6:off
portreserve    	0:off	1:off	2:on	3:on	4:on	5:on	6:off
postfix        	0:off	1:off	2:on	3:on	4:on	5:on	6:off
pppoe-server   	0:off	1:off	2:off	3:off	4:off	5:off	6:off
psacct         	0:off	1:off	2:off	3:off	4:off	5:off	6:off
puppet         	0:off	1:off	2:on	3:on	4:on	5:on	6:off
pxp-agent      	0:off	1:off	2:on	3:on	4:on	5:on	6:off
quota_nld      	0:off	1:off	2:off	3:off	4:off	5:off	6:off
rdisc          	0:off	1:off	2:off	3:off	4:off	5:off	6:off
rdma           	0:off	1:on	2:on	3:on	4:on	5:on	6:off
restorecond    	0:off	1:off	2:off	3:off	4:off	5:off	6:off
rgmanager      	0:off	1:off	2:on	3:on	4:on	5:on	6:off
rhnsd          	0:off	1:off	2:off	3:off	4:off	5:off	6:off
rhsmcertd      	0:off	1:off	2:off	3:on	4:on	5:on	6:off
ricci          	0:off	1:off	2:off	3:off	4:off	5:off	6:off
rngd           	0:off	1:off	2:off	3:off	4:off	5:off	6:off
rpcbind        	0:off	1:off	2:on	3:on	4:on	5:on	6:off
rpcgssd        	0:off	1:off	2:off	3:on	4:on	5:on	6:off
rpcsvcgssd     	0:off	1:off	2:off	3:off	4:off	5:off	6:off
rsyslog        	0:off	1:off	2:on	3:on	4:on	5:on	6:off
saslauthd      	0:off	1:off	2:off	3:off	4:off	5:off	6:off
smartd         	0:off	1:off	2:off	3:off	4:off	5:off	6:off
spice-vdagentd 	0:off	1:off	2:off	3:off	4:off	5:on	6:off
sshd           	0:off	1:off	2:on	3:on	4:on	5:on	6:off
sssd           	0:off	1:off	2:off	3:off	4:off	5:off	6:off
sysstat        	0:off	1:on	2:on	3:on	4:on	5:on	6:off
udev-post      	0:off	1:on	2:on	3:on	4:on	5:on	6:off
wdaemon        	0:off	1:off	2:off	3:off	4:off	5:off	6:off
