
dccebrsma07
em1 em3 p4p1 bond0:192.168.2.7/16 192.168.8.65/21
2.6.32-754.47.1.el6.x86_64
 11:11:30 up 48 days, 13:23,  1 user,  load average: 2.25, 2.04, 1.84
kernel-2.6.32-754.48.1.el6.x86_64             Fri 19 Aug 2022 08:41:00 PM +08
kernel-2.6.32-754.47.1.el6.x86_64             Fri 24 Jun 2022 10:01:04 PM +08
kernel-2.6.32-754.43.1.el6.x86_64             Sat 19 Mar 2022 12:17:56 AM +08
Red Hat Enterprise Linux Server release 6.10 (Santiago)
Intel(R) Xeon(R) CPU E7-4809 v3 @ 2.00GHz
128304 MB
4 of 7

CPU usage is below the threshold (Which is 80%)
Memory Usage is above the threshold (Which is 80%)

Memory free 79
Used	Avail	Use%	Mounted
1.3G	32%	/	
1.1G	62G	2%	/dev/shm
111M	352M	24%	/boot
3.7G	22%	/home	
1.6G	79%	/opt	
4.7G	1%	/tmp	
1.7G	64%	/usr	
1.5G	79%	/var	
1.5G	69%	/var/log	
899M	3%	/var/log/audit	
473G	2%	/opt/simpana	
421G	13%	/IndexCache	
1.4T	1%	/DCCMA07GDDB/DDB	
1.6T	81%	/DCCMA01_Disk10	
2.7T	67%	/DCCMA01_Disk11	
1.4T	83%	/DCCMA01_Disk12	
2.3T	72%	/DCCMA01_Disk13	
1.6T	82%	/DCCMA01_Disk14	
2.0T	77%	/DCCMA01_Disk15	
1.8T	79%	/DCCMA01_Disk16	
4.0T	51%	/DCCMA01_Disk17	
3.7T	55%	/DCCMA02_Disk6	
2.4T	71%	/DCCMA02_Disk7	
2.4T	71%	/DCCMA02_Disk8	
1.5T	83%	/DCCMA02_Disk9	
2.0T	77%	/DCCMA02_Disk10	
2.2T	73%	/DCCMA02_Disk11	
2.1T	75%	/DCCMA02_Disk12	
1.5T	82%	/DCCMA02_Disk13	
1.1T	87%	/DCCMA03_Disk6	
1.8T	79%	/DCCMA03_Disk7	
1.7T	80%	/DCCMA03_Disk8	
2.4T	71%	/DCCMA03_Disk9	
2.6T	68%	/DCCMA03_Disk10	
2.1T	75%	/DCCMA03_Disk11	
953G	89%	/DCCMA03_Disk12	
2.3T	73%	/DCCMA03_Disk13	
2.6T	68%	/DCCMA04_Disk5	
2.3T	72%	/DCCMA04_Disk6	
1.7T	80%	/DCCMA04_Disk7	
2.8T	67%	/DCCMA04_Disk8	
3.1T	62%	/DCCMA04_Disk9	
1.6T	81%	/DCCMA04_Disk10	
3.8T	54%	/DCCMA04_Disk11	
953G	89%	/DCCMA04_Disk12	
3.0T	64%	/DCCMA05_Disk3	
2.2T	73%	/DCCMA05_Disk4	
1.7T	80%	/DCCMA05_Disk5	
968G	89%	/DCCMA05_Disk6	
1.6T	81%	/DCCMA05_Disk7	
1.5T	82%	/DCCMA05_Disk8	
2.5G	100%	/DCCMA05_Disk9	
3.0T	64%	/DCCMA05_Disk10	
3.1T	62%	/DCCMA06_Disk1	
3.5T	57%	/DCCMA06_Disk2	
3.9T	52%	/DCCMA06_Disk3	
2.2T	74%	/DCCMA06_Disk4	
1.4T	83%	/DCCMA06_Disk5	
2.7T	68%	/DCCMA06_Disk6	
2.2T	73%	/DCCMA06_Disk7	
2.7T	67%	/DCCMA06_Disk8	
1.5T	82%	/DCCMA07_Disk1	
185G	96%	/DCCMA01_Disk19	
154G	97%	/DCCMA01_Disk20	
383G	91%	/DCCMA01_Disk21	
950G	8%	/DCCMA01_Disk22	
2.0T	1%	/DCCMA01_Disk23	
793G	81%	/DCCMA02_Disk14	
252G	94%	/DCCMA02_Disk15	
964G	6%	/DCCMA02_Disk16	
2.0T	1%	/DCCMA02_Disk17	
398G	91%	/DCCMA03_Disk14	
1.8G	100%	/DCCMA03_Disk15	
757G	27%	/DCCMA03_Disk16	
83G	98%	/DCCMA04_Disk13	
954G	77%	/DCCMA04_Disk14	
712G	31%	/DCCMA04_Disk15	
8.0T	1%	/DCCMA04_Disk16	
8.0T	1%	/DCCMA04_Disk17	
8.0T	1%	/DCCMA04_Disk18	
8.0T	1%	/DCCMA04_Disk19	
812G	81%	/DCCMA05_Disk11	
768G	26%	/DCCMA05_Disk12	
8.0T	1%	/DCCMA05_Disk13	
8.0T	1%	/DCCMA05_Disk14	
8.0T	1%	/DCCMA05_Disk15	
8.0T	1%	/DCCMA05_Disk16	
2.5T	69%	/DCCMA07_Disk2	
4.0T	51%	/DCCMA07_Disk3	
1.3T	85%	/DCCMA07_Disk4	
2.9T	64%	/DCCMA07_Disk5	
3.6T	56%	/DCCMA07_Disk6	
2.7T	68%	/DCCMA07_Disk7	
2.3T	73%	/DCCMA08_Disk1	
3.1T	62%	/DCCMA08_Disk2	
623G	93%	/DCCMA08_Disk3	
799G	91%	/DCCMA08_Disk4	
61G	100%	/DCCMA08_Disk5	
2.1T	75%	/DCCMA08_Disk6	
3.9T	52%	/DCCMA08_Disk7	
2.7T	67%	/DCCMA08_Disk8	
1.1T	88%	/DCCMA09_Disk1	
97G	99%	/DCCMA09_Disk2	
1.6T	82%	/DCCMA09_Disk3	
708G	92%	/DCCMA09_Disk4	
1.3T	85%	/DCCMA09_Disk5	
1.4T	83%	/DCCMA09_Disk6	
71G	100%	/DCCMA09_Disk7	
3.0T	63%	/DCCMA09_Disk8	
3.4T	59%	/DCCMA10_Disk1	
3.0T	64%	/DCCMA10_Disk2	
424G	95%	/DCCMA10_Disk3	
258G	97%	/DCCMA10_Disk4	
4.0G	100%	/DCCMA10_Disk5	
3.5T	57%	/DCCMA10_Disk6	
1.2T	86%	/DCCMA10_Disk7	
84G	99%	/DCCMA10_Disk8	
46G	100%	/DCCMA11_Disk1	
124G	99%	/DCCMA11_Disk2	
2.5G	100%	/DCCMA11_Disk3	
989G	88%	/DCCMA11_Disk4	
3.2T	61%	/DCCMA11_Disk5	
2.2G	100%	/DCCMA11_Disk7	
3.5T	57%	/DCCMA11_Disk8	
131G	99%	/DCCMA11_Disk9	
434G	95%	/DCCMA11_Disk10	
1.4T	83%	/DCCMA11_Disk11	
1.6T	81%	/DCCMA10_Disk9	
8.0T	1%	/DCCMA10_Disk10	
8.0T	1%	/DCCMA10_Disk11	
8.0T	1%	/DCCMA10_Disk12	
8.0T	1%	/DCCMA10_Disk13	
8.0T	1%	/DCCMA10_Disk14	
8.0T	1%	/DCCMA10_Disk15	
8.0T	1%	/DCCMA10_Disk16	
2.3T	72%	/DCCMA11_Disk12	
2.4T	71%	/DCCMA11_Disk13	
2.5T	70%	/DCCMA11_Disk14	
1.4T	84%	/DCCMA11_Disk15	
3.1T	62%	/DCCMA11_Disk16	
2.6T	69%	/DCCMA11_Disk17	
3.7T	54%	/DCCMA11_Disk18	
3.1T	62%	/DCCMA11_Disk19	
2.5T	70%	/DCCMA12_Disk1	
4.0T	51%	/DCCMA12_Disk2	
2.7T	67%	/DCCMA12_Disk3	
8.0T	1%	/DCCMA12_Disk4	
8.0T	1%	/DCCMA12_Disk5	
8.0T	1%	/DCCMA12_Disk6	
8.0T	1%	/DCCMA12_Disk7	
8.0T	1%	/DCCMA12_Disk8	
8.0T	1%	/DCCMA13_Disk1	
8.0T	1%	/DCCMA13_Disk2	
8.0T	1%	/DCCMA13_Disk3	
8.0T	1%	/DCCMA13_Disk4	
8.0T	1%	/DCCMA13_Disk5	
8.0T	1%	/DCCMA13_Disk6	
8.0T	1%	/DCCMA13_Disk7	
8.0T	1%	/DCCMA13_Disk8	
298G	97%	/DCCMA11_Disk20	
349G	96%	/DCCMA11_Disk21	
292G	97%	/DCCMA12_Disk9	
1.5T	82%	/DCCMA12_Disk10	
3.1T	62%	/DCCMA12_Disk11	
1.9T	78%	/DCCMA12_Disk12	
2.4T	71%	/DCCMA12_Disk13	
3.0T	64%	/DCCMA12_Disk15	
1.3T	85%	/DCCMA12_Disk16	
1.8T	78%	/DCCMA12_Disk17	
2.6G	100%	/DCCMA12_Disk18	
1.6T	81%	/DCCMA13_Disk14	
1.2T	86%	/DCCMA13_Disk15	
2.1T	75%	/DCCMA13_Disk16	
2.5T	70%	/DCCMA13_Disk17	
2.7T	67%	/DCCMA13_Disk18	
709G	92%	/DCCMA06_Disk09	
51G	100%	/DCCMA06_Disk10	
268G	97%	/DCCMA06_Disk11	
2.1T	75%	/DCCMA06_Disk12	
537G	94%	/DCCMA06_Disk14	
2.8T	67%	/DCCMA06_Disk15	
8.0T	1%	/DCCMA12_Disk14	
2.7T	35%	/DCCMA07_Disk9	
5.2T	36%	/DCCMA09_Disk10	
6.6T	18%	/DCCMA09_Disk11	
3.5G	100%	/DCCMA09_Disk12	
8.0T	2%	/DCCMA09_Disk13	
7.9T	2%	/DCCMA09_Disk09	

48 days,
ntpd (pid  40532) is running...
ntpd           	0:off	1:off	2:on	3:on	4:on	5:on	6:off

Sat 10 Sep 2022 11:11:33 AM ZONE="Asia/Kuala_Lumpur"
Sat 10 Sep 2022 11:11:34 AM +08  -0.359898 seconds
ntpd (pid  40532) is running...
server 10.10.10.75 iburst
server 10.10.10.76 iburst


Linux 2.6.32-754.47.1.el6.x86_64 (dccebrsma07) 	09/10/2022 	_x86_64_	(64 CPU)

11:11:34 AM     CPU     %user     %nice   %system   %iowait    %steal     %idle
11:11:36 AM     all      0.50      0.00      2.32      0.02      0.00     97.17
11:11:38 AM     all      0.66      0.00      2.20      0.00      0.00     97.15
11:11:40 AM     all      0.73      0.00      2.52      0.01      0.00     96.73
11:11:42 AM     all      0.92      0.00      3.10      0.00      0.00     95.98
11:11:44 AM     all      1.39      0.00      3.49      0.00      0.00     95.12
Average:        all      0.84      0.00      2.72      0.00      0.00     96.43
Average:        all      0.38      0.00      1.30      0.50      0.00     97.83

             total       used       free     shared    buffers     cached
Mem:        128304     121567       6737       1311       7593      87782
-/+ buffers/cache:      26191     102113
Swap:            0          0          0
Total:      128304     121567       6737


Linux 2.6.32-754.47.1.el6.x86_64 (dccebrsma07) 	09/10/2022 	_x86_64_	(64 CPU)

09/10/2022 11:11:45 AM
Device:            tps    MB_read/s    MB_wrtn/s    MB_read    MB_wrtn
sda               0.83         0.01         0.05      43357     211850
sdc               0.72         0.01         0.01      36651      53771
sdb               1.33         0.01         0.01      21136      23742
sdd               1.27         0.00         0.00      20289        390
sde               1.14         0.00         0.00      18236        850
sdg               0.81         0.02         0.01      67683      49943
sdf               1.10         0.00         0.01      17022      49443
sdh               1.38         0.01         0.00      22122       3220
sdi               1.00         0.00         0.00      15894       5601
sdj               0.83         0.00         0.00      13071       3568
sdk               0.78         0.01         0.03      40478     135067
sdn               1.06         0.01         0.01      44995      62522
sdl               1.37         0.01         0.00      22007        552
sdm               1.12         0.00         0.01      17419      40216
sdp               1.12         0.02         0.09      81359     363218
sdq               1.10         0.01         0.01      50897      33810
sdo               1.08         0.00         0.00      17327        656
sds               0.06         0.00         0.00       1032          0
sdr               0.06         0.00         0.00       1032          0
sdt               0.06         0.00         0.00       1032          0
sdu               0.89         0.01         0.07      35224     287881
sdv               0.06         0.00         0.00       1032          0
sdw               0.71         0.01         0.01      32531      41637
sdx               0.06         0.00         0.00       1032          0
sdz               0.67         0.01         0.01      49279      62604
sdy               0.06         0.00         0.00       1032          0
sdac              0.72         0.01         0.01      23904      58479
sdab              0.06         0.00         0.00       1032          0
sdaf              0.83         0.03         0.01     133507      49371
sdag              0.89         0.01         0.05      32271     202292
sdad              0.06         0.00         0.00       1032          0
sdae              0.06         0.00         0.00       1032          0
sdai              0.80         0.01         0.03      39337     120619
sdaa              0.06         0.00         0.00       1032          0
sdam              0.61         0.00         0.04      16009     150216
sdar              0.96         0.01         0.07      47976     290245
sdap              0.82         0.02         0.05      76993     199010
sdat              0.71         0.01         0.05      25294     193516
sdah              0.06         0.00         0.00       1021          0
sdaw              0.95         0.01         0.09      23127     381872
sdaj              0.06         0.00         0.00       1021          0
sdak              0.06         0.00         0.00       1021          0
sdal              0.06         0.00         0.00       1021          0
sdba              0.80         0.01         0.06      22232     239841
sday              0.81         0.01         0.01      46239      33766
sdan              0.06         0.00         0.00       1021          0
sdbc              0.69         0.00         0.05      18815     199106
sdao              0.06         0.00         0.00       1021          0
sdaq              0.06         0.00         0.00       1021          0
sdas              0.06         0.00         0.00       1021          0
sdbg              0.63         0.00         0.02      18927      71326
sdau              0.06         0.00         0.00       1021          0
sdav              0.06         0.00         0.00       1021          0
sdbk              0.91         0.01         0.04      29421     179724
sdbm              0.69         0.01         0.03      23710     142387
sdax              0.06         0.00         0.00       1021          0
sdbn              0.76         0.01         0.01      59794      62739
sdbo              0.70         0.00         0.01      20597      50719
sdbp              0.83         0.01         0.05      43343     211793
sdbq              0.72         0.01         0.01      36687      53852
sdbr              0.81         0.02         0.01      67667      49962
sdaz              0.06         0.00         0.00       1022          0
sdbb              0.06         0.00         0.00       1022          0
sdbe              0.06         0.00         0.00       1022          0
sdbt              1.06         0.01         0.01      44967      62575
sdbs              0.78         0.01         0.03      40446     135034
sdbd              0.06         0.00         0.00       1022          0
sdbf              0.06         0.00         0.00       1022          0
sdbu              0.87         0.02         0.05      77098     208389
sdbv              1.12         0.02         0.09      81351     363271
sdbh              0.06         0.00         0.00       1022          0
sdbw              0.97         0.01         0.08      60567     324282
sdbi              0.06         0.00         0.00       1022          0
sdbj              0.06         0.00         0.00       1022          0
sdbx              0.69         0.01         0.01      31523      35839
sdbl              0.06         0.00         0.00       1022          0
sdby              1.10         0.01         0.01      50886      33799
sdbz              0.71         0.01         0.03      33554     128766
sdcc              0.79         0.01         0.03      27687     138864
sdcb              0.71         0.01         0.01      32476      41681
sdcf              0.65         0.00         0.01      19933      35943
sdce              1.04         0.00         0.13      20703     531290
sdcg              0.72         0.01         0.01      23854      58487
sdch              0.71         0.01         0.01      30286      36908
sdcj              0.89         0.01         0.05      32296     202122
sdci              0.83         0.03         0.01     133536      49348
sdcl              0.80         0.01         0.03      39325     120726
sdcd              0.67         0.01         0.01      49349      62598
sdco              0.61         0.00         0.04      16000     150311
sdcq              0.82         0.02         0.05      77012     199134
sdcn              0.80         0.01         0.05      54661     209827
sdcp              0.88         0.00         0.09      20916     366499
sdcm              0.63         0.01         0.02      32412      77939
sdcr              0.96         0.01         0.07      47926     290113
sdcs              0.87         0.01         0.04      40957     174750
sdct              0.71         0.01         0.05      25313     193508
sdcu              0.22         0.00         0.00       3590          0
sdca              0.89         0.01         0.07      35246     287749
sdcv              0.68         0.00         0.02      15052      81952
sdcw              0.95         0.01         0.09      23143     381838
sdck              0.73         0.01         0.01      56927      43781
sdcx              0.79         0.01         0.01      41687      46361
sddb              0.69         0.00         0.05      18796     199147
sdda              0.85         0.00         0.04      20219     156482
sddc              0.27         0.00         0.00       4363          0
sdde              0.63         0.00         0.02      18952      71339
sddd              0.28         0.00         0.00       4393        155
sdcz              0.80         0.01         0.06      22253     239791
sddf              0.67         0.01         0.02      22071      63452
sddg              0.91         0.01         0.04      29458     179705
sdcy              0.81         0.01         0.01      46189      33679
sddh              0.69         0.01         0.03      23725     142306
sddk              0.27         0.00         0.00       4363          0
sddl              0.28         0.00         0.00       4393        154
sddm              0.70         0.00         0.01      20607      50764
sddi              0.81         0.01         0.02      56066     100797
sddp              0.97         0.01         0.08      60556     324169
sddo              0.87         0.02         0.05      77139     208343
sddr              0.69         0.01         0.01      31539      35830
sddn              0.83         0.01         0.03      41383     109111
sdds              0.27         0.00         0.00       4363          0
sddq              0.93         0.01         0.01      32622      38249
sddw              0.79         0.01         0.03      27668     138938
sddv              0.78         0.01         0.02      51282      65836
sddu              0.71         0.01         0.03      33534     128690
sddt              0.66         0.00         0.02      15755      78871
sddz              0.65         0.00         0.01      19960      35944
sdea              0.27         0.00         0.00       4363          0
sdeb              0.27         0.00         0.00       4362          0
sddx              1.04         0.00         0.13      20729     531230
sdef              0.63         0.01         0.02      32396      77971
sddy              0.27         0.00         0.00       4363          0
sddj              0.76         0.01         0.01      59717      62756
sdeh              0.80         0.01         0.05      54658     209821
sdec              0.71         0.01         0.01      30277      36879
sdeq              0.27         0.00         0.00       4362          0
sdeu              0.85         0.00         0.04      20223     156349
sder              0.27         0.00         0.00       4364          0
sdel              0.27         0.00         0.00       4363          0
sded              0.27         0.00         0.00       4363          0
sdey              1.11         0.01         0.02      48877      98272
sdeg              0.27         0.00         0.00       4363          0
sdem              0.87         0.01         0.04      40972     174745
sdfd              0.27         0.00         0.00       4364          0
sdej              0.27         0.00         0.00       4363          0
sdex              0.28         0.00         0.00       4393        156
sdek              0.88         0.00         0.09      20934     366495
sdep              0.68         0.00         0.02      15078      81886
sden              0.22         0.00         0.00       3590          0
sdfa              0.67         0.01         0.02      22062      63441
sdeo              0.27         0.00         0.00       4363          0
sdff              0.28         0.00         0.00       4394        153
sdev              0.27         0.00         0.00       4363          0
sdfc              0.81         0.01         0.02      56086     100874
sdfb              1.38         0.01         0.02      54094      77497
sdew              1.19         0.02         0.04      75976     148960
sdee              0.73         0.01         0.01      56915      43781
sdfg              1.24         0.01         0.02      30303      83192
sdfe              1.03         0.01         0.04      32602     179610
sdfi              0.83         0.01         0.03      41431     109200
sdet              1.23         0.02         0.04      94644     172785
sdfh              1.02         0.01         0.04      28616     163986
sdes              0.79         0.01         0.01      41688      46404
sdei              0.78         0.01         0.04      23158     167213
sdfk              0.93         0.01         0.01      32625      38309
sdfm              1.54         0.01         0.14      54619     586642
sdfj              1.62         0.08         0.03     318411     124980
sdfl              0.27         0.00         0.00       4363          0
sdfp              1.27         0.01         0.07      40629     302129
sdez              1.49         0.06         0.03     241281     112463
sdfs              0.27         0.00         0.00       4363          0
sdfn              0.66         0.00         0.02      15717      78853
sdfq              0.78         0.01         0.02      51280      65869
sdfr              0.99         0.01         0.03      39716     124284
sdfo              1.61         0.04         0.06     178074     231498
sdft              0.27         0.00         0.00       4362          0
sdfw              2.75         0.02         0.06      72685     265482
sdfx              0.27         0.00         0.00       4362          0
sdfy              0.58         0.00         0.00       9328        196
sdfu              1.14         0.02         0.03      64480     124590
sdga              0.53         0.00         0.00       8476       4062
sdfz              0.27         0.00         0.00       4362          0
sdgb              0.78         0.01         0.04      23147     167169
sdfv              0.27         0.00         0.00       4362          0
sdgc              0.75         0.00         0.08       7882     318856
sdgf              0.27         0.00         0.00       4362          0
sdge              0.53         0.00         0.01       8082      29584
sdgd              0.27         0.00         0.00       4363          0
sdgg              1.10         0.00         0.00      17691       5002
sdgj              0.27         0.00         0.00       4362          0
sdgp              1.19         0.02         0.04      75947     148969
sdgn              1.23         0.02         0.04      94698     172806
sdgo              0.59         0.00         0.02       8297      95419
sdgh              0.27         0.00         0.00       4362          0
sdgq              0.86         0.00         0.02      12999      70151
sdgk              0.40         0.00         0.00       6284        536
sdgl              0.27         0.00         0.00       4362          0
sdgv              1.38         0.01         0.02      54063      77595
sdgi              0.40         0.00         0.00       6342        883
sdgs              0.50         0.00         0.00       7892       1009
sdgx              1.03         0.01         0.04      32599     179494
sdgr              1.11         0.01         0.02      48822      98285
sdgz              1.24         0.01         0.02      30278      83147
sdha              0.68         0.00         0.08       6785     343021
sdgt              1.49         0.06         0.03     241243     112436
sdhf              1.54         0.01         0.14      54668     586693
sdgw              0.61         0.00         0.00       9748        189
sdgy              0.53         0.00         0.00       8465       2094
sdhd              1.62         0.08         0.03     318484     124898
sdhe              0.47         0.00         0.00       7528        193
sdhg              1.61         0.04         0.06     177970     231359
sdhb              1.02         0.01         0.04      28606     164027
sdhc              0.55         0.00         0.00       8840        186
sdgm              0.48         0.00         0.00       7585       3608
sdhh              0.42         0.00         0.00       6635       5678
sdhi              1.27         0.01         0.07      40646     302094
sdhk              0.60         0.00         0.00       9599        719
sdhj              0.52         0.00         0.00       8260        182
sdgu              0.59         0.00         0.00       9367        971
sdhl              0.99         0.01         0.03      39746     124218
sdhm              0.63         0.00         0.00      10075        149
sdhq              0.61         0.00         0.00       9712       1763
sdhs              0.70         0.00         0.01      11003      23790
sdhn              1.14         0.02         0.03      64427     124596
sdhu              0.75         0.00         0.08       7882     318804
sdhx              0.40         0.00         0.00       6342        882
sdho              0.39         0.00         0.00       6098        158
sdhp              2.75         0.02         0.06      72650     265387
sdhr              0.58         0.00         0.00       9327        195
sdhw              1.10         0.00         0.00      17692       5024
sdht              0.53         0.00         0.00       8477       4072
sdhv              0.53         0.00         0.01       8082      29574
sdhz              0.48         0.00         0.00       7588       3599
sdhy              0.40         0.00         0.00       6285        534
sdib              0.86         0.00         0.02      12999      70113
sdid              0.59         0.00         0.00       9367        970
sdia              0.59         0.00         0.02       8296      95416
sdie              0.61         0.00         0.00       9748        186
sdig              0.68         0.00         0.08       6786     343043
sdif              0.53         0.00         0.00       8468       2093
sdij              0.42         0.00         0.00       6636       5676
sdil              0.60         0.00         0.00       9600        723
sdik              0.52         0.00         0.00       8259        181
sdic              0.50         0.00         0.00       7892       1004
sdio              0.61         0.00         0.00       9711       1761
sdis              0.61         0.01         0.00      21509         72
sdir              2.94         0.02         0.08      85786     316759
sdin              0.39         0.00         0.00       6096        157
sdip              0.70         0.00         0.01      11004      23810
sdii              0.47         0.00         0.00       7529        195
sdih              0.55         0.00         0.00       8839        187
sdiu              0.06         0.00         0.00       1032          0
sdiv              0.06         0.00         0.00       1032          0
sdix              0.06         0.00         0.00       1032          0
sdiw              0.06         0.00         0.00       1032          0
sdiq             40.96         0.04         0.44     156727    1866137
sdit              0.06         0.00         0.00       1032          0
sdim              0.63         0.00         0.00      10075        150
sdiy              0.06         0.00         0.00       1032          0
sdjb              0.06         0.00         0.00       1032          0
sdjc              0.06         0.00         0.00       1032          0
sdja              0.06         0.00         0.00       1032          0
sdiz              0.06         0.00         0.00       1032          0
sdjd              0.06         0.00         0.00       1032          0
sdje              0.06         0.00         0.00       1032          0
sdjj              0.06         0.00         0.00       1032          0
sdjk              0.06         0.00         0.00       1032          0
sdji              0.06         0.00         0.00       1032          0
sdjh              0.06         0.00         0.00       1032          0
sdjm              0.06         0.00         0.00       1032          0
sdjf              0.06         0.00         0.00       1032          0
sdjl              0.06         0.00         0.00       1032          0
sdjg              0.06         0.00         0.00       1032          0
sdjn              0.06         0.00         0.00       1022          0
sdjo              0.06         0.00         0.00       1022          0
sdjp              0.06         0.00         0.00       1022          0
sdjr              0.06         0.00         0.00       1022          0
sdju              0.06         0.00         0.00       1022          0
sdjq              0.06         0.00         0.00       1022          0
sdjv              0.06         0.00         0.00       1022          0
sdjy              0.06         0.00         0.00       1022          0
sdjz              0.06         0.00         0.00       1022          0
sdjx              0.06         0.00         0.00       1022          0
sdjt              0.06         0.00         0.00       1022          0
sdjw              0.06         0.00         0.00       1021          0
sdka              0.06         0.00         0.00       1021          0
sdkb              0.06         0.00         0.00       1021          0
sdkc              0.06         0.00         0.00       1021          0
sdkg              0.06         0.00         0.00       1021          0
sdke              0.06         0.00         0.00       1021          0
sdkd              0.06         0.00         0.00       1021          0
sdjs              0.06         0.00         0.00       1021          0
sdkf              0.06         0.00         0.00       1021          0
sdkh              0.50         0.00         0.00       8000        175
sdkk              0.27         0.00         0.00       4363          0
sdki              0.27         0.00         0.00       4362          0
sdkm              0.27         0.00         0.00       4362          0
sdkn              0.27         0.00         0.00       4363          0
sdkl              0.50         0.00         0.00       8000        176
sdkj              0.27         0.00         0.00       4362          0
sdkr              0.27         0.00         0.00       4362          0
sdkv              0.27         0.00         0.00       4362          0
sdku              1.17         0.02         0.05      83396     227814
sdky              1.13         0.01         0.04      35993     162652
sdkt              0.27         0.00         0.00       4363          0
sdko              0.27         0.00         0.00       4362          0
sdkw              1.59         0.01         0.01      46052      48381
sdkp              0.27         0.00         0.00       4363          0
sdlb              1.17         0.02         0.05      83308     227826
sdld              1.59         0.01         0.01      46073      48413
sdkx              0.27         0.00         0.00       4362          0
sdkz              0.27         0.00         0.00       4362          0
sdks              0.27         0.00         0.00       4362          0
sdla              1.37         0.03         0.02     132301      81461
sdlf              1.13         0.01         0.04      35959     162452
sdkq              0.27         0.00         0.00       4363          0
sdlj              1.11         0.01         0.03      26657     116116
sdlk              2.16         0.03         0.07     116344     314237
sdli              1.36         0.01         0.11      48528     445986
sdll              1.02         0.01         0.01      22961      45632
sdle              1.02         0.01         0.01      22981      45606
sdlg              1.09         0.01         0.02      34064      80437
sdlm              1.40         0.01         0.03      53911     109275
sdln              1.09         0.01         0.02      34036      80418
sdlo              3.32         0.22         0.04     902119     183874
sdlp              1.36         0.01         0.11      48496     446034
sdlq              0.27         0.00         0.00       4362          0
sdlr              2.16         0.03         0.07     116283     314385
sdlt              1.40         0.01         0.03      53908     109199
sdlu              0.27         0.00         0.00       4362          0
sdls              0.27         0.00         0.00       4363          0
sdlx              0.27         0.00         0.00       4363          0
sdma              0.27         0.00         0.00       4363          0
sdlw              0.27         0.00         0.00       4362          0
sdmb              0.27         0.00         0.00       4363          0
sdly              0.27         0.00         0.00       4362          0
sdlz              0.27         0.00         0.00       4362          0
sdlc              1.11         0.01         0.03      26642     115925
sdlh              1.37         0.03         0.02     132331      81459
sdlv              3.32         0.21         0.04     901642     183988
sdmc              0.27         0.00         0.00       4362          0
sdmd              0.27         0.00         0.00       4363          0
sdme              0.27         0.00         0.00       4363          0
sdmf              0.27         0.00         0.00       4363          0
sdmg              0.27         0.00         0.00       4363          0
sdmh              0.27         0.00         0.00       4362          0
sdmj              0.27         0.00         0.00       4363          0
sdmi              0.27         0.00         0.00       4362          0
sdmk              0.27         0.00         0.00       4362          0
sdml              0.27         0.00         0.00       4362          0
sdmm              0.27         0.00         0.00       4362          0
sdmn              0.27         0.00         0.00       4362          0
sdmo              0.27         0.00         0.00       4362          0
sdmp              0.27         0.00         0.00       4362          0
sdmq              0.34         0.00         0.00       5347       3552
sdms              0.29         0.00         0.00       4543        158
sdmr              0.27         0.00         0.00       4363          0
sdmt              0.27         0.00         0.00       4363          0
sdmu              0.27         0.00         0.00       4363          0
sdmv              0.30         0.00         0.00       4721        247
sdmw              0.33         0.00         0.01       4849      28309
sdmx              0.34         0.00         0.00       5348       3551
sdmy              0.29         0.00         0.00       4545        158
sdmz              0.34         0.00         0.00       5109       3829
sdnb              0.30         0.00         0.00       4719        246
sdnc              0.33         0.00         0.01       4849      28299
sdna              0.30         0.00         0.00       4749        206
sdnd              0.32         0.00         0.00       5034        788
sdne              0.27         0.00         0.00       4363          0
sdng              0.30         0.00         0.00       4749        201
sdnh              0.29         0.00         0.00       4548        158
sdnf              0.34         0.00         0.00       5108       3795
sdni              0.33         0.00         0.00       5248        591
sdnj              0.32         0.00         0.00       5032        790
sdnk              0.27         0.00         0.00       4362          0
sdnl              0.35         0.00         0.00       5316      18421
sdnm              0.33         0.00         0.00       5229       1054
sdnn              0.29         0.00         0.00       4549        157
sdno              0.15         0.00         0.00       2487          0
sdnp              0.33         0.00         0.00       5245        589
sdnq              0.43         0.00         0.00       6788        750
sdnr              0.35         0.00         0.00       5316      18408
sdns              0.92         0.00         0.19       5701     788275
sdnt              0.33         0.00         0.00       5229       1060
sdnu              0.50         0.00         0.00       7992        852
sdnv              0.15         0.00         0.00       2487          0
sdnw              0.33         0.00         0.00       5225       1139
sdnx              0.43         0.00         0.00       6787        746
sdny              0.40         0.00         0.00       6274        754
sdnz              0.92         0.00         0.19       5702     788168
sdoa              0.44         0.00         0.00       6418       1169
sdob              0.50         0.00         0.00       7993        854
sdoc              0.42         0.00         0.00       6466        330
sdod              0.33         0.00         0.00       5225       1130
sdof              0.40         0.00         0.00       6273        760
sdoe              0.48         0.00         0.00       7668        232
sdog              0.34         0.00         0.00       5293        707
sdoh              0.44         0.00         0.00       6416       1162
sdoj              0.42         0.00         0.00       6466        328
sdok              0.66         0.00         0.05       7137     219225
sdol              0.48         0.00         0.00       7667        233
sdoi              0.37         0.00         0.00       5847        728
sdom              0.34         0.00         0.00       5294        711
sdon              0.32         0.00         0.00       5162         98
sdoo              0.32         0.00         0.00       5130         99
sdop              0.37         0.00         0.00       5849        733
sdor              0.66         0.00         0.05       7139     219392
sdos              0.32         0.00         0.00       5103        744
sdot              0.32         0.00         0.00       5161         99
sdou              0.32         0.00         0.00       5102        111
sdoq              1.17         0.00         0.17       8066     710619
sdow              0.46         0.00         0.00       8478        624
sdox              1.17         0.00         0.17       8067     710785
sdoy              0.32         0.00         0.00       5101        731
sdov              0.32         0.00         0.00       5129        100
sdoz              0.32         0.00         0.00       5101        110
sdpa              0.46         0.00         0.00       8464        610
vg00-lv_root    106.47         0.00         0.42       4604    1741661
dccebrsma01_disk10     1.60         0.02         0.10      86256     423643
dccebrsma01_disk11     1.37         0.02         0.03      72894     107624
dccebrsma11_disk4     1.26         0.00         0.01      20104      23742
dccebrsma11_disk3     1.20         0.00         0.00      19256        390
dccebrsma11_disk2     1.07         0.00         0.00      17204        850
dccebrsma01_disk12     1.56         0.03         0.02     134906      99905
dccebrsma11_disk11     1.03         0.00         0.01      15990      49443
dccebrsma11_disk9     1.31         0.01         0.00      21090       3220
dccebrsma11_disk8     0.93         0.00         0.00      14862       5601
dccebrsma11_disk5     0.76         0.00         0.00      12039       3568
dccebrsma01_disk11p1     1.45         0.02         0.03      72427     107624
dccebrsma02_disk6     1.51         0.02         0.06      80480     270102
dccebrsma11_disk4p1     1.25         0.00         0.01      19636      23742
dccebrsma02_disk7     2.04         0.02         0.03      89519     125098
dccebrsma11_disk1     1.30         0.00         0.00      20975        552
dccebrsma11_disk2p1     1.05         0.00         0.00      16736        850
dccebrsma01_disk12p1     1.62         0.03         0.02     134439      99905
dccebrsma11_disk10     1.05         0.00         0.01      16386      40216
dccebrsma11_disk11p1     1.02         0.00         0.01      15522      49443
dccebrsma02_disk8     2.16         0.04         0.17     162267     726490
dccebrsma03_disk6     2.13         0.02         0.02     101339      67609
dccebrsma11_disk9p1     1.29         0.00         0.00      20622       3220
dccebrsma11_disk7     1.02         0.00         0.00      16294        656
dccebrsma11_disk8p1     0.92         0.00         0.00      14395       5601
dccebrsma03_disk7     1.73         0.02         0.14      70027     575631
dccebrsma03_disk8     1.36         0.02         0.02      64564      83318
dccebrsma04_disk5     1.28         0.02         0.03      98184     125202
dccebrsma11_disk5p1     0.74         0.00         0.00      11572       3568
dccebrsma04_disk6     1.38         0.01         0.03      47315     116967
dccebrsma02_disk6p1     1.64         0.02         0.06      80013     270102
dccebrsma04_disk7     1.62         0.06         0.02     266599      98719
dccebrsma05_disk3     1.72         0.02         0.10      64124     404415
dccebrsma11_disk1p1     1.28         0.00         0.00      20507        552
dccebrsma02_disk7p1     2.18         0.02         0.03      89051     125098
dccebrsma11_disk7p1     0.99         0.00         0.00      15827        656
dccebrsma03_disk6p1     2.26         0.02         0.02     100872      67609
dccebrsma03_disk7p1     1.94         0.02         0.14      69559     575631
dccebrsma04_disk5p1     1.35         0.02         0.03      97717     125202
dccebrsma05_disk3p1     1.95         0.02         0.10      63657     404415
dccebrsma05_disk4     1.55         0.02         0.06      78218     241345
dccebrsma05_disk5     1.18         0.01         0.07      31566     300527
dccebrsma03_disk8p1     1.43         0.02         0.02      64097      83318
dccebrsma04_disk6p1     1.46         0.01         0.03      46848     116967
dccebrsma01_disk14     1.86         0.02         0.14      95458     580359
dccebrsma01_disk13     1.59         0.04         0.09     153561     398145
dccebrsma01_disk15     1.37         0.01         0.09      50164     387025
dccebrsma04_disk7p1     1.72         0.06         0.02     266132      98719
dccebrsma01_disk16     1.84         0.01         0.18      45826     763711
dccebrsma02_disk9     1.54         0.01         0.11      44042     479632
dccebrsma01_disk17     1.56         0.02         0.02      91985      67445
dccebrsma02_disk10     1.33         0.01         0.09      37167     398253
dccebrsma02_disk11     1.21         0.01         0.03      37436     142665
dccebrsma02_disk12     1.75         0.01         0.09      58436     359430
dccebrsma02_disk13     1.33         0.01         0.07      46991     284694
dccebrsma03_disk9     1.47         0.03         0.03     119068     125495
dccebrsma03_disk10     1.34         0.01         0.02      40760     101484
dccebrsma03_disk11     1.69         0.04         0.10     153794     416733
dccebrsma03_disk12     1.88         0.03         0.15     120680     648451
dccebrsma01_disk16p1     2.05         0.01         0.18      45359     763711
dccebrsma02_disk9p1     1.68         0.01         0.11      43574     479632
dccebrsma03_disk13     1.33         0.01         0.02      62619      71670
dccebrsma04_disk8     1.37         0.02         0.06      66644     257456
dccebrsma01_disk17p1     1.65         0.02         0.02      91517      67445
dccebrsma04_disk9     1.52         0.01         0.07      54912     277802
dccebrsma02_disk12p1     1.90         0.01         0.09      57968     359430
dccebrsma02_disk10p1     1.44         0.01         0.09      36700     398253
dccebrsma04_disk11     1.24         0.01         0.02      39449      71888
dccebrsma04_disk10     2.01         0.01         0.25      40989    1062520
dccebrsma05_disk4p1     1.73         0.02         0.06      77751     241345
dccebrsma02_disk13p1     1.42         0.01         0.07      46524     284694
dccebrsma03_disk10p1     1.44         0.01         0.02      40293     101484
dccebrsma04_disk12     1.36         0.01         0.02      60119      73787
dccebrsma01_disk13p1     1.71         0.04         0.09     153094     398145
dccebrsma01_disk15p1     1.49         0.01         0.09      49697     387025
dccebrsma05_disk8     1.55         0.03         0.10     108875     419648
dccebrsma05_disk9     1.70         0.01         0.17      41407     732994
dccebrsma03_disk9p1     1.55         0.03         0.03     118601     125495
dccebrsma04_disk8p1     1.47         0.02         0.06      66177     257456
dccebrsma04_disk9p1     1.66         0.01         0.07      54445     277802
dccebrsma04_disk11p1     1.32         0.01         0.02      38982      71888
dccebrsma04_disk10p1     2.25         0.01         0.25      40522    1062520
dccebrsma03_disk13p1     1.39         0.01         0.02      62152      71670
dccebrsma03_disk11p1     1.83         0.04         0.10     153327     416733
dccebrsma05_disk7     1.21         0.02         0.04      64365     155910
dccebrsma05_disk10     1.68         0.02         0.08      81485     349496
dccebrsma04_disk12p1     1.42         0.01         0.02      59652      73787
dccebrsma05_disk8p1     1.68         0.03         0.10     108408     419648
dccebrsma01_disk18     0.44         0.00         0.00       7179          0
dccebrsma01_disk19     1.29         0.01         0.04      29687     163839
dccebrsma05_disk6     1.40         0.03         0.02     113399      87562
dccebrsma01_disk20     1.51         0.02         0.02      82932      92765
dccebrsma01_disk21     1.62         0.01         0.07      39999     312832
dccebrsma01_disk22     0.50         0.00         0.00       8282          0
dccebrsma01_disk23     0.53         0.00         0.00       8342        312
dccebrsma02_disk14     1.28         0.01         0.03      43689     126894
dccebrsma02_disk16     0.50         0.00         0.00       8283          0
dccebrsma02_disk17     0.53         0.00         0.00       8343        308
dccebrsma02_disk15     1.55         0.03         0.05     111708     201672
dccebrsma03_disk14     1.60         0.02         0.05      82371     218311
dccebrsma03_disk16     0.50         0.00         0.00       8282          0
dccebrsma03_disk15     1.79         0.02         0.02      64804      76558
dccebrsma04_disk14     1.51         0.02         0.03     102119     131706
dccebrsma04_disk13     1.26         0.01         0.04      31028     157724
dccebrsma04_disk16     0.50         0.00         0.00       8281          0
dccebrsma04_disk17     0.50         0.00         0.00       8281          0
dccebrsma04_disk15     0.50         0.00         0.00       8282          0
dccebrsma05_disk15     0.50         0.00         0.00       8281          0
dccebrsma05_disk16     0.50         0.00         0.00       8282          0
dccebrsma05_disk13     0.50         0.00         0.00       8282          0
dccebrsma04_disk18     0.50         0.00         0.00       8282          0
dccebrsma06_disk3     2.14         0.02         0.05      97255     196558
dccebrsma04_disk19     0.50         0.00         0.00       8282          0
dccebrsma05_disk12     0.50         0.00         0.00       8282          0
dccebrsma05_disk14     0.50         0.00         0.00       8281          0
dccebrsma06_disk5     2.69         0.03         0.04     107713     155093
dccebrsma06_disk2     2.30         0.04         0.07     151480     297929
dccebrsma01_disk21p1     1.79         0.01         0.07      39531     312832
dccebrsma06_disk7     2.39         0.01         0.04      60137     166339
dccebrsma01_disk22p1     0.48         0.00         0.00       7814          0
dccebrsma05_disk6p1     1.47         0.03         0.02     112931      87562
dccebrsma06_disk6     1.98         0.02         0.09      64757     359104
dccebrsma06_disk1     2.38         0.05         0.08     188899     345592
ddccebrsma06_disk8     1.97         0.01         0.08      56779     328013
dccebrsma05_disk11     1.49         0.01         0.08      45862     334382
dccebrsma07_disk2     3.00         0.03         0.28     108843    1173335
dccebrsma07_disk1     3.17         0.15         0.06     636452     249879
dccebrsma02_disk14p1     1.35         0.01         0.03      43222     126894
dccebrsma02_disk16p1     0.48         0.00         0.00       7816          0
dccebrsma02_disk17p1     0.51         0.00         0.00       7876        308
dccebrsma07_disk4     2.45         0.02         0.14      80831     604224
dccebrsma03_disk15p1     1.88         0.02         0.02      64336      76558
dccebrsma06_disk4     2.90         0.11         0.05     482081     224899
dccebrsma05_disk15p1     0.48         0.00         0.00       7814          0
dccebrsma04_disk19p1     0.48         0.00         0.00       7814          0
dccebrsma05_disk16p1     0.48         0.00         0.00       7815          0
dccebrsma07_disk5     1.89         0.02         0.06      79019     248503
dccebrsma05_disk13p1     0.48         0.00         0.00       7814          0
dccebrsma05_disk12p1     0.48         0.00         0.00       7815          0
dccebrsma05_disk14p1     0.48         0.00         0.00       7814          0
dccebrsma07_disk3     3.12         0.08         0.11     355600     462858
dccebrsma06_disk2p1     2.45         0.04         0.07     151012     297929
dccebrsma07_disk7     5.41         0.03         0.13     144892     530869
dccebrsma06_disk7p1     2.58         0.01         0.04      59670     166339
dccebrsma06_disk1p1     2.60         0.04         0.08     188432     345592
ddccebrsma06_disk8p1     2.13         0.01         0.08      56311     328013
dccebrsma07_disk2p1     3.47         0.03         0.28     108376    1173335
dccebrsma08_disk1     1.13         0.00         0.00      18212        392
dccebrsma06_disk6p1     2.20         0.02         0.09      64290     359104
dccebrsma05_disk11p1     1.63         0.01         0.08      45394     334382
dccebrsma07_disk1p1     3.35         0.15         0.06     635985     249879
dccebrsma07_disk4p1     2.74         0.02         0.14      80364     604224
dccebrsma06_disk4p1     3.08         0.11         0.05     481614     224899
dccebrsma07_disk7p1     5.76         0.03         0.13     144424     530869
dccebrsma01_disk10p1     1.74         0.02         0.10      85789     423643
dccebrsma11_disk3p1     1.17         0.00         0.00      18789        390
dccebrsma08_disk1p1     1.11         0.00         0.00      17744        392
dccebrsma02_disk8p1     2.42         0.04         0.17     161800     726490
dccebrsma07_disk6     2.20         0.03         0.06     128464     249187
dccebrsma08_disk2     1.04         0.00         0.00      16509       8134
dccebrsma08_disk3     1.45         0.00         0.15      15320     637660
dccebrsma08_disk4     1.02         0.00         0.01      15721      59159
dccebrsma08_disk5     2.16         0.01         0.00      34939      10027
dccebrsma08_disk3p1     1.64         0.00         0.15      14853     637660
dccebrsma07_disk6p1     2.42         0.03         0.06     127997     249187
dccebrsma05_disk5p1     1.29         0.01         0.07      31098     300527
dccebrsma08_disk4p1     1.01         0.00         0.01      15254      59159
dccebrsma01_disk14p1     2.05         0.02         0.14      94991     580359
dccebrsma08_disk2p1     1.02         0.00         0.00      16042       8134
dccebrsma03_disk12p1     2.09         0.03         0.15     120213     648451
dccebrsma02_disk11p1     1.28         0.01         0.03      36969     142665
dccebrsma05_disk9p1     1.85         0.01         0.17      40939     732994
dccebrsma05_disk7p1     1.26         0.02         0.04      63897     155910
dccebrsma01_disk19p1     1.38         0.01         0.04      29219     163839
dccebrsma01_disk20p1     1.61         0.02         0.02      82464      92765
dccebrsma11_disk10p1     1.04         0.00         0.01      15919      40216
dccebrsma04_disk14p1     1.61         0.02         0.03     101652     131706
dccebrsma03_disk16p1     0.48         0.00         0.00       7815          0
dccebrsma04_disk16p1     0.48         0.00         0.00       7814          0
dccebrsma04_disk18p1     0.48         0.00         0.00       7814          0
dccebrsma04_disk13p1     1.35         0.01         0.04      30561     157724
dccebrsma06_disk5p1     2.90         0.03         0.04     107246     155093
dccebrsma06_disk3p1     2.32         0.02         0.05      96787     196558
dccebrsma07_disk3p1     3.40         0.08         0.11     355133     462858
dccebrsma09_disk1     1.14         0.00         0.05      16150     190835
dccebrsma09_disk2     1.68         0.01         0.03      25554     140264
dccebrsma08_disk7     0.76         0.00         0.00      12125       1070
dccebrsma08_disk6     0.77         0.00         0.00      12241       1766
dccebrsma09_disk3     0.96         0.00         0.00      15340       2013
dccebrsma09_disk1p1     1.17         0.00         0.05      15683     190835
dccebrsma09_disk2p1     1.70         0.01         0.03      25087     140264
dccebrsma08_disk6p1     0.75         0.00         0.00      11774       1766
dccebrsma09_disk3p1     0.94         0.00         0.00      14873       2013
dccebrsma08_disk7p1     0.74         0.00         0.00      11658       1070
dccebrsma08_disk5p1     2.14         0.01         0.00      34472      10027
dccebrsma05_disk10p1     1.83         0.02         0.08      81018     349496
dccebrsma01_disk23p1     0.51         0.00         0.00       7875        312
dccebrsma04_disk17p1     0.48         0.00         0.00       7814          0
dccebrsma02_disk15p1     1.66         0.03         0.05     111240     201672
dccebrsma04_disk15p1     0.48         0.00         0.00       7815          0
dccebrsma03_disk14p1     1.72         0.02         0.05      81904     218311
dccebrsma07_disk5p1     2.04         0.02         0.06      78552     248503
dccebrsma09_disk7     1.32         0.00         0.16      13127     686064
dccebrsma09_disk7p1     1.48         0.00         0.16      12660     686064
dccebrsma09_disk5     1.18         0.00         0.00      19053        376
dccebrsma09_disk6     1.03         0.00         0.00      16490       4188
dccebrsma10_disk1     0.91         0.00         0.00      14614        388
dccebrsma09_disk8     1.07         0.00         0.00      17236        373
dccebrsma08_disk8     0.92         0.00         0.00      14729       7208
dccebrsma10_disk2     0.81         0.00         0.00      12827      11354
dccebrsma10_disk4     1.17         0.00         0.00      18756       1443
dccebrsma10_disk3     1.00         0.00         0.00      16075        363
dccebrsma09_disk4     1.14         0.00         0.00      18290       1941
dccebrsma10_disk5     1.22         0.00         0.00      19707        300
dccebrsma10_disk7     1.18         0.00         0.00      18979       3524
dccebrsma10_disk8     1.37         0.01         0.01      21563      47600
dccebrsma10_disk6     0.74         0.00         0.00      11751        315
mpathd            0.54         0.00         0.00      20461         72
dccebrsma09_disk5p1     1.16         0.00         0.00      18586        376
mpathc            2.87         0.02         0.08      84743     316759
dccebrsma10_disk1p1     0.89         0.00         0.00      14147        388
dccebrsma09_disk8p1     1.05         0.00         0.00      16769        373
dccebrsma08_disk8p1     0.91         0.00         0.00      14262       7208
dccebrsma10_disk9     0.97         0.00         0.00      15556        351
dccebrsma10_disk12     0.50         0.00         0.00       8282          0
dccebrsma10_disk10     0.50         0.00         0.00       8282          0
dccebrsma10_disk13     0.50         0.00         0.00       8281          0
dccebrsma10_disk11     0.50         0.00         0.00       8281          0
dccebrsma10_disk14     0.50         0.00         0.00       8281          0
dccebrsma11_disk12     2.25         0.04         0.11     166260     455640
dccebrsma09_disk4p1     1.12         0.00         0.00      17823       1941
dccebrsma10_disk8p1     1.37         0.01         0.01      21096      47600
dccebrsma10_disk7p1     1.16         0.00         0.00      18512       3524
dccebrsma11_disk14     2.19         0.02         0.08      71508     325105
dccebrsma11_disk13     3.12         0.02         0.02      91682      96794
mpathcp1         20.46         0.02         0.08      84276     316759
dccebrsma10_disk9p1     0.95         0.00         0.00      15089        351
dccebrsma10_disk11p1     0.48         0.00         0.00       7814          0
dccebrsma11_disk14p1     2.41         0.02         0.08      71041     325105
dccebrsma11_disk12p1     2.46         0.04         0.11     165792     455640
dccebrsma10_disk12p1     0.48         0.00         0.00       7814          0
dccebrsma10_disk15     0.50         0.00         0.00       8281          0
dccebrsma10_disk10p1     0.48         0.00         0.00       7814          0
dccebrsma10_disk13p1     0.48         0.00         0.00       7814          0
dccebrsma10_disk15p1     0.48         0.00         0.00       7814          0
dccebrsma10_disk14p1     0.48         0.00         0.00       7814          0
dccebrsma11_disk13p1     3.24         0.02         0.02      91214      96794
dccebrsma10_disk16     0.50         0.00         0.00       8281          0
dccebrsma11_disk15     2.65         0.06         0.04     264188     162920
dccebrsma11_disk16     2.13         0.01         0.06      52856     232041
dccebrsma12_disk1     4.19         0.06         0.15     232184     628623
dccebrsma11_disk19     2.63         0.02         0.21      96581     892021
dccebrsma11_disk17     1.94         0.01         0.02      45499      91239
dccebrsma11_disk18     2.10         0.02         0.04      67657     160855
dccebrsma12_disk2     2.69         0.03         0.05     107375     218475
dccebrsma10_disk16p1     0.48         0.00         0.00       7814          0
dccebrsma12_disk3     6.56         0.43         0.09    1803318     367863
dccebrsma12_disk4     0.50         0.00         0.00       8281          0
dccebrsma12_disk6     0.50         0.00         0.00       8281          0
dccebrsma12_disk5     0.50         0.00         0.00       8282          0
dccebrsma13_disk1     0.50         0.00         0.00       8282          0
dccebrsma12_disk7     0.50         0.00         0.00       8281          0
dccebrsma12_disk8     0.50         0.00         0.00       8282          0
dccebrsma13_disk2     0.50         0.00         0.00       8282          0
dccebrsma13_disk3     0.50         0.00         0.00       8282          0
dccebrsma12_disk1p1     4.61         0.06         0.15     231716     628623
dccebrsma13_disk4     0.50         0.00         0.00       8282          0
dccebrsma11_disk19p1     3.04         0.02         0.21      96113     892021
dccebrsma13_disk5     0.50         0.00         0.00       8281          0
dccebrsma11_disk15p1     2.86         0.06         0.04     263721     162920
dccebrsma13_disk6     0.50         0.00         0.00       8281          0
dccebrsma11_disk18p1     2.25         0.02         0.04      67189     160855
dccebrsma12_disk3p1     6.82         0.43         0.09    1802850     367863
dccebrsma12_disk2p1     2.96         0.03         0.05     106907     218475
dccebrsma13_disk7     0.50         0.00         0.00       8282          0
dccebrsma11_disk16p1     2.33         0.01         0.06      52388     232041
dccebrsma13_disk8     0.50         0.00         0.00       8281          0
dccebrsma12_disk5p1     0.48         0.00         0.00       7814          0
dccebrsma13_disk1p1     0.48         0.00         0.00       7814          0
dccebrsma11_disk17p1     2.13         0.01         0.02      45031      91239
dccebrsma11_disk21     0.65         0.00         0.00      10251       7104
dccebrsma11_disk20     0.55         0.00         0.00       8644        317
dccebrsma12_disk8p1     0.48         0.00         0.00       7814          0
dccebrsma12_disk7p1     0.48         0.00         0.00       7814          0
dccebrsma12_disk9     0.57         0.00         0.00       8996        494
dccebrsma12_disk6p1     0.48         0.00         0.00       7814          0
dccebrsma13_disk2p1     0.48         0.00         0.00       7814          0
dccebrsma12_disk10     0.63         0.00         0.01       9254      56608
dccebrsma12_disk11     0.64         0.00         0.00       9773       7624
dccebrsma12_disk12     0.57         0.00         0.00       9054        408
dccebrsma12_disk13     0.61         0.00         0.00       9623       1579
dccebrsma12_disk14     0.50         0.00         0.00       8282          0
dccebrsma12_disk15     0.55         0.00         0.00       8654        315
dccebrsma13_disk3p1     0.48         0.00         0.00       7814          0
dccebrsma13_disk5p1     0.48         0.00         0.00       7814          0
dccebrsma12_disk16     0.63         0.00         0.00      10049       1180
dccebrsma13_disk7p1     0.48         0.00         0.00       7814          0
dccebrsma11_disk20p1     0.52         0.00         0.00       8176        317
dccebrsma12_disk9p1     0.55         0.00         0.00       8529        494
dccebrsma12_disk13p1     0.59         0.00         0.00       9155       1579
dccebrsma12_disk16p1     0.61         0.00         0.00       9582       1180
dccebrsma10_disk2p1     0.80         0.00         0.00      12360      11354
dccebrsma09_disk6p1     1.01         0.00         0.00      16023       4188
dccebrsma12_disk17     0.67         0.00         0.01      10189      36829
dccebrsma11_disk21p1     0.63         0.00         0.00       9783       7104
dccebrsma12_disk18     0.63         0.00         0.00      10014       2115
vmax_dccebrsma09_disk19     0.30         0.00         0.00       4972          0
dccebrsma10_disk4p1     1.14         0.00         0.00      18289       1443
dccebrsma12_disk18p1     0.61         0.00         0.00       9547       2115
dccebrsma13_disk8p1     0.48         0.00         0.00       7814          0
dccebrsma13_disk6p1     0.48         0.00         0.00       7814          0
dccebrsma12_disk11p1     0.63         0.00         0.00       9306       7624
dccebrsma12_disk10p1     0.64         0.00         0.01       8787      56608
dccebrsma12_disk12p1     0.55         0.00         0.00       8586        408
dccebrsma12_disk14p1     0.48         0.00         0.00       7814          0
dccebrsma12_disk15p1     0.52         0.00         0.00       8187        315
dccebrsma10_disk3p1     0.98         0.00         0.00      15608        363
dccebrsma12_disk17p1     0.67         0.00         0.01       9721      36829
dccebrsma06_disk15     0.83         0.00         0.00      13131       1496
mpathdp1          1.36         0.00         0.00      19995         72
dccebrsma06_disk11     1.79         0.00         0.38      10959    1576443
dccebrsma06_disk9     0.97         0.00         0.00      15541       1706
dccebrsma10_disk6p1     0.71         0.00         0.00      11283        315
dccebrsma10_disk5p1     1.20         0.00         0.00      19240        300
dccebrsma06_disk15p1     0.87         0.00         0.00      12664       1496
dccebrsma06_disk14     0.63         0.00         0.00      10007       2269
dccebrsma06_disk11p1     2.14         0.00         0.38      10492    1576443
dccebrsma06_disk9p1     0.95         0.00         0.00      15074       1706
dccebrsma06_disk10     0.76         0.00         0.00      12103       1514
dccebrsma13_disk14     0.83         0.00         0.00      12390       2332
dccebrsma13_disk15     0.80         0.00         0.00      12488        658
dccebrsma13_disk16     0.93         0.00         0.00      14891        465
dccebrsma13_disk17     0.64         0.00         0.00      10143       1418
vmax_dccebrsma09_disk17     1.26         0.00         0.10      13832     438617
dccebrsma13_disk18     0.71         0.00         0.00      11252       1461
vsp_g700_dccebrsma09_disk9     0.62         0.00         0.00       9880        197
vsp_g700_dccebrsma09_disk10     0.61         0.00         0.00       9816        200
vsp_g700_dccebrsma09_disk12     0.61         0.00         0.00       9760       1475
vsp_g700_dccebrsma09_disk13     0.61         0.00         0.00       9760        222
dccebrsma06_disk10p1     0.74         0.00         0.00      11635       1514
dccebrsma13_disk17p1     0.62         0.00         0.00       9676       1418
dccebrsma13_disk18p1     0.70         0.00         0.00      10785       1461
vsp_g700_dccebrsma09_disk12p1     0.58         0.00         0.00       9293       1475
dccebrsma13_disk16p1     0.91         0.00         0.00      14423        465
vmax_dccebrsma09_disk17p1     1.54         0.00         0.10      13365     438617
vsp_g700_dccebrsma09_disk11     2.24         0.00         0.34      15689    1421405
vsp_g700_dccebrsma07_disk9     0.90         0.00         0.00      16499       1234
vsp_g700_dccebrsma09_disk11p1     2.85         0.00         0.34      15222    1421405
vsp_g700_dccebrsma07_disk9p1     0.90         0.00         0.00      16031       1234
dccebrsma13_disk4p1     0.48         0.00         0.00       7814          0
dccebrsma12_disk4p1     0.48         0.00         0.00       7814          0
dccebrsma06_disk14p1     0.62         0.00         0.00       9539       2269
dccebrsma13_disk15p1     0.78         0.00         0.00      12021        658
dccebrsma13_disk14p1     0.84         0.00         0.00      11922       2332
vsp_g700_dccebrsma09_disk10p1     0.59         0.00         0.00       9348        200
vsp_g700_dccebrsma09_disk9p1     0.59         0.00         0.00       9413        197
vsp_g700_dccebrsma09_disk13p1     0.58         0.00         0.00       9293        222
vg01-lv_indexcache    18.64         0.02         0.07      67569     295794
vg01-lv_simpana     1.54         0.00         0.00      15266      20965
vg00-lv_varlogaudit     0.18         0.00         0.00       2713        323
vg00-lv_tmp       0.86         0.00         0.00       2668      11394
vg00-lv_var       3.68         0.02         0.01      92512      52332
vg00-lv_home      0.46         0.00         0.00       2659       4828
vg00-lv_opt       0.50         0.00         0.00       8186       4019
vg00-lv_varlog     2.93         0.00         0.01       7915      43647
vg00-lv_usr       1.01         0.00         0.00      18920       7887
vg02-lv_gddb      0.17         0.00         0.00       4208         50
clusvg10_16-lv10_16     0.20         0.00         0.00       3203          0
clusvg10_15-lv10_15     0.20         0.00         0.00       3203          0
clusvg11_12-lv11_12     2.13         0.04         0.11     161182     455640
clusvg11_13-lv11_13     2.92         0.02         0.02      86604      96794
clusvg10_14-lv10_14     0.20         0.00         0.00       3203          0
clusvg11_14-lv11_14     2.07         0.02         0.08      66430     325105
clusvg10_11-lv10_11     0.20         0.00         0.00       3203          0
clusvg10_13-lv10_13     0.20         0.00         0.00       3203          0
clusvg10_10-lv10_10     0.20         0.00         0.00       3204          0
clusvg10_12-lv10_12     0.20         0.00         0.00       3204          0
clusvg10_9-lv10_9     0.66         0.00         0.00      10478        351
clusvg10_7-lv10_7     0.87         0.00         0.00      13902       3524
clusvg10_8-lv10_8     1.08         0.00         0.01      16485      47600
clusvg9_4-lv9_4     0.83         0.00         0.00      13213       1941
clusvg9_8-lv9_8     0.76         0.00         0.00      12158        373
clusvg8_8-lv8_8     0.63         0.00         0.00       9652       7208
clusvg10_1-lv10_1     0.60         0.00         0.00       9536        388
clusvg9_5-lv9_5     0.87         0.00         0.00      13975        376
clusvg9_7-lv9_7     1.17         0.00         0.16       8049     686064
clusvg8_7-lv8_7     0.46         0.00         0.00       7047       1070
clusvg9_3-lv9_3     0.65         0.00         0.00      10262       2013
clusvg8_6-lv8_6     0.46         0.00         0.00       7163       1766
clusvg9_2-lv9_2     1.40         0.00         0.03      20476     140264
clusvg9_1-lv9_1     0.88         0.00         0.05      11072     190835
clusvg7_3-lv7_3     3.05         0.08         0.11     350522     462858
clusvg7_5-lv7_5     1.70         0.02         0.06      73941     248503
clusvg6_3-lv6_3     1.99         0.02         0.05      92177     196558
clusvg6_5-lv6_5     2.57         0.02         0.04     102636     155093
clusvg4_13-lv4_13     1.04         0.01         0.04      25950     157724
clusvg4_18-lv4_18     0.20         0.00         0.00       3204          0
clusvg4_16-lv4_16     0.20         0.00         0.00       3204          0
clusvg4_15-lv4_15     0.20         0.00         0.00       3204          0
clusvg3_14-lv3_14     1.40         0.02         0.05      77293     218311
clusvg4_17-lv4_17     0.20         0.00         0.00       3203          0
clusvg3_16-lv3_16     0.20         0.00         0.00       3204          0
clusvg2_15-lv2_15     1.35         0.03         0.05     106630     201672
clusvg4_14-lv4_14     1.29         0.02         0.03      97041     131706
clusvg1_20-lv1_20     1.29         0.02         0.02      77854      92765
clusvg1_23-lv1_23     0.22         0.00         0.00       3264        312
clusvg1_19-lv1_19     1.06         0.01         0.04      24609     163839
clusvg5_7-lv5_7     0.96         0.01         0.04      59287     155910
clusvg5_10-lv5_10     1.51         0.02         0.08      76407     349496
clusvg5_9-lv5_9     1.55         0.01         0.17      36329     732994
clusvg8_5-lv8_5     1.85         0.01         0.00      29862      10027
clusvg2_11-lv2_11     0.97         0.01         0.03      32358     142665
clusvg3_12-lv3_12     1.77         0.03         0.15     115602     648451
clusvg8_2-lv8_2     0.73         0.00         0.00      11432       8134
clusvg1_14-lv1_14     1.73         0.02         0.14      90380     580359
clusvg8_4-lv8_4     0.72         0.00         0.01      10643      59159
clusvg5_5-lv5_5     0.98         0.01         0.07      26488     300527
clusvg7_6-lv7_6     2.08         0.03         0.06     123386     249187
clusvg8_3-lv8_3     1.33         0.00         0.15      10243     637660
clusvg2_8-lv2_8     2.09         0.04         0.17     157189     726490
clusvg11_10-lv11_10     0.75         0.00         0.01      11308      40216
clusvg8_1-lv8_1     0.82         0.00         0.00      13134        392
clusvg11_3-lv11_3     0.89         0.00         0.00      14178        390
clusvg1_10-lv1_10     1.43         0.02         0.10      81178     423643
clusvg7_7-lv7_7     5.41         0.03         0.13     139814     530869
clusvg6_4-lv6_4     2.75         0.11         0.05     477003     224899
clusvg7_4-lv7_4     2.39         0.02         0.14      75754     604224
clusvg7_2-lv7_2     3.12         0.02         0.28     103765    1173335
clusvg7_1-lv7_1     3.02         0.15         0.06     631374     249879
clusvg5_11-lv5_11     1.31         0.01         0.08      40784     334382
clusvg6_8-lv6_8     1.80         0.01         0.08      51701     328013
clusvg6_1-lv6_1     2.26         0.04         0.08     183821     345592
clusvg6_7-lv6_7     2.23         0.01         0.04      55059     166339
clusvg6_6-lv6_6     1.86         0.01         0.09      59679     359104
clusvg6_2-lv6_2     2.12         0.03         0.07     146402     297929
clusvg5_14-lv5_14     0.20         0.00         0.00       3204          0
clusvg5_12-lv5_12     0.20         0.00         0.00       3204          0
clusvg5_13-lv5_13     0.20         0.00         0.00       3204          0
clusvg5_16-lv5_16     0.20         0.00         0.00       3204          0
clusvg4_19-lv4_19     0.20         0.00         0.00       3204          0
clusvg5_15-lv5_15     0.20         0.00         0.00       3203          0
clusvg3_15-lv3_15     1.56         0.01         0.02      59726      76558
clusvg2_17-lv2_17     0.22         0.00         0.00       3265        308
clusvg2_16-lv2_16     0.20         0.00         0.00       3205          0
clusvg2_14-lv2_14     1.04         0.01         0.03      38612     126894
clusvg5_6-lv5_6     1.16         0.03         0.02     108321      87562
clusvg1_22-lv1_22     0.20         0.00         0.00       3204          0
clusvg1_21-lv1_21     1.47         0.01         0.07      34921     312832
clusvg9_13-lv9_13     0.30         0.00         0.00       4682        222
clusvg9_9-lv9_9     0.30         0.00         0.00       4802        197
clusvg9_10-lv9_10     0.30         0.00         0.00       4738        200
clusvg13_14-lv13_14     0.54         0.00         0.00       7312       2332
clusvg13_15-lv13_15     0.49         0.00         0.00       7410        658
clusvg06_14-lv06_14     0.33         0.00         0.00       4929       2269
clusvg13_4-lv13_4     0.20         0.00         0.00       3204          0
clusvg12_4-lv12_4     0.20         0.00         0.00       3203          0
clusvg7_9-lv7_9     0.62         0.00         0.00      11421       1234
clusvg9_11-lv9_11     2.50         0.00         0.34      10611    1421405
clusvg9_12-lv9_12     0.30         0.00         0.00       4682       1475
clusvg13_18-lv13_18     0.41         0.00         0.00       6174       1461
clusvg06_12-lv06_12     1.24         0.00         0.10       8754     438617
clusvg5_8-lv5_8     1.37         0.02         0.10     103797     419648
clusvg4_12-lv4_12     1.11         0.01         0.02      55041      73787
clusvg13_17-lv13_17     0.33         0.00         0.00       5065       1418
clusvg06_10-lv06_10     0.45         0.00         0.00       7025       1514
clusvg4_10-lv4_10     1.93         0.01         0.25      35911    1062520
clusvg13_16-lv13_16     0.62         0.00         0.00       9813        465
clusvg4_11-lv4_11     1.01         0.01         0.02      34372      71888
clusvg4_9-lv4_9     1.34         0.01         0.07      49834     277802
clusvg4_8-lv4_8     1.16         0.01         0.06      61566     257456
clusvg3_11-lv3_11     1.52         0.04         0.10     148716     416733
clusvg3_13-lv3_13     1.08         0.01         0.02      57541      71670
clusvg3_9-lv3_9     1.24         0.03         0.03     113990     125495
clusvg1_15-lv1_15     1.19         0.01         0.09      45086     387025
clusvg1_13-lv1_13     1.40         0.04         0.09     148483     398145
clusvg06_11-lv06_11     1.83         0.00         0.38       5881    1576443
clusvg3_10-lv3_10     1.13         0.01         0.02      35682     101484
clusvg06_15-lv06_15     0.58         0.00         0.00       8053       1496
clusvg2_13-lv2_13     1.11         0.01         0.07      41913     284694
clusvg06_09-lv06_09     0.66         0.00         0.00      10463       1706
clusvg5_4-lv5_4     1.42         0.02         0.06      73141     241345
clusvg2_10-lv2_10     1.13         0.01         0.09      32090     398253
clusvg12_18-lv12_18     0.32         0.00         0.00       4936       2115
clusvg2_12-lv2_12     1.58         0.01         0.09      53358     359430
clusvg10_4-lv10_4     0.86         0.00         0.00      13678       1443
clusvg10_6-lv10_6     0.43         0.00         0.00       6673        315
clusvg1_17-lv1_17     1.33         0.02         0.02      86907      67445
clusvg10_5-lv10_5     0.91         0.00         0.00      14630        300
clusvg2_9-lv2_9     1.37         0.01         0.11      38964     479632
clusvg12_17-lv12_17     0.38         0.00         0.01       5111      36829
clusvg1_16-lv1_16     1.73         0.01         0.18      40749     763711
clusvg9_6-lv9_6     0.72         0.00         0.00      11412       4188
clusvg10_2-lv10_2     0.51         0.00         0.00       7750      11354
clusvg10_3-lv10_3     0.69         0.00         0.00      10997        363
clusvg12_16-lv12_16     0.32         0.00         0.00       4971       1180
clusvg12_15-lv12_15     0.24         0.00         0.00       3576        315
clusvg12_13-lv12_13     0.30         0.00         0.00       4545       1579
clusvg12_14-lv12_14     0.20         0.00         0.00       3203          0
clusvg12_11-lv12_11     0.33         0.00         0.00       4695       7624
clusvg12_10-lv12_10     0.35         0.00         0.01       4176      56608
clusvg12_12-lv12_12     0.26         0.00         0.00       3976        408
clusvg11_20-lv11_20     0.24         0.00         0.00       3566        317
clusvg12_9-lv12_9     0.26         0.00         0.00       3918        494
clusvg11_21-lv11_21     0.34         0.00         0.00       5173       7104
clusvg5_3-lv5_3     1.62         0.01         0.10      59046     404415
clusvg13_8-lv13_8     0.20         0.00         0.00       3203          0
clusvg4_7-lv4_7     1.42         0.06         0.02     261521      98719
clusvg13_7-lv13_7     0.20         0.00         0.00       3204          0
clusvg4_6-lv4_6     1.15         0.01         0.03      42237     116967
clusvg13_6-lv13_6     0.20         0.00         0.00       3203          0
clusvg4_5-lv4_5     1.04         0.02         0.03      93106     125202
clusvg3_8-lv3_8     1.12         0.01         0.02      59486      83318
clusvg13_5-lv13_5     0.20         0.00         0.00       3203          0
clusvg3_7-lv3_7     1.63         0.02         0.14      64949     575631
clusvg13_3-lv13_3     0.20         0.00         0.00       3204          0
clusvg3_6-lv3_6     1.93         0.02         0.02      96261      67609
clusvg11_7-lv11_7     0.70         0.00         0.00      11216        656
clusvg2_7-lv2_7     1.85         0.02         0.03      84441     125098
clusvg11_1-lv11_1     0.99         0.00         0.00      15896        552
clusvg13_2-lv13_2     0.20         0.00         0.00       3203          0
clusvg12_6-lv12_6     0.20         0.00         0.00       3203          0
clusvg2_6-lv2_6     1.33         0.02         0.06      75402     270102
clusvg11_5-lv11_5     0.45         0.00         0.00       6961       3568
clusvg12_7-lv12_7     0.20         0.00         0.00       3203          0
clusvg12_8-lv12_8     0.20         0.00         0.00       3203          0
clusvg11_8-lv11_8     0.63         0.00         0.00       9784       5601
clusvg11_17-lv11_17     1.79         0.01         0.02      40421      91239
clusvg13_1-lv13_1     0.20         0.00         0.00       3204          0
clusvg11_9-lv11_9     1.00         0.00         0.00      16011       3220
clusvg12_5-lv12_5     0.20         0.00         0.00       3204          0
clusvg11_16-lv11_16     1.98         0.01         0.06      47778     232041
clusvg11_11-lv11_11     0.73         0.00         0.01      10911      49443
clusvg12_2-lv12_2     2.60         0.02         0.05     102297     218475
clusvg1_12-lv1_12     1.31         0.03         0.02     129828      99905
clusvg12_3-lv12_3     6.48         0.43         0.09    1798240     367863
clusvg11_2-lv11_2     0.76         0.00         0.00      12125        850
clusvg11_18-lv11_18     1.92         0.01         0.04      62579     160855
clusvg11_15-lv11_15     2.52         0.06         0.04     259110     162920
clusvg11_4-lv11_4     0.96         0.00         0.01      15025      23742
clusvg11_19-lv11_19     2.69         0.02         0.21      91503     892021
clusvg1_11-lv1_11     1.14         0.02         0.03      67817     107624
clusvg12_1-lv12_1     4.23         0.05         0.15     227331     628623

Filesystem:               rMB_nor/s    wMB_nor/s    rMB_dir/s    wMB_dir/s    rMB_svr/s    wMB_svr/s     ops/s    rops/s    wops/s



Filesystem            Size  Used Avail Use% Mounted on
/dev/mapper/vg00-lv_root
                      2.0G  578M  1.3G  32% /
tmpfs                  63G  1.1G   62G   2% /dev/shm
/dev/sdiq1            488M  111M  352M  24% /boot
/dev/mapper/vg00-lv_home
                      4.9G 1000M  3.7G  22% /home
/dev/mapper/vg00-lv_opt
                      7.7G  5.7G  1.6G  79% /opt
/dev/mapper/vg00-lv_tmp
                      4.9G  4.1M  4.7G   1% /tmp
/dev/mapper/vg00-lv_usr
                      4.8G  2.9G  1.7G  64% /usr
/dev/mapper/vg00-lv_var
                      7.1G  5.3G  1.5G  79% /var
/dev/mapper/vg00-lv_varlog
                      5.1G  3.3G  1.5G  69% /var/log
/dev/mapper/vg00-lv_varlogaudit
                      976M   26M  899M   3% /var/log/audit
/dev/mapper/vg01-lv_simpana
                      504G  6.1G  473G   2% /opt/simpana
/dev/mapper/vg01-lv_indexcache
                      504G   58G  421G  13% /IndexCache
/dev/mapper/vg02-lv_gddb
                      1.5T  679M  1.4T   1% /DCCMA07GDDB/DDB
/dev/mapper/clusvg1_10-lv1_10
                      8.0T  6.5T  1.6T  81% /DCCMA01_Disk10
/dev/mapper/clusvg1_11-lv1_11
                      8.0T  5.4T  2.7T  67% /DCCMA01_Disk11
/dev/mapper/clusvg1_12-lv1_12
                      8.0T  6.7T  1.4T  83% /DCCMA01_Disk12
/dev/mapper/clusvg1_13-lv1_13
                      8.0T  5.8T  2.3T  72% /DCCMA01_Disk13
/dev/mapper/clusvg1_14-lv1_14
                      8.0T  6.5T  1.6T  82% /DCCMA01_Disk14
/dev/mapper/clusvg1_15-lv1_15
                      8.0T  6.1T  2.0T  77% /DCCMA01_Disk15
/dev/mapper/clusvg1_16-lv1_16
                      8.0T  6.3T  1.8T  79% /DCCMA01_Disk16
/dev/mapper/clusvg1_17-lv1_17
                      8.0T  4.1T  4.0T  51% /DCCMA01_Disk17
/dev/mapper/clusvg2_6-lv2_6
                      8.0T  4.4T  3.7T  55% /DCCMA02_Disk6
/dev/mapper/clusvg2_7-lv2_7
                      8.0T  5.7T  2.4T  71% /DCCMA02_Disk7
/dev/mapper/clusvg2_8-lv2_8
                      8.0T  5.7T  2.4T  71% /DCCMA02_Disk8
/dev/mapper/clusvg2_9-lv2_9
                      8.0T  6.6T  1.5T  83% /DCCMA02_Disk9
/dev/mapper/clusvg2_10-lv2_10
                      8.0T  6.1T  2.0T  77% /DCCMA02_Disk10
/dev/mapper/clusvg2_11-lv2_11
                      8.0T  5.9T  2.2T  73% /DCCMA02_Disk11
/dev/mapper/clusvg2_12-lv2_12
                      8.0T  6.0T  2.1T  75% /DCCMA02_Disk12
/dev/mapper/clusvg2_13-lv2_13
                      8.0T  6.6T  1.5T  82% /DCCMA02_Disk13
/dev/mapper/clusvg3_6-lv3_6
                      8.0T  7.0T  1.1T  87% /DCCMA03_Disk6
/dev/mapper/clusvg3_7-lv3_7
                      8.0T  6.3T  1.8T  79% /DCCMA03_Disk7
/dev/mapper/clusvg3_8-lv3_8
                      8.0T  6.4T  1.7T  80% /DCCMA03_Disk8
/dev/mapper/clusvg3_9-lv3_9
                      8.0T  5.7T  2.4T  71% /DCCMA03_Disk9
/dev/mapper/clusvg3_10-lv3_10
                      8.0T  5.5T  2.6T  68% /DCCMA03_Disk10
/dev/mapper/clusvg3_11-lv3_11
                      8.0T  6.0T  2.1T  75% /DCCMA03_Disk11
/dev/mapper/clusvg3_12-lv3_12
                      8.0T  7.1T  953G  89% /DCCMA03_Disk12
/dev/mapper/clusvg3_13-lv3_13
                      8.0T  5.8T  2.3T  73% /DCCMA03_Disk13
/dev/mapper/clusvg4_5-lv4_5
                      8.0T  5.5T  2.6T  68% /DCCMA04_Disk5
/dev/mapper/clusvg4_6-lv4_6
                      8.0T  5.8T  2.3T  72% /DCCMA04_Disk6
/dev/mapper/clusvg4_7-lv4_7
                      8.0T  6.4T  1.7T  80% /DCCMA04_Disk7
/dev/mapper/clusvg4_8-lv4_8
                      8.0T  5.3T  2.8T  67% /DCCMA04_Disk8
/dev/mapper/clusvg4_9-lv4_9
                      8.0T  5.0T  3.1T  62% /DCCMA04_Disk9
/dev/mapper/clusvg4_10-lv4_10
                      8.0T  6.5T  1.6T  81% /DCCMA04_Disk10
/dev/mapper/clusvg4_11-lv4_11
                      8.0T  4.3T  3.8T  54% /DCCMA04_Disk11
/dev/mapper/clusvg4_12-lv4_12
                      8.0T  7.1T  953G  89% /DCCMA04_Disk12
/dev/mapper/clusvg5_3-lv5_3
                      8.0T  5.1T  3.0T  64% /DCCMA05_Disk3
/dev/mapper/clusvg5_4-lv5_4
                      8.0T  5.9T  2.2T  73% /DCCMA05_Disk4
/dev/mapper/clusvg5_5-lv5_5
                      8.0T  6.4T  1.7T  80% /DCCMA05_Disk5
/dev/mapper/clusvg5_6-lv5_6
                      8.0T  7.1T  968G  89% /DCCMA05_Disk6
/dev/mapper/clusvg5_7-lv5_7
                      8.0T  6.5T  1.6T  81% /DCCMA05_Disk7
/dev/mapper/clusvg5_8-lv5_8
                      8.0T  6.6T  1.5T  82% /DCCMA05_Disk8
/dev/mapper/clusvg5_9-lv5_9
                      8.0T  8.0T  2.5G 100% /DCCMA05_Disk9
/dev/mapper/clusvg5_10-lv5_10
                      8.0T  5.1T  3.0T  64% /DCCMA05_Disk10
/dev/mapper/clusvg6_1-lv6_1
                      8.0T  5.0T  3.1T  62% /DCCMA06_Disk1
/dev/mapper/clusvg6_2-lv6_2
                      8.0T  4.6T  3.5T  57% /DCCMA06_Disk2
/dev/mapper/clusvg6_3-lv6_3
                      8.0T  4.2T  3.9T  52% /DCCMA06_Disk3
/dev/mapper/clusvg6_4-lv6_4
                      8.0T  5.9T  2.2T  74% /DCCMA06_Disk4
/dev/mapper/clusvg6_5-lv6_5
                      8.0T  6.7T  1.4T  83% /DCCMA06_Disk5
/dev/mapper/clusvg6_6-lv6_6
                      8.0T  5.4T  2.7T  68% /DCCMA06_Disk6
/dev/mapper/clusvg6_7-lv6_7
                      8.0T  5.9T  2.2T  73% /DCCMA06_Disk7
/dev/mapper/clusvg6_8-lv6_8
                      8.0T  5.4T  2.7T  67% /DCCMA06_Disk8
/dev/mapper/clusvg7_1-lv7_1
                      8.0T  6.6T  1.5T  82% /DCCMA07_Disk1
/dev/mapper/clusvg1_19-lv1_19
                      4.0T  3.9T  185G  96% /DCCMA01_Disk19
/dev/mapper/clusvg1_20-lv1_20
                      4.0T  3.9T  154G  97% /DCCMA01_Disk20
/dev/mapper/clusvg1_21-lv1_21
                      4.0T  3.7T  383G  91% /DCCMA01_Disk21
/dev/mapper/clusvg1_22-lv1_22
                      1.0T   75G  950G   8% /DCCMA01_Disk22
/dev/mapper/clusvg1_23-lv1_23
                      2.0T  2.6G  2.0T   1% /DCCMA01_Disk23
/dev/mapper/clusvg2_14-lv2_14
                      4.0T  3.3T  793G  81% /DCCMA02_Disk14
/dev/mapper/clusvg2_15-lv2_15
                      4.0T  3.8T  252G  94% /DCCMA02_Disk15
/dev/mapper/clusvg2_16-lv2_16
                      1.0T   61G  964G   6% /DCCMA02_Disk16
/dev/mapper/clusvg2_17-lv2_17
                      2.0T  2.6G  2.0T   1% /DCCMA02_Disk17
/dev/mapper/clusvg3_14-lv3_14
                      4.0T  3.7T  398G  91% /DCCMA03_Disk14
/dev/mapper/clusvg3_15-lv3_15
                      4.0T  4.0T  1.8G 100% /DCCMA03_Disk15
/dev/mapper/clusvg3_16-lv3_16
                      1.0T  268G  757G  27% /DCCMA03_Disk16
/dev/mapper/clusvg4_13-lv4_13
                      4.0T  4.0T   83G  98% /DCCMA04_Disk13
/dev/mapper/clusvg4_14-lv4_14
                      4.0T  3.1T  954G  77% /DCCMA04_Disk14
/dev/mapper/clusvg4_15-lv4_15
                      1.0T  313G  712G  31% /DCCMA04_Disk15
/dev/mapper/clusvg4_16-lv4_16
                      8.0T  2.6G  8.0T   1% /DCCMA04_Disk16
/dev/mapper/clusvg4_17-lv4_17
                      8.0T  2.6G  8.0T   1% /DCCMA04_Disk17
/dev/mapper/clusvg4_18-lv4_18
                      8.0T  2.6G  8.0T   1% /DCCMA04_Disk18
/dev/mapper/clusvg4_19-lv4_19
                      8.0T  2.6G  8.0T   1% /DCCMA04_Disk19
/dev/mapper/clusvg5_11-lv5_11
                      4.0T  3.3T  812G  81% /DCCMA05_Disk11
/dev/mapper/clusvg5_12-lv5_12
                      1.0T  257G  768G  26% /DCCMA05_Disk12
/dev/mapper/clusvg5_13-lv5_13
                      8.0T  2.6G  8.0T   1% /DCCMA05_Disk13
/dev/mapper/clusvg5_14-lv5_14
                      8.0T  2.6G  8.0T   1% /DCCMA05_Disk14
/dev/mapper/clusvg5_15-lv5_15
                      8.0T  2.6G  8.0T   1% /DCCMA05_Disk15
/dev/mapper/clusvg5_16-lv5_16
                      8.0T  2.6G  8.0T   1% /DCCMA05_Disk16
/dev/mapper/clusvg7_2-lv7_2
                      8.0T  5.6T  2.5T  69% /DCCMA07_Disk2
/dev/mapper/clusvg7_3-lv7_3
                      8.0T  4.1T  4.0T  51% /DCCMA07_Disk3
/dev/mapper/clusvg7_4-lv7_4
                      8.0T  6.8T  1.3T  85% /DCCMA07_Disk4
/dev/mapper/clusvg7_5-lv7_5
                      8.0T  5.2T  2.9T  64% /DCCMA07_Disk5
/dev/mapper/clusvg7_6-lv7_6
                      8.0T  4.5T  3.6T  56% /DCCMA07_Disk6
/dev/mapper/clusvg7_7-lv7_7
                      8.0T  5.4T  2.7T  68% /DCCMA07_Disk7
/dev/mapper/clusvg8_1-lv8_1
                      8.0T  5.8T  2.3T  73% /DCCMA08_Disk1
/dev/mapper/clusvg8_2-lv8_2
                      8.0T  5.0T  3.1T  62% /DCCMA08_Disk2
/dev/mapper/clusvg8_3-lv8_3
                      8.0T  7.4T  623G  93% /DCCMA08_Disk3
/dev/mapper/clusvg8_4-lv8_4
                      8.0T  7.3T  799G  91% /DCCMA08_Disk4
/dev/mapper/clusvg8_5-lv8_5
                      8.0T  8.0T   61G 100% /DCCMA08_Disk5
/dev/mapper/clusvg8_6-lv8_6
                      8.0T  6.0T  2.1T  75% /DCCMA08_Disk6
/dev/mapper/clusvg8_7-lv8_7
                      8.0T  4.2T  3.9T  52% /DCCMA08_Disk7
/dev/mapper/clusvg8_8-lv8_8
                      8.0T  5.4T  2.7T  67% /DCCMA08_Disk8
/dev/mapper/clusvg9_1-lv9_1
                      8.0T  7.0T  1.1T  88% /DCCMA09_Disk1
/dev/mapper/clusvg9_2-lv9_2
                      8.0T  8.0T   97G  99% /DCCMA09_Disk2
/dev/mapper/clusvg9_3-lv9_3
                      8.0T  6.5T  1.6T  82% /DCCMA09_Disk3
/dev/mapper/clusvg9_4-lv9_4
                      8.0T  7.4T  708G  92% /DCCMA09_Disk4
/dev/mapper/clusvg9_5-lv9_5
                      8.0T  6.8T  1.3T  85% /DCCMA09_Disk5
/dev/mapper/clusvg9_6-lv9_6
                      8.0T  6.7T  1.4T  83% /DCCMA09_Disk6
/dev/mapper/clusvg9_7-lv9_7
                      8.0T  8.0T   71G 100% /DCCMA09_Disk7
/dev/mapper/clusvg9_8-lv9_8
                      8.0T  5.1T  3.0T  63% /DCCMA09_Disk8
/dev/mapper/clusvg10_1-lv10_1
                      8.0T  4.7T  3.4T  59% /DCCMA10_Disk1
/dev/mapper/clusvg10_2-lv10_2
                      8.0T  5.1T  3.0T  64% /DCCMA10_Disk2
/dev/mapper/clusvg10_3-lv10_3
                      8.0T  7.6T  424G  95% /DCCMA10_Disk3
/dev/mapper/clusvg10_4-lv10_4
                      8.0T  7.8T  258G  97% /DCCMA10_Disk4
/dev/mapper/clusvg10_5-lv10_5
                      8.0T  8.0T  4.0G 100% /DCCMA10_Disk5
/dev/mapper/clusvg10_6-lv10_6
                      8.0T  4.6T  3.5T  57% /DCCMA10_Disk6
/dev/mapper/clusvg10_7-lv10_7
                      8.0T  6.9T  1.2T  86% /DCCMA10_Disk7
/dev/mapper/clusvg10_8-lv10_8
                      8.0T  8.0T   84G  99% /DCCMA10_Disk8
/dev/mapper/clusvg11_1-lv11_1
                      8.1T  8.0T   46G 100% /DCCMA11_Disk1
/dev/mapper/clusvg11_2-lv11_2
                      8.1T  7.9T  124G  99% /DCCMA11_Disk2
/dev/mapper/clusvg11_3-lv11_3
                      8.1T  8.1T  2.5G 100% /DCCMA11_Disk3
/dev/mapper/clusvg11_4-lv11_4
                      8.1T  7.1T  989G  88% /DCCMA11_Disk4
/dev/mapper/clusvg11_5-lv11_5
                      8.1T  4.9T  3.2T  61% /DCCMA11_Disk5
/dev/mapper/clusvg11_7-lv11_7
                      8.1T  8.1T  2.2G 100% /DCCMA11_Disk7
/dev/mapper/clusvg11_8-lv11_8
                      8.1T  4.6T  3.5T  57% /DCCMA11_Disk8
/dev/mapper/clusvg11_9-lv11_9
                      8.1T  7.9T  131G  99% /DCCMA11_Disk9
/dev/mapper/clusvg11_10-lv11_10
                      8.1T  7.6T  434G  95% /DCCMA11_Disk10
/dev/mapper/clusvg11_11-lv11_11
                      8.1T  6.7T  1.4T  83% /DCCMA11_Disk11
/dev/mapper/clusvg10_9-lv10_9
                      8.0T  6.5T  1.6T  81% /DCCMA10_Disk9
/dev/mapper/clusvg10_10-lv10_10
                      8.0T  2.6G  8.0T   1% /DCCMA10_Disk10
/dev/mapper/clusvg10_11-lv10_11
                      8.0T  2.6G  8.0T   1% /DCCMA10_Disk11
/dev/mapper/clusvg10_12-lv10_12
                      8.0T  2.6G  8.0T   1% /DCCMA10_Disk12
/dev/mapper/clusvg10_13-lv10_13
                      8.0T  2.6G  8.0T   1% /DCCMA10_Disk13
/dev/mapper/clusvg10_14-lv10_14
                      8.0T  2.6G  8.0T   1% /DCCMA10_Disk14
/dev/mapper/clusvg10_15-lv10_15
                      8.0T  2.6G  8.0T   1% /DCCMA10_Disk15
/dev/mapper/clusvg10_16-lv10_16
                      8.0T  2.6G  8.0T   1% /DCCMA10_Disk16
/dev/mapper/clusvg11_12-lv11_12
                      8.0T  5.8T  2.3T  72% /DCCMA11_Disk12
/dev/mapper/clusvg11_13-lv11_13
                      8.0T  5.7T  2.4T  71% /DCCMA11_Disk13
/dev/mapper/clusvg11_14-lv11_14
                      8.0T  5.6T  2.5T  70% /DCCMA11_Disk14
/dev/mapper/clusvg11_15-lv11_15
                      8.0T  6.7T  1.4T  84% /DCCMA11_Disk15
/dev/mapper/clusvg11_16-lv11_16
                      8.0T  5.0T  3.1T  62% /DCCMA11_Disk16
/dev/mapper/clusvg11_17-lv11_17
                      8.0T  5.5T  2.6T  69% /DCCMA11_Disk17
/dev/mapper/clusvg11_18-lv11_18
                      8.0T  4.4T  3.7T  54% /DCCMA11_Disk18
/dev/mapper/clusvg11_19-lv11_19
                      8.0T  5.0T  3.1T  62% /DCCMA11_Disk19
/dev/mapper/clusvg12_1-lv12_1
                      8.0T  5.6T  2.5T  70% /DCCMA12_Disk1
/dev/mapper/clusvg12_2-lv12_2
                      8.0T  4.1T  4.0T  51% /DCCMA12_Disk2
/dev/mapper/clusvg12_3-lv12_3
                      8.0T  5.4T  2.7T  67% /DCCMA12_Disk3
/dev/mapper/clusvg12_4-lv12_4
                      8.0T  2.6G  8.0T   1% /DCCMA12_Disk4
/dev/mapper/clusvg12_5-lv12_5
                      8.0T  2.6G  8.0T   1% /DCCMA12_Disk5
/dev/mapper/clusvg12_6-lv12_6
                      8.0T  2.6G  8.0T   1% /DCCMA12_Disk6
/dev/mapper/clusvg12_7-lv12_7
                      8.0T  2.6G  8.0T   1% /DCCMA12_Disk7
/dev/mapper/clusvg12_8-lv12_8
                      8.0T  2.6G  8.0T   1% /DCCMA12_Disk8
/dev/mapper/clusvg13_1-lv13_1
                      8.0T  2.6G  8.0T   1% /DCCMA13_Disk1
/dev/mapper/clusvg13_2-lv13_2
                      8.0T  2.6G  8.0T   1% /DCCMA13_Disk2
/dev/mapper/clusvg13_3-lv13_3
                      8.0T  2.6G  8.0T   1% /DCCMA13_Disk3
/dev/mapper/clusvg13_4-lv13_4
                      8.0T  2.6G  8.0T   1% /DCCMA13_Disk4
/dev/mapper/clusvg13_5-lv13_5
                      8.0T  2.6G  8.0T   1% /DCCMA13_Disk5
/dev/mapper/clusvg13_6-lv13_6
                      8.0T  2.6G  8.0T   1% /DCCMA13_Disk6
/dev/mapper/clusvg13_7-lv13_7
                      8.0T  2.6G  8.0T   1% /DCCMA13_Disk7
/dev/mapper/clusvg13_8-lv13_8
                      8.0T  2.6G  8.0T   1% /DCCMA13_Disk8
/dev/mapper/clusvg11_20-lv11_20
                      8.0T  7.8T  298G  97% /DCCMA11_Disk20
/dev/mapper/clusvg11_21-lv11_21
                      8.0T  7.7T  349G  96% /DCCMA11_Disk21
/dev/mapper/clusvg12_9-lv12_9
                      8.0T  7.8T  292G  97% /DCCMA12_Disk9
/dev/mapper/clusvg12_10-lv12_10
                      8.0T  6.6T  1.5T  82% /DCCMA12_Disk10
/dev/mapper/clusvg12_11-lv12_11
                      8.0T  5.0T  3.1T  62% /DCCMA12_Disk11
/dev/mapper/clusvg12_12-lv12_12
                      8.0T  6.2T  1.9T  78% /DCCMA12_Disk12
/dev/mapper/clusvg12_13-lv12_13
                      8.0T  5.7T  2.4T  71% /DCCMA12_Disk13
/dev/mapper/clusvg12_15-lv12_15
                      8.0T  5.1T  3.0T  64% /DCCMA12_Disk15
/dev/mapper/clusvg12_16-lv12_16
                      8.0T  6.8T  1.3T  85% /DCCMA12_Disk16
/dev/mapper/clusvg12_17-lv12_17
                      8.0T  6.3T  1.8T  78% /DCCMA12_Disk17
/dev/mapper/clusvg12_18-lv12_18
                      8.0T  8.0T  2.6G 100% /DCCMA12_Disk18
/dev/mapper/clusvg13_14-lv13_14
                      8.0T  6.5T  1.6T  81% /DCCMA13_Disk14
/dev/mapper/clusvg13_15-lv13_15
                      8.0T  6.9T  1.2T  86% /DCCMA13_Disk15
/dev/mapper/clusvg13_16-lv13_16
                      8.0T  6.0T  2.1T  75% /DCCMA13_Disk16
/dev/mapper/clusvg13_17-lv13_17
                      8.0T  5.6T  2.5T  70% /DCCMA13_Disk17
/dev/mapper/clusvg13_18-lv13_18
                      8.0T  5.4T  2.7T  67% /DCCMA13_Disk18
/dev/mapper/clusvg06_09-lv06_09
                      8.0T  7.4T  709G  92% /DCCMA06_Disk09
/dev/mapper/clusvg06_10-lv06_10
                      8.0T  8.0T   51G 100% /DCCMA06_Disk10
/dev/mapper/clusvg06_11-lv06_11
                      8.0T  7.8T  268G  97% /DCCMA06_Disk11
/dev/mapper/clusvg06_12-lv06_12
                      8.0T  6.0T  2.1T  75% /DCCMA06_Disk12
/dev/mapper/clusvg06_14-lv06_14
                      8.0T  7.5T  537G  94% /DCCMA06_Disk14
/dev/mapper/clusvg06_15-lv06_15
                      8.0T  5.3T  2.8T  67% /DCCMA06_Disk15
/dev/mapper/clusvg12_14-lv12_14
                      8.0T  2.6G  8.0T   1% /DCCMA12_Disk14
/dev/mapper/clusvg7_9-lv7_9
                      4.0T  1.4T  2.7T  35% /DCCMA07_Disk9
/dev/mapper/clusvg9_10-lv9_10
                      8.0T  2.9T  5.2T  36% /DCCMA09_Disk10
/dev/mapper/clusvg9_11-lv9_11
                      8.0T  1.5T  6.6T  18% /DCCMA09_Disk11
/dev/mapper/clusvg9_12-lv9_12
                      8.0T  8.0T  3.5G 100% /DCCMA09_Disk12
/dev/mapper/clusvg9_13-lv9_13
                      8.0T   97G  8.0T   2% /DCCMA09_Disk13
/dev/mapper/clusvg9_9-lv9_9
                      8.0T  156G  7.9T   2% /DCCMA09_Disk09


Galaxy         	0:off	1:off	2:off	3:on	4:off	5:on	6:off
Jarvis         	0:off	1:off	2:on	3:on	4:on	5:on	6:off
NetworkManager 	0:off	1:off	2:off	3:off	4:off	5:off	6:off
abrt-ccpp      	0:off	1:off	2:off	3:on	4:off	5:on	6:off
abrtd          	0:off	1:off	2:off	3:on	4:off	5:on	6:off
acpid          	0:off	1:off	2:on	3:on	4:on	5:on	6:off
atd            	0:off	1:off	2:off	3:on	4:on	5:on	6:off
auditd         	0:off	1:off	2:on	3:on	4:on	5:on	6:off
autofs         	0:off	1:off	2:off	3:on	4:on	5:on	6:off
blk-availability	0:off	1:on	2:on	3:on	4:on	5:on	6:off
bluetooth      	0:off	1:off	2:off	3:on	4:on	5:on	6:off
cba8           	0:off	1:off	2:off	3:on	4:on	5:on	6:off
certmonger     	0:off	1:off	2:off	3:on	4:on	5:on	6:off
cgconfig       	0:off	1:off	2:off	3:off	4:off	5:off	6:off
cgred          	0:off	1:off	2:off	3:off	4:off	5:off	6:off
clvmd          	0:off	1:off	2:off	3:off	4:off	5:off	6:off
cman           	0:off	1:off	2:off	3:off	4:off	5:off	6:off
corosync       	0:off	1:off	2:off	3:off	4:off	5:off	6:off
cpglockd       	0:off	1:off	2:off	3:off	4:off	5:off	6:off
cpuspeed       	0:off	1:on	2:on	3:on	4:on	5:on	6:off
crond          	0:off	1:off	2:on	3:on	4:on	5:on	6:off
cups           	0:off	1:off	2:on	3:on	4:on	5:on	6:off
dataeng        	0:off	1:off	2:off	3:on	4:off	5:on	6:off
dnsmasq        	0:off	1:off	2:off	3:off	4:off	5:off	6:off
ds_agent       	0:off	1:off	2:on	3:on	4:on	5:on	6:off
dsm_om_shrsvc  	0:off	1:off	2:off	3:on	4:off	5:on	6:off
firstboot      	0:off	1:off	2:off	3:off	4:off	5:off	6:off
gfs2           	0:off	1:off	2:off	3:off	4:off	5:off	6:off
goferd         	0:off	1:off	2:on	3:on	4:on	5:on	6:off
haldaemon      	0:off	1:off	2:off	3:on	4:on	5:on	6:off
htcacheclean   	0:off	1:off	2:off	3:off	4:off	5:off	6:off
httpd          	0:off	1:off	2:off	3:off	4:off	5:off	6:off
ip6tables      	0:off	1:off	2:off	3:off	4:off	5:off	6:off
ipmievd        	0:off	1:off	2:off	3:off	4:off	5:off	6:off
iptables       	0:off	1:off	2:off	3:off	4:off	5:off	6:off
irqbalance     	0:off	1:off	2:off	3:on	4:on	5:on	6:off
kdump          	0:off	1:off	2:on	3:on	4:on	5:on	6:off
libvirt-guests 	0:off	1:off	2:on	3:on	4:on	5:on	6:off
lvm2-monitor   	0:off	1:on	2:on	3:on	4:on	5:on	6:off
mdmonitor      	0:off	1:off	2:on	3:on	4:on	5:on	6:off
messagebus     	0:off	1:off	2:on	3:on	4:on	5:on	6:off
modclusterd    	0:off	1:off	2:on	3:on	4:on	5:on	6:off
multipathd     	0:off	1:off	2:on	3:on	4:on	5:on	6:off
ncpa_listener  	0:off	1:off	2:on	3:on	4:on	5:on	6:off
ncpa_passive   	0:off	1:off	2:on	3:on	4:on	5:on	6:off
netconsole     	0:off	1:off	2:off	3:off	4:off	5:off	6:off
netfs          	0:off	1:off	2:off	3:off	4:off	5:off	6:off
network        	0:off	1:off	2:on	3:on	4:on	5:on	6:off
nfs            	0:off	1:off	2:off	3:off	4:off	5:off	6:off
nfs-rdma       	0:off	1:off	2:off	3:off	4:off	5:off	6:off
nfslock        	0:off	1:off	2:off	3:off	4:off	5:off	6:off
nntgen7agent   	0:off	1:off	2:on	3:on	4:off	5:on	6:off
ntpd           	0:off	1:off	2:on	3:on	4:on	5:on	6:off
ntpdate        	0:off	1:off	2:on	3:on	4:on	5:on	6:off
oddjobd        	0:off	1:off	2:off	3:off	4:off	5:off	6:off
portreserve    	0:off	1:off	2:on	3:on	4:on	5:on	6:off
postfix        	0:off	1:off	2:on	3:on	4:on	5:on	6:off
pppoe-server   	0:off	1:off	2:off	3:off	4:off	5:off	6:off
psacct         	0:off	1:off	2:off	3:off	4:off	5:off	6:off
puppet         	0:off	1:off	2:on	3:on	4:on	5:on	6:off
pxp-agent      	0:off	1:off	2:on	3:on	4:on	5:on	6:off
quota_nld      	0:off	1:off	2:off	3:off	4:off	5:off	6:off
rdisc          	0:off	1:off	2:off	3:off	4:off	5:off	6:off
rdma           	0:off	1:on	2:on	3:on	4:on	5:on	6:off
restorecond    	0:off	1:off	2:off	3:off	4:off	5:off	6:off
rgmanager      	0:off	1:off	2:off	3:off	4:off	5:off	6:off
rhnsd          	0:off	1:off	2:off	3:off	4:off	5:off	6:off
rhsmcertd      	0:off	1:off	2:off	3:on	4:on	5:on	6:off
ricci          	0:off	1:off	2:on	3:on	4:on	5:on	6:off
rngd           	0:off	1:off	2:off	3:off	4:off	5:off	6:off
rpcbind        	0:off	1:off	2:on	3:on	4:on	5:on	6:off
rpcgssd        	0:off	1:off	2:off	3:on	4:on	5:on	6:off
rpcsvcgssd     	0:off	1:off	2:off	3:off	4:off	5:off	6:off
rsyslog        	0:off	1:off	2:on	3:on	4:on	5:on	6:off
saslauthd      	0:off	1:off	2:off	3:off	4:off	5:off	6:off
smartd         	0:off	1:off	2:off	3:off	4:off	5:off	6:off
snmpd          	0:off	1:off	2:on	3:on	4:on	5:on	6:off
snmptrapd      	0:off	1:off	2:off	3:off	4:off	5:off	6:off
spice-vdagentd 	0:off	1:off	2:off	3:off	4:off	5:on	6:off
sshd           	0:off	1:off	2:on	3:on	4:on	5:on	6:off
sssd           	0:off	1:off	2:off	3:off	4:off	5:off	6:off
sysstat        	0:off	1:on	2:on	3:on	4:on	5:on	6:off
udev-post      	0:off	1:on	2:on	3:on	4:on	5:on	6:off
wdaemon        	0:off	1:off	2:off	3:off	4:off	5:off	6:off
winbind        	0:off	1:off	2:off	3:off	4:off	5:off	6:off
wpa_supplicant 	0:off	1:off	2:off	3:off	4:off	5:off	6:off
xagt           	0:off	1:off	2:on	3:on	4:on	5:on	6:off
xinetd         	0:off	1:off	2:off	3:on	4:on	5:on	6:off
ypbind         	0:off	1:off	2:off	3:off	4:off	5:off	6:off

xinetd based services:
	chargen-dgram: 	off
	chargen-stream:	off
	daytime-dgram: 	off
	daytime-stream:	off
	discard-dgram: 	off
	discard-stream:	off
	echo-dgram:    	off
	echo-stream:   	off
	nrpe:          	on
	nsca:          	on
	pds2:          	on
	rsync:         	off
	tcpmux-server: 	off
	time-dgram:    	off
	time-stream:   	off


