
DCCEBRSMA05
eth0 eth1 eth2 eth4 eth5 eth7 bond0:10.106.2.55/16 192.168.2.5/16 192.168.8.60/21
2.6.32-754.47.1.el6.x86_64
 11:03:50 up 48 days, 13:58,  2 users,  load average: 2.32, 1.91, 1.80
kernel-2.6.32-754.48.1.el6.x86_64             Fri 19 Aug 2022 08:39:58 PM MYT
kernel-2.6.32-754.47.1.el6.x86_64             Fri 24 Jun 2022 09:58:15 PM MYT
kernel-2.6.32-754.43.1.el6.x86_64             Tue 29 Mar 2022 12:03:07 PM MYT
Red Hat Enterprise Linux Server release 6.10 (Santiago)
Intel(R) Xeon(R) CPU E5-2690 0 @ 2.90GHz
32070 MB
7 of 9

CPU usage is below the threshold (Which is 80%)
Memory Usage is above the threshold (Which is 80%)

Memory free 55
Used	Avail	Use%	Mounted
38G	31%	/	
1.1G	15G	7%	/dev/shm
112M	340M	25%	/boot
8.8G	6%	/home	
184G	14%	/opt/simpana	
9.2G	1%	/tmp	
3.0G	68%	/var	
467G	1%	/DCCMA05GDDB/DDB	
1.6T	81%	/DCCMA01_Disk10	
2.7T	67%	/DCCMA01_Disk11	
1.4T	83%	/DCCMA01_Disk12	
2.3T	72%	/DCCMA01_Disk13	
1.6T	82%	/DCCMA01_Disk14	
2.0T	77%	/DCCMA01_Disk15	
1.8T	79%	/DCCMA01_Disk16	
4.0T	51%	/DCCMA01_Disk17	
3.7T	55%	/DCCMA02_Disk6	
2.4T	71%	/DCCMA02_Disk7	
2.4T	71%	/DCCMA02_Disk8	
1.5T	83%	/DCCMA02_Disk9	
2.0T	77%	/DCCMA02_Disk10	
2.2T	73%	/DCCMA02_Disk11	
2.1T	75%	/DCCMA02_Disk12	
1.5T	82%	/DCCMA02_Disk13	
1.1T	87%	/DCCMA03_Disk6	
1.8T	79%	/DCCMA03_Disk7	
1.7T	80%	/DCCMA03_Disk8	
2.4T	71%	/DCCMA03_Disk9	
2.6T	68%	/DCCMA03_Disk10	
2.1T	75%	/DCCMA03_Disk11	
953G	89%	/DCCMA03_Disk12	
2.3T	73%	/DCCMA03_Disk13	
2.6T	68%	/DCCMA04_Disk5	
2.3T	72%	/DCCMA04_Disk6	
1.7T	80%	/DCCMA04_Disk7	
2.8T	67%	/DCCMA04_Disk8	
3.1T	62%	/DCCMA04_Disk9	
1.6T	81%	/DCCMA04_Disk10	
3.8T	54%	/DCCMA04_Disk11	
953G	89%	/DCCMA04_Disk12	
3.0T	64%	/DCCMA05_Disk3	
2.2T	73%	/DCCMA05_Disk4	
1.7T	80%	/DCCMA05_Disk5	
968G	89%	/DCCMA05_Disk6	
1.6T	81%	/DCCMA05_Disk7	
1.5T	82%	/DCCMA05_Disk8	
2.5G	100%	/DCCMA05_Disk9	
3.0T	64%	/DCCMA05_Disk10	
3.1T	62%	/DCCMA06_Disk1	
3.5T	57%	/DCCMA06_Disk2	
3.9T	52%	/DCCMA06_Disk3	
2.2T	74%	/DCCMA06_Disk4	
1.4T	83%	/DCCMA06_Disk5	
2.7T	68%	/DCCMA06_Disk6	
2.2T	73%	/DCCMA06_Disk7	
2.7T	67%	/DCCMA06_Disk8	
1.5T	82%	/DCCMA07_Disk1	
187G	96%	/DCCMA01_Disk19	
155G	97%	/DCCMA01_Disk20	
385G	91%	/DCCMA01_Disk21	
950G	8%	/DCCMA01_Disk22	
2.0T	1%	/DCCMA01_Disk23	
793G	81%	/DCCMA02_Disk14	
252G	94%	/DCCMA02_Disk15	
964G	6%	/DCCMA02_Disk16	
2.0T	1%	/DCCMA02_Disk17	
398G	91%	/DCCMA03_Disk14	
1.8G	100%	/DCCMA03_Disk15	
757G	27%	/DCCMA03_Disk16	
83G	98%	/DCCMA04_Disk13	
954G	77%	/DCCMA04_Disk14	
712G	31%	/DCCMA04_Disk15	
8.0T	1%	/DCCMA04_Disk16	
8.0T	1%	/DCCMA04_Disk17	
8.0T	1%	/DCCMA04_Disk18	
8.0T	1%	/DCCMA04_Disk19	
812G	81%	/DCCMA05_Disk11	
768G	26%	/DCCMA05_Disk12	
8.0T	1%	/DCCMA05_Disk13	
8.0T	1%	/DCCMA05_Disk14	
8.0T	1%	/DCCMA05_Disk15	
8.0T	1%	/DCCMA05_Disk16	
2.5T	69%	/DCCMA07_Disk2	
4.0T	51%	/DCCMA07_Disk3	
1.3T	85%	/DCCMA07_Disk4	
2.9T	64%	/DCCMA07_Disk5	
3.6T	56%	/DCCMA07_Disk6	
2.7T	68%	/DCCMA07_Disk7	
2.3T	73%	/DCCMA08_Disk1	
3.1T	62%	/DCCMA08_Disk2	
623G	93%	/DCCMA08_Disk3	
799G	91%	/DCCMA08_Disk4	
61G	100%	/DCCMA08_Disk5	
2.1T	75%	/DCCMA08_Disk6	
3.9T	52%	/DCCMA08_Disk7	
2.7T	67%	/DCCMA08_Disk8	
1.1T	88%	/DCCMA09_Disk1	
97G	99%	/DCCMA09_Disk2	
1.6T	82%	/DCCMA09_Disk3	
708G	92%	/DCCMA09_Disk4	
1.3T	85%	/DCCMA09_Disk5	
1.4T	83%	/DCCMA09_Disk6	
71G	100%	/DCCMA09_Disk7	
3.0T	63%	/DCCMA09_Disk8	
3.4T	59%	/DCCMA10_Disk1	
3.0T	64%	/DCCMA10_Disk2	
424G	95%	/DCCMA10_Disk3	
258G	97%	/DCCMA10_Disk4	
4.0G	100%	/DCCMA10_Disk5	
3.5T	57%	/DCCMA10_Disk6	
1.2T	86%	/DCCMA10_Disk7	
84G	99%	/DCCMA10_Disk8	
46G	100%	/DCCMA11_Disk1	
124G	99%	/DCCMA11_Disk2	
2.5G	100%	/DCCMA11_Disk3	
989G	88%	/DCCMA11_Disk4	
3.2T	61%	/DCCMA11_Disk5	
2.2G	100%	/DCCMA11_Disk7	
3.5T	57%	/DCCMA11_Disk8	
131G	99%	/DCCMA11_Disk9	
434G	95%	/DCCMA11_Disk10	
1.4T	83%	/DCCMA11_Disk11	
1.6T	81%	/DCCMA10_Disk9	
8.0T	1%	/DCCMA10_Disk10	
8.0T	1%	/DCCMA10_Disk11	
8.0T	1%	/DCCMA10_Disk12	
8.0T	1%	/DCCMA10_Disk13	
8.0T	1%	/DCCMA10_Disk14	
8.0T	1%	/DCCMA10_Disk15	
8.0T	1%	/DCCMA10_Disk16	
2.3T	72%	/DCCMA11_Disk12	
2.4T	71%	/DCCMA11_Disk13	
2.5T	70%	/DCCMA11_Disk14	
1.4T	84%	/DCCMA11_Disk15	
3.1T	62%	/DCCMA11_Disk16	
2.6T	69%	/DCCMA11_Disk17	
3.7T	54%	/DCCMA11_Disk18	
3.1T	62%	/DCCMA11_Disk19	
2.5T	70%	/DCCMA12_Disk1	
4.0T	51%	/DCCMA12_Disk2	
2.7T	67%	/DCCMA12_Disk3	
8.0T	1%	/DCCMA12_Disk4	
8.0T	1%	/DCCMA12_Disk5	
8.0T	1%	/DCCMA12_Disk6	
8.0T	1%	/DCCMA12_Disk7	
8.0T	1%	/DCCMA12_Disk8	
8.0T	1%	/DCCMA13_Disk1	
8.0T	1%	/DCCMA13_Disk2	
8.0T	1%	/DCCMA13_Disk3	
8.0T	1%	/DCCMA13_Disk4	
8.0T	1%	/DCCMA13_Disk5	
8.0T	1%	/DCCMA13_Disk6	
8.0T	1%	/DCCMA13_Disk7	
8.0T	1%	/DCCMA13_Disk8	
298G	97%	/DCCMA11_Disk20	
349G	96%	/DCCMA11_Disk21	
292G	97%	/DCCMA12_Disk9	
1.5T	82%	/DCCMA12_Disk10	
3.1T	62%	/DCCMA12_Disk11	
1.9T	78%	/DCCMA12_Disk12	
2.4T	71%	/DCCMA12_Disk13	
3.0T	64%	/DCCMA12_Disk15	
1.3T	85%	/DCCMA12_Disk16	
1.8T	78%	/DCCMA12_Disk17	
2.6G	100%	/DCCMA12_Disk18	
1.6T	81%	/DCCMA13_Disk14	
1.2T	86%	/DCCMA13_Disk15	
2.1T	75%	/DCCMA13_Disk16	
2.5T	70%	/DCCMA13_Disk17	
2.7T	67%	/DCCMA13_Disk18	
709G	92%	/DCCMA06_Disk09	
51G	100%	/DCCMA06_Disk10	
268G	97%	/DCCMA06_Disk11	
2.1T	75%	/DCCMA06_Disk12	
537G	94%	/DCCMA06_Disk14	
2.8T	67%	/DCCMA06_Disk15	
8.0T	1%	/DCCMA12_Disk14	
2.7T	35%	/DCCMA07_Disk9	
5.2T	36%	/DCCMA09_Disk10	
6.6T	18%	/DCCMA09_Disk11	
3.5G	100%	/DCCMA09_Disk12	
8.0T	2%	/DCCMA09_Disk13	
7.9T	2%	/DCCMA09_Disk09	

48 days,
ntpd (pid  47740) is running...
ntpd           	0:off	1:off	2:on	3:on	4:on	5:on	6:off

Sat 10 Sep 2022 11:03:52 AM ZONE="Asia/Kuala Lumpur"
Sat 10 Sep 2022 11:03:53 AM MYT  -0.891279 seconds
ntpd (pid  47740) is running...
server 10.10.10.75
server 10.10.10.76


Linux 2.6.32-754.47.1.el6.x86_64 (DCCEBRSMA05) 	09/10/2022 	_x86_64_	(32 CPU)

11:03:53 AM     CPU     %user     %nice   %system   %iowait    %steal     %idle
11:03:55 AM     all      0.03      0.00      1.21      0.00      0.00     98.76
11:03:57 AM     all      0.03      0.00      1.17      0.00      0.00     98.80
11:03:59 AM     all      0.08      0.00      1.32      0.02      0.00     98.58
11:04:01 AM     all      0.06      0.00      1.27      0.02      0.00     98.65
11:04:03 AM     all      0.03      0.00      1.20      0.02      0.00     98.76
Average:        all      0.05      0.00      1.23      0.01      0.00     98.71
Average:        all      0.87      0.01      2.20      4.33      0.00     92.59

             total       used       free     shared    buffers     cached
Mem:         32070      28839       3231       1310        546      14030
-/+ buffers/cache:      14262      17808
Swap:            0          0          0
Total:       32070      28839       3231


Linux 2.6.32-754.47.1.el6.x86_64 (DCCEBRSMA05) 	09/10/2022 	_x86_64_	(32 CPU)

09/10/2022 11:04:03 AM
Device:            tps    MB_read/s    MB_wrtn/s    MB_read    MB_wrtn
sda              40.48         0.05         0.42     229286    1761406
sdb               0.73         0.01         0.01      50793      62755
sdc               0.74         0.01         0.02      29015      80500
sdd               0.89         0.02         0.02      78949      88097
sdf               1.42         0.04         0.01     152723      35719
sdh               1.34         0.01         0.01      57166      46779
sde               0.68         0.01         0.03      52281     107637
sdg               0.68         0.01         0.00      42885      18812
sdj               0.76         0.01         0.01      28746      61220
sdi               0.78         0.01         0.02      56888      79137
sdk               0.60         0.00         0.01      19399      49603
sdn               0.91         0.03         0.01     123411      46948
sdp               0.62         0.01         0.02      57843      71769
sdm               0.54         0.01         0.00      25251      16961
sdl               0.81         0.01         0.01      62667      49280
sdo               0.98         0.04         0.01     173110      46734
sdr               0.73         0.01         0.00      29008       6717
sdq               0.68         0.01         0.01      41983      51956
sds               0.65         0.00         0.03      13833     105313
sdu               1.40         0.07         0.01     288421      26593
sdv               0.71         0.01         0.00      54668      19426
sdt               1.14         0.01         0.07      51942     283669
sdw               0.70         0.01         0.03      34036     131666
sdz               0.79         0.01         0.03      41042     131553
sdaa              1.19         0.06         0.01     246491      26306
sdx               0.71         0.01         0.03      31195     129972
sdad              0.92         0.01         0.07      26692     296594
sdab              1.00         0.01         0.09      26810     370574
sdae              0.73         0.01         0.00      60166      15085
sdy               0.83         0.01         0.01      49760      30724
sdac              0.72         0.01         0.01      59196      22045
sdah              0.79         0.01         0.02      46433      72710
sdag              0.87         0.01         0.05      24399     222255
sdak              0.78         0.01         0.03      27813     139144
sdaj              3.37         0.24         0.03     993394     129694
sdal              0.71         0.00         0.03      18566     120082
sdao              0.62         0.01         0.00      23835      13479
sdaf              0.70         0.01         0.02      27644      94973
sdan              0.73         0.01         0.02      29425      91729
sdat              0.25         0.00         0.00       4142          0
sdas              0.96         0.01         0.02      55802      71565
sdau              0.27         0.00         0.00       4179        163
sdax              0.25         0.00         0.00       4142          0
sdbb              0.25         0.00         0.00       4142          0
sdaw              0.77         0.01         0.01      26898      52935
sdav              0.78         0.01         0.00      33537      14987
sdbg              0.25         0.00         0.00       4142          0
sdbk             19.81         0.16         0.10     689349     428194
sdbe              0.25         0.00         0.00       4142          0
sdbl              0.25         0.00         0.00       4142          0
sdbc              0.81         0.01         0.01      54949      59392
sdba              1.11         0.01         0.02      50575      63935
sdbr              1.04         0.01         0.00      28587      20373
sdbi              0.25         0.00         0.00       4142          0
sday              0.27         0.00         0.00       4180        159
sdbm              0.25         0.00         0.00       4142          0
sdbp              1.01         0.01         0.01      42721      36009
sdbd              0.86         0.01         0.02      38578      95557
sdbo              0.25         0.00         0.00       4142          0
sdbn              0.25         0.00         0.00       4143          0
sdbf              0.25         0.00         0.00       4141          0
sdai              0.66         0.01         0.01      31315      28228
sdar              0.87         0.01         0.02      35286      82096
sdbh              0.25         0.00         0.00       4142          0
sdaz              0.72         0.00         0.01      16225      35675
sdaq              0.68         0.01         0.01      22591      45437
sdap              0.22         0.00         0.00       3594          0
sdbj              0.74         0.01         0.01      40140      25202
sdbt              1.62         0.01         0.03      37314     114057
sdam              0.80         0.01         0.03      43619     121395
sdbw              0.86         0.01         0.00      32088      14845
sdbv              1.39         0.01         0.04      46361     158204
sdbq              1.39         0.01         0.06      42254     240082
sdbx              1.31         0.01         0.04      60947     176745
sdbu              1.44         0.01         0.11      26592     455792
sdcb              1.76         0.06         0.07     256727     296850
sdcc              1.17         0.01         0.02      48993      65807
sdcd              3.58         0.02         0.03      79499     105823
sdch              0.62         0.00         0.00       9974       4182
sdbs              1.78         0.09         0.02     379507      89483
sdcf              0.55         0.00         0.00       8577       6742
sdbz              1.10         0.01         0.01      27450      60523
sdcm              0.53         0.00         0.00       8512       2455
sdce              0.94         0.00         0.01      14818      24119
sdco              0.90         0.00         0.02      13425      64541
sdca              1.12         0.02         0.01      68921      59638
sdcq              0.69         0.00         0.01      10651      24480
sdcr              0.81         0.00         0.02      11033      88408
sdcn              1.08         0.00         0.00      17560       1575
sdcu              0.45         0.00         0.00       7189       3001
sdcv              0.41         0.00         0.00       6458       8115
sdby              1.27         0.01         0.02      57094      78438
sdcz              0.34         0.00         0.00       5473       2211
sdda              0.88         0.00         0.00      14107       4387
sdct              0.86         0.00         0.05      10171     216109
sdcy              0.80         0.00         0.00      12859        877
sddb              1.95         0.00         0.15      16481     640486
sdcg              1.83         0.00         0.23      11114     968889
sddd              0.25         0.00         0.00       4141          0
sdcw              1.03         0.00         0.00      16699       2889
sddh              0.25         0.00         0.00       4142          0
sdcx              0.71         0.00         0.00      11343       6807
sddg              0.25         0.00         0.00       4142          0
sddi              0.25         0.00         0.00       4143          0
sddj              0.25         0.00         0.00       4142          0
sddk              0.97         0.01         0.02      54544      72597
sdde              0.25         0.00         0.00       4142          0
sddm              1.16         0.01         0.01      45947      38958
sdcs              0.60         0.00         0.00       9642       3598
sdcj              0.48         0.00         0.00       7480       6606
sdck              0.39         0.00         0.00       6181       5540
sdcp              0.92         0.00         0.00      14817       7520
sdci              3.23         0.01         0.00      52646       1470
sddq              1.21         0.01         0.04      48422     187933
sddc              0.55         0.00         0.01       8397      26356
sdcl              0.54         0.00         0.00       8512       9299
sddf              0.25         0.00         0.00       4143          0
sddn              1.16         0.01         0.01      47474      37779
sdds              2.14         0.02         0.03      84804     108293
sddv              0.25         0.00         0.00       4142          0
sddw              0.25         0.00         0.00       4143          0
sddu              1.07         0.01         0.02      52564      68443
sddl              1.92         0.01         0.03      54823     115081
sddo              1.13         0.01         0.01      38829      29421
sddy              0.25         0.00         0.00       4142          0
sddz              0.25         0.00         0.00       4143          0
sddp              1.13         0.01         0.03      48510     112441
sddx              0.25         0.00         0.00       4143          0
sdea              0.25         0.00         0.00       4142          0
sdeb              0.25         0.00         0.00       4141          0
sdei              0.41         0.00         0.00       6495       2882
sdeg              0.25         0.00         0.00       4141          0
sdec              0.25         0.00         0.00       4141          0
sdee              0.25         0.00         0.00       4140          0
sddr              0.92         0.01         0.01      30792      40192
sdeh              0.25         0.00         0.00       4141          0
sdek              0.28         0.00         0.00       4331        153
sdej              0.29         0.00         0.00       4379       4773
sden              0.31         0.00         0.00       4661       5426
sdel              0.31         0.00         0.00       4660       6781
sdem              0.34         0.00         0.00       5019       7336
sdef              0.25         0.00         0.00       4143          0
sdeq              0.29         0.00         0.00       4471       4629
sdes              0.55         0.00         0.03       6440     121213
sdeo              0.33         0.00         0.00       5090       5144
sddt              1.39         0.01         0.01      34400      52298
sdev              0.45         0.00         0.00       7064       6430
sdew              0.36         0.00         0.00       5404       8944
sdeu              0.15         0.00         0.00       2490          0
sdfh              0.54         0.00         0.00       8702       1489
sdfg              0.32         0.00         0.00       5074       3650
sder              0.33         0.00         0.00       5034       6726
sdfa              0.37         0.00         0.00       5294       2415
sdey              0.44         0.00         0.00       6880       7348
sdex              1.46         0.00         0.09      15503     362068
sdez              0.71         0.00         0.05       6307     219273
sdep              0.25         0.00         0.00       4140          0
sdfd              0.48         0.00         0.03       5384     116871
sdfl              0.25         0.00         0.00       4140          0
sdet              0.33         0.00         0.00       5132       1227
sdfb              0.62         0.00         0.00       9665       1827
sdfe              0.35         0.00         0.00       5408       3291
sdff              0.51         0.00         0.00       8011       2921
sded              0.25         0.00         0.00       4140          0
sdfk              0.32         0.00         0.00       4893       7084
sdfw              0.05         0.00         0.00        801          0
sdfy              1.62         0.01         0.00      26036      12701
sdgb              1.25         0.00         0.00      20106       4300
sdfu              0.05         0.00         0.00        801          0
sdfx              1.07         0.00         0.00      17614          0
sdfv              1.38         0.01         0.00      21967      12127
sdft              0.05         0.00         0.00        801          0
sdfz              0.05         0.00         0.00        801          0
sdfn              0.05         0.00         0.00        801          0
sdfm              0.05         0.00         0.00        801          0
sdfc              0.48         0.00         0.00       7654       1397
sdgd              1.44         0.01         0.00      23143       6525
sdfs              0.05         0.00         0.00        801          0
sdga              1.51         0.01         0.00      23947      13574
sdfp              0.05         0.00         0.00        801          0
sdfr              0.05         0.00         0.00        801          0
sdfq              0.05         0.00         0.00        801          0
sdgg              0.05         0.00         0.00        801          0
sdfj              0.50         0.00         0.00       7955       5098
sdgn              0.05         0.00         0.00        814          0
sdge              0.05         0.00         0.00        802          0
sdgl              0.05         0.00         0.00        814          0
sdgi              0.05         0.00         0.00        819          0
sdgm              0.05         0.00         0.00        814          0
sdgo              0.05         0.00         0.00        814          0
sdgf              0.05         0.00         0.00        802          0
sdgp              0.05         0.00         0.00        814          0
sdgj              0.05         0.00         0.00        814          0
sdgh              0.05         0.00         0.00        802          0
sdgc              0.05         0.00         0.00        802          0
sdgk              0.05         0.00         0.00        814          0
sdgq              0.05         0.00         0.00        814          0
sdfo              0.05         0.00         0.00        802          0
sdgv              0.05         0.00         0.00        813          0
sdgw              0.05         0.00         0.00        812          0
sdgy              0.05         0.00         0.00        812          0
sdgr              0.05         0.00         0.00        814          0
sdgs              0.05         0.00         0.00        814          0
sdgu              0.05         0.00         0.00        812          0
sdgz              0.05         0.00         0.00        812          0
sdgx              0.05         0.00         0.00        812          0
sdgt              0.05         0.00         0.00        812          0
sdfi              0.98         0.00         0.00      15889       3254
sdha              0.05         0.00         0.00        812          0
sdhb              0.05         0.00         0.00        812          0
sdhd              0.05         0.00         0.00        813          0
sdhc              0.05         0.00         0.00        812          0
dccebrsma01_disk10     1.44         0.02         0.03     101583     125439
dccebrsma05_disk3     1.80         0.06         0.02     246801      93876
dccebrsma05_disk5     1.23         0.03         0.03     115731     143594
dccebrsma01_disk12     1.76         0.04         0.04     157904     176311
dccebrsma02_disk7     2.80         0.07         0.02     305424      71472
sdhe              0.05         0.00         0.00        801          0
sdhf              0.05         0.00         0.00        801          0
dccebrsma02_disk6     1.33         0.02         0.05     104573     215196
sdhg              1.80         0.01         0.01      28488      39128
sdhh              0.05         0.00         0.00        801          0
dccebrsma01_disk11     1.46         0.01         0.04      57996     160943
sdhi              0.05         0.00         0.00        801          0
sdhj              0.05         0.00         0.00        801          0
sdhk              0.05         0.00         0.00        801          0
sdhl              0.05         0.00         0.00        801          0
sdhm              0.05         0.00         0.00        801          0
dccebrsma01_disk15     1.29         0.01         0.05      27696     210450
sdhn              0.05         0.00         0.00        801          0
sdho              1.20         0.00         0.00      19517        287
sdhp              0.05         0.00         0.00        801          0
dccebrsma04_disk5     1.18         0.01         0.02      38782      99282
sdhq              0.05         0.00         0.00        801          0
sdhr              0.05         0.00         0.00        801          0
sdhs              0.05         0.00         0.00        801          0
sdht              0.05         0.00         0.00        801          0
dccebrsma03_disk11     1.43         0.03         0.01     118418      44140
sdhu              0.05         0.00         0.00        801          0
sdhv              0.05         0.00         0.00        801          0
sdhw              0.05         0.00         0.00        801          0
sdhx              0.05         0.00         0.00        801          0
dccebrsma04_disk12     6.72         0.47         0.06    1986971     259287
sdhy              0.05         0.00         0.00        801          0
sdhz              0.05         0.00         0.00        801          0
sdia              0.05         0.00         0.00        812          0
sdib              0.05         0.00         0.00        812          0
sdic              0.05         0.00         0.00        812          0
sdid              0.05         0.00         0.00        812          0
sdie              0.05         0.00         0.00        812          0
dccebrsma02_disk13     1.56         0.02         0.06      82098     263059
sdif              1.81         0.01         0.00      29291       7014
dccebrsma03_disk8     1.51         0.01         0.03      57443     122577
sdig              0.05         0.00         0.00        812          0
sdih              0.84         0.00         0.00      12999      15972
dccebrsma05_disk12    39.48         0.33         0.20    1378706     856492
sdii              1.73         0.01         0.00      27869        326
sdij              0.05         0.00         0.00        812          0
sdik              0.05         0.00         0.00        812          0
dccebrsma01_disk16     2.23         0.02         0.14     103853     568151
sdil              0.05         0.00         0.00        812          0
sdim              0.05         0.00         0.00        812          0
sdin              0.05         0.00         0.00        812          0
sdio              0.05         0.00         0.00        812          0
sdip              0.05         0.00         0.00        812          0
sdiq              0.05         0.00         0.00        812          0
sdir              0.05         0.00         0.00        812          0
dccebrsma05_disk4     1.94         0.08         0.02     346145      93565
sdis              0.05         0.00         0.00        812          0
sdit              0.05         0.00         0.00        812          0
sdiu              0.05         0.00         0.00        812          0
sdiv              0.05         0.00         0.00        812          0
dccebrsma01_disk17     2.76         0.14         0.01     576880      53264
sdiw              0.73         0.01         0.01      50796      62684
dccebrsma04_disk10     1.55         0.02         0.03      92807     145430
sdix              0.74         0.01         0.02      28987      80442
sdiy              0.89         0.02         0.02      78962      88213
sdiz              0.68         0.01         0.03      52299     107559
sdja              1.42         0.04         0.01     152707      35752
sdjb              0.68         0.01         0.00      42850      18810
sdjc              1.34         0.01         0.01      57160      46773
sdjd              0.78         0.01         0.02      56936      79276
sdje              0.76         0.01         0.01      28703      61356
sdjf              0.60         0.00         0.01      19389      49678
dccebrsma06_disk1     2.00         0.02         0.02      85471      72002
sdjg              0.81         0.01         0.01      62719      49256
sdjh              0.54         0.01         0.00      25216      16943
sdji              0.91         0.03         0.01     123396      46928
sdjj              0.98         0.04         0.01     173041      46830
sdjk              0.62         0.01         0.02      57894      71825
sdjl              0.68         0.01         0.01      41940      52097
sdjm              0.73         0.01         0.00      28977       6716
sdjn              0.65         0.00         0.03      13869     105137
dccebrsma06_disk3     2.04         0.01         0.01      57183      40776
sdjo              1.14         0.01         0.07      51917     284482
sdjp              1.40         0.07         0.01     288465      26671
sdjq              0.71         0.01         0.00      54652      19478
sdjr              0.70         0.01         0.03      34072     131600
sdjs              0.71         0.01         0.03      31159     130146
sdjt              0.83         0.01         0.01      49791      30765
sdju              0.79         0.01         0.03      41062     131506
sdjv              1.19         0.06         0.01     246410      26392
sdjw              1.00         0.01         0.09      26838     370548
dccebrsma05_disk7     1.40         0.01         0.06      37110     240152
sdjx              0.72         0.01         0.01      59228      22095
sdjy              0.92         0.01         0.07      26714     296598
sdjz              0.73         0.01         0.00      60133      15118
sdka              0.70         0.01         0.02      27648      94939
sdkb              0.87         0.01         0.05      24437     222251
sdkc              0.79         0.01         0.02      46379      72719
sdkd              0.66         0.01         0.01      31317      28235
sdke              3.37         0.24         0.03     993583     129593
dccebrsma05_disk15     0.50         0.00         0.00       8278          0
sdkf              0.78         0.01         0.03      27834     139389
sdkg              0.71         0.00         0.03      18549     120070
sdkh              0.80         0.01         0.03      43636     121617
sdki              0.73         0.01         0.02      29437      91658
sdkj              0.62         0.01         0.00      23843      13482
sdkk              0.22         0.00         0.00       3594          0
sdkl              0.68         0.01         0.01      22609      45417
dccebrsma05_disk6     1.54         0.01         0.07      55641     278534
sdkm              0.87         0.01         0.02      35311      82023
sdkn              0.96         0.01         0.02      55795      71530
sdko              0.25         0.00         0.00       4142          0
sdkp              0.27         0.00         0.00       4178        163
sdkq              0.78         0.01         0.00      33476      14991
sdkr              0.77         0.01         0.01      26873      52872
dccebrsma04_disk16     0.50         0.00         0.00       8278          0
sdks              0.25         0.00         0.00       4142          0
sdkt              0.27         0.00         0.00       4180        159
dccebrsma01_disk23     0.53         0.00         0.00       8352        326
sdku              0.72         0.00         0.01      16216      35626
sdkv              1.11         0.01         0.02      50543      63992
sdkw              0.25         0.00         0.00       4142          0
sdkx              0.81         0.01         0.01      54943      59396
sdky              0.86         0.01         0.02      38569      95510
sdkz              0.25         0.00         0.00       4142          0
sdla              0.25         0.00         0.00       4143          0
dccebrsma05_disk9     1.44         0.01         0.04      58857     183387
sdlb              0.25         0.00         0.00       4142          0
sdlc              0.25         0.00         0.00       4142          0
sdld              0.25         0.00         0.00       4142          0
sdle              0.74         0.01         0.01      40208      25235
sdlf             19.81         0.16         0.10     689362     428298
sdlg              0.25         0.00         0.00       4142          0
dccebrsma03_disk6     2.64         0.03         0.02     114320      93552
sdlh              0.25         0.00         0.00       4142          0
sdli              0.25         0.00         0.00       4141          0
sdlj              0.25         0.00         0.00       4142          0
sdlk              1.01         0.01         0.01      42755      35992
sdll              1.39         0.01         0.06      42311     240332
dccebrsma04_disk15     0.50         0.00         0.00       8279          0
sdlm              1.04         0.01         0.00      28602      20403
sdln              1.78         0.09         0.02     379365      89571
mpatha           40.48         0.05         0.42     229282    1761406
sdlo              1.62         0.01         0.03      37269     114014
sdlp              1.44         0.01         0.11      26591     455568
sdlq              1.39         0.01         0.04      46326     157700
sdlr              0.86         0.01         0.00      32068      14873
dccebrsma04_disk19     0.50         0.00         0.00       8278          0
sdls              1.31         0.01         0.04      60903     176987
sdlt              1.27         0.01         0.02      57083      78471
dccebrsma01_disk14     1.43         0.01         0.00      57979      13434
sdlu              1.10         0.01         0.01      27451      60378
dccebrsma01_disk10p1     1.51         0.02         0.03     101115     125439
dccebrsma05_disk3p1     1.87         0.06         0.02     246333      93876
dccebrsma01_disk11p1     1.55         0.01         0.04      57527     160943
dccebrsma02_disk6p1     1.44         0.02         0.05     104105     215196
dccebrsma03_disk15     2.18         0.02         0.03     101112     127928
sdlv              1.12         0.02         0.01      68897      59683
dccebrsma01_disk12p1     1.85         0.04         0.04     157436     176311
dccebrsma05_disk5p1     1.30         0.03         0.03     115262     143594
sdlw              1.76         0.06         0.07     256757     296393
sdlx              1.17         0.01         0.02      48954      65879
dccebrsma03_disk16     0.50         0.00         0.00       8279          0
dccebrsma02_disk7p1     2.93         0.07         0.02     304956      71472
sdly              3.58         0.02         0.03      79564     105829
dccebrsma04_disk5p1     1.22         0.01         0.02      38313      99282
dccebrsma04_disk12p1     6.96         0.47         0.06    1986503     259287
dccebrsma01_disk15p1     1.41         0.01         0.05      27227     210450
dccebrsma03_disk11p1     1.47         0.03         0.01     117949      44140
dccebrsma09_disk3     1.79         0.01         0.03      26843     129091
sdlz              0.94         0.00         0.01      14816      24196
sdma              0.55         0.00         0.00       8578       6748
dccebrsma02_disk16     0.50         0.00         0.00       8279          0
sdmb              1.83         0.00         0.23      11114     967953
dccebrsma03_disk8p1     1.60         0.01         0.03      56974     122577
dccebrsma02_disk13p1     1.67         0.02         0.06      81630     263059
dccebrsma05_disk4p1     2.03         0.08         0.02     345677      93565
dccebrsma05_disk12p1    41.80         0.33         0.20    1378237     856492
sdmc              0.62         0.00         0.00       9972       4214
dccebrsma01_disk18     0.44         0.00         0.00       7185          0
sdmd              3.23         0.01         0.00      52646       1468
dccebrsma01_disk16p1     2.58         0.02         0.14     103384     568151
sdme              0.48         0.00         0.00       7478       6642
dccebrsma09_disk1     1.05         0.00         0.00      17021       4903
dccebrsma01_disk17p1     2.86         0.14         0.01     576411      53264
sdmf              0.39         0.00         0.00       6183       5558
dccebrsma04_disk10p1     1.62         0.02         0.03      92338     145430
sdmg              0.54         0.00         0.00       8512       9291
dccebrsma06_disk1p1     2.10         0.02         0.02      85003      72002
dccebrsma04_disk18     0.50         0.00         0.00       8278          0
sdmh              0.53         0.00         0.00       8515       2448
dccebrsma06_disk3p1     2.13         0.01         0.01      56714      40776
dccebrsma05_disk16     0.50         0.00         0.00       8279          0
sdmi              1.08         0.00         0.00      17558       1561
sdmj              0.90         0.00         0.02      13424      64550
dccebrsma05_disk8     1.58         0.02         0.06      87249     243013
sdmk              0.92         0.00         0.00      14816       7474
sdml              0.69         0.00         0.01      10646      24474
sdmm              0.81         0.00         0.02      11031      88495
dccebrsma05_disk10     1.21         0.01         0.01      47672      26961
sdmo              0.86         0.00         0.05      10170     215741
sdmn              0.60         0.00         0.00       9640       3583
sdmp              0.45         0.00         0.00       7187       2983
dccebrsma02_disk8     1.34         0.02         0.01      85730      37623
dccebrsma05_disk7p1     1.50         0.01         0.06      36641     240152
sdmq              0.41         0.00         0.00       6460       8108
dccebrsma05_disk15p1     0.48         0.00         0.00       7809          0
sdmr              1.03         0.00         0.00      16699       2916
sdms              0.71         0.00         0.00      11342       6810
dccebrsma04_disk7     1.06         0.01         0.01      50461      33905
sdmt              0.80         0.00         0.00      12858        883
dccebrsma03_disk14     1.41         0.01         0.02      32436      71302
sdmu              0.34         0.00         0.00       5473       2200
dccebrsma05_disk6p1     1.71         0.01         0.07      55173     278534
dccebrsma04_disk16p1     0.48         0.00         0.00       7809          0
sdmv              0.88         0.00         0.00      14105       4390
dccebrsma04_disk8     1.37         0.01         0.05      55287     189912
sdmw              1.95         0.00         0.15      16482     640124
dccebrsma01_disk23p1     0.51         0.00         0.00       7883        326
dccebrsma01_disk20     1.71         0.02         0.04      70591     164119
sdmx              0.55         0.00         0.01       8396      26339
dccebrsma01_disk21     1.89         0.03         0.03     111590     143095
sdmy              0.25         0.00         0.00       4141          0
sdmz              0.25         0.00         0.00       4142          0
dccebrsma01_disk13     1.34         0.02         0.02      83917     104054
sdna              0.25         0.00         0.00       4142          0
sdnb              0.25         0.00         0.00       4142          0
sdnc              0.25         0.00         0.00       4142          0
dccebrsma05_disk14     0.50         0.00         0.00       8278          0
sdnd              0.25         0.00         0.00       4141          0
sdne              0.25         0.00         0.00       4141          0
mpathap1          0.17         0.00         0.00        849         39
dccebrsma03_disk6p1     2.74         0.03         0.02     113851      93552
mpathap2        111.23         0.05         0.42     228186    1761366
sdnf              0.97         0.01         0.02      54554      72520
sdng              1.92         0.01         0.03      54768     115324
dccebrsma01_disk22     0.50         0.00         0.00       8279          0
dccebrsma05_disk9p1     1.52         0.01         0.04      58388     183387
sdnh              1.16         0.01         0.01      45989      39005
sdni              1.16         0.01         0.01      47510      37779
dccebrsma04_disk15p1     0.48         0.00         0.00       7810          0
sdnj              1.13         0.01         0.01      38806      29296
dccebrsma02_disk17     0.53         0.00         0.00       8354        319
sdnk              1.13         0.01         0.03      48477     112399
sdnl              1.21         0.01         0.04      48395     187522
sdnm              0.92         0.01         0.01      30834      40224
dccebrsma05_disk13     0.50         0.00         0.00       8279          0
sdnn              2.14         0.02         0.03      84821     108179
sdno              1.39         0.01         0.01      34401      52200
dccebrsma04_disk19p1     0.48         0.00         0.00       7810          0
dccebrsma04_disk17     0.50         0.00         0.00       8278          0
sdnp              1.07         0.01         0.02      52578      68399
dccebrsma01_disk14p1     1.46         0.01         0.00      57511      13434
sdnq              0.25         0.00         0.00       4142          0
sdnr              0.25         0.00         0.00       4142          0
dccebrsma02_disk16p1     0.48         0.00         0.00       7810          0
dccebrsma03_disk15p1     2.28         0.02         0.03     100643     127928
dccebrsma07_disk5     3.47         0.12         0.14     513478     593244
sdns              0.25         0.00         0.00       4140          0
sdnt              0.25         0.00         0.00       4142          0
dccebrsma02_disk14     1.53         0.02         0.01      67008      29979
sdnu              0.25         0.00         0.00       4142          0
sdnv              0.25         0.00         0.00       4140          0
sdnw              0.25         0.00         0.00       4141          0
dccebrsma03_disk16p1     0.48         0.00         0.00       7810          0
sdnx              0.25         0.00         0.00       4141          0
dccebrsma02_disk15     1.51         0.01         0.03      53766     105807
dccebrsma09_disk3p1     1.82         0.01         0.03      26374     129091
sdny              0.25         0.00         0.00       4141          0
sdnz              0.25         0.00         0.00       4142          0
dccebrsma08_disk1     1.87         0.01         0.01      29628      48316
sdoa              0.25         0.00         0.00       4140          0
sdob              0.25         0.00         0.00       4142          0
sdoc              0.25         0.00         0.00       4141          0
dccebrsma09_disk1p1     1.04         0.00         0.00      16552       4903
sdod              0.41         0.00         0.00       6497       2912
dccebrsma06_disk2     2.73         0.02         0.11      84560     480415
sdoe              0.29         0.00         0.00       4378       4777
sdof              0.28         0.00         0.00       4332        152
dccebrsma09_disk2     2.16         0.01         0.00      35113       3136
sdog              0.31         0.00         0.00       4657       6804
dccebrsma04_disk18p1     0.48         0.00         0.00       7809          0
sdoh              0.34         0.00         0.00       5020       7341
dccebrsma05_disk10p1     1.25         0.01         0.01      47203      26961
dccebrsma10_disk7     1.75         0.01         0.00      28207       8777
dccebrsma02_disk8p1     1.38         0.02         0.01      85262      37623
sdoj              0.33         0.00         0.00       5089       5152
sdoi              0.31         0.00         0.00       4660       5446
sdok              0.25         0.00         0.00       4142          0
sdol              0.29         0.00         0.00       4472       4659
dccebrsma09_disk5     1.37         0.01         0.01      21291      48955
dccebrsma05_disk8p1     1.70         0.02         0.06      86780     243013
sdom              0.33         0.00         0.00       5035       6709
sdon              0.55         0.00         0.03       6440     121309
dccebrsma06_disk7     2.72         0.02         0.08      92681     315905
sdoo              0.33         0.00         0.00       5132       1221
dccebrsma03_disk14p1     1.46         0.01         0.02      31967      71302
sdop              0.15         0.00         0.00       2490          0
sdoq              0.45         0.00         0.00       7061       6428
dccebrsma10_disk10     0.50         0.00         0.00       8278          0
sdor              0.36         0.00         0.00       5405       8970
dccebrsma04_disk7p1     1.12         0.01         0.01      49993      33905
dccebrsma01_disk20p1     1.80         0.02         0.04      70123     164119
sdos              1.46         0.00         0.09      15505     361661
sdot              0.44         0.00         0.00       6880       7375
dccebrsma04_disk8p1     1.45         0.01         0.05      54818     189912
sdou              0.71         0.00         0.05       6305     219054
dccebrsma03_disk9     2.35         0.12         0.01     492895      52699
sdov              0.37         0.00         0.00       5293       2418
dccebrsma05_disk16p1     0.48         0.00         0.00       7810          0
sdow              0.62         0.00         0.00       9660       1847
dccebrsma05_disk14p1     0.48         0.00         0.00       7810          0
sdox              0.48         0.00         0.00       7654       1393
dccebrsma10_disk6     0.68         0.00         0.00      10940       4411
sdoy              0.48         0.00         0.03       5385     116672
dccebrsma01_disk13p1     1.42         0.02         0.02      83449     104054
dccebrsma01_disk21p1     2.00         0.03         0.03     111122     143095
sdoz              0.35         0.00         0.00       5409       3301
sdpa              0.51         0.00         0.00       8011       2942
dccebrsma04_disk9     1.72         0.01         0.11      48829     444506
sdpb              0.32         0.00         0.00       5072       3652
dccebrsma02_disk17p1     0.51         0.00         0.00       7886        319
sdpc              0.54         0.00         0.00       8703       1500
dccebrsma04_disk14     1.69         0.02         0.05      77141     191067
sdpd              0.98         0.00         0.00      15886       3262
sdpe              0.50         0.00         0.00       7956       5105
dccebrsma07_disk5p1     3.80         0.12         0.14     513010     593244
sdpf              0.32         0.00         0.00       4893       7116
sdpg              0.25         0.00         0.00       4141          0
dccebrsma10_disk14     0.50         0.00         0.00       8279          0
dccebrsma05_disk13p1     0.48         0.00         0.00       7810          0
dccebrsma01_disk22p1     0.48         0.00         0.00       7810          0
dccebrsma08_disk1p1     1.87         0.01         0.01      29160      48316
dccebrsma04_disk17p1     0.48         0.00         0.00       7810          0
dccebrsma06_disk5     3.20         0.02         0.05      74578     228072
dccebrsma10_disk7p1     1.74         0.01         0.00      27738       8777
dccebrsma10_disk4     1.42         0.01         0.00      22679      13617
dccebrsma02_disk14p1     1.58         0.02         0.01      66539      29979
dccebrsma04_disk13     1.59         0.03         0.03     109886     118789
dccebrsma06_disk2p1     2.99         0.02         0.11      84092     480415
dccebrsma03_disk7     1.55         0.03         0.04     113818     158414
dccebrsma02_disk15p1     1.60         0.01         0.03      53297     105807
dccebrsma09_disk2p1     2.14         0.01         0.00      34645       3136
dccebrsma10_disk10p1     0.48         0.00         0.00       7809          0
dccebrsma02_disk9     1.39         0.03         0.01     109314      38905
dccebrsma11_disk12     1.92         0.03         0.03     109092     145118
dccebrsma09_disk5p1     1.37         0.00         0.01      20823      48955
dccebrsma09_disk8     1.71         0.00         0.10      20335     431850
dccebrsma03_disk9p1     2.44         0.12         0.01     492426      52699
dccebrsma04_disk14p1     1.82         0.02         0.05      76673     191067
dccebrsma10_disk2     0.81         0.00         0.00      12912      16223
dccebrsma06_disk7p1     2.92         0.02         0.08      92213     315905
dccebrsma10_disk6p1     0.66         0.00         0.00      10471       4411
dccebrsma10_disk3     2.05         0.01         0.00      33391       5806
dccebrsma10_disk14p1     0.48         0.00         0.00       7810          0
dccebrsma04_disk9p1     1.90         0.01         0.11      48361     444506
dccebrsma06_disk4     3.52         0.18         0.04     758866     179055
dccebrsma09_disk6     1.60         0.01         0.04      22058     176904
dccebrsma06_disk5p1     3.37         0.02         0.05      74110     228072
dccebrsma10_disk4p1     1.40         0.01         0.00      22211      13617
dccebrsma04_disk13p1     1.68         0.03         0.03     109418     118789
dccebrsma07_disk4     2.21         0.03         0.03     137813     119322
dccebrsma03_disk7p1     1.62         0.03         0.04     113349     158414
dccebrsma11_disk14     2.28         0.02         0.02      91931      77964
dccebrsma02_disk9p1     1.43         0.03         0.01     108846      38905
dccebrsma04_disk6     1.59         0.03         0.02     125380      98537
dccebrsma09_disk8p1     1.86         0.00         0.10      19867     431850
dccebrsma11_disk12p1     2.03         0.03         0.03     108623     145118
dccebrsma10_disk15     0.50         0.00         0.00       8278          0
dccebrsma02_disk12     1.62         0.02         0.01      99545      61489
dccebrsma10_disk16     0.50         0.00         0.00       8278          0
dccebrsma10_disk2p1     0.80         0.00         0.00      12444      16223
dccebrsma10_disk3p1     2.03         0.01         0.00      32923       5806
dccebrsma10_disk13     0.50         0.00         0.00       8278          0
dccebrsma06_disk4p1     3.71         0.18         0.04     758398     179055
dccebrsma06_disk6     2.84         0.01         0.22      53179     911361
dccebrsma09_disk6p1     1.71         0.01         0.04      21590     176904
dccebrsma08_disk4     1.24         0.00         0.00      19940       8397
dccebrsma07_disk4p1     2.31         0.03         0.03     137344     119322
dccebrsma11_disk14p1     2.35         0.02         0.02      91462      77964
dccebrsma11_disk15     2.28         0.02         0.02      94979      75559
dccebrsma04_disk6p1     1.66         0.03         0.02     124912      98537
dccebrsma10_disk12     0.50         0.00         0.00       8279          0
dccebrsma10_disk15p1     0.48         0.00         0.00       7809          0
dccebrsma02_disk12p1     1.69         0.02         0.01      99077      61489
dccebrsma07_disk6     2.30         0.02         0.03      97942     131687
dccebrsma05_disk11     1.45         0.02         0.01      80342      50437
dccebrsma10_disk16p1     0.48         0.00         0.00       7810          0
dccebrsma02_disk11     1.41         0.01         0.06      62349     260119
dccebrsma10_disk13p1     0.48         0.00         0.00       7809          0
dccebrsma06_disk6p1     3.29         0.01         0.22      52710     911361
dccebrsma11_disk13     3.80         0.03         0.05     109587     230405
dccebrsma08_disk4p1     1.23         0.00         0.00      19472       8397
dccebrsma07_disk7     7.13         0.04         0.05     159057     211653
dccebrsma11_disk15p1     2.45         0.02         0.02      94510      75559
dccebrsma03_disk12     1.82         0.01         0.14      53400     593193
dccebrsma08_disk7     0.78         0.00         0.00      12358      11098
dccebrsma10_disk12p1     0.48         0.00         0.00       7810          0
dccebrsma07_disk6p1     2.40         0.02         0.03      97473     131687
dccebrsma10_disk1     0.89         0.00         0.00      14370       5984
dccebrsma05_disk11p1     1.51         0.02         0.01      79873      50437
dccebrsma08_disk5     6.44         0.03         0.00     105287       2938
dccebrsma02_disk10     1.39         0.02         0.06      68103     263266
dccebrsma02_disk11p1     1.53         0.01         0.06      61880     260119
dccebrsma10_disk5     1.58         0.01         0.00      25711       1760
dccebrsma07_disk7p1     7.30         0.04         0.05     158589     211653
dccebrsma11_disk13p1     3.95         0.03         0.05     109118     230405
dccebrsma12_disk1     4.18         0.04         0.05     169620     216472
dccebrsma03_disk13     1.43         0.03         0.01     120293      30204
dccebrsma08_disk7p1     0.77         0.00         0.00      11890      11098
dccebrsma07_disk3     2.15         0.01         0.03      54896     120902
dccebrsma03_disk12p1     2.07         0.01         0.14      52932     593193
dccebrsma03_disk10     1.97         0.01         0.18      53642     741122
dccebrsma10_disk1p1     0.88         0.00         0.00      13902       5984
dccebrsma07_disk1     2.59         0.03         0.08     121845     353732
dccebrsma08_disk5p1     6.42         0.02         0.00     104818       2938
dccebrsma01_disk19     1.32         0.01         0.02      45194      90854
dccebrsma02_disk10p1     1.50         0.02         0.06      67634     263266
dccebrsma10_disk5p1     1.56         0.01         0.00      25242       1760
dccebrsma12_disk4     0.50         0.00         0.00       8278          0
dccebrsma10_disk9     1.10         0.00         0.01      16788      52696
dccebrsma12_disk1p1     4.53         0.04         0.05     169151     216472
dccebrsma04_disk11     1.29         0.01         0.01      62627      56464
dccebrsma03_disk13p1     1.47         0.03         0.01     119824      30204
dccebrsma07_disk3p1     2.26         0.01         0.03      54428     120902
dccebrsma10_disk8     3.80         0.01         0.31      32958    1280610
dccebrsma09_disk7     1.19         0.00         0.00      19277       7182
dccebrsma03_disk10p1     2.28         0.01         0.18      53173     741122
dccebrsma07_disk1p1     2.80         0.03         0.08     121376     353732
dccebrsma08_disk3     3.59         0.01         0.46      22221    1936842
dccebrsma01_disk19p1     1.40         0.01         0.02      44726      90854
dccebrsma11_disk16     2.21         0.02         0.01      77631      58718
dccebrsma12_disk4p1     0.48         0.00         0.00       7810          0
dccebrsma11_disk17     2.21         0.02         0.05      96983     224841
dccebrsma12_disk8     0.50         0.00         0.00       8279          0
dccebrsma04_disk11p1     1.34         0.01         0.01      62159      56464
dccebrsma10_disk9p1     1.10         0.00         0.01      16319      52696
dccebrsma08_disk2     1.08         0.00         0.00      17149      13491
dccebrsma10_disk8p1     4.83         0.01         0.31      32489    1280610
dccebrsma09_disk7p1     1.18         0.00         0.00      18809       7182
dccebrsma08_disk6     0.95         0.00         0.00      14952      13249
dccebrsma12_disk5     0.50         0.00         0.00       8279          0
dccebrsma08_disk3p1     4.57         0.01         0.46      21753    1936842
dccebrsma10_disk11     0.50         0.00         0.00       8279          0
dccebrsma11_disk16p1     2.43         0.02         0.01      77162      58718
dccebrsma07_disk2     2.50         0.03         0.04     114172     156910
dccebrsma11_disk17p1     2.37         0.02         0.05      96514     224841
dccebrsma13_disk7     0.50         0.00         0.00       8279          0
dccebrsma12_disk8p1     0.48         0.00         0.00       7810          0
dccebrsma13_disk18     0.69         0.00         0.00      10813       6593
dccebrsma08_disk2p1     1.07         0.00         0.00      16681      13491
dccebrsma12_disk7     0.50         0.00         0.00       8279          0
dccebrsma08_disk6p1     0.94         0.00         0.00      14484      13249
dccebrsma09_disk4     1.84         0.01         0.00      29628      14995
dccebrsma12_disk5p1     0.48         0.00         0.00       7810          0
dccebrsma06_disk9     2.88         0.01         0.17      31002     723729
dccebrsma10_disk11p1     0.48         0.00         0.00       7810          0
dccebrsma12_disk9     0.55         0.00         0.00       8658        305
dccebrsma13_disk8     0.50         0.00         0.00       8277          0
dccebrsma13_disk7p1     0.48         0.00         0.00       7810          0
dccebrsma07_disk2p1     2.65         0.03         0.04     113704     156910
dccebrsma11_disk18     2.38         0.02         0.09      96811     375456
dccebrsma13_disk18p1     0.67         0.00         0.00      10344       6593
dccebrsma08_disk8     1.08         0.00         0.00      17019      18590
dccebrsma12_disk7p1     0.48         0.00         0.00       7810          0
dccebrsma09_disk4p1     1.83         0.01         0.00      29159      14995
ddccebrsma06_disk8     1.69         0.02         0.01      64152      29719
dccebrsma06_disk9p1     3.36         0.01         0.17      30534     723729
vmax_dccebrsma09_disk17     1.01         0.00         0.00      16017       5863
dccebrsma12_disk9p1     0.52         0.00         0.00       8189        305
dccebrsma11_disk20     0.57         0.00         0.00       8751       9550
dccebrsma13_disk8p1     0.48         0.00         0.00       7808          0
dccebrsma13_disk1     0.50         0.00         0.00       8277          0
dccebrsma11_disk18p1     2.62         0.02         0.09      96342     375456
dccebrsma08_disk8p1     1.07         0.00         0.00      16551      18590
dccebrsma12_disk15     0.58         0.00         0.00       8937       9289
ddccebrsma06_disk8p1     1.75         0.02         0.01      63684      29719
dccebrsma12_disk17     1.08         0.00         0.06      12876     242523
dccebrsma12_disk10     0.61         0.00         0.00       9312      13586
vmax_dccebrsma09_disk17p1     0.99         0.00         0.00      15549       5863
dccebrsma12_disk2     2.74         0.02         0.02      68797     104499
dccebrsma11_disk20p1     0.55         0.00         0.00       8282       9550
dccebrsma13_disk1p1     0.48         0.00         0.00       7808          0
dccebrsma12_disk15p1     0.56         0.00         0.00       8468       9289
dccebrsma12_disk17p1     1.15         0.00         0.06      12407     242523
dccebrsma12_disk10p1     0.60         0.00         0.00       8843      13586
vsp_g700_dccebrsma09_disk10     1.08         0.00         0.00      17401       2990
dccebrsma12_disk2p1     2.85         0.02         0.02      68328     104499
dccebrsma12_disk14     0.50         0.00         0.00       8277          0
dccebrsma12_disk12     0.60         0.00         0.00       9315      10873
dccebrsma13_disk14     0.71         0.00         0.00      10582       4833
dccebrsma12_disk3     2.11         0.03         0.03     105137     136842
dccebrsma12_disk18     0.65         0.00         0.00      10260       2448
vsp_g700_dccebrsma09_disk10p1     1.05         0.00         0.00      16932       2990
dccebrsma12_disk14p1     0.48         0.00         0.00       7808          0
dccebrsma12_disk16     0.65         0.00         0.00      10065      13435
dccebrsma11_disk19     1.81         0.01         0.02      61620      80416
dccebrsma13_disk14p1     0.70         0.00         0.00      10113       4833
dccebrsma13_disk2     0.50         0.00         0.00       8277          0
dccebrsma12_disk12p1     0.59         0.00         0.00       8846      10873
dccebrsma06_disk11     0.70         0.00         0.00      10806      17914
dccebrsma12_disk3p1     2.20         0.02         0.03     104669     136842
dccebrsma13_disk5     0.50         0.00         0.00       8278          0
dccebrsma12_disk18p1     0.63         0.00         0.00       9791       2448
vsp_g700_dccebrsma09_disk13     0.63         0.00         0.00       9781      14200
dccebrsma12_disk16p1     0.64         0.00         0.00       9596      13435
dccebrsma11_disk19p1     1.88         0.01         0.02      61151      80416
dccebrsma13_disk4     0.50         0.00         0.00       8277          0
dccebrsma13_disk2p1     0.48         0.00         0.00       7809          0
dccebrsma13_disk3     0.50         0.00         0.00       8277          0
dccebrsma06_disk14     0.88         0.00         0.00      13755      14724
dccebrsma06_disk11p1     0.70         0.00         0.00      10337      17914
dccebrsma13_disk16     0.95         0.00         0.00      15303       2790
dccebrsma13_disk5p1     0.48         0.00         0.00       7809          0
dccebrsma13_disk15     1.22         0.00         0.00      19321       3675
vsp_g700_dccebrsma09_disk13p1     0.61         0.00         0.00       9312      14200
dccebrsma13_disk4p1     0.48         0.00         0.00       7808          0
dccebrsma13_disk6     0.50         0.00         0.00       8278          0
dccebrsma13_disk3p1     0.48         0.00         0.00       7808          0
vsp_g700_dccebrsma07_disk9     0.50         0.00         0.00       8277          0
dccebrsma06_disk15     0.90         0.00         0.00      14120      12858
dccebrsma06_disk14p1     0.87         0.00         0.00      13286      14724
dccebrsma12_disk6     0.50         0.00         0.00       8277          0
dccebrsma13_disk16p1     0.93         0.00         0.00      14835       2790
vsp_g700_dccebrsma09_disk9     0.64         0.00         0.00      10142       7303
dccebrsma13_disk15p1     1.22         0.00         0.00      18852       3675
dccebrsma13_disk6p1     0.48         0.00         0.00       7809          0
vmax_dccebrsma09_disk19     0.30         0.00         0.00       4977          0
vsp_g700_dccebrsma07_disk9p1     0.48         0.00         0.00       7808          0
vsp_g700_dccebrsma09_disk12     1.00         0.00         0.00      15906      10204
dccebrsma06_disk15p1     0.89         0.00         0.00      13651      12858
dccebrsma12_disk13     0.65         0.00         0.00      10175      10296
dccebrsma12_disk6p1     0.48         0.00         0.00       7808          0
dccebrsma13_disk17     0.94         0.00         0.06      10765     233544
vsp_g700_dccebrsma09_disk9p1     0.62         0.00         0.00       9673       7303
vsp_g700_dccebrsma09_disk11     1.96         0.01         0.00      31770       6517
dccebrsma11_disk21     0.82         0.00         0.00      12987       5795
vsp_g700_dccebrsma09_disk12p1     0.98         0.00         0.00      15437      10204
dccebrsma12_disk11     0.67         0.00         0.00      10035      14677
dccebrsma12_disk13p1     0.64         0.00         0.00       9706      10296
dccebrsma06_disk10     1.39         0.00         0.10      12607     438327
dccebrsma13_disk17p1     1.01         0.00         0.06      10296     233544
dccebrsma11_disk3     1.75         0.01         0.01      27688      39128
vsp_g700_dccebrsma09_disk11p1     1.94         0.01         0.00      31301       6517
dccebrsma11_disk4     1.57         0.01         0.00      25237      12701
dccebrsma11_disk21p1     0.80         0.00         0.00      12518       5795
dccebrsma11_disk9     1.75         0.01         0.00      28481       7014
dccebrsma12_disk11p1     0.66         0.00         0.00       9567      14677
dccebrsma11_disk6     1.03         0.00         0.00      16820          0
dccebrsma11_disk2     1.45         0.01         0.00      23147      13574
dccebrsma06_disk10p1     1.72         0.00         0.10      12138     438327
dccebrsma11_disk3p1     1.75         0.01         0.01      27220      39128
dccebrsma11_disk5     0.78         0.00         0.00      12189      15972
dccebrsma11_disk4p1     1.56         0.01         0.00      24768      12701
dccebrsma11_disk10     1.33         0.01         0.00      21168      12127
dccebrsma11_disk9p1     1.74         0.01         0.00      28013       7014
dccebrsma11_disk6p1     1.00         0.00         0.00      16352          0
dccebrsma11_disk2p1     1.44         0.01         0.00      22679      13574
dccebrsma11_disk5p1     0.77         0.00         0.00      11721      15972
dccebrsma11_disk10p1     1.31         0.00         0.00      20699      12127
dccebrsma11_disk8     1.38         0.01         0.00      22344       6525
dccebrsma11_disk1     1.67         0.01         0.00      27059        326
dccebrsma11_disk11     1.20         0.00         0.00      19307       4300
dccebrsma11_disk8p1     1.36         0.01         0.00      21875       6525
dccebrsma11_disk1p1     1.65         0.01         0.00      26590        326
dccebrsma11_disk11p1     1.18         0.00         0.00      18838       4300
dccebrsma11_disk7     1.15         0.00         0.00      18718        287
dccebrsma11_disk7p1     1.12         0.00         0.00      18249        287
VGroup00-lv_swap     0.34         0.00         0.00       5656          0
VGroup00-lv_root    99.76         0.01         0.38      49630    1615777
VGroup00-lv_var     6.03         0.03         0.02     115028      83087
VGroup00-lv_home     0.47         0.00         0.00       2775       4912
VGroup00-lv_tmp     0.64         0.00         0.00       2880       7572
VGroup00-lv_simpana     3.55         0.01         0.01      44347      50017
VGroup00-lvo10     0.16         0.00         0.00       2656          0
clusvg9_4-lv9_4     1.54         0.01         0.00      24557      14995
clusvg12_7-lv12_7     0.20         0.00         0.00       3208          0
clusvg13_18-lv13_18     0.39         0.00         0.00       5742       6593
clusvg13_7-lv13_7     0.20         0.00         0.00       3208          0
clusvg7_2-lv7_2     2.33         0.03         0.04     109101     156910
clusvg10_11-lv10_11     0.20         0.00         0.00       3208          0
clusvg12_5-lv12_5     0.20         0.00         0.00       3208          0
clusvg8_6-lv8_6     0.65         0.00         0.00       9882      13249
clusvg8_2-lv8_2     0.78         0.00         0.00      12079      13491
clusvg12_8-lv12_8     0.20         0.00         0.00       3208          0
clusvg11_17-lv11_17     2.05         0.02         0.05      91912     224841
clusvg11_16-lv11_16     2.11         0.02         0.01      72560      58718
clusvg8_3-lv8_3     4.22         0.00         0.46      17151    1936842
clusvg9_7-lv9_7     0.89         0.00         0.00      14206       7182
clusvg10_8-lv10_8     4.45         0.01         0.31      27887    1280610
clusvg10_9-lv10_9     0.82         0.00         0.01      11717      52696
clusvg4_11-lv4_11     1.04         0.01         0.01      57556      56464
clusvg12_4-lv12_4     0.20         0.00         0.00       3208          0
clusvg1_19-lv1_19     1.10         0.01         0.02      40124      90854
clusvg7_1-lv7_1     2.48         0.03         0.08     116774     353732
clusvg3_10-lv3_10     1.97         0.01         0.18      48571     741122
clusvg7_3-lv7_3     1.93         0.01         0.03      49826     120902
clusvg3_13-lv3_13     1.17         0.03         0.01     115222      30204
clusvg12_1-lv12_1     4.15         0.04         0.05     164549     216472
clusvg10_5-lv10_5     1.27         0.00         0.00      20640       1760
clusvg2_10-lv2_10     1.20         0.02         0.06      63032     263266
clusvg8_5-lv8_5     6.13         0.02         0.00     100216       2938
clusvg10_1-lv10_1     0.59         0.00         0.00       9300       5984
clusvg3_12-lv3_12     1.77         0.01         0.14      48330     593193
clusvg8_7-lv8_7     0.48         0.00         0.00       7288      11098
clusvg11_13-lv11_13     3.63         0.02         0.05     104516     230405
clusvg7_7-lv7_7     6.99         0.04         0.05     153987     211653
clusvg2_11-lv2_11     1.23         0.01         0.06      57278     260119
clusvg5_11-lv5_11     1.20         0.02         0.01      75272      50437
clusvg7_6-lv7_6     2.09         0.02         0.03      92871     131687
clusvg10_12-lv10_12     0.20         0.00         0.00       3208          0
clusvg11_15-lv11_15     2.13         0.02         0.02      89908      75559
clusvg8_4-lv8_4     0.94         0.00         0.00      14870       8397
clusvg6_6-lv6_6     2.97         0.01         0.22      48108     911361
clusvg10_13-lv10_13     0.20         0.00         0.00       3207          0
clusvg10_16-lv10_16     0.20         0.00         0.00       3208          0
clusvg2_12-lv2_12     1.38         0.02         0.01      94475      61489
clusvg10_15-lv10_15     0.20         0.00         0.00       3208          0
clusvg4_6-lv4_6     1.36         0.03         0.02     120310      98537
clusvg11_14-lv11_14     2.04         0.02         0.02      86861      77964
clusvg7_4-lv7_4     1.99         0.03         0.03     132742     119322
clusvg9_6-lv9_6     1.41         0.00         0.04      16988     176904
clusvg6_4-lv6_4     3.39         0.18         0.04     753796     179055
clusvg10_3-lv10_3     1.75         0.01         0.00      28321       5806
clusvg10_2-lv10_2     0.51         0.00         0.00       7842      16223
clusvg11_12-lv11_12     1.72         0.02         0.03     104022     145118
clusvg9_8-lv9_8     1.57         0.00         0.10      15265     431850
clusvg2_9-lv2_9     1.13         0.02         0.01     104244      38905
clusvg3_7-lv3_7     1.32         0.03         0.04     108747     158414
clusvg4_13-lv4_13     1.37         0.02         0.03     104816     118789
clusvg10_4-lv10_4     1.12         0.00         0.00      17609      13617
clusvg6_5-lv6_5     3.05         0.02         0.05      69508     228072
clusvg4_9-lv4_9     1.59         0.01         0.11      43759     444506
clusvg10_14-lv10_14     0.20         0.00         0.00       3208          0
clusvg10_6-lv10_6     0.38         0.00         0.00       5870       4411
clusvg6_7-lv6_7     2.59         0.02         0.08      87611     315905
clusvg4_14-lv4_14     1.51         0.02         0.05      72071     191067
clusvg3_9-lv3_9     2.14         0.12         0.01     487825      52699
clusvg9_5-lv9_5     1.09         0.00         0.01      16221      48955
clusvg10_10-lv10_10     0.20         0.00         0.00       3208          0
clusvg9_2-lv9_2     1.85         0.01         0.00      30043       3136
clusvg2_15-lv2_15     1.29         0.01         0.03      48696     105807
clusvg6_2-lv6_2     2.67         0.02         0.11      79490     480415
clusvg2_14-lv2_14     1.28         0.01         0.01      61938      29979
clusvg10_7-lv10_7     1.45         0.01         0.00      23137       8777
clusvg4_17-lv4_17     0.20         0.00         0.00       3209          0
clusvg8_1-lv8_1     1.58         0.01         0.01      24558      48316
clusvg1_22-lv1_22     0.20         0.00         0.00       3209          0
clusvg5_13-lv5_13     0.20         0.00         0.00       3209          0
clusvg7_5-lv7_5     3.47         0.12         0.14     508408     593244
clusvg2_17-lv2_17     0.22         0.00         0.00       3284        319
clusvg1_21-lv1_21     1.69         0.03         0.03     106521     143095
clusvg1_13-lv1_13     1.12         0.02         0.02      78847     104054
clusvg5_14-lv5_14     0.20         0.00         0.00       3208          0
clusvg5_16-lv5_16     0.20         0.00         0.00       3208          0
clusvg1_20-lv1_20     1.49         0.02         0.04      65522     164119
clusvg4_8-lv4_8     1.15         0.01         0.05      50217     189912
clusvg4_7-lv4_7     0.82         0.01         0.01      45391      33905
clusvg3_14-lv3_14     1.15         0.01         0.02      27366      71302
clusvg11_7-lv11_7     0.83         0.00         0.00      13646        287
clusvg5_8-lv5_8     1.40         0.02         0.06      82179     243013
clusvg2_8-lv2_8     1.07         0.02         0.01      80660      37623
clusvg11_11-lv11_11     0.89         0.00         0.00      14236       4300
clusvg11_1-lv11_1     1.36         0.01         0.00      21987        326
clusvg5_10-lv5_10     0.95         0.01         0.01      42602      26961
clusvg11_8-lv11_8     1.08         0.00         0.00      17272       6525
clusvg4_18-lv4_18     0.20         0.00         0.00       3208          0
clusvg9_1-lv9_1     0.75         0.00         0.00      11951       4903
clusvg11_10-lv11_10     1.02         0.00         0.00      16096      12127
clusvg11_5-lv11_5     0.48         0.00         0.00       7118      15972
clusvg9_3-lv9_3     1.53         0.01         0.03      21773     129091
clusvg11_2-lv11_2     1.15         0.00         0.00      18076      13574
clusvg3_16-lv3_16     0.20         0.00         0.00       3209          0
clusvg11_9-lv11_9     1.45         0.01         0.00      23410       7014
clusvg11_4-lv11_4     1.27         0.00         0.00      20166      12701
clusvg3_15-lv3_15     1.97         0.02         0.03      96042     127928
clusvg2_16-lv2_16     0.20         0.00         0.00       3209          0
clusvg11_3-lv11_3     1.46         0.01         0.01      22617      39128
clusvg1_14-lv1_14     1.16         0.01         0.00      52910      13434
clusvg06_10-lv06_10     1.40         0.00         0.10       7537     438327
clusvg4_19-lv4_19     0.20         0.00         0.00       3209          0
clusvg12_11-lv12_11     0.37         0.00         0.00       4966      14677
clusvg4_15-lv4_15     0.20         0.00         0.00       3209          0
clusvg11_21-lv11_21     0.52         0.00         0.00       7917       5795
clusvg5_9-lv5_9     1.22         0.01         0.04      53787     183387
clusvg9_11-lv9_11     1.66         0.01         0.00      26700       6517
clusvg3_6-lv3_6     2.43         0.03         0.02     109250      93552
clusvg13_17-lv13_17     0.71         0.00         0.06       5695     233544
clusvg12_13-lv12_13     0.35         0.00         0.00       5105      10296
clusvg9_12-lv9_12     0.69         0.00         0.00      10836      10204
clusvg1_23-lv1_23     0.22         0.00         0.00       3282        326
clusvg9_9-lv9_9     0.34         0.00         0.00       5072       7303
clusvg4_16-lv4_16     0.20         0.00         0.00       3209          0
clusvg5_6-lv5_6     1.40         0.01         0.07      50572     278534
clusvg12_6-lv12_6     0.20         0.00         0.00       3208          0
clusvg06_15-lv06_15     0.60         0.00         0.00       9051      12858
clusvg5_15-lv5_15     0.20         0.00         0.00       3209          0
clusvg5_7-lv5_7     1.21         0.01         0.06      32040     240152
clusvg7_9-lv7_9     0.20         0.00         0.00       3207          0
clusvg13_6-lv13_6     0.20         0.00         0.00       3208          0
clusvg13_15-lv13_15     0.93         0.00         0.00      14252       3675
clusvg6_3-lv6_3     1.82         0.01         0.01      52113      40776
clusvg13_16-lv13_16     0.64         0.00         0.00      10234       2790
clusvg6_1-lv6_1     1.79         0.02         0.02      80402      72002
clusvg06_14-lv06_14     0.58         0.00         0.00       8686      14724
clusvg4_10-lv4_10     1.31         0.02         0.03      87737     145430
clusvg1_17-lv1_17     2.55         0.14         0.01     571810      53264
clusvg13_3-lv13_3     0.20         0.00         0.00       3208          0
clusvg1_16-lv1_16     2.26         0.02         0.14      98783     568151
clusvg13_4-lv13_4     0.20         0.00         0.00       3208          0
clusvg5_12-lv5_12    41.39         0.33         0.20    1373636     856492
clusvg9_13-lv9_13     0.33         0.00         0.00       4712      14200
clusvg5_4-lv5_4     1.72         0.08         0.02     341076      93565
clusvg2_13-lv2_13     1.37         0.02         0.06      77029     263059
clusvg13_5-lv13_5     0.20         0.00         0.00       3208          0
clusvg3_8-lv3_8     1.30         0.01         0.03      52374     122577
clusvg06_11-lv06_11     0.41         0.00         0.00       5736      17914
clusvg3_11-lv3_11     1.17         0.03         0.01     113349      44140
clusvg4_12-lv4_12     6.65         0.47         0.06    1981902     259287
clusvg13_2-lv13_2     0.20         0.00         0.00       3208          0
clusvg1_15-lv1_15     1.11         0.01         0.05      22627     210450
clusvg4_5-lv4_5     0.92         0.01         0.02      33713      99282
clusvg11_19-lv11_19     1.57         0.01         0.02      56551      80416
clusvg2_7-lv2_7     2.60         0.07         0.02     300355      71472
clusvg12_16-lv12_16     0.35         0.00         0.00       4995      13435
clusvg5_5-lv5_5     1.00         0.03         0.03     110662     143594
clusvg12_18-lv12_18     0.34         0.00         0.00       5190       2448
clusvg1_12-lv1_12     1.55         0.04         0.04     152835     176311
clusvg12_3-lv12_3     1.89         0.02         0.03     100068     136842
clusvg2_6-lv2_6     1.14         0.02         0.05      99505     215196
clusvg1_11-lv1_11     1.25         0.01         0.04      52927     160943
clusvg12_12-lv12_12     0.30         0.00         0.00       4246      10873
clusvg5_3-lv5_3     1.57         0.06         0.02     241732      93876
clusvg1_10-lv1_10     1.21         0.02         0.03      96514     125439
clusvg13_14-lv13_14     0.40         0.00         0.00       5513       4833
clusvg12_14-lv12_14     0.20         0.00         0.00       3208          0
clusvg9_10-lv9_10     0.77         0.00         0.00      12332       2990
clusvg12_2-lv12_2     2.53         0.02         0.02      63728     104499
clusvg12_10-lv12_10     0.31         0.00         0.00       4242      13586
clusvg12_17-lv12_17     0.85         0.00         0.06       7807     242523
clusvg12_15-lv12_15     0.28         0.00         0.00       3868       9289
clusvg13_1-lv13_1     0.20         0.00         0.00       3208          0
clusvg11_20-lv11_20     0.26         0.00         0.00       3682       9550
clusvg06_12-lv06_12     0.70         0.00         0.00      10948       5863
clusvg6_8-lv6_8     1.43         0.01         0.01      59083      29719
clusvg8_8-lv8_8     0.78         0.00         0.00      11951      18590
clusvg11_18-lv11_18     2.29         0.02         0.09      91742     375456
clusvg13_8-lv13_8     0.20         0.00         0.00       3208          0
clusvg12_9-lv12_9     0.24         0.00         0.00       3589        305
clusvg06_09-lv06_09     3.04         0.01         0.17      26156     723729

Filesystem:               rMB_nor/s    wMB_nor/s    rMB_dir/s    wMB_dir/s    rMB_svr/s    wMB_svr/s     ops/s    rops/s    wops/s



Filesystem            Size  Used Avail Use% Mounted on
/dev/mapper/VGroup00-lv_root
                       57G   17G   38G  31% /
tmpfs                  16G  1.1G   15G   7% /dev/shm
/dev/mapper/mpathap1  477M  112M  340M  25% /boot
/dev/mapper/VGroup00-lv_home
                      9.8G  513M  8.8G   6% /home
/dev/mapper/VGroup00-lv_simpana
                      224G   29G  184G  14% /opt/simpana
/dev/mapper/VGroup00-lv_tmp
                      9.8G   24M  9.2G   1% /tmp
/dev/mapper/VGroup00-lv_var
                      9.8G  6.3G  3.0G  68% /var
/dev/mapper/VGroup00-lvo10
                      493G   70M  467G   1% /DCCMA05GDDB/DDB
/dev/mapper/clusvg1_10-lv1_10
                      8.0T  6.5T  1.6T  81% /DCCMA01_Disk10
/dev/mapper/clusvg1_11-lv1_11
                      8.0T  5.4T  2.7T  67% /DCCMA01_Disk11
/dev/mapper/clusvg1_12-lv1_12
                      8.0T  6.7T  1.4T  83% /DCCMA01_Disk12
/dev/mapper/clusvg1_13-lv1_13
                      8.0T  5.8T  2.3T  72% /DCCMA01_Disk13
/dev/mapper/clusvg1_14-lv1_14
                      8.0T  6.5T  1.6T  82% /DCCMA01_Disk14
/dev/mapper/clusvg1_15-lv1_15
                      8.0T  6.1T  2.0T  77% /DCCMA01_Disk15
/dev/mapper/clusvg1_16-lv1_16
                      8.0T  6.3T  1.8T  79% /DCCMA01_Disk16
/dev/mapper/clusvg1_17-lv1_17
                      8.0T  4.1T  4.0T  51% /DCCMA01_Disk17
/dev/mapper/clusvg2_6-lv2_6
                      8.0T  4.4T  3.7T  55% /DCCMA02_Disk6
/dev/mapper/clusvg2_7-lv2_7
                      8.0T  5.7T  2.4T  71% /DCCMA02_Disk7
/dev/mapper/clusvg2_8-lv2_8
                      8.0T  5.7T  2.4T  71% /DCCMA02_Disk8
/dev/mapper/clusvg2_9-lv2_9
                      8.0T  6.6T  1.5T  83% /DCCMA02_Disk9
/dev/mapper/clusvg2_10-lv2_10
                      8.0T  6.1T  2.0T  77% /DCCMA02_Disk10
/dev/mapper/clusvg2_11-lv2_11
                      8.0T  5.9T  2.2T  73% /DCCMA02_Disk11
/dev/mapper/clusvg2_12-lv2_12
                      8.0T  6.0T  2.1T  75% /DCCMA02_Disk12
/dev/mapper/clusvg2_13-lv2_13
                      8.0T  6.6T  1.5T  82% /DCCMA02_Disk13
/dev/mapper/clusvg3_6-lv3_6
                      8.0T  7.0T  1.1T  87% /DCCMA03_Disk6
/dev/mapper/clusvg3_7-lv3_7
                      8.0T  6.3T  1.8T  79% /DCCMA03_Disk7
/dev/mapper/clusvg3_8-lv3_8
                      8.0T  6.4T  1.7T  80% /DCCMA03_Disk8
/dev/mapper/clusvg3_9-lv3_9
                      8.0T  5.7T  2.4T  71% /DCCMA03_Disk9
/dev/mapper/clusvg3_10-lv3_10
                      8.0T  5.5T  2.6T  68% /DCCMA03_Disk10
/dev/mapper/clusvg3_11-lv3_11
                      8.0T  6.0T  2.1T  75% /DCCMA03_Disk11
/dev/mapper/clusvg3_12-lv3_12
                      8.0T  7.1T  953G  89% /DCCMA03_Disk12
/dev/mapper/clusvg3_13-lv3_13
                      8.0T  5.8T  2.3T  73% /DCCMA03_Disk13
/dev/mapper/clusvg4_5-lv4_5
                      8.0T  5.5T  2.6T  68% /DCCMA04_Disk5
/dev/mapper/clusvg4_6-lv4_6
                      8.0T  5.8T  2.3T  72% /DCCMA04_Disk6
/dev/mapper/clusvg4_7-lv4_7
                      8.0T  6.4T  1.7T  80% /DCCMA04_Disk7
/dev/mapper/clusvg4_8-lv4_8
                      8.0T  5.3T  2.8T  67% /DCCMA04_Disk8
/dev/mapper/clusvg4_9-lv4_9
                      8.0T  5.0T  3.1T  62% /DCCMA04_Disk9
/dev/mapper/clusvg4_10-lv4_10
                      8.0T  6.5T  1.6T  81% /DCCMA04_Disk10
/dev/mapper/clusvg4_11-lv4_11
                      8.0T  4.3T  3.8T  54% /DCCMA04_Disk11
/dev/mapper/clusvg4_12-lv4_12
                      8.0T  7.1T  953G  89% /DCCMA04_Disk12
/dev/mapper/clusvg5_3-lv5_3
                      8.0T  5.1T  3.0T  64% /DCCMA05_Disk3
/dev/mapper/clusvg5_4-lv5_4
                      8.0T  5.9T  2.2T  73% /DCCMA05_Disk4
/dev/mapper/clusvg5_5-lv5_5
                      8.0T  6.4T  1.7T  80% /DCCMA05_Disk5
/dev/mapper/clusvg5_6-lv5_6
                      8.0T  7.1T  968G  89% /DCCMA05_Disk6
/dev/mapper/clusvg5_7-lv5_7
                      8.0T  6.5T  1.6T  81% /DCCMA05_Disk7
/dev/mapper/clusvg5_8-lv5_8
                      8.0T  6.6T  1.5T  82% /DCCMA05_Disk8
/dev/mapper/clusvg5_9-lv5_9
                      8.0T  8.0T  2.5G 100% /DCCMA05_Disk9
/dev/mapper/clusvg5_10-lv5_10
                      8.0T  5.1T  3.0T  64% /DCCMA05_Disk10
/dev/mapper/clusvg6_1-lv6_1
                      8.0T  5.0T  3.1T  62% /DCCMA06_Disk1
/dev/mapper/clusvg6_2-lv6_2
                      8.0T  4.6T  3.5T  57% /DCCMA06_Disk2
/dev/mapper/clusvg6_3-lv6_3
                      8.0T  4.2T  3.9T  52% /DCCMA06_Disk3
/dev/mapper/clusvg6_4-lv6_4
                      8.0T  5.9T  2.2T  74% /DCCMA06_Disk4
/dev/mapper/clusvg6_5-lv6_5
                      8.0T  6.7T  1.4T  83% /DCCMA06_Disk5
/dev/mapper/clusvg6_6-lv6_6
                      8.0T  5.4T  2.7T  68% /DCCMA06_Disk6
/dev/mapper/clusvg6_7-lv6_7
                      8.0T  5.9T  2.2T  73% /DCCMA06_Disk7
/dev/mapper/clusvg6_8-lv6_8
                      8.0T  5.4T  2.7T  67% /DCCMA06_Disk8
/dev/mapper/clusvg7_1-lv7_1
                      8.0T  6.6T  1.5T  82% /DCCMA07_Disk1
/dev/mapper/clusvg1_19-lv1_19
                      4.0T  3.9T  187G  96% /DCCMA01_Disk19
/dev/mapper/clusvg1_20-lv1_20
                      4.0T  3.9T  155G  97% /DCCMA01_Disk20
/dev/mapper/clusvg1_21-lv1_21
                      4.0T  3.7T  385G  91% /DCCMA01_Disk21
/dev/mapper/clusvg1_22-lv1_22
                      1.0T   75G  950G   8% /DCCMA01_Disk22
/dev/mapper/clusvg1_23-lv1_23
                      2.0T  2.6G  2.0T   1% /DCCMA01_Disk23
/dev/mapper/clusvg2_14-lv2_14
                      4.0T  3.3T  793G  81% /DCCMA02_Disk14
/dev/mapper/clusvg2_15-lv2_15
                      4.0T  3.8T  252G  94% /DCCMA02_Disk15
/dev/mapper/clusvg2_16-lv2_16
                      1.0T   61G  964G   6% /DCCMA02_Disk16
/dev/mapper/clusvg2_17-lv2_17
                      2.0T  2.6G  2.0T   1% /DCCMA02_Disk17
/dev/mapper/clusvg3_14-lv3_14
                      4.0T  3.7T  398G  91% /DCCMA03_Disk14
/dev/mapper/clusvg3_15-lv3_15
                      4.0T  4.0T  1.8G 100% /DCCMA03_Disk15
/dev/mapper/clusvg3_16-lv3_16
                      1.0T  268G  757G  27% /DCCMA03_Disk16
/dev/mapper/clusvg4_13-lv4_13
                      4.0T  4.0T   83G  98% /DCCMA04_Disk13
/dev/mapper/clusvg4_14-lv4_14
                      4.0T  3.1T  954G  77% /DCCMA04_Disk14
/dev/mapper/clusvg4_15-lv4_15
                      1.0T  313G  712G  31% /DCCMA04_Disk15
/dev/mapper/clusvg4_16-lv4_16
                      8.0T  2.6G  8.0T   1% /DCCMA04_Disk16
/dev/mapper/clusvg4_17-lv4_17
                      8.0T  2.6G  8.0T   1% /DCCMA04_Disk17
/dev/mapper/clusvg4_18-lv4_18
                      8.0T  2.6G  8.0T   1% /DCCMA04_Disk18
/dev/mapper/clusvg4_19-lv4_19
                      8.0T  2.6G  8.0T   1% /DCCMA04_Disk19
/dev/mapper/clusvg5_11-lv5_11
                      4.0T  3.3T  812G  81% /DCCMA05_Disk11
/dev/mapper/clusvg5_12-lv5_12
                      1.0T  257G  768G  26% /DCCMA05_Disk12
/dev/mapper/clusvg5_13-lv5_13
                      8.0T  2.6G  8.0T   1% /DCCMA05_Disk13
/dev/mapper/clusvg5_14-lv5_14
                      8.0T  2.6G  8.0T   1% /DCCMA05_Disk14
/dev/mapper/clusvg5_15-lv5_15
                      8.0T  2.6G  8.0T   1% /DCCMA05_Disk15
/dev/mapper/clusvg5_16-lv5_16
                      8.0T  2.6G  8.0T   1% /DCCMA05_Disk16
/dev/mapper/clusvg7_2-lv7_2
                      8.0T  5.6T  2.5T  69% /DCCMA07_Disk2
/dev/mapper/clusvg7_3-lv7_3
                      8.0T  4.1T  4.0T  51% /DCCMA07_Disk3
/dev/mapper/clusvg7_4-lv7_4
                      8.0T  6.8T  1.3T  85% /DCCMA07_Disk4
/dev/mapper/clusvg7_5-lv7_5
                      8.0T  5.2T  2.9T  64% /DCCMA07_Disk5
/dev/mapper/clusvg7_6-lv7_6
                      8.0T  4.5T  3.6T  56% /DCCMA07_Disk6
/dev/mapper/clusvg7_7-lv7_7
                      8.0T  5.4T  2.7T  68% /DCCMA07_Disk7
/dev/mapper/clusvg8_1-lv8_1
                      8.0T  5.8T  2.3T  73% /DCCMA08_Disk1
/dev/mapper/clusvg8_2-lv8_2
                      8.0T  5.0T  3.1T  62% /DCCMA08_Disk2
/dev/mapper/clusvg8_3-lv8_3
                      8.0T  7.4T  623G  93% /DCCMA08_Disk3
/dev/mapper/clusvg8_4-lv8_4
                      8.0T  7.3T  799G  91% /DCCMA08_Disk4
/dev/mapper/clusvg8_5-lv8_5
                      8.0T  8.0T   61G 100% /DCCMA08_Disk5
/dev/mapper/clusvg8_6-lv8_6
                      8.0T  6.0T  2.1T  75% /DCCMA08_Disk6
/dev/mapper/clusvg8_7-lv8_7
                      8.0T  4.2T  3.9T  52% /DCCMA08_Disk7
/dev/mapper/clusvg8_8-lv8_8
                      8.0T  5.4T  2.7T  67% /DCCMA08_Disk8
/dev/mapper/clusvg9_1-lv9_1
                      8.0T  7.0T  1.1T  88% /DCCMA09_Disk1
/dev/mapper/clusvg9_2-lv9_2
                      8.0T  8.0T   97G  99% /DCCMA09_Disk2
/dev/mapper/clusvg9_3-lv9_3
                      8.0T  6.5T  1.6T  82% /DCCMA09_Disk3
/dev/mapper/clusvg9_4-lv9_4
                      8.0T  7.4T  708G  92% /DCCMA09_Disk4
/dev/mapper/clusvg9_5-lv9_5
                      8.0T  6.8T  1.3T  85% /DCCMA09_Disk5
/dev/mapper/clusvg9_6-lv9_6
                      8.0T  6.7T  1.4T  83% /DCCMA09_Disk6
/dev/mapper/clusvg9_7-lv9_7
                      8.0T  8.0T   71G 100% /DCCMA09_Disk7
/dev/mapper/clusvg9_8-lv9_8
                      8.0T  5.1T  3.0T  63% /DCCMA09_Disk8
/dev/mapper/clusvg10_1-lv10_1
                      8.0T  4.7T  3.4T  59% /DCCMA10_Disk1
/dev/mapper/clusvg10_2-lv10_2
                      8.0T  5.1T  3.0T  64% /DCCMA10_Disk2
/dev/mapper/clusvg10_3-lv10_3
                      8.0T  7.6T  424G  95% /DCCMA10_Disk3
/dev/mapper/clusvg10_4-lv10_4
                      8.0T  7.8T  258G  97% /DCCMA10_Disk4
/dev/mapper/clusvg10_5-lv10_5
                      8.0T  8.0T  4.0G 100% /DCCMA10_Disk5
/dev/mapper/clusvg10_6-lv10_6
                      8.0T  4.6T  3.5T  57% /DCCMA10_Disk6
/dev/mapper/clusvg10_7-lv10_7
                      8.0T  6.9T  1.2T  86% /DCCMA10_Disk7
/dev/mapper/clusvg10_8-lv10_8
                      8.0T  8.0T   84G  99% /DCCMA10_Disk8
/dev/mapper/clusvg11_1-lv11_1
                      8.1T  8.0T   46G 100% /DCCMA11_Disk1
/dev/mapper/clusvg11_2-lv11_2
                      8.1T  7.9T  124G  99% /DCCMA11_Disk2
/dev/mapper/clusvg11_3-lv11_3
                      8.1T  8.1T  2.5G 100% /DCCMA11_Disk3
/dev/mapper/clusvg11_4-lv11_4
                      8.1T  7.1T  989G  88% /DCCMA11_Disk4
/dev/mapper/clusvg11_5-lv11_5
                      8.1T  4.9T  3.2T  61% /DCCMA11_Disk5
/dev/mapper/clusvg11_7-lv11_7
                      8.1T  8.1T  2.2G 100% /DCCMA11_Disk7
/dev/mapper/clusvg11_8-lv11_8
                      8.1T  4.6T  3.5T  57% /DCCMA11_Disk8
/dev/mapper/clusvg11_9-lv11_9
                      8.1T  7.9T  131G  99% /DCCMA11_Disk9
/dev/mapper/clusvg11_10-lv11_10
                      8.1T  7.6T  434G  95% /DCCMA11_Disk10
/dev/mapper/clusvg11_11-lv11_11
                      8.1T  6.7T  1.4T  83% /DCCMA11_Disk11
/dev/mapper/clusvg10_9-lv10_9
                      8.0T  6.5T  1.6T  81% /DCCMA10_Disk9
/dev/mapper/clusvg10_10-lv10_10
                      8.0T  2.6G  8.0T   1% /DCCMA10_Disk10
/dev/mapper/clusvg10_11-lv10_11
                      8.0T  2.6G  8.0T   1% /DCCMA10_Disk11
/dev/mapper/clusvg10_12-lv10_12
                      8.0T  2.6G  8.0T   1% /DCCMA10_Disk12
/dev/mapper/clusvg10_13-lv10_13
                      8.0T  2.6G  8.0T   1% /DCCMA10_Disk13
/dev/mapper/clusvg10_14-lv10_14
                      8.0T  2.6G  8.0T   1% /DCCMA10_Disk14
/dev/mapper/clusvg10_15-lv10_15
                      8.0T  2.6G  8.0T   1% /DCCMA10_Disk15
/dev/mapper/clusvg10_16-lv10_16
                      8.0T  2.6G  8.0T   1% /DCCMA10_Disk16
/dev/mapper/clusvg11_12-lv11_12
                      8.0T  5.8T  2.3T  72% /DCCMA11_Disk12
/dev/mapper/clusvg11_13-lv11_13
                      8.0T  5.7T  2.4T  71% /DCCMA11_Disk13
/dev/mapper/clusvg11_14-lv11_14
                      8.0T  5.6T  2.5T  70% /DCCMA11_Disk14
/dev/mapper/clusvg11_15-lv11_15
                      8.0T  6.7T  1.4T  84% /DCCMA11_Disk15
/dev/mapper/clusvg11_16-lv11_16
                      8.0T  5.0T  3.1T  62% /DCCMA11_Disk16
/dev/mapper/clusvg11_17-lv11_17
                      8.0T  5.5T  2.6T  69% /DCCMA11_Disk17
/dev/mapper/clusvg11_18-lv11_18
                      8.0T  4.4T  3.7T  54% /DCCMA11_Disk18
/dev/mapper/clusvg11_19-lv11_19
                      8.0T  5.0T  3.1T  62% /DCCMA11_Disk19
/dev/mapper/clusvg12_1-lv12_1
                      8.0T  5.6T  2.5T  70% /DCCMA12_Disk1
/dev/mapper/clusvg12_2-lv12_2
                      8.0T  4.1T  4.0T  51% /DCCMA12_Disk2
/dev/mapper/clusvg12_3-lv12_3
                      8.0T  5.4T  2.7T  67% /DCCMA12_Disk3
/dev/mapper/clusvg12_4-lv12_4
                      8.0T  2.6G  8.0T   1% /DCCMA12_Disk4
/dev/mapper/clusvg12_5-lv12_5
                      8.0T  2.6G  8.0T   1% /DCCMA12_Disk5
/dev/mapper/clusvg12_6-lv12_6
                      8.0T  2.6G  8.0T   1% /DCCMA12_Disk6
/dev/mapper/clusvg12_7-lv12_7
                      8.0T  2.6G  8.0T   1% /DCCMA12_Disk7
/dev/mapper/clusvg12_8-lv12_8
                      8.0T  2.6G  8.0T   1% /DCCMA12_Disk8
/dev/mapper/clusvg13_1-lv13_1
                      8.0T  2.6G  8.0T   1% /DCCMA13_Disk1
/dev/mapper/clusvg13_2-lv13_2
                      8.0T  2.6G  8.0T   1% /DCCMA13_Disk2
/dev/mapper/clusvg13_3-lv13_3
                      8.0T  2.6G  8.0T   1% /DCCMA13_Disk3
/dev/mapper/clusvg13_4-lv13_4
                      8.0T  2.6G  8.0T   1% /DCCMA13_Disk4
/dev/mapper/clusvg13_5-lv13_5
                      8.0T  2.6G  8.0T   1% /DCCMA13_Disk5
/dev/mapper/clusvg13_6-lv13_6
                      8.0T  2.6G  8.0T   1% /DCCMA13_Disk6
/dev/mapper/clusvg13_7-lv13_7
                      8.0T  2.6G  8.0T   1% /DCCMA13_Disk7
/dev/mapper/clusvg13_8-lv13_8
                      8.0T  2.6G  8.0T   1% /DCCMA13_Disk8
/dev/mapper/clusvg11_20-lv11_20
                      8.0T  7.8T  298G  97% /DCCMA11_Disk20
/dev/mapper/clusvg11_21-lv11_21
                      8.0T  7.7T  349G  96% /DCCMA11_Disk21
/dev/mapper/clusvg12_9-lv12_9
                      8.0T  7.8T  292G  97% /DCCMA12_Disk9
/dev/mapper/clusvg12_10-lv12_10
                      8.0T  6.6T  1.5T  82% /DCCMA12_Disk10
/dev/mapper/clusvg12_11-lv12_11
                      8.0T  5.0T  3.1T  62% /DCCMA12_Disk11
/dev/mapper/clusvg12_12-lv12_12
                      8.0T  6.2T  1.9T  78% /DCCMA12_Disk12
/dev/mapper/clusvg12_13-lv12_13
                      8.0T  5.7T  2.4T  71% /DCCMA12_Disk13
/dev/mapper/clusvg12_15-lv12_15
                      8.0T  5.1T  3.0T  64% /DCCMA12_Disk15
/dev/mapper/clusvg12_16-lv12_16
                      8.0T  6.8T  1.3T  85% /DCCMA12_Disk16
/dev/mapper/clusvg12_17-lv12_17
                      8.0T  6.3T  1.8T  78% /DCCMA12_Disk17
/dev/mapper/clusvg12_18-lv12_18
                      8.0T  8.0T  2.6G 100% /DCCMA12_Disk18
/dev/mapper/clusvg13_14-lv13_14
                      8.0T  6.5T  1.6T  81% /DCCMA13_Disk14
/dev/mapper/clusvg13_15-lv13_15
                      8.0T  6.9T  1.2T  86% /DCCMA13_Disk15
/dev/mapper/clusvg13_16-lv13_16
                      8.0T  6.0T  2.1T  75% /DCCMA13_Disk16
/dev/mapper/clusvg13_17-lv13_17
                      8.0T  5.6T  2.5T  70% /DCCMA13_Disk17
/dev/mapper/clusvg13_18-lv13_18
                      8.0T  5.4T  2.7T  67% /DCCMA13_Disk18
/dev/mapper/clusvg06_09-lv06_09
                      8.0T  7.4T  709G  92% /DCCMA06_Disk09
/dev/mapper/clusvg06_10-lv06_10
                      8.0T  8.0T   51G 100% /DCCMA06_Disk10
/dev/mapper/clusvg06_11-lv06_11
                      8.0T  7.8T  268G  97% /DCCMA06_Disk11
/dev/mapper/clusvg06_12-lv06_12
                      8.0T  6.0T  2.1T  75% /DCCMA06_Disk12
/dev/mapper/clusvg06_14-lv06_14
                      8.0T  7.5T  537G  94% /DCCMA06_Disk14
/dev/mapper/clusvg06_15-lv06_15
                      8.0T  5.3T  2.8T  67% /DCCMA06_Disk15
/dev/mapper/clusvg12_14-lv12_14
                      8.0T  2.6G  8.0T   1% /DCCMA12_Disk14
/dev/mapper/clusvg7_9-lv7_9
                      4.0T  1.4T  2.7T  35% /DCCMA07_Disk9
/dev/mapper/clusvg9_10-lv9_10
                      8.0T  2.9T  5.2T  36% /DCCMA09_Disk10
/dev/mapper/clusvg9_11-lv9_11
                      8.0T  1.5T  6.6T  18% /DCCMA09_Disk11
/dev/mapper/clusvg9_12-lv9_12
                      8.0T  8.0T  3.5G 100% /DCCMA09_Disk12
/dev/mapper/clusvg9_13-lv9_13
                      8.0T   97G  8.0T   2% /DCCMA09_Disk13
/dev/mapper/clusvg9_9-lv9_9
                      8.0T  156G  7.9T   2% /DCCMA09_Disk09


Galaxy         	0:off	1:off	2:off	3:on	4:off	5:on	6:off
Jarvis         	0:off	1:off	2:on	3:on	4:on	5:on	6:off
NetworkManager 	0:off	1:off	2:off	3:off	4:off	5:off	6:off
abrt-ccpp      	0:off	1:off	2:off	3:on	4:off	5:on	6:off
abrt-oops      	0:off	1:off	2:off	3:on	4:off	5:on	6:off
abrtd          	0:off	1:off	2:off	3:on	4:off	5:on	6:off
acpid          	0:off	1:off	2:on	3:on	4:on	5:on	6:off
atd            	0:off	1:off	2:off	3:on	4:on	5:on	6:off
auditd         	0:off	1:off	2:on	3:on	4:on	5:off	6:off
autofs         	0:off	1:off	2:off	3:on	4:on	5:on	6:off
avahi-daemon   	0:off	1:off	2:off	3:on	4:on	5:on	6:off
blk-availability	0:off	1:on	2:on	3:on	4:on	5:on	6:off
bluetooth      	0:off	1:off	2:off	3:on	4:on	5:on	6:off
cba8           	0:off	1:off	2:off	3:on	4:on	5:on	6:off
certmonger     	0:off	1:off	2:off	3:on	4:on	5:on	6:off
cgconfig       	0:off	1:off	2:off	3:off	4:off	5:off	6:off
cgred          	0:off	1:off	2:off	3:off	4:off	5:off	6:off
clvmd          	0:off	1:off	2:off	3:off	4:off	5:off	6:off
cman           	0:off	1:off	2:off	3:off	4:off	5:off	6:off
corosync       	0:off	1:off	2:off	3:off	4:off	5:off	6:off
cpglockd       	0:off	1:off	2:off	3:off	4:off	5:off	6:off
cpuspeed       	0:off	1:on	2:on	3:on	4:on	5:on	6:off
crond          	0:off	1:off	2:on	3:on	4:on	5:on	6:off
cups           	0:off	1:off	2:on	3:on	4:on	5:on	6:off
dnsmasq        	0:off	1:off	2:off	3:off	4:off	5:off	6:off
ds_agent       	0:off	1:off	2:on	3:on	4:on	5:on	6:off
firstboot      	0:off	1:off	2:off	3:off	4:off	5:off	6:off
gfs2           	0:off	1:off	2:off	3:off	4:off	5:off	6:off
goferd         	0:off	1:off	2:on	3:on	4:on	5:on	6:off
haldaemon      	0:off	1:off	2:off	3:on	4:on	5:on	6:off
htcacheclean   	0:off	1:off	2:off	3:off	4:off	5:off	6:off
httpd          	0:off	1:off	2:off	3:off	4:off	5:off	6:off
ip6tables      	0:off	1:off	2:off	3:off	4:off	5:off	6:off
ipmievd        	0:off	1:off	2:off	3:off	4:off	5:off	6:off
iptables       	0:off	1:off	2:off	3:off	4:off	5:off	6:off
irqbalance     	0:off	1:off	2:off	3:on	4:on	5:on	6:off
kdump          	0:off	1:off	2:on	3:on	4:on	5:on	6:off
libvirt-guests 	0:off	1:off	2:on	3:on	4:on	5:on	6:off
luci           	0:off	1:off	2:off	3:off	4:off	5:off	6:off
lvm2-monitor   	0:off	1:on	2:on	3:on	4:on	5:on	6:off
mdmonitor      	0:off	1:off	2:on	3:on	4:on	5:on	6:off
messagebus     	0:off	1:off	2:on	3:on	4:on	5:on	6:off
modclusterd    	0:off	1:off	2:on	3:on	4:on	5:on	6:off
multipathd     	0:off	1:off	2:on	3:on	4:on	5:on	6:off
ncpa_listener  	0:off	1:off	2:on	3:on	4:on	5:on	6:off
ncpa_passive   	0:off	1:off	2:on	3:on	4:on	5:on	6:off
netcf-transaction	0:off	1:off	2:on	3:on	4:on	5:on	6:off
netconsole     	0:off	1:off	2:off	3:off	4:off	5:off	6:off
netfs          	0:off	1:off	2:off	3:off	4:off	5:off	6:off
network        	0:off	1:off	2:on	3:on	4:on	5:on	6:off
nfs            	0:off	1:off	2:off	3:off	4:off	5:off	6:off
nfs-rdma       	0:off	1:off	2:off	3:off	4:off	5:off	6:off
nfslock        	0:off	1:off	2:off	3:off	4:off	5:off	6:off
nntgen7agent   	0:off	1:off	2:on	3:on	4:off	5:on	6:off
ntpd           	0:off	1:off	2:on	3:on	4:on	5:on	6:off
ntpdate        	0:off	1:off	2:off	3:off	4:off	5:off	6:off
oddjobd        	0:off	1:off	2:off	3:on	4:on	5:on	6:off
portreserve    	0:off	1:off	2:on	3:on	4:on	5:on	6:off
postfix        	0:off	1:off	2:off	3:off	4:off	5:off	6:off
pppoe-server   	0:off	1:off	2:off	3:off	4:off	5:off	6:off
psacct         	0:off	1:off	2:off	3:off	4:off	5:off	6:off
puppet         	0:off	1:off	2:on	3:on	4:on	5:on	6:off
pxp-agent      	0:off	1:off	2:off	3:off	4:off	5:off	6:off
quota_nld      	0:off	1:off	2:off	3:off	4:off	5:off	6:off
rdisc          	0:off	1:off	2:off	3:off	4:off	5:off	6:off
rdma           	0:off	1:on	2:on	3:on	4:on	5:on	6:off
restorecond    	0:off	1:off	2:off	3:off	4:off	5:off	6:off
rgmanager      	0:off	1:off	2:off	3:off	4:off	5:off	6:off
rhnsd          	0:off	1:off	2:off	3:off	4:off	5:off	6:off
rhsmcertd      	0:off	1:off	2:off	3:on	4:on	5:on	6:off
ricci          	0:off	1:off	2:on	3:on	4:on	5:on	6:off
rngd           	0:off	1:off	2:off	3:off	4:off	5:off	6:off
rpcbind        	0:off	1:off	2:off	3:off	4:off	5:off	6:off
rpcgssd        	0:off	1:off	2:off	3:on	4:on	5:on	6:off
rpcidmapd      	0:off	1:off	2:off	3:on	4:on	5:on	6:off
rpcsvcgssd     	0:off	1:off	2:off	3:off	4:off	5:off	6:off
rsyslog        	0:off	1:off	2:on	3:on	4:on	5:on	6:off
saslauthd      	0:off	1:off	2:off	3:off	4:off	5:off	6:off
smartd         	0:off	1:off	2:off	3:off	4:off	5:off	6:off
snmpd          	0:off	1:off	2:on	3:on	4:on	5:on	6:off
snmptrapd      	0:off	1:off	2:off	3:off	4:off	5:off	6:off
spice-vdagentd 	0:off	1:off	2:off	3:off	4:off	5:on	6:off
sshd           	0:off	1:on	2:on	3:on	4:on	5:on	6:on
sssd           	0:off	1:off	2:off	3:on	4:on	5:on	6:off
sysstat        	0:off	1:on	2:on	3:on	4:on	5:on	6:off
udev-post      	0:off	1:on	2:on	3:on	4:on	5:on	6:off
wdaemon        	0:off	1:off	2:off	3:off	4:off	5:off	6:off
winbind        	0:off	1:off	2:off	3:off	4:off	5:off	6:off
wpa_supplicant 	0:off	1:off	2:off	3:off	4:off	5:off	6:off
xagt           	0:off	1:off	2:on	3:on	4:on	5:on	6:off
xinetd         	0:off	1:off	2:on	3:on	4:on	5:on	6:off
ypbind         	0:off	1:off	2:off	3:off	4:off	5:off	6:off

xinetd based services:
	chargen-dgram: 	off
	chargen-stream:	off
	daytime-dgram: 	off
	daytime-stream:	off
	discard-dgram: 	off
	discard-stream:	off
	echo-dgram:    	off
	echo-stream:   	off
	nrpe:          	on
	nsca:          	on
	pds2:          	on
	rsync:         	off
	tcpmux-server: 	off
	time-dgram:    	off
	time-stream:   	off


