
DCCEBRSMA04
eth0 eth1 eth4 eth5 eth7 bond0:fe80::e611:5bff:fe9a:b23c/64 10.106.2.56/16 192.168.2.4/16 192.168.8.59/21
2.6.32-754.43.1.el6.x86_64
 11:10:57 up 48 days, 12:54,  1 user,  load average: 3.56, 2.86, 2.20
kernel-2.6.32-754.48.1.el6.x86_64             Fri 19 Aug 2022 08:39:52 PM MYT
kernel-2.6.32-754.43.1.el6.x86_64             Tue 29 Mar 2022 12:40:02 PM MYT
kernel-2.6.32-754.35.1.el6.x86_64             Wed 14 Oct 2020 03:33:03 PM MYT
Red Hat Enterprise Linux Server release 6.10 (Santiago)
Intel(R) Xeon(R) CPU E5-2690 0 @ 2.90GHz
32070 MB
6 of 9

CPU usage is below the threshold (Which is 80%)
Memory Usage is above the threshold (Which is 80%)

Memory free 52
Used	Avail	Use%	Mounted
16G	43%	/	
1.1G	15G	7%	/dev/shm
114M	338M	26%	/boot
8.9G	4%	/home	
9.2G	1%	/tmp	
7.0G	63%	/var	
184G	2%	/opt/simpana	
1.6T	81%	/DCCMA01_Disk10	
2.7T	67%	/DCCMA01_Disk11	
1.4T	83%	/DCCMA01_Disk12	
2.3T	72%	/DCCMA01_Disk13	
1.6T	82%	/DCCMA01_Disk14	
2.0T	77%	/DCCMA01_Disk15	
1.8T	79%	/DCCMA01_Disk16	
4.0T	51%	/DCCMA01_Disk17	
3.7T	55%	/DCCMA02_Disk6	
2.4T	71%	/DCCMA02_Disk7	
2.4T	71%	/DCCMA02_Disk8	
1.5T	83%	/DCCMA02_Disk9	
2.0T	77%	/DCCMA02_Disk10	
2.2T	73%	/DCCMA02_Disk11	
2.1T	75%	/DCCMA02_Disk12	
1.5T	82%	/DCCMA02_Disk13	
1.1T	87%	/DCCMA03_Disk6	
1.8T	79%	/DCCMA03_Disk7	
1.7T	80%	/DCCMA03_Disk8	
2.4T	71%	/DCCMA03_Disk9	
2.6T	68%	/DCCMA03_Disk10	
2.1T	75%	/DCCMA03_Disk11	
953G	89%	/DCCMA03_Disk12	
2.3T	73%	/DCCMA03_Disk13	
2.6T	68%	/DCCMA04_Disk5	
2.3T	72%	/DCCMA04_Disk6	
1.7T	80%	/DCCMA04_Disk7	
2.8T	67%	/DCCMA04_Disk8	
3.1T	62%	/DCCMA04_Disk9	
1.6T	81%	/DCCMA04_Disk10	
3.8T	54%	/DCCMA04_Disk11	
953G	89%	/DCCMA04_Disk12	
3.0T	64%	/DCCMA05_Disk3	
2.2T	73%	/DCCMA05_Disk4	
1.7T	80%	/DCCMA05_Disk5	
968G	89%	/DCCMA05_Disk6	
1.6T	81%	/DCCMA05_Disk7	
1.5T	82%	/DCCMA05_Disk8	
2.5G	100%	/DCCMA05_Disk9	
3.0T	64%	/DCCMA05_Disk10	
3.1T	62%	/DCCMA06_Disk1	
3.5T	57%	/DCCMA06_Disk2	
3.9T	52%	/DCCMA06_Disk3	
2.2T	74%	/DCCMA06_Disk4	
1.4T	83%	/DCCMA06_Disk5	
2.7T	68%	/DCCMA06_Disk6	
2.2T	73%	/DCCMA06_Disk7	
2.7T	67%	/DCCMA06_Disk8	
1.5T	82%	/DCCMA07_Disk1	
185G	96%	/DCCMA01_Disk19	
154G	97%	/DCCMA01_Disk20	
384G	91%	/DCCMA01_Disk21	
950G	8%	/DCCMA01_Disk22	
2.0T	1%	/DCCMA01_Disk23	
793G	81%	/DCCMA02_Disk14	
252G	94%	/DCCMA02_Disk15	
964G	6%	/DCCMA02_Disk16	
2.0T	1%	/DCCMA02_Disk17	
398G	91%	/DCCMA03_Disk14	
1.8G	100%	/DCCMA03_Disk15	
757G	27%	/DCCMA03_Disk16	
83G	98%	/DCCMA04_Disk13	
954G	77%	/DCCMA04_Disk14	
712G	31%	/DCCMA04_Disk15	
8.0T	1%	/DCCMA04_Disk16	
8.0T	1%	/DCCMA04_Disk17	
8.0T	1%	/DCCMA04_Disk18	
8.0T	1%	/DCCMA04_Disk19	
812G	81%	/DCCMA05_Disk11	
768G	26%	/DCCMA05_Disk12	
8.0T	1%	/DCCMA05_Disk13	
8.0T	1%	/DCCMA05_Disk14	
8.0T	1%	/DCCMA05_Disk15	
8.0T	1%	/DCCMA05_Disk16	
2.5T	69%	/DCCMA07_Disk2	
4.0T	51%	/DCCMA07_Disk3	
1.3T	85%	/DCCMA07_Disk4	
2.9T	64%	/DCCMA07_Disk5	
3.6T	56%	/DCCMA07_Disk6	
2.7T	68%	/DCCMA07_Disk7	
2.3T	73%	/DCCMA08_Disk1	
3.1T	62%	/DCCMA08_Disk2	
623G	93%	/DCCMA08_Disk3	
799G	91%	/DCCMA08_Disk4	
61G	100%	/DCCMA08_Disk5	
2.1T	75%	/DCCMA08_Disk6	
3.9T	52%	/DCCMA08_Disk7	
2.7T	67%	/DCCMA08_Disk8	
1.1T	88%	/DCCMA09_Disk1	
97G	99%	/DCCMA09_Disk2	
1.6T	82%	/DCCMA09_Disk3	
708G	92%	/DCCMA09_Disk4	
1.3T	85%	/DCCMA09_Disk5	
1.4T	83%	/DCCMA09_Disk6	
71G	100%	/DCCMA09_Disk7	
3.0T	63%	/DCCMA09_Disk8	
3.4T	59%	/DCCMA10_Disk1	
3.0T	64%	/DCCMA10_Disk2	
424G	95%	/DCCMA10_Disk3	
258G	97%	/DCCMA10_Disk4	
4.0G	100%	/DCCMA10_Disk5	
3.5T	57%	/DCCMA10_Disk6	
1.2T	86%	/DCCMA10_Disk7	
84G	99%	/DCCMA10_Disk8	
46G	100%	/DCCMA11_Disk1	
124G	99%	/DCCMA11_Disk2	
2.5G	100%	/DCCMA11_Disk3	
989G	88%	/DCCMA11_Disk4	
3.2T	61%	/DCCMA11_Disk5	
2.2G	100%	/DCCMA11_Disk7	
3.5T	57%	/DCCMA11_Disk8	
131G	99%	/DCCMA11_Disk9	
434G	95%	/DCCMA11_Disk10	
1.4T	83%	/DCCMA11_Disk11	
1.6T	81%	/DCCMA10_Disk9	
8.0T	1%	/DCCMA10_Disk10	
8.0T	1%	/DCCMA10_Disk11	
8.0T	1%	/DCCMA10_Disk12	
8.0T	1%	/DCCMA10_Disk13	
8.0T	1%	/DCCMA10_Disk14	
8.0T	1%	/DCCMA10_Disk15	
8.0T	1%	/DCCMA10_Disk16	
2.3T	72%	/DCCMA11_Disk12	
2.4T	71%	/DCCMA11_Disk13	
2.5T	70%	/DCCMA11_Disk14	
1.4T	84%	/DCCMA11_Disk15	
3.1T	62%	/DCCMA11_Disk16	
2.6T	69%	/DCCMA11_Disk17	
3.7T	54%	/DCCMA11_Disk18	
3.1T	62%	/DCCMA11_Disk19	
2.5T	70%	/DCCMA12_Disk1	
4.0T	51%	/DCCMA12_Disk2	
2.7T	67%	/DCCMA12_Disk3	
8.0T	1%	/DCCMA12_Disk4	
8.0T	1%	/DCCMA12_Disk5	
8.0T	1%	/DCCMA12_Disk6	
8.0T	1%	/DCCMA12_Disk7	
8.0T	1%	/DCCMA12_Disk8	
8.0T	1%	/DCCMA13_Disk1	
8.0T	1%	/DCCMA13_Disk2	
8.0T	1%	/DCCMA13_Disk3	
8.0T	1%	/DCCMA13_Disk4	
8.0T	1%	/DCCMA13_Disk5	
8.0T	1%	/DCCMA13_Disk6	
8.0T	1%	/DCCMA13_Disk7	
8.0T	1%	/DCCMA13_Disk8	
298G	97%	/DCCMA11_Disk20	
349G	96%	/DCCMA11_Disk21	
292G	97%	/DCCMA12_Disk9	
1.5T	82%	/DCCMA12_Disk10	
3.1T	62%	/DCCMA12_Disk11	
1.9T	78%	/DCCMA12_Disk12	
2.4T	71%	/DCCMA12_Disk13	
3.0T	64%	/DCCMA12_Disk15	
1.3T	85%	/DCCMA12_Disk16	
1.8T	78%	/DCCMA12_Disk17	
2.6G	100%	/DCCMA12_Disk18	
1.6T	81%	/DCCMA13_Disk14	
1.2T	86%	/DCCMA13_Disk15	
2.1T	75%	/DCCMA13_Disk16	
2.5T	70%	/DCCMA13_Disk17	
2.7T	67%	/DCCMA13_Disk18	
709G	92%	/DCCMA06_Disk09	
51G	100%	/DCCMA06_Disk10	
268G	97%	/DCCMA06_Disk11	
2.1T	75%	/DCCMA06_Disk12	
537G	94%	/DCCMA06_Disk14	
2.8T	67%	/DCCMA06_Disk15	
8.0T	1%	/DCCMA12_Disk14	
2.7T	35%	/DCCMA07_Disk9	
5.2T	36%	/DCCMA09_Disk10	
6.6T	18%	/DCCMA09_Disk11	
3.5G	100%	/DCCMA09_Disk12	
8.0T	2%	/DCCMA09_Disk13	
7.9T	2%	/DCCMA09_Disk09	

48 days,
ntpd (pid  31582) is running...
ntpd           	0:off	1:off	2:on	3:on	4:on	5:on	6:off

Sat 10 Sep 2022 11:10:58 AM ZONE="Asia/Kuala Lumpur"
Sat 10 Sep 2022 11:10:59 AM MYT  -0.266077 seconds
ntpd (pid  31582) is running...
server 10.10.10.75
server 10.10.10.76


Linux 2.6.32-754.43.1.el6.x86_64 (DCCEBRSMA04) 	09/10/2022 	_x86_64_	(32 CPU)

11:10:59 AM     CPU     %user     %nice   %system   %iowait    %steal     %idle
11:11:01 AM     all      1.19      0.00      2.56      2.74      0.00     93.51
11:11:03 AM     all      1.35      0.00      2.56      2.89      0.00     93.21
11:11:05 AM     all      1.46      0.00      2.49      2.62      0.00     93.43
11:11:07 AM     all      2.07      0.00      1.57      2.76      0.00     93.61
11:11:09 AM     all      1.90      0.00      2.54      2.91      0.00     92.65
Average:        all      1.59      0.00      2.34      2.78      0.00     93.28
Average:        all      0.88      0.00      1.63      2.15      0.00     95.34

             total       used       free     shared    buffers     cached
Mem:         32070      30038       2032       1310        769      13909
-/+ buffers/cache:      15360      16710
Swap:            0          0          0
Total:       32070      30038       2032


Linux 2.6.32-754.43.1.el6.x86_64 (DCCEBRSMA04) 	09/10/2022 	_x86_64_	(32 CPU)

09/10/2022 11:11:09 AM
Device:            tps    MB_read/s    MB_wrtn/s    MB_read    MB_wrtn
sda              45.18         0.27         0.51    1130246    2133072
sdc               0.77         0.01         0.01      56910      42093
sdb               1.18         0.06         0.00     270474      15456
sdg               0.92         0.03         0.01     106079      31296
sdd               1.79         0.11         0.00     470603      17661
sdf               1.34         0.02         0.02      68472      78481
sdj               0.85         0.01         0.03      43773     133620
sde               0.91         0.03         0.04     126822     178951
sdi               0.73         0.01         0.01      45243      21457
sdk               0.64         0.01         0.01      44237      23016
sdo               0.81         0.01         0.03      55954     110527
sdh               1.76         0.05         0.03     194655     121003
sdn               0.98         0.03         0.01     146300      23861
sdm               0.62         0.01         0.01      44310      30840
sdq               0.75         0.02         0.01      65314      60293
sdl               0.79         0.01         0.00      48428      20210
sdu               0.93         0.02         0.00      71392       6801
sdp               0.76         0.03         0.01     128636      45588
sds               0.84         0.02         0.03      86184     107503
sdt               0.72         0.01         0.00      28836      14479
sdr               0.92         0.02         0.01      86891      22865
sdx               0.65         0.01         0.00      45433      17710
sdy               0.92         0.02         0.00      97762       4414
sdw               0.67         0.02         0.00      63936      14896
sdaa              0.88         0.02         0.00      94005      18652
sdaf              0.85         0.03         0.01     108918      37300
sdab              0.75         0.01         0.00      54620      12661
sdae              0.79         0.02         0.01      88221      22930
sdac              0.89         0.02         0.02      62965      65678
sdai              0.83         0.02         0.02      82264      64252
sdz               0.65         0.01         0.00      33937      15632
sdam              0.72         0.01         0.01      56363      35670
sdag              0.79         0.01         0.00      54983       8965
sdv               0.84         0.02         0.00      81100      19359
sdak              0.66         0.01         0.01      34804      22456
sdaj              1.04         0.03         0.00     107559       9614
sdap              0.22         0.00         0.00       3581          0
sdad              0.81         0.02         0.00      78247       4227
sdao              0.77         0.02         0.00      82814       5159
sdar              0.94         0.02         0.01      64536      25584
sdas              1.37         0.05         0.01     226932      35700
sdah              0.81         0.01         0.00      61928      12313
sdau              0.27         0.00         0.00       4146        148
sdal              0.73         0.01         0.01      59282      50970
sdaq              0.69         0.01         0.01      21585      53464
sdax              0.25         0.00         0.00       4109          0
sdan              0.71         0.01         0.00      26936      10433
sdav              0.78         0.01         0.01      28779      37552
sdat              0.25         0.00         0.00       4111          0
sdaz              1.00         0.02         0.02      81534      65899
sdaw              0.78         0.01         0.01      34735      39781
sday              0.27         0.00         0.00       4145        146
sdbb              0.25         0.00         0.00       4108          0
sdbg              0.25         0.00         0.00       4108          0
sdbd              0.82         0.01         0.00      48784      10883
sdba              1.21         0.02         0.00      90411      10509
sdbi              0.25         0.00         0.00       4108          0
sdbc              0.82         0.02         0.01      83995      26234
sdbh              0.25         0.00         0.00       4108          0
sdbk              0.25         0.00         0.00       4117          0
sdbf              0.25         0.00         0.00       4108          0
sdbl              0.25         0.00         0.00       4110          0
sdbe             35.24         0.26         0.20    1082287     844390
sdbp              1.02         0.01         0.00      57870      17313
sdbq              1.49         0.03         0.01     126164      39112
sdbm              0.25         0.00         0.00       4110          0
sdbj              0.78         0.01         0.01      54840      26453
sdbn              0.25         0.00         0.00       4110          0
sdbo              0.25         0.00         0.00       4108          0
sdbw              0.91         0.01         0.00      34125      11770
sdbt              2.27         0.06         0.01     259064      38464
sdbv              1.37         0.01         0.01      45114      33060
sdbx              1.03         0.01         0.00      33339      20441
sdby              1.46         0.02         0.01     101315      45486
sdca              1.25         0.03         0.01     118770      23029
sdbu              1.09         0.01         0.01      51591      31294
sdbs              0.99         0.01         0.02      51081      63203
sdcd              1.07         0.00         0.00      17583          0
sdcf              0.87         0.00         0.00      14117        174
sdbz              1.21         0.01         0.01      41238      30657
sdcj              4.66         0.01         0.41      51776    1736040
sdcb              1.01         0.01         0.02      44292      71232
sdcc              1.18         0.01         0.00      47877      20011
sdch              0.66         0.00         0.00      10590        886
sdci              0.53         0.00         0.00       8487       3670
sdcl              0.47         0.00         0.00       7412       5087
sdcg              0.53         0.00         0.00       8390        711
sdce              2.27         0.08         0.01     348006      25654
sdcx              1.96         0.00         0.32      14635    1346918
sdcw              0.83         0.00         0.00      13359       3017
sdcy              0.80         0.00         0.00      12934        332
sdda              0.53         0.00         0.00       8387        837
sdcr              0.39         0.00         0.00       6163        571
sdcu              1.33         0.01         0.00      21494        312
sdco              1.24         0.00         0.01      19651      27463
sdcp              1.75         0.01         0.01      27947      35571
sdcs              0.60         0.00         0.00       9498       2630
sdde              0.43         0.00         0.00       6814       4364
sdct              0.55         0.00         0.00       8756       1868
sddl              1.01         0.00         0.00      16247        846
sddj              0.70         0.00         0.00      11173        167
sddf              0.40         0.00         0.00       6191      12647
sddc              0.72         0.00         0.00      11610       1911
sddh              0.69         0.00         0.00      11087       5390
sdcq              1.29         0.00         0.00      20803        336
sdck              1.49         0.01         0.00      23994       2572
sddm              0.96         0.00         0.00      15513        352
sdcv              0.92         0.00         0.00      14554       6167
sdcn              1.54         0.01         0.01      24502      22367
sddt              0.25         0.00         0.00       4109          0
sddg              1.02         0.00         0.00      16351       8618
sdcm              2.04         0.01         0.00      32984       1996
sddd              2.32         0.01         0.22      26772     915897
sddi              1.27         0.00         0.01      20049      26313
sddz              1.23         0.02         0.00      79016      13743
sddn              0.42         0.00         0.00       6641       1716
sddq              0.25         0.00         0.00       4110          0
sddr              0.25         0.00         0.00       4111          0
sdcz              0.65         0.00         0.00      10476       1313
sdeb              1.29         0.04         0.00     162957       7545
sddk              0.34         0.00         0.00       5372       2462
sdea              1.18         0.01         0.03      54527     105793
sdez              0.33         0.00         0.00       5022       2039
sdeg              0.25         0.00         0.00       4109          0
sdek              0.25         0.00         0.00       4110          0
sdej              0.25         0.00         0.00       4110          0
sdeh              0.25         0.00         0.00       4109          0
sddb              2.23         0.01         0.04      34107     153020
sdet              0.25         0.00         0.00       4111          0
sddp              0.25         0.00         0.00       4111          0
sded              2.47         0.04         0.02     188576     104461
sdep              0.25         0.00         0.00       4111          0
sdfb              0.31         0.00         0.00       4896        626
sdew              0.30         0.00         0.00       4706       2193
sdes              0.05         0.00         0.00        811          0
sddo              0.25         0.00         0.00       4112          0
sddv              0.92         0.01         0.00      38890      12273
sder              0.25         0.00         0.00       4110          0
sdeu              0.52         0.00         0.05       5931     188719
sdbr              1.36         0.03         0.02     134002      70262
sddx              1.37         0.02         0.00      80317      15368
sdex              0.05         0.00         0.00        811          0
sdei              0.25         0.00         0.00       4110          0
sdem              0.24         0.00         0.00       3999          0
sdev              0.34         0.00         0.01       4653      41999
sdfc              0.25         0.00         0.00       4112          0
sddu              0.25         0.00         0.00       4110          0
sdfe              0.33         0.00         0.01       4632      50651
sden              0.25         0.00         0.00       4111          0
sdee              1.45         0.01         0.00      39605      17587
sdfa              0.29         0.00         0.00       4614        329
sdeo              0.25         0.00         0.00       4111          0
sdec              1.23         0.03         0.00     130401      13545
sdef              1.17         0.02         0.02      68090      65487
sddy              1.34         0.03         0.01     108180      36639
sdfk              0.45         0.00         0.00       7146       1682
sdfi              0.05         0.00         0.00        811          0
sdds              0.25         0.00         0.00       4111          0
sdfn              0.46         0.00         0.00       7247       1657
sdfl              0.37         0.00         0.00       5776       2432
sdel              0.25         0.00         0.00       4111          0
sdfh              0.38         0.00         0.01       5298      38312
sdfg              0.39         0.00         0.00       6159       2983
sdeq              0.25         0.00         0.00       4110          0
sddw              1.50         0.03         0.05     130769     194848
sdfj              0.15         0.00         0.00       2487          0
sdfu              0.38         0.00         0.01       5527      34362
sdfm              0.93         0.00         0.00      14983        303
sdfr              0.53         0.00         0.00       8139       8953
sdfd              0.05         0.00         0.00        811          0
sdfs              0.54         0.00         0.00       8608       1314
sdfq              0.37         0.00         0.00       5484        542
sdfv              0.68         0.00         0.00      10855       4562
sdfx              0.54         0.00         0.00       8663       3050
sdff              0.32         0.00         0.00       5009       9207
sdga              0.32         0.00         0.00       4841      19661
sdey              0.43         0.00         0.01       6274      38317
sdfo              0.40         0.00         0.00       6261        149
sdft              0.33         0.00         0.00       5160       2867
sdfz              0.49         0.00         0.00       7889        132
sdfy              0.87         0.00         0.00      14069       1581
sdfp              0.05         0.00         0.00        811          0
sdgl              0.05         0.00         0.00        802          0
sdgk              0.05         0.00         0.00        811          0
sdgg              0.05         0.00         0.00        802          0
sdfw              0.32         0.00         0.00       5103       2832
sdgn              0.05         0.00         0.00        802          0
sdgm              0.05         0.00         0.00        802          0
sdgh              0.05         0.00         0.00        802          0
sdgc              0.05         0.00         0.00        802          0
sdgi              0.05         0.00         0.00        802          0
sdge              0.05         0.00         0.00        802          0
sdgd              0.05         0.00         0.00        802          0
sdgr              0.05         0.00         0.00        802          0
sdgf              0.05         0.00         0.00        802          0
sdgb              0.25         0.00         0.00       4109          0
sdhb              0.05         0.00         0.00        811          0
sdgy              0.05         0.00         0.00        802          0
sdgu              0.05         0.00         0.00        802          0
sdgj              0.05         0.00         0.00        802          0
sdhd              0.05         0.00         0.00        813          0
sdhr              0.05         0.00         0.00        812          0
sdho              0.05         0.00         0.00        812          0
sdgq              0.05         0.00         0.00        802          0
sdgo              0.05         0.00         0.00        802          0
sdhs              0.05         0.00         0.00        811          0
sdhe              0.05         0.00         0.00        813          0
sdgx              0.05         0.00         0.00        803          0
sdgt              0.05         0.00         0.00        802          0
sdgs              0.05         0.00         0.00        803          0
sdgw              0.05         0.00         0.00        803          0
sdgv              0.05         0.00         0.00        802          0
sdgp              0.05         0.00         0.00        802          0
sdhv              0.05         0.00         0.00        813          0
sdha              0.05         0.00         0.00        813          0
sdhp              0.05         0.00         0.00        812          0
sdhy              0.05         0.00         0.00        811          0
sdht              0.05         0.00         0.00        812          0
sdhq              0.05         0.00         0.00        812          0
sdhm              0.05         0.00         0.00        812          0
sdhn              0.05         0.00         0.00        812          0
sdhf              0.05         0.00         0.00        813          0
sdhu              0.05         0.00         0.00        812          0
sdhc              0.05         0.00         0.00        813          0
sdhj              0.05         0.00         0.00        813          0
sdgz              0.05         0.00         0.00        815          0
sdhl              0.05         0.00         0.00        812          0
sdhx              0.05         0.00         0.00        811          0
sdhz              0.05         0.00         0.00        811          0
sdhh              0.05         0.00         0.00        813          0
sdhk              0.05         0.00         0.00        812          0
sdhw              0.05         0.00         0.00        811          0
sdib              0.05         0.00         0.00        802          0
sdid              0.05         0.00         0.00        802          0
sdhg              0.05         0.00         0.00        813          0
sdie              0.05         0.00         0.00        802          0
sdhi              0.05         0.00         0.00        813          0
sdic              0.05         0.00         0.00        802          0
sdia              0.05         0.00         0.00        802          0
sdih              0.05         0.00         0.00        801          0
sdig              0.05         0.00         0.00        801          0
sdii              0.05         0.00         0.00        802          0
sdij              0.05         0.00         0.00        802          0
sdil              0.05         0.00         0.00        812          0
sdik              0.05         0.00         0.00        802          0
sdim              0.05         0.00         0.00        812          0
sdif              0.05         0.00         0.00        802          0
sdin              0.05         0.00         0.00        812          0
sdio              0.05         0.00         0.00        812          0
sdip              0.05         0.00         0.00        812          0
sdiq              0.05         0.00         0.00        812          0
sdir              0.05         0.00         0.00        812          0
sdis              0.05         0.00         0.00        812          0
sdit              0.05         0.00         0.00        812          0
sdiu              0.05         0.00         0.00        812          0
sdiv              0.05         0.00         0.00        812          0
sdiw              1.18         0.06         0.00     270465      15496
sdix              0.77         0.01         0.01      56968      42001
sdiy              1.79         0.11         0.00     470614      17653
sdiz              0.91         0.03         0.04     126895     178890
sdja              1.34         0.02         0.02      68491      78351
sdjb              0.92         0.03         0.01     106070      31252
sdjc              1.76         0.05         0.03     194631     121087
sdjd              0.73         0.01         0.01      45259      21454
sdje              0.85         0.01         0.03      43806     133648
sdjf              0.64         0.01         0.01      44229      22992
sdjg              0.79         0.01         0.00      48415      20206
sdjh              0.62         0.01         0.01      44284      30805
sdji              0.98         0.03         0.01     146264      23920
sdjj              0.81         0.01         0.03      56027     110447
sdjk              0.76         0.03         0.01     128631      45606
sdjl              0.75         0.02         0.01      65279      60291
sdjm              0.92         0.02         0.01      86792      22852
sdjn              0.84         0.02         0.03      86169     107495
sdjo              0.72         0.01         0.00      28859      14532
sdjp              0.93         0.02         0.00      71392       6769
sdjq              0.84         0.02         0.00      81114      19446
sdjr              0.67         0.02         0.00      63936      14915
sdjs              0.65         0.01         0.00      45404      17753
sdjt              0.92         0.02         0.00      97774       4435
sdju              0.65         0.01         0.00      33956      15591
sdjv              0.88         0.02         0.00      94000      18723
sdjw              0.75         0.01         0.00      54647      12636
sdjx              0.89         0.02         0.02      63048      65687
sdjy              0.81         0.02         0.00      78225       4234
sdjz              0.79         0.02         0.01      88188      22860
sdka              0.85         0.03         0.01     109025      37317
sdkb              0.79         0.01         0.00      55031       8968
sdkc              0.81         0.01         0.00      61937      12266
sdkd              0.83         0.02         0.02      82299      64273
sdke              1.04         0.03         0.00     107599       9596
sdkf              0.66         0.01         0.01      34837      22371
sdkg              0.73         0.01         0.01      59298      50955
sdkh              0.72         0.01         0.01      56334      35676
sdki              0.71         0.01         0.00      26994      10445
sdkj              0.77         0.02         0.00      82919       5095
sdkk              0.22         0.00         0.00       3581          0
sdkl              0.69         0.01         0.01      21575      53430
sdkm              0.94         0.02         0.01      64522      25652
sdkn              1.37         0.05         0.01     227063      35712
sdko              0.25         0.00         0.00       4109          0
sdkp              0.27         0.00         0.00       4143        148
sdkq              0.78         0.01         0.01      28797      37615
sdkr              0.77         0.01         0.01      34701      39917
sdks              0.25         0.00         0.00       4108          0
sdkt              0.27         0.00         0.00       4142        146
sdku              1.00         0.02         0.02      81519      65742
sdkv              1.21         0.02         0.00      90418      10550
sdkw              0.25         0.00         0.00       4109          0
sdkx              0.82         0.02         0.01      84007      26202
sdky              0.82         0.01         0.00      48729      10823
sdkz             35.24         0.26         0.20    1082249     844596
sdla              0.25         0.00         0.00       4109          0
sdlb              0.25         0.00         0.00       4109          0
sdlc              0.25         0.00         0.00       4110          0
sdld              0.25         0.00         0.00       4109          0
sdle              0.78         0.01         0.01      54839      26412
sdlf              0.25         0.00         0.00       4120          0
sdlg              0.25         0.00         0.00       4107          0
sdlh              0.25         0.00         0.00       4108          0
sdli              0.25         0.00         0.00       4108          0
sdlj              0.25         0.00         0.00       4109          0
sdlk              1.02         0.01         0.00      57867      17331
sdll              1.49         0.03         0.01     126069      39105
sdlm              1.36         0.03         0.02     133929      70422
sdln              0.99         0.01         0.02      51072      63202
sdlo              2.27         0.06         0.01     259184      38493
sdlp              1.09         0.01         0.01      51551      31274
sdlq              1.37         0.01         0.01      45143      33020
sdlr              0.91         0.01         0.00      34110      11778
sdls              1.03         0.01         0.00      33323      20492
sdlt              1.46         0.02         0.01     101340      45466
sdlu              1.21         0.01         0.01      41215      30691
sdlv              1.25         0.03         0.01     118683      23016
sdlw              1.01         0.01         0.02      44298      71234
sdlx              1.18         0.01         0.00      47850      19972
sdly              2.27         0.08         0.01     347919      25639
sdlz              0.87         0.00         0.00      14118        175
sdma              0.53         0.00         0.00       8388        718
sdmb              0.66         0.00         0.00      10589        883
sdmc              0.53         0.00         0.00       8486       3686
sdmd              4.66         0.01         0.41      51777    1737258
sdme              0.47         0.00         0.00       7410       5072
sdmf              0.39         0.00         0.00       6163        564
sdmg              0.60         0.00         0.00       9496       2646
sdmh              0.55         0.00         0.00       8757       1881
sdmi              1.33         0.01         0.00      21492        306
sdmj              0.83         0.00         0.00      13357       3020
sdmk              1.96         0.00         0.32      14633    1346925
sdml              0.80         0.00         0.00      12933        329
sdmm              0.65         0.00         0.00      10476       1315
sdmn              0.53         0.00         0.00       8385        837
sdmo              0.72         0.00         0.00      11611       1913
sdmp              0.43         0.00         0.00       6814       4364
sdmq              0.40         0.00         0.00       6189      12649
sdmr              1.02         0.00         0.00      16347       8620
sdms              0.69         0.00         0.00      11087       5366
sdmt              0.70         0.00         0.00      11172        166
sdmu              0.34         0.00         0.00       5371       2472
sdmv              1.01         0.00         0.00      16246        851
sdmw              0.96         0.00         0.00      15514        356
sdmx              0.42         0.00         0.00       6640       1719
sdmy              0.25         0.00         0.00       4109          0
sdmz              0.25         0.00         0.00       4108          0
sdna              0.25         0.00         0.00       4109          0
sdnb              0.25         0.00         0.00       4109          0
sdnc              0.25         0.00         0.00       4109          0
sdnd              0.25         0.00         0.00       4109          0
sdne              0.25         0.00         0.00       4109          0
sdnf              0.92         0.01         0.00      38835      12228
sdng              1.50         0.03         0.05     130795     194780
sdnh              1.37         0.02         0.00      80301      15390
sdni              1.34         0.03         0.01     108174      36683
sdnj              1.23         0.02         0.00      79083      13746
sdnk              1.18         0.01         0.03      54496     105755
sdnl              1.29         0.04         0.00     162922       7560
sdnm              1.23         0.03         0.00     130362      13504
sdnn              2.47         0.04         0.02     188417     104379
sdno              1.45         0.01         0.00      39605      17567
sdnp              1.17         0.02         0.02      68084      65481
sdnq              0.25         0.00         0.00       4109          0
sdnr              0.25         0.00         0.00       4109          0
sdns              0.25         0.00         0.00       4109          0
sdnt              0.25         0.00         0.00       4109          0
sdnv              0.25         0.00         0.00       4108          0
sdnu              0.25         0.00         0.00       4109          0
sdnw              0.24         0.00         0.00       3997          0
sdnx              0.25         0.00         0.00       4107          0
sdny              0.25         0.00         0.00       4110          0
sdnz              0.25         0.00         0.00       4108          0
sdoa              0.25         0.00         0.00       4109          0
sdob              0.25         0.00         0.00       4110          0
sdoc              0.25         0.00         0.00       4110          0
sdod              0.52         0.00         0.05       5930     188848
sdoe              0.34         0.00         0.01       4652      41969
sdof              0.30         0.00         0.00       4706       2192
sdog              0.43         0.00         0.01       6274      38246
sdoh              0.33         0.00         0.00       5023       2043
sdoi              0.29         0.00         0.00       4614        332
sdoj              0.31         0.00         0.00       4893        622
sdok              0.25         0.00         0.00       4109          0
sdol              0.33         0.00         0.01       4631      50746
sdom              0.32         0.00         0.00       5005       9203
sdon              0.39         0.00         0.00       6157       2970
sdoo              0.38         0.00         0.01       5298      38353
sdop              0.15         0.00         0.00       2487          0
sdoq              0.45         0.00         0.00       7145       1680
sdor              0.37         0.00         0.00       5775       2427
sdos              0.93         0.00         0.00      14981        300
sdot              0.46         0.00         0.00       7247       1663
sdou              0.40         0.00         0.00       6261        150
sdov              0.37         0.00         0.00       5483        539
sdow              0.53         0.00         0.00       8137       8920
sdox              0.54         0.00         0.00       8606       1309
sdoy              0.33         0.00         0.00       5156       2885
sdoz              0.38         0.00         0.01       5524      34366
sdpa              0.68         0.00         0.00      10856       4567
sdpb              0.32         0.00         0.00       5101       2832
sdpc              0.54         0.00         0.00       8662       3027
sdpd              0.87         0.00         0.00      14069       1588
sdpe              0.49         0.00         0.00       7888        132
sdpf              0.32         0.00         0.00       4838      19705
sdpg              0.25         0.00         0.00       4110          0
mpatha           45.18         0.27         0.51    1130243    2133072
dccebrsma02_disk8     1.81         0.05         0.01     212143      62549
dccebrsma01_disk17     1.82         0.03         0.00     142777      13571
dccebrsma04_disk5     1.26         0.02         0.01      88460      46008
dccebrsma02_disk6     1.79         0.06         0.09     253711     357841
dccebrsma05_disk4     1.59         0.03         0.05     111974     220974
dccebrsma01_disk18     0.44         0.00         0.00       7157          0
dccebrsma02_disk15     1.53         0.02         0.02      69428      79698
dccebrsma04_disk9     1.54         0.03         0.00     110006      17934
dccebrsma04_disk7     1.22         0.02         0.01      88587      61646
dccebrsma05_disk5     1.51         0.06         0.02     257260      91194
dccebrsma02_disk7     2.63         0.03         0.04     136958     156832
dccebrsma04_disk11     1.63         0.04         0.03     164555     128526
dccebrsma01_disk11     1.52         0.03         0.02     113873      84094
dccebrsma01_disk13     1.49         0.03         0.03     130586     120585
dccebrsma02_disk9     1.65         0.04         0.01     162206      38806
dccebrsma03_disk7     1.45         0.02         0.01      90495      42911
dccebrsma03_disk13     1.57         0.04         0.01     176402      45790
dccebrsma03_disk12     1.59         0.04         0.00     156465       8462
dccebrsma02_disk13     1.28         0.02         0.01      67886      31224
dccebrsma05_disk8     1.42         0.03         0.02     112690      71346
dccebrsma01_disk10     2.34         0.13         0.01     540933      30953
dccebrsma04_disk6     1.55         0.02         0.01      96836      40417
dccebrsma03_disk6     3.48         0.09         0.06     389280     242090
dccebrsma03_disk8     1.67         0.02         0.06      87572     267269
dccebrsma04_disk12     2.05         0.05         0.00     215151      19211
dccebrsma02_disk10     1.31         0.03         0.01     127865      29811
dccebrsma02_disk16     0.50         0.00         0.00       8210          0
dccebrsma04_disk10     1.59         0.03         0.01     123859      24579
dccebrsma01_disk12     3.56         0.22         0.01     941211      35314
dccebrsma02_disk11     1.28         0.02         0.01      90830      35463
dccebrsma01_disk19     1.35         0.01         0.03      43152     106895
dccebrsma05_disk9     1.40         0.01         0.00      53923      20879
dccebrsma05_disk3     1.94         0.07         0.01     292557      47782
dccebrsma01_disk21     2.72         0.11         0.02     453988      71413
dccebrsma05_disk7     1.44         0.03         0.02     118573     101925
dccebrsma04_disk13     1.62         0.04         0.01     167995      52436
dccebrsma07_disk2     2.88         0.05         0.02     202648      90952
dccebrsma02_disk12     1.81         0.05         0.00     195529       8850
dccebrsma01_disk23     0.53         0.00         0.00       8282        296
dccebrsma07_disk4     2.47         0.06         0.01     237446      46045
dccebrsma01_disk20     1.85         0.03         0.01     129051      51237
dccebrsma01_disk22     0.50         0.00         0.00       8213          0
dccebrsma01_disk15     1.65         0.04         0.05     172347     214999
dccebrsma01_disk16     1.41         0.01         0.01      57688      29012
dccebrsma09_disk4     3.84         0.01         0.64      29261    2693844
dccebrsma08_disk4     1.06         0.00         0.00      16966       7357
dccebrsma05_disk12     0.50         0.00         0.00       8229          0
dccebrsma01_disk14     1.81         0.04         0.01     173676      45717
dccebrsma03_disk9     1.73         0.04         0.01     187998      37376
dccebrsma04_disk16     0.50         0.00         0.00       8210          0
dccebrsma03_disk14     1.97         0.04         0.03     163046     131642
dccebrsma04_disk14     1.62         0.02         0.01      97507      21706
dccebrsma02_disk17     0.53         0.00         0.00       8280        292
dccebrsma04_disk19     0.50         0.00         0.00       8210          0
dccebrsma07_disk3     2.37         0.02         0.01      82447      61348
dccebrsma06_disk6     2.16         0.02         0.01     103136      62568
dccebrsma05_disk13     0.50         0.00         0.00       8210          0
dccebrsma08_disk5     9.20         0.02         0.83     103547    3473299
dccebrsma07_disk7     4.51         0.17         0.01     695918      51293
dccebrsma03_disk10     1.49         0.03         0.01     109261      25297
dccebrsma03_disk11     1.76         0.03         0.03     126006     131365
dccebrsma08_disk8     1.18         0.00         0.00      18987       5276
dccebrsma09_disk7     1.04         0.00         0.00      16765       1675
dccebrsma05_disk16     0.50         0.00         0.00       8211          0
dccebrsma05_disk10     1.52         0.04         0.00     165725      10254
dccebrsma04_disk15    70.32         0.52         0.40    2164530    1688986
dccebrsma09_disk3     1.66         0.01         0.00      26710       6038
ddccebrsma06_disk8     1.79         0.02         0.01      68228      23548
dccebrsma09_disk6     1.30         0.00         0.00      20946       2629
dccebrsma10_disk2     0.80         0.00         0.01      12375      25297
dccebrsma05_disk6     1.29         0.02         0.01      69635      44827
dccebrsma07_disk6     2.32         0.02         0.01      95720      39984
dccebrsma08_disk3     1.31         0.01         0.00      21172       1769
dccebrsma03_disk16     0.50         0.00         0.00       8211          0
dccebrsma08_disk1     1.74         0.01         0.00      28230        350
dccebrsma10_disk5     1.39         0.01         0.00      22338        333
dccebrsma07_disk1     2.02         0.02         0.01      66655      40933
dccebrsma04_disk8     1.68         0.05         0.02     217936      74618
dccebrsma04_disk18     0.50         0.00         0.00       8211          0
dccebrsma12_disk11     0.65         0.00         0.00      10038       4083
dccebrsma04_disk17     0.50         0.00         0.00       8210          0
dccebrsma05_disk15     0.50         0.00         0.00       8210          0
dccebrsma09_disk2     2.64         0.01         0.00      42979        618
dccebrsma05_disk11     1.53         0.03         0.01     109672      52866
dccebrsma06_disk7     2.69         0.02         0.02      90250      66080
dccebrsma08_disk7     0.77         0.00         0.00      12320       1135
mpathap1          0.18         0.00         0.00        874         58
mpathap2        139.71         0.27         0.51    1129124    2133014
dccebrsma12_disk8     0.50         0.00         0.00       8213          0
dccebrsma06_disk2     2.94         0.06         0.02     252226      78218
dccebrsma02_disk6p1     1.89         0.06         0.09     253245     357841
dccebrsma02_disk15p1     1.56         0.02         0.02      68962      79698
dccebrsma04_disk7p1     1.24         0.02         0.01      88122      61646
dccebrsma02_disk7p1     2.78         0.03         0.04     136492     156832
dccebrsma08_disk6     0.93         0.00         0.00      14815      10160
dccebrsma01_disk17p1     1.88         0.03         0.00     142310      13571
dccebrsma04_disk5p1     1.29         0.02         0.01      87995      46008
dccebrsma05_disk5p1     1.54         0.06         0.02     256794      91194
dccebrsma02_disk8p1     1.86         0.05         0.01     211677      62549
dccebrsma05_disk4p1     1.66         0.03         0.05     111509     220974
dccebrsma04_disk9p1     1.59         0.03         0.00     109540      17934
dccebrsma06_disk5     4.50         0.12         0.02     518241      76958
dccebrsma04_disk11p1     1.71         0.04         0.03     164090     128526
dccebrsma03_disk7p1     1.50         0.02         0.01      90029      42911
dccebrsma05_disk8p1     1.46         0.03         0.02     112224      71346
dccebrsma10_disk9     0.83         0.00         0.00      13274       3435
dccebrsma03_disk12p1     1.62         0.04         0.00     156000       8462
dccebrsma01_disk11p1     1.57         0.03         0.02     113407      84094
dccebrsma01_disk13p1     1.53         0.03         0.03     130121     120585
dccebrsma10_disk7     2.00         0.01         0.00      32486       1697
dccebrsma02_disk9p1     1.70         0.04         0.01     161741      38806
dccebrsma01_disk10p1     2.39         0.13         0.01     540468      30953
dccebrsma03_disk13p1     1.59         0.04         0.01     175937      45790
dccebrsma10_disk1     0.86         0.00         0.00      13622       8728
dccebrsma02_disk13p1     1.29         0.02         0.01      67421      31224
dccebrsma03_disk6p1     3.60         0.09         0.06     388814     242090
dccebrsma04_disk12p1     2.09         0.05         0.00     214685      19211
dccebrsma12_disk4     0.50         0.00         0.00       8212          0
dccebrsma02_disk10p1     1.34         0.03         0.01     127400      29811
dccebrsma03_disk8p1     1.78         0.02         0.06      87107     267269
dccebrsma02_disk16p1     0.47         0.00         0.00       7744          0
dccebrsma04_disk10p1     1.63         0.03         0.01     123393      24579
dccebrsma11_disk19     2.42         0.06         0.01     260756      27050
dccebrsma01_disk12p1     3.63         0.22         0.01     940745      35314
dccebrsma02_disk12p1     1.83         0.05         0.00     195064       8850
dccebrsma06_disk4     1.94         0.02         0.03     102147     126405
dccebrsma02_disk11p1     1.32         0.02         0.01      90364      35463
dccebrsma04_disk6p1     1.59         0.02         0.01      96370      40417
dccebrsma01_disk19p1     1.40         0.01         0.03      42687     106895
dccebrsma04_disk14p1     1.66         0.02         0.01      97041      21706
dccebrsma01_disk23p1     0.50         0.00         0.00       7815        296
dccebrsma07_disk4p1     2.53         0.06         0.01     236980      46045
dccebrsma01_disk14p1     1.94         0.04         0.01     173210      45717
dccebrsma05_disk12p1     0.47         0.00         0.00       7764          0
dccebrsma05_disk9p1     1.43         0.01         0.00      53457      20879
dccebrsma04_disk13p1     1.66         0.04         0.01     167530      52436
dccebrsma01_disk20p1     1.92         0.03         0.01     128586      51237
dccebrsma10_disk4     1.38         0.01         0.00      22168      10757
dccebrsma01_disk16p1     1.45         0.01         0.01      57222      29012
dccebrsma01_disk15p1     1.78         0.04         0.05     171881     214999
dccebrsma08_disk2     1.05         0.00         0.00      16771       1430
dccebrsma08_disk4p1     1.04         0.00         0.00      16500       7357
dccebrsma03_disk14p1     2.05         0.04         0.03     162580     131642
dccebrsma07_disk3p1     2.47         0.02         0.01      81982      61348
dccebrsma02_disk17p1     0.50         0.00         0.00       7814        292
dccebrsma05_disk7p1     1.47         0.03         0.02     118106     101925
dccebrsma01_disk21p1     2.77         0.11         0.02     453523      71413
dccebrsma04_disk19p1     0.47         0.00         0.00       7744          0
dccebrsma01_disk22p1     0.47         0.00         0.00       7748          0
dccebrsma08_disk5p1    10.48         0.02         0.83     103081    3473299
dccebrsma04_disk16p1     0.47         0.00         0.00       7744          0
dccebrsma09_disk4p1     4.61         0.01         0.64      28795    2693844
dccebrsma05_disk3p1     1.98         0.07         0.01     292092      47782
dccebrsma05_disk13p1     0.47         0.00         0.00       7745          0
dccebrsma07_disk2p1     2.98         0.05         0.02     202182      90952
dccebrsma10_disk13     0.50         0.00         0.00       8213          0
dccebrsma09_disk7p1     1.02         0.00         0.00      16300       1675
dccebrsma06_disk6p1     2.20         0.02         0.01     102670      62568
dccebrsma08_disk8p1     1.17         0.00         0.00      18521       5276
dccebrsma03_disk11p1     1.84         0.03         0.03     125540     131365
dccebrsma05_disk10p1     1.55         0.04         0.00     165260      10254
dccebrsma03_disk10p1     1.53         0.03         0.01     108795      25297
dccebrsma05_disk16p1     0.47         0.00         0.00       7745          0
dccebrsma03_disk9p1     1.77         0.04         0.01     187532      37376
dccebrsma07_disk7p1     4.59         0.17         0.01     695453      51293
dccebrsma09_disk3p1     1.64         0.01         0.00      26244       6038
ddccebrsma06_disk8p1     1.85         0.02         0.01      67763      23548
dccebrsma09_disk5     1.60         0.01         0.00      25861        661
dccebrsma11_disk14     2.71         0.04         0.01     160611      30759
dccebrsma10_disk3     2.03         0.01         0.00      32692      17238
dccebrsma03_disk16p1     0.47         0.00         0.00       7745          0
dccebrsma06_disk7p1     2.85         0.02         0.02      89785      66080
dccebrsma06_disk5p1     4.60         0.12         0.02     517776      76958
dccebrsma07_disk5     1.97         0.02         0.03      88584     142466
dccebrsma10_disk5p1     1.36         0.01         0.00      21873        333
dccebrsma07_disk1p1     2.08         0.02         0.01      66189      40933
dccebrsma12_disk11p1     0.64         0.00         0.00       9572       4083
dccebrsma08_disk3p1     1.29         0.00         0.00      20706       1769
dccebrsma05_disk11p1     1.56         0.03         0.01     109206      52866
dccebrsma04_disk17p1     0.47         0.00         0.00       7745          0
dccebrsma08_disk7p1     0.75         0.00         0.00      11854       1135
dccebrsma12_disk4p1     0.47         0.00         0.00       7746          0
dccebrsma10_disk7p1     1.98         0.01         0.00      32021       1697
dccebrsma09_disk2p1     2.62         0.01         0.00      42513        618
dccebrsma06_disk4p1     2.04         0.02         0.03     101681     126405
dccebrsma04_disk15p1    76.05         0.52         0.40    2164064    1688986
dccebrsma09_disk8     1.44         0.01         0.00      23216       3824
dccebrsma05_disk15p1     0.47         0.00         0.00       7745          0
dccebrsma11_disk19p1     2.50         0.06         0.01     260290      27050
dccebrsma07_disk6p1     2.41         0.02         0.01      95254      39984
dccebrsma10_disk9p1     0.82         0.00         0.00      12808       3435
dccebrsma08_disk1p1     1.72         0.01         0.00      27764        350
dccebrsma05_disk6p1     1.32         0.02         0.01      69169      44827
dccebrsma08_disk6p1     0.92         0.00         0.00      14349      10160
dccebrsma06_disk2p1     3.02         0.06         0.02     251761      78218
dccebrsma10_disk4p1     1.36         0.01         0.00      21702      10757
dccebrsma04_disk18p1     0.47         0.00         0.00       7745          0
dccebrsma09_disk6p1     1.27         0.00         0.00      20480       2629
dccebrsma13_disk7     0.50         0.00         0.00       8214          0
dccebrsma10_disk2p1     0.79         0.00         0.01      11909      25297
dccebrsma12_disk8p1     0.47         0.00         0.00       7747          0
dccebrsma10_disk13p1     0.47         0.00         0.00       7747          0
dccebrsma10_disk6     0.68         0.00         0.00      10736       4934
dccebrsma08_disk2p1     1.02         0.00         0.00      16305       1430
dccebrsma04_disk8p1     1.73         0.05         0.02     217471      74618
dccebrsma09_disk5p1     1.58         0.01         0.00      25395        661
dccebrsma13_disk8     0.50         0.00         0.00       8214          0
dccebrsma10_disk1p1     0.84         0.00         0.00      13157       8728
dccebrsma06_disk1     2.01         0.03         0.01     115730      34644
dccebrsma11_disk14p1     2.75         0.04         0.01     160144      30759
dccebrsma07_disk5p1     2.06         0.02         0.03      88117     142466
dccebrsma10_disk3p1     2.01         0.01         0.00      32226      17238
dccebrsma09_disk1     1.09         0.00         0.00      17506       3749
dccebrsma12_disk3     2.30         0.03         0.03     136167     130968
dccebrsma09_disk8p1     1.42         0.01         0.00      22750       3824
dccebrsma06_disk14     0.91         0.00         0.00      14486       3320
dccebrsma13_disk7p1     0.47         0.00         0.00       7747          0
dccebrsma10_disk8     1.92         0.01         0.00      31020        708
dccebrsma10_disk6p1     0.66         0.00         0.00      10270       4934
dccebrsma12_disk7     0.50         0.00         0.00       8213          0
dccebrsma13_disk8p1     0.47         0.00         0.00       7747          0
dccebrsma10_disk12     0.50         0.00         0.00       8213          0
dccebrsma12_disk18     0.74         0.00         0.02      10589      76665
dccebrsma06_disk1p1     2.06         0.03         0.01     115264      34644
dccebrsma09_disk1p1     1.07         0.00         0.00      17041       3749
dccebrsma10_disk10     0.50         0.00         0.00       8214          0
dccebrsma06_disk9     1.85         0.01         0.00      29957        604
dccebrsma12_disk3p1     2.36         0.03         0.03     135700     130968
dccebrsma05_disk14     0.50         0.00         0.00       8211          0
dccebrsma10_disk8p1     1.89         0.01         0.00      30554        708
dccebrsma11_disk16     2.42         0.04         0.01     158093      27489
dccebrsma06_disk14p1     0.89         0.00         0.00      14020       3320
dccebrsma11_disk17     2.32         0.03         0.05     109017     211548
dccebrsma12_disk7p1     0.47         0.00         0.00       7747          0
dccebrsma10_disk12p1     0.47         0.00         0.00       7747          0
dccebrsma12_disk13     0.62         0.00         0.00       9783       1249
dccebrsma12_disk14     0.50         0.00         0.00       8214          0
dccebrsma12_disk18p1     0.76         0.00         0.02      10123      76665
dccebrsma10_disk10p1     0.47         0.00         0.00       7747          0
dccebrsma13_disk4     0.50         0.00         0.00       8214          0
dccebrsma06_disk9p1     1.83         0.01         0.00      29490        604
vmax_dccebrsma09_disk19     0.30         0.00         0.00       4969          0
dccebrsma13_disk2     0.49         0.00         0.00       7989          0
dccebrsma05_disk14p1     0.47         0.00         0.00       7746          0
dccebrsma11_disk16p1     2.54         0.04         0.01     157627      27489
dccebrsma11_disk20     0.66         0.00         0.02       9298      83969
dccebrsma11_disk17p1     2.44         0.03         0.05     108550     211548
dccebrsma12_disk13p1     0.60         0.00         0.00       9317       1249
dccebrsma12_disk15     0.66         0.00         0.02       9256     101398
dccebrsma11_disk15     2.64         0.05         0.02     216348      73322
dccebrsma12_disk14p1     0.47         0.00         0.00       7748          0
dccebrsma06_disk15     0.89         0.00         0.00      14284       3362
dccebrsma13_disk4p1     0.47         0.00         0.00       7748          0
dccebrsma12_disk6     0.50         0.00         0.00       8211          0
dccebrsma10_disk16     0.50         0.00         0.00       8213          0
dccebrsma13_disk2p1     0.46         0.00         0.00       7523          0
dccebrsma12_disk9     0.60         0.00         0.00       9405       4386
dccebrsma11_disk20p1     0.67         0.00         0.02       8832      83969
dccebrsma11_disk21     1.02         0.00         0.09      11855     377567
dccebrsma12_disk15p1     0.66         0.00         0.02       8790     101398
dccebrsma12_disk10     0.84         0.00         0.02      12541      76564
dccebrsma11_disk15p1     2.73         0.05         0.02     215881      73322
dccebrsma02_disk14     1.52         0.01         0.02      57569      75168
dccebrsma06_disk15p1     0.88         0.00         0.00      13818       3362
dccebrsma11_disk12     1.81         0.02         0.01      77717      24501
dccebrsma12_disk6p1     0.47         0.00         0.00       7745          0
dccebrsma10_disk16p1     0.47         0.00         0.00       7746          0
dccebrsma13_disk3     0.50         0.00         0.00       8211          0
dccebrsma12_disk9p1     0.57         0.00         0.00       8938       4386
vmax_dccebrsma09_disk17     1.35         0.01         0.00      21705       9130
dccebrsma11_disk21p1     1.10         0.00         0.09      11389     377567
dccebrsma12_disk1     4.84         0.09         0.05     376987     208841
dccebrsma13_disk5     0.50         0.00         0.00       8212          0
dccebrsma12_disk10p1     0.85         0.00         0.02      12074      76564
dccebrsma02_disk14p1     1.58         0.01         0.02      57104      75168
vsp_g700_dccebrsma09_disk10     1.08         0.00         0.00      17319       6078
dccebrsma13_disk18     0.75         0.00         0.02      11045      68729
dccebrsma11_disk12p1     1.86         0.02         0.01      77251      24501
dccebrsma13_disk3p1     0.47         0.00         0.00       7745          0
dccebrsma11_disk13     2.98         0.06         0.09     261557     389628
vmax_dccebrsma09_disk17p1     1.33         0.01         0.00      21239       9130
dccebrsma13_disk1     0.50         0.00         0.00       8212          0
dccebrsma12_disk1p1     5.12         0.09         0.05     376521     208841
dccebrsma06_disk10     0.79         0.00         0.00      12514        299
dccebrsma13_disk5p1     0.47         0.00         0.00       7745          0
dccebrsma12_disk5     0.50         0.00         0.00       8211          0
vsp_g700_dccebrsma09_disk10p1     1.06         0.00         0.00      16852       6078
dccebrsma11_disk18     2.55         0.08         0.00     325873      15106
dccebrsma13_disk18p1     0.75         0.00         0.02      10579      68729
dccebrsma12_disk2     2.85         0.02         0.01      79204      35154
dccebrsma10_disk11     0.50         0.00         0.00       8211          0
dccebrsma11_disk13p1     3.13         0.06         0.09     261090     389628
dccebrsma13_disk1p1     0.47         0.00         0.00       7746          0
dccebrsma13_disk15     1.05         0.00         0.00      16268      17873
dccebrsma10_disk14     0.50         0.00         0.00       8212          0
dccebrsma06_disk10p1     0.76         0.00         0.00      12048        299
dccebrsma12_disk5p1     0.47         0.00         0.00       7745          0
vsp_g700_dccebrsma09_disk11     1.73         0.01         0.00      28131       3169
dccebrsma11_disk18p1     2.61         0.08         0.00     325407      15106
dccebrsma03_disk15     2.39         0.04         0.01     180822      21060
dccebrsma12_disk2p1     2.92         0.02         0.01      78738      35154
vsp_g700_dccebrsma09_disk9     0.64         0.00         0.00      10197       5665
dccebrsma10_disk11p1     0.47         0.00         0.00       7745          0
dccebrsma13_disk6     0.50         0.00         0.00       8212          0
dccebrsma13_disk15p1     1.04         0.00         0.00      15802      17873
dccebrsma10_disk14p1     0.47         0.00         0.00       7746          0
dccebrsma11_disk6     1.02         0.00         0.00      16785          0
vsp_g700_dccebrsma09_disk11p1     1.71         0.01         0.00      27665       3169
dccebrsma06_disk3     2.67         0.06         0.03     267924     140685
dccebrsma03_disk15p1     2.44         0.04         0.01     180357      21060
dccebrsma12_disk16     0.64         0.00         0.00      10007      18410
vsp_g700_dccebrsma09_disk9p1     0.62         0.00         0.00       9731       5665
dccebrsma13_disk16     1.07         0.00         0.00      17207       2624
dccebrsma13_disk14     0.73         0.00         0.00      10960       1081
dccebrsma13_disk6p1     0.47         0.00         0.00       7745          0
dccebrsma11_disk6p1     1.00         0.00         0.00      16320          0
vsp_g700_dccebrsma09_disk13     0.63         0.00         0.01       9672      39367
dccebrsma06_disk3p1     2.79         0.06         0.03     267458     140685
vsp_g700_dccebrsma09_disk12     0.98         0.00         0.00      15771        265
dccebrsma12_disk16p1     0.62         0.00         0.00       9540      18410
dccebrsma12_disk12     0.58         0.00         0.00       9222        662
dccebrsma13_disk16p1     1.05         0.00         0.00      16740       2624
dccebrsma12_disk17     0.78         0.00         0.00      12309       5954
dccebrsma13_disk14p1     0.72         0.00         0.00      10494       1081
vsp_g700_dccebrsma07_disk9     0.50         0.00         0.00       8212          0
vsp_g700_dccebrsma09_disk13p1     0.62         0.00         0.01       9205      39367
dccebrsma10_disk15     0.50         0.00         0.00       8212          0
dccebrsma06_disk11     0.73         0.00         0.00      11544       4860
vsp_g700_dccebrsma09_disk12p1     0.95         0.00         0.00      15304        265
dccebrsma12_disk12p1     0.56         0.00         0.00       8756        662
dccebrsma11_disk11     1.18         0.00         0.01      18851      27463
dccebrsma12_disk17p1     0.76         0.00         0.00      11842       5954
dccebrsma13_disk17     0.65         0.00         0.00      10309       5752
vsp_g700_dccebrsma07_disk9p1     0.47         0.00         0.00       7746          0
dccebrsma11_disk9     1.70         0.01         0.01      27146      35571
dccebrsma10_disk15p1     0.47         0.00         0.00       7746          0
dccebrsma11_disk3     1.99         0.01         0.00      32184       1996
dccebrsma06_disk11p1     0.70         0.00         0.00      11078       4860
dccebrsma11_disk1     2.17         0.01         0.04      33306     153020
dccebrsma11_disk11p1     1.17         0.00         0.01      18385      27463
dccebrsma11_disk8     1.24         0.00         0.00      20004        336
dccebrsma13_disk17p1     0.64         0.00         0.00       9842       5752
dccebrsma11_disk10     2.25         0.01         0.22      25971     915897
dccebrsma11_disk9p1     1.69         0.01         0.01      26681      35571
dccebrsma11_disk3p1     1.97         0.01         0.00      31719       1996
dccebrsma11_disk1p1     2.20         0.01         0.04      32840     153020
dccebrsma11_disk8p1     1.22         0.00         0.00      19538        336
dccebrsma11_disk10p1     2.47         0.01         0.22      25506     915897
dccebrsma11_disk5     0.86         0.00         0.00      13755       6167
dccebrsma11_disk5p1     0.85         0.00         0.00      13289       6167
dccebrsma11_disk7     1.22         0.00         0.01      19249      26313
dccebrsma11_disk7p1     1.20         0.00         0.01      18783      26313
dccebrsma11_disk2     1.49         0.01         0.01      23702      22367
dccebrsma11_disk4     1.44         0.01         0.00      23194       2572
dccebrsma11_disk2p1     1.47         0.01         0.01      23236      22367
dccebrsma11_disk4p1     1.41         0.01         0.00      22728       2572
VGroup00-lv_root-real   124.53         0.01         0.47      51019    1989053
VGroup00-lv_root   124.53         0.01         0.47      51018    1989053
VGroup00-DDBSnap_1441324841_924386-cow     0.00         0.00         0.00          2          0
VGroup00-DDBSnap_1441324841_924386     0.57         0.00         0.00       9365          0
VGroup00-lv_swap     0.34         0.00         0.00       5629          0
VGroup00-lv_var     9.21         0.24         0.02    1006068      95914
VGroup00-lv_home     0.48         0.00         0.00       2696       5169
VGroup00-lv_tmp     0.63         0.00         0.00       2744       7561
VGroup00-lv_simpana     2.51         0.01         0.01      27641      35314
VGroup00-lvo10     0.34         0.00         0.00       5629          0
VGroup00-DDBSnap_1493138958_104563     0.34         0.00         0.00       5629          0
VGroup00-DDBSnap_3509107196     0.34         0.00         0.00       5629          0
VGroup00-DDBSnap_866117263     0.34         0.00         0.00       5629          0
VGroup00-DDBSnap_2856324306     0.34         0.00         0.00       5629          0
clusvg13_4-lv13_4     0.19         0.00         0.00       3172          0
clusvg12_14-lv12_14     0.19         0.00         0.00       3172          0
clusvg12_13-lv12_13     0.31         0.00         0.00       4741       1249
clusvg11_17-lv11_17     2.13         0.02         0.05     103975     211548
clusvg5_14-lv5_14     0.19         0.00         0.00       3170          0
clusvg11_16-lv11_16     2.21         0.04         0.01     153052      27489
clusvg06_09-lv06_09     1.54         0.01         0.00      24915        604
clusvg10_10-lv10_10     0.19         0.00         0.00       3172          0
clusvg12_18-lv12_18     0.47         0.00         0.02       5548      76665
clusvg10_12-lv10_12     0.19         0.00         0.00       3171          0
clusvg12_7-lv12_7     0.19         0.00         0.00       3171          0
clusvg06_14-lv06_14     0.60         0.00         0.00       9445       3320
clusvg10_8-lv10_8     1.61         0.01         0.00      25978        708
clusvg12_3-lv12_3     2.05         0.03         0.03     131124     130968
clusvg9_1-lv9_1     0.79         0.00         0.00      12466       3749
clusvg6_1-lv6_1     1.75         0.03         0.01     110688      34644
clusvg13_8-lv13_8     0.19         0.00         0.00       3172          0
clusvg10_6-lv10_6     0.37         0.00         0.00       5694       4934
clusvg13_7-lv13_7     0.19         0.00         0.00       3172          0
clusvg9_8-lv9_8     1.13         0.00         0.00      18175       3824
clusvg10_3-lv10_3     1.72         0.01         0.00      27651      17238
clusvg7_5-lv7_5     1.74         0.02         0.03      83542     142466
clusvg11_14-lv11_14     2.44         0.04         0.01     155568      30759
clusvg10_1-lv10_1     0.55         0.00         0.00       8581       8728
clusvg9_5-lv9_5     1.29         0.00         0.00      20819        661
clusvg4_8-lv4_8     1.43         0.05         0.02     212895      74618
clusvg8_2-lv8_2     0.74         0.00         0.00      11730       1430
clusvg10_13-lv10_13     0.19         0.00         0.00       3171          0
clusvg12_8-lv12_8     0.19         0.00         0.00       3171          0
clusvg10_2-lv10_2     0.50         0.00         0.01       7334      25297
clusvg9_6-lv9_6     0.99         0.00         0.00      15905       2629
clusvg4_18-lv4_18     0.19         0.00         0.00       3169          0
clusvg10_4-lv10_4     1.07         0.00         0.00      17127      10757
clusvg6_2-lv6_2     2.70         0.06         0.02     247185      78218
clusvg8_6-lv8_6     0.63         0.00         0.00       9774      10160
clusvg5_6-lv5_6     1.02         0.02         0.01      64594      44827
clusvg8_1-lv8_1     1.43         0.01         0.00      23189        350
clusvg10_9-lv10_9     0.53         0.00         0.00       8233       3435
clusvg7_6-lv7_6     2.09         0.02         0.01      90679      39984
clusvg11_19-lv11_19     2.18         0.06         0.01     255715      27050
clusvg5_15-lv5_15     0.19         0.00         0.00       3170          0
clusvg4_15-lv4_15    75.61         0.51         0.40    2159488    1688986
clusvg9_2-lv9_2     2.34         0.01         0.00      37938        618
clusvg6_4-lv6_4     1.72         0.02         0.03      97106     126405
clusvg10_7-lv10_7     1.70         0.01         0.00      27446       1697
clusvg8_7-lv8_7     0.47         0.00         0.00       7279       1135
clusvg12_4-lv12_4     0.19         0.00         0.00       3171          0
clusvg4_17-lv4_17     0.19         0.00         0.00       3170          0
clusvg5_11-lv5_11     1.26         0.02         0.01     104630      52866
clusvg8_3-lv8_3     1.00         0.00         0.00      16131       1769
clusvg12_11-lv12_11     0.35         0.00         0.00       4997       4083
clusvg7_1-lv7_1     1.77         0.01         0.01      61613      40933
clusvg10_5-lv10_5     1.07         0.00         0.00      17297        333
clusvg6_5-lv6_5     4.28         0.12         0.02     513201      76958
clusvg6_7-lv6_7     2.52         0.02         0.02      85210      66080
clusvg3_16-lv3_16     0.19         0.00         0.00       3170          0
clusvg9_3-lv9_3     1.35         0.01         0.00      21669       6038
clusvg6_8-lv6_8     1.54         0.02         0.01      63188      23548
clusvg7_7-lv7_7     4.27         0.16         0.01     690878      51293
clusvg3_9-lv3_9     1.47         0.04         0.01     182957      37376
clusvg5_16-lv5_16     0.19         0.00         0.00       3170          0
clusvg3_10-lv3_10     1.24         0.02         0.01     104220      25297
clusvg3_11-lv3_11     1.55         0.03         0.03     120965     131365
clusvg5_10-lv5_10     1.25         0.04         0.00     160685      10254
clusvg8_8-lv8_8     0.89         0.00         0.00      13947       5276
clusvg6_6-lv6_6     1.89         0.02         0.01      98095      62568
clusvg9_7-lv9_7     0.74         0.00         0.00      11725       1675
clusvg7_2-lv7_2     2.66         0.05         0.02     197607      90952
clusvg5_13-lv5_13     0.19         0.00         0.00       3170          0
clusvg5_3-lv5_3     1.68         0.07         0.01     287517      47782
clusvg9_4-lv9_4     4.26         0.01         0.64      24221    2693844
clusvg4_16-lv4_16     0.19         0.00         0.00       3170          0
clusvg1_22-lv1_22     0.19         0.00         0.00       3173          0
clusvg8_5-lv8_5    10.08         0.02         0.83      98506    3473299
clusvg4_19-lv4_19     0.19         0.00         0.00       3170          0
clusvg1_21-lv1_21     2.47         0.11         0.02     448948      71413
clusvg5_7-lv5_7     1.18         0.03         0.02     113531     101925
clusvg2_17-lv2_17     0.22         0.00         0.00       3239        292
clusvg7_3-lv7_3     2.14         0.02         0.01      77407      61348
clusvg3_14-lv3_14     1.73         0.04         0.03     158006     131642
clusvg8_4-lv8_4     0.76         0.00         0.00      11926       7357
clusvg1_15-lv1_15     1.48         0.04         0.05     167306     214999
clusvg1_16-lv1_16     1.14         0.01         0.01      52647      29012
clusvg1_20-lv1_20     1.60         0.03         0.01     124011      51237
clusvg4_13-lv4_13     1.36         0.04         0.01     162955      52436
clusvg5_9-lv5_9     1.13         0.01         0.00      48882      20879
clusvg5_12-lv5_12     0.19         0.00         0.00       3189          0
clusvg1_14-lv1_14     1.64         0.04         0.01     168635      45717
clusvg7_4-lv7_4     2.22         0.06         0.01     232405      46045
clusvg1_23-lv1_23     0.22         0.00         0.00       3240        296
clusvg4_14-lv4_14     1.36         0.02         0.01      92467      21706
clusvg1_19-lv1_19     1.10         0.01         0.03      38112     106895
clusvg4_6-lv4_6     1.29         0.02         0.01      91796      40417
clusvg2_11-lv2_11     1.02         0.02         0.01      85790      35463
clusvg2_12-lv2_12     1.53         0.05         0.00     190490       8850
clusvg1_12-lv1_12     3.33         0.22         0.01     936170      35314
clusvg4_10-lv4_10     1.33         0.03         0.01     118818      24579
clusvg2_16-lv2_16     0.19         0.00         0.00       3170          0
clusvg3_8-lv3_8     1.47         0.02         0.06      82533     267269
clusvg2_10-lv2_10     1.04         0.03         0.01     122825      29811
clusvg4_12-lv4_12     1.79         0.05         0.00     210111      19211
clusvg3_6-lv3_6     3.28         0.09         0.06     384239     242090
clusvg2_13-lv2_13     1.00         0.01         0.01      62847      31224
clusvg3_13-lv3_13     1.29         0.04         0.01     171362      45790
clusvg1_10-lv1_10     2.09         0.13         0.01     535893      30953
clusvg2_9-lv2_9     1.40         0.04         0.01     157166      38806
clusvg1_13-lv1_13     1.23         0.03         0.03     125546     120585
clusvg1_11-lv1_11     1.27         0.03         0.02     108833      84094
clusvg3_12-lv3_12     1.32         0.04         0.00     151425       8462
clusvg5_8-lv5_8     1.16         0.03         0.02     107650      71346
clusvg3_7-lv3_7     1.20         0.02         0.01      85455      42911
clusvg4_11-lv4_11     1.41         0.04         0.03     159515     128526
clusvg4_9-lv4_9     1.28         0.03         0.00     104965      17934
clusvg11_4-lv11_4     1.13         0.00         0.00      18139       2572
clusvg5_4-lv5_4     1.36         0.03         0.05     106934     220974
clusvg11_2-lv11_2     1.18         0.00         0.01      18647      22367
clusvg2_8-lv2_8     1.56         0.05         0.01     207103      62549
clusvg5_5-lv5_5     1.25         0.06         0.02     252220      91194
clusvg4_5-lv4_5     0.99         0.02         0.01      83420      46008
clusvg11_7-lv11_7     0.91         0.00         0.01      14194      26313
clusvg1_17-lv1_17     1.56         0.03         0.00     137736      13571
clusvg11_5-lv11_5     0.56         0.00         0.00       8700       6167
clusvg2_7-lv2_7     2.45         0.03         0.04     131918     156832
clusvg4_7-lv4_7     0.95         0.02         0.01      83547      61646
clusvg11_10-lv11_10     2.16         0.00         0.22      20917     915897
clusvg2_15-lv2_15     1.26         0.02         0.02      64388      79698
clusvg11_8-lv11_8     0.93         0.00         0.00      14949        336
clusvg2_6-lv2_6     1.59         0.06         0.09     248671     357841
clusvg11_1-lv11_1     1.91         0.01         0.04      28251     153020
clusvg11_3-lv11_3     1.68         0.01         0.00      27130       1996
clusvg11_9-lv11_9     1.40         0.01         0.01      22092      35571
clusvg13_17-lv13_17     0.35         0.00         0.00       5268       5752
clusvg11_11-lv11_11     0.88         0.00         0.01      13796      27463
clusvg06_11-lv06_11     0.42         0.00         0.00       6504       4860
clusvg10_15-lv10_15     0.19         0.00         0.00       3172          0
clusvg7_9-lv7_9     0.19         0.00         0.00       3172          0
clusvg12_17-lv12_17     0.47         0.00         0.00       7268       5954
clusvg12_12-lv12_12     0.28         0.00         0.00       4182        662
clusvg9_12-lv9_12     0.67         0.00         0.00      10730        265
clusvg9_13-lv9_13     0.33         0.00         0.01       4631      39367
clusvg13_14-lv13_14     0.43         0.00         0.00       5920       1081
clusvg13_16-lv13_16     0.76         0.00         0.00      12166       2624
clusvg12_16-lv12_16     0.34         0.00         0.00       4966      18410
clusvg6_3-lv6_3     2.48         0.06         0.03     262884     140685
clusvg13_6-lv13_6     0.19         0.00         0.00       3171          0
clusvg9_9-lv9_9     0.34         0.00         0.00       5157       5665
clusvg3_15-lv3_15     2.13         0.04         0.01     175783      21060
clusvg9_11-lv9_11     1.43         0.01         0.00      23091       3169
clusvg10_14-lv10_14     0.19         0.00         0.00       3172          0
clusvg13_15-lv13_15     0.74         0.00         0.00      11228      17873
clusvg10_11-lv10_11     0.19         0.00         0.00       3171          0
clusvg12_2-lv12_2     2.61         0.02         0.01      74164      35154
clusvg11_18-lv11_18     2.30         0.08         0.00     320834      15106
clusvg12_5-lv12_5     0.19         0.00         0.00       3171          0
clusvg06_10-lv06_10     0.47         0.00         0.00       7474        299
clusvg13_1-lv13_1     0.19         0.00         0.00       3172          0
clusvg11_13-lv11_13     2.82         0.06         0.09     256516     389628
clusvg13_18-lv13_18     0.46         0.00         0.02       6005      68729
clusvg9_10-lv9_10     0.77         0.00         0.00      12278       6078
clusvg13_5-lv13_5     0.19         0.00         0.00       3172          0
clusvg12_1-lv12_1     4.74         0.09         0.05     371947     208841
clusvg06_12-lv06_12     1.04         0.00         0.00      16665       9130
clusvg13_3-lv13_3     0.19         0.00         0.00       3172          0
clusvg11_12-lv11_12     1.55         0.02         0.01      72677      24501
clusvg2_14-lv2_14     1.27         0.01         0.02      52530      75168
clusvg12_10-lv12_10     0.56         0.00         0.02       7501      76564
clusvg11_21-lv11_21     0.81         0.00         0.09       6815     377567
clusvg12_9-lv12_9     0.29         0.00         0.00       4365       4386
clusvg10_16-lv10_16     0.19         0.00         0.00       3172          0
clusvg12_6-lv12_6     0.19         0.00         0.00       3172          0
clusvg06_15-lv06_15     0.59         0.00         0.00       9244       3362
clusvg11_15-lv11_15     2.42         0.05         0.02     211308      73322
clusvg12_15-lv12_15     0.38         0.00         0.02       4216     101398
clusvg11_20-lv11_20     0.39         0.00         0.02       4258      83969
clusvg13_2-lv13_2     0.19         0.00         0.00       3171          0

Filesystem:               rMB_nor/s    wMB_nor/s    rMB_dir/s    wMB_dir/s    rMB_svr/s    wMB_svr/s     ops/s    rops/s    wops/s



Filesystem            Size  Used Avail Use% Mounted on
/dev/mapper/VGroup00-lv_root
                       30G   12G   16G  43% /
tmpfs                  16G  1.1G   15G   7% /dev/shm
/dev/mapper/mpathap1  477M  114M  338M  26% /boot
/dev/mapper/VGroup00-lv_home
                      9.8G  341M  8.9G   4% /home
/dev/mapper/VGroup00-lv_tmp
                      9.8G   25M  9.2G   1% /tmp
/dev/mapper/VGroup00-lv_var
                       20G   12G  7.0G  63% /var
/dev/mapper/VGroup00-lv_simpana
                      197G  2.9G  184G   2% /opt/simpana
/dev/mapper/clusvg1_10-lv1_10
                      8.0T  6.5T  1.6T  81% /DCCMA01_Disk10
/dev/mapper/clusvg1_11-lv1_11
                      8.0T  5.4T  2.7T  67% /DCCMA01_Disk11
/dev/mapper/clusvg1_12-lv1_12
                      8.0T  6.7T  1.4T  83% /DCCMA01_Disk12
/dev/mapper/clusvg1_13-lv1_13
                      8.0T  5.8T  2.3T  72% /DCCMA01_Disk13
/dev/mapper/clusvg1_14-lv1_14
                      8.0T  6.5T  1.6T  82% /DCCMA01_Disk14
/dev/mapper/clusvg1_15-lv1_15
                      8.0T  6.1T  2.0T  77% /DCCMA01_Disk15
/dev/mapper/clusvg1_16-lv1_16
                      8.0T  6.3T  1.8T  79% /DCCMA01_Disk16
/dev/mapper/clusvg1_17-lv1_17
                      8.0T  4.1T  4.0T  51% /DCCMA01_Disk17
/dev/mapper/clusvg2_6-lv2_6
                      8.0T  4.4T  3.7T  55% /DCCMA02_Disk6
/dev/mapper/clusvg2_7-lv2_7
                      8.0T  5.7T  2.4T  71% /DCCMA02_Disk7
/dev/mapper/clusvg2_8-lv2_8
                      8.0T  5.7T  2.4T  71% /DCCMA02_Disk8
/dev/mapper/clusvg2_9-lv2_9
                      8.0T  6.6T  1.5T  83% /DCCMA02_Disk9
/dev/mapper/clusvg2_10-lv2_10
                      8.0T  6.1T  2.0T  77% /DCCMA02_Disk10
/dev/mapper/clusvg2_11-lv2_11
                      8.0T  5.9T  2.2T  73% /DCCMA02_Disk11
/dev/mapper/clusvg2_12-lv2_12
                      8.0T  6.0T  2.1T  75% /DCCMA02_Disk12
/dev/mapper/clusvg2_13-lv2_13
                      8.0T  6.6T  1.5T  82% /DCCMA02_Disk13
/dev/mapper/clusvg3_6-lv3_6
                      8.0T  7.0T  1.1T  87% /DCCMA03_Disk6
/dev/mapper/clusvg3_7-lv3_7
                      8.0T  6.3T  1.8T  79% /DCCMA03_Disk7
/dev/mapper/clusvg3_8-lv3_8
                      8.0T  6.4T  1.7T  80% /DCCMA03_Disk8
/dev/mapper/clusvg3_9-lv3_9
                      8.0T  5.7T  2.4T  71% /DCCMA03_Disk9
/dev/mapper/clusvg3_10-lv3_10
                      8.0T  5.5T  2.6T  68% /DCCMA03_Disk10
/dev/mapper/clusvg3_11-lv3_11
                      8.0T  6.0T  2.1T  75% /DCCMA03_Disk11
/dev/mapper/clusvg3_12-lv3_12
                      8.0T  7.1T  953G  89% /DCCMA03_Disk12
/dev/mapper/clusvg3_13-lv3_13
                      8.0T  5.8T  2.3T  73% /DCCMA03_Disk13
/dev/mapper/clusvg4_5-lv4_5
                      8.0T  5.5T  2.6T  68% /DCCMA04_Disk5
/dev/mapper/clusvg4_6-lv4_6
                      8.0T  5.8T  2.3T  72% /DCCMA04_Disk6
/dev/mapper/clusvg4_7-lv4_7
                      8.0T  6.4T  1.7T  80% /DCCMA04_Disk7
/dev/mapper/clusvg4_8-lv4_8
                      8.0T  5.3T  2.8T  67% /DCCMA04_Disk8
/dev/mapper/clusvg4_9-lv4_9
                      8.0T  5.0T  3.1T  62% /DCCMA04_Disk9
/dev/mapper/clusvg4_10-lv4_10
                      8.0T  6.5T  1.6T  81% /DCCMA04_Disk10
/dev/mapper/clusvg4_11-lv4_11
                      8.0T  4.3T  3.8T  54% /DCCMA04_Disk11
/dev/mapper/clusvg4_12-lv4_12
                      8.0T  7.1T  953G  89% /DCCMA04_Disk12
/dev/mapper/clusvg5_3-lv5_3
                      8.0T  5.1T  3.0T  64% /DCCMA05_Disk3
/dev/mapper/clusvg5_4-lv5_4
                      8.0T  5.9T  2.2T  73% /DCCMA05_Disk4
/dev/mapper/clusvg5_5-lv5_5
                      8.0T  6.4T  1.7T  80% /DCCMA05_Disk5
/dev/mapper/clusvg5_6-lv5_6
                      8.0T  7.1T  968G  89% /DCCMA05_Disk6
/dev/mapper/clusvg5_7-lv5_7
                      8.0T  6.5T  1.6T  81% /DCCMA05_Disk7
/dev/mapper/clusvg5_8-lv5_8
                      8.0T  6.6T  1.5T  82% /DCCMA05_Disk8
/dev/mapper/clusvg5_9-lv5_9
                      8.0T  8.0T  2.5G 100% /DCCMA05_Disk9
/dev/mapper/clusvg5_10-lv5_10
                      8.0T  5.1T  3.0T  64% /DCCMA05_Disk10
/dev/mapper/clusvg6_1-lv6_1
                      8.0T  5.0T  3.1T  62% /DCCMA06_Disk1
/dev/mapper/clusvg6_2-lv6_2
                      8.0T  4.6T  3.5T  57% /DCCMA06_Disk2
/dev/mapper/clusvg6_3-lv6_3
                      8.0T  4.2T  3.9T  52% /DCCMA06_Disk3
/dev/mapper/clusvg6_4-lv6_4
                      8.0T  5.9T  2.2T  74% /DCCMA06_Disk4
/dev/mapper/clusvg6_5-lv6_5
                      8.0T  6.7T  1.4T  83% /DCCMA06_Disk5
/dev/mapper/clusvg6_6-lv6_6
                      8.0T  5.4T  2.7T  68% /DCCMA06_Disk6
/dev/mapper/clusvg6_7-lv6_7
                      8.0T  5.9T  2.2T  73% /DCCMA06_Disk7
/dev/mapper/clusvg6_8-lv6_8
                      8.0T  5.4T  2.7T  67% /DCCMA06_Disk8
/dev/mapper/clusvg7_1-lv7_1
                      8.0T  6.6T  1.5T  82% /DCCMA07_Disk1
/dev/mapper/clusvg1_19-lv1_19
                      4.0T  3.9T  185G  96% /DCCMA01_Disk19
/dev/mapper/clusvg1_20-lv1_20
                      4.0T  3.9T  154G  97% /DCCMA01_Disk20
/dev/mapper/clusvg1_21-lv1_21
                      4.0T  3.7T  384G  91% /DCCMA01_Disk21
/dev/mapper/clusvg1_22-lv1_22
                      1.0T   75G  950G   8% /DCCMA01_Disk22
/dev/mapper/clusvg1_23-lv1_23
                      2.0T  2.6G  2.0T   1% /DCCMA01_Disk23
/dev/mapper/clusvg2_14-lv2_14
                      4.0T  3.3T  793G  81% /DCCMA02_Disk14
/dev/mapper/clusvg2_15-lv2_15
                      4.0T  3.8T  252G  94% /DCCMA02_Disk15
/dev/mapper/clusvg2_16-lv2_16
                      1.0T   61G  964G   6% /DCCMA02_Disk16
/dev/mapper/clusvg2_17-lv2_17
                      2.0T  2.6G  2.0T   1% /DCCMA02_Disk17
/dev/mapper/clusvg3_14-lv3_14
                      4.0T  3.7T  398G  91% /DCCMA03_Disk14
/dev/mapper/clusvg3_15-lv3_15
                      4.0T  4.0T  1.8G 100% /DCCMA03_Disk15
/dev/mapper/clusvg3_16-lv3_16
                      1.0T  268G  757G  27% /DCCMA03_Disk16
/dev/mapper/clusvg4_13-lv4_13
                      4.0T  4.0T   83G  98% /DCCMA04_Disk13
/dev/mapper/clusvg4_14-lv4_14
                      4.0T  3.1T  954G  77% /DCCMA04_Disk14
/dev/mapper/clusvg4_15-lv4_15
                      1.0T  313G  712G  31% /DCCMA04_Disk15
/dev/mapper/clusvg4_16-lv4_16
                      8.0T  2.6G  8.0T   1% /DCCMA04_Disk16
/dev/mapper/clusvg4_17-lv4_17
                      8.0T  2.6G  8.0T   1% /DCCMA04_Disk17
/dev/mapper/clusvg4_18-lv4_18
                      8.0T  2.6G  8.0T   1% /DCCMA04_Disk18
/dev/mapper/clusvg4_19-lv4_19
                      8.0T  2.6G  8.0T   1% /DCCMA04_Disk19
/dev/mapper/clusvg5_11-lv5_11
                      4.0T  3.3T  812G  81% /DCCMA05_Disk11
/dev/mapper/clusvg5_12-lv5_12
                      1.0T  257G  768G  26% /DCCMA05_Disk12
/dev/mapper/clusvg5_13-lv5_13
                      8.0T  2.6G  8.0T   1% /DCCMA05_Disk13
/dev/mapper/clusvg5_14-lv5_14
                      8.0T  2.6G  8.0T   1% /DCCMA05_Disk14
/dev/mapper/clusvg5_15-lv5_15
                      8.0T  2.6G  8.0T   1% /DCCMA05_Disk15
/dev/mapper/clusvg5_16-lv5_16
                      8.0T  2.6G  8.0T   1% /DCCMA05_Disk16
/dev/mapper/clusvg7_2-lv7_2
                      8.0T  5.6T  2.5T  69% /DCCMA07_Disk2
/dev/mapper/clusvg7_3-lv7_3
                      8.0T  4.1T  4.0T  51% /DCCMA07_Disk3
/dev/mapper/clusvg7_4-lv7_4
                      8.0T  6.8T  1.3T  85% /DCCMA07_Disk4
/dev/mapper/clusvg7_5-lv7_5
                      8.0T  5.2T  2.9T  64% /DCCMA07_Disk5
/dev/mapper/clusvg7_6-lv7_6
                      8.0T  4.5T  3.6T  56% /DCCMA07_Disk6
/dev/mapper/clusvg7_7-lv7_7
                      8.0T  5.4T  2.7T  68% /DCCMA07_Disk7
/dev/mapper/clusvg8_1-lv8_1
                      8.0T  5.8T  2.3T  73% /DCCMA08_Disk1
/dev/mapper/clusvg8_2-lv8_2
                      8.0T  5.0T  3.1T  62% /DCCMA08_Disk2
/dev/mapper/clusvg8_3-lv8_3
                      8.0T  7.4T  623G  93% /DCCMA08_Disk3
/dev/mapper/clusvg8_4-lv8_4
                      8.0T  7.3T  799G  91% /DCCMA08_Disk4
/dev/mapper/clusvg8_5-lv8_5
                      8.0T  8.0T   61G 100% /DCCMA08_Disk5
/dev/mapper/clusvg8_6-lv8_6
                      8.0T  6.0T  2.1T  75% /DCCMA08_Disk6
/dev/mapper/clusvg8_7-lv8_7
                      8.0T  4.2T  3.9T  52% /DCCMA08_Disk7
/dev/mapper/clusvg8_8-lv8_8
                      8.0T  5.4T  2.7T  67% /DCCMA08_Disk8
/dev/mapper/clusvg9_1-lv9_1
                      8.0T  7.0T  1.1T  88% /DCCMA09_Disk1
/dev/mapper/clusvg9_2-lv9_2
                      8.0T  8.0T   97G  99% /DCCMA09_Disk2
/dev/mapper/clusvg9_3-lv9_3
                      8.0T  6.5T  1.6T  82% /DCCMA09_Disk3
/dev/mapper/clusvg9_4-lv9_4
                      8.0T  7.4T  708G  92% /DCCMA09_Disk4
/dev/mapper/clusvg9_5-lv9_5
                      8.0T  6.8T  1.3T  85% /DCCMA09_Disk5
/dev/mapper/clusvg9_6-lv9_6
                      8.0T  6.7T  1.4T  83% /DCCMA09_Disk6
/dev/mapper/clusvg9_7-lv9_7
                      8.0T  8.0T   71G 100% /DCCMA09_Disk7
/dev/mapper/clusvg9_8-lv9_8
                      8.0T  5.1T  3.0T  63% /DCCMA09_Disk8
/dev/mapper/clusvg10_1-lv10_1
                      8.0T  4.7T  3.4T  59% /DCCMA10_Disk1
/dev/mapper/clusvg10_2-lv10_2
                      8.0T  5.1T  3.0T  64% /DCCMA10_Disk2
/dev/mapper/clusvg10_3-lv10_3
                      8.0T  7.6T  424G  95% /DCCMA10_Disk3
/dev/mapper/clusvg10_4-lv10_4
                      8.0T  7.8T  258G  97% /DCCMA10_Disk4
/dev/mapper/clusvg10_5-lv10_5
                      8.0T  8.0T  4.0G 100% /DCCMA10_Disk5
/dev/mapper/clusvg10_6-lv10_6
                      8.0T  4.6T  3.5T  57% /DCCMA10_Disk6
/dev/mapper/clusvg10_7-lv10_7
                      8.0T  6.9T  1.2T  86% /DCCMA10_Disk7
/dev/mapper/clusvg10_8-lv10_8
                      8.0T  8.0T   84G  99% /DCCMA10_Disk8
/dev/mapper/clusvg11_1-lv11_1
                      8.1T  8.0T   46G 100% /DCCMA11_Disk1
/dev/mapper/clusvg11_2-lv11_2
                      8.1T  7.9T  124G  99% /DCCMA11_Disk2
/dev/mapper/clusvg11_3-lv11_3
                      8.1T  8.1T  2.5G 100% /DCCMA11_Disk3
/dev/mapper/clusvg11_4-lv11_4
                      8.1T  7.1T  989G  88% /DCCMA11_Disk4
/dev/mapper/clusvg11_5-lv11_5
                      8.1T  4.9T  3.2T  61% /DCCMA11_Disk5
/dev/mapper/clusvg11_7-lv11_7
                      8.1T  8.1T  2.2G 100% /DCCMA11_Disk7
/dev/mapper/clusvg11_8-lv11_8
                      8.1T  4.6T  3.5T  57% /DCCMA11_Disk8
/dev/mapper/clusvg11_9-lv11_9
                      8.1T  7.9T  131G  99% /DCCMA11_Disk9
/dev/mapper/clusvg11_10-lv11_10
                      8.1T  7.6T  434G  95% /DCCMA11_Disk10
/dev/mapper/clusvg11_11-lv11_11
                      8.1T  6.7T  1.4T  83% /DCCMA11_Disk11
/dev/mapper/clusvg10_9-lv10_9
                      8.0T  6.5T  1.6T  81% /DCCMA10_Disk9
/dev/mapper/clusvg10_10-lv10_10
                      8.0T  2.6G  8.0T   1% /DCCMA10_Disk10
/dev/mapper/clusvg10_11-lv10_11
                      8.0T  2.6G  8.0T   1% /DCCMA10_Disk11
/dev/mapper/clusvg10_12-lv10_12
                      8.0T  2.6G  8.0T   1% /DCCMA10_Disk12
/dev/mapper/clusvg10_13-lv10_13
                      8.0T  2.6G  8.0T   1% /DCCMA10_Disk13
/dev/mapper/clusvg10_14-lv10_14
                      8.0T  2.6G  8.0T   1% /DCCMA10_Disk14
/dev/mapper/clusvg10_15-lv10_15
                      8.0T  2.6G  8.0T   1% /DCCMA10_Disk15
/dev/mapper/clusvg10_16-lv10_16
                      8.0T  2.6G  8.0T   1% /DCCMA10_Disk16
/dev/mapper/clusvg11_12-lv11_12
                      8.0T  5.8T  2.3T  72% /DCCMA11_Disk12
/dev/mapper/clusvg11_13-lv11_13
                      8.0T  5.7T  2.4T  71% /DCCMA11_Disk13
/dev/mapper/clusvg11_14-lv11_14
                      8.0T  5.6T  2.5T  70% /DCCMA11_Disk14
/dev/mapper/clusvg11_15-lv11_15
                      8.0T  6.7T  1.4T  84% /DCCMA11_Disk15
/dev/mapper/clusvg11_16-lv11_16
                      8.0T  5.0T  3.1T  62% /DCCMA11_Disk16
/dev/mapper/clusvg11_17-lv11_17
                      8.0T  5.5T  2.6T  69% /DCCMA11_Disk17
/dev/mapper/clusvg11_18-lv11_18
                      8.0T  4.4T  3.7T  54% /DCCMA11_Disk18
/dev/mapper/clusvg11_19-lv11_19
                      8.0T  5.0T  3.1T  62% /DCCMA11_Disk19
/dev/mapper/clusvg12_1-lv12_1
                      8.0T  5.6T  2.5T  70% /DCCMA12_Disk1
/dev/mapper/clusvg12_2-lv12_2
                      8.0T  4.1T  4.0T  51% /DCCMA12_Disk2
/dev/mapper/clusvg12_3-lv12_3
                      8.0T  5.4T  2.7T  67% /DCCMA12_Disk3
/dev/mapper/clusvg12_4-lv12_4
                      8.0T  2.6G  8.0T   1% /DCCMA12_Disk4
/dev/mapper/clusvg12_5-lv12_5
                      8.0T  2.6G  8.0T   1% /DCCMA12_Disk5
/dev/mapper/clusvg12_6-lv12_6
                      8.0T  2.6G  8.0T   1% /DCCMA12_Disk6
/dev/mapper/clusvg12_7-lv12_7
                      8.0T  2.6G  8.0T   1% /DCCMA12_Disk7
/dev/mapper/clusvg12_8-lv12_8
                      8.0T  2.6G  8.0T   1% /DCCMA12_Disk8
/dev/mapper/clusvg13_1-lv13_1
                      8.0T  2.6G  8.0T   1% /DCCMA13_Disk1
/dev/mapper/clusvg13_2-lv13_2
                      8.0T  2.6G  8.0T   1% /DCCMA13_Disk2
/dev/mapper/clusvg13_3-lv13_3
                      8.0T  2.6G  8.0T   1% /DCCMA13_Disk3
/dev/mapper/clusvg13_4-lv13_4
                      8.0T  2.6G  8.0T   1% /DCCMA13_Disk4
/dev/mapper/clusvg13_5-lv13_5
                      8.0T  2.6G  8.0T   1% /DCCMA13_Disk5
/dev/mapper/clusvg13_6-lv13_6
                      8.0T  2.6G  8.0T   1% /DCCMA13_Disk6
/dev/mapper/clusvg13_7-lv13_7
                      8.0T  2.6G  8.0T   1% /DCCMA13_Disk7
/dev/mapper/clusvg13_8-lv13_8
                      8.0T  2.6G  8.0T   1% /DCCMA13_Disk8
/dev/mapper/clusvg11_20-lv11_20
                      8.0T  7.8T  298G  97% /DCCMA11_Disk20
/dev/mapper/clusvg11_21-lv11_21
                      8.0T  7.7T  349G  96% /DCCMA11_Disk21
/dev/mapper/clusvg12_9-lv12_9
                      8.0T  7.8T  292G  97% /DCCMA12_Disk9
/dev/mapper/clusvg12_10-lv12_10
                      8.0T  6.6T  1.5T  82% /DCCMA12_Disk10
/dev/mapper/clusvg12_11-lv12_11
                      8.0T  5.0T  3.1T  62% /DCCMA12_Disk11
/dev/mapper/clusvg12_12-lv12_12
                      8.0T  6.2T  1.9T  78% /DCCMA12_Disk12
/dev/mapper/clusvg12_13-lv12_13
                      8.0T  5.7T  2.4T  71% /DCCMA12_Disk13
/dev/mapper/clusvg12_15-lv12_15
                      8.0T  5.1T  3.0T  64% /DCCMA12_Disk15
/dev/mapper/clusvg12_16-lv12_16
                      8.0T  6.8T  1.3T  85% /DCCMA12_Disk16
/dev/mapper/clusvg12_17-lv12_17
                      8.0T  6.3T  1.8T  78% /DCCMA12_Disk17
/dev/mapper/clusvg12_18-lv12_18
                      8.0T  8.0T  2.6G 100% /DCCMA12_Disk18
/dev/mapper/clusvg13_14-lv13_14
                      8.0T  6.5T  1.6T  81% /DCCMA13_Disk14
/dev/mapper/clusvg13_15-lv13_15
                      8.0T  6.9T  1.2T  86% /DCCMA13_Disk15
/dev/mapper/clusvg13_16-lv13_16
                      8.0T  6.0T  2.1T  75% /DCCMA13_Disk16
/dev/mapper/clusvg13_17-lv13_17
                      8.0T  5.6T  2.5T  70% /DCCMA13_Disk17
/dev/mapper/clusvg13_18-lv13_18
                      8.0T  5.4T  2.7T  67% /DCCMA13_Disk18
/dev/mapper/clusvg06_09-lv06_09
                      8.0T  7.4T  709G  92% /DCCMA06_Disk09
/dev/mapper/clusvg06_10-lv06_10
                      8.0T  8.0T   51G 100% /DCCMA06_Disk10
/dev/mapper/clusvg06_11-lv06_11
                      8.0T  7.8T  268G  97% /DCCMA06_Disk11
/dev/mapper/clusvg06_12-lv06_12
                      8.0T  6.0T  2.1T  75% /DCCMA06_Disk12
/dev/mapper/clusvg06_14-lv06_14
                      8.0T  7.5T  537G  94% /DCCMA06_Disk14
/dev/mapper/clusvg06_15-lv06_15
                      8.0T  5.3T  2.8T  67% /DCCMA06_Disk15
/dev/mapper/clusvg12_14-lv12_14
                      8.0T  2.6G  8.0T   1% /DCCMA12_Disk14
/dev/mapper/clusvg7_9-lv7_9
                      4.0T  1.4T  2.7T  35% /DCCMA07_Disk9
/dev/mapper/clusvg9_10-lv9_10
                      8.0T  2.9T  5.2T  36% /DCCMA09_Disk10
/dev/mapper/clusvg9_11-lv9_11
                      8.0T  1.5T  6.6T  18% /DCCMA09_Disk11
/dev/mapper/clusvg9_12-lv9_12
                      8.0T  8.0T  3.5G 100% /DCCMA09_Disk12
/dev/mapper/clusvg9_13-lv9_13
                      8.0T   97G  8.0T   2% /DCCMA09_Disk13
/dev/mapper/clusvg9_9-lv9_9
                      8.0T  156G  7.9T   2% /DCCMA09_Disk09


Galaxy         	0:off	1:off	2:off	3:on	4:off	5:on	6:off
Jarvis         	0:off	1:off	2:on	3:on	4:on	5:on	6:off
NetworkManager 	0:off	1:off	2:off	3:off	4:off	5:off	6:off
abrt-ccpp      	0:off	1:off	2:off	3:on	4:off	5:on	6:off
abrt-oops      	0:off	1:off	2:off	3:on	4:off	5:on	6:off
abrtd          	0:off	1:off	2:off	3:on	4:off	5:on	6:off
acpid          	0:off	1:off	2:on	3:on	4:on	5:on	6:off
atd            	0:off	1:off	2:off	3:on	4:on	5:on	6:off
auditd         	0:off	1:off	2:on	3:on	4:on	5:off	6:off
autofs         	0:off	1:off	2:off	3:on	4:on	5:on	6:off
avahi-daemon   	0:off	1:off	2:off	3:on	4:on	5:on	6:off
blk-availability	0:off	1:on	2:on	3:on	4:on	5:on	6:off
bluetooth      	0:off	1:off	2:off	3:on	4:on	5:on	6:off
cba8           	0:off	1:off	2:off	3:on	4:on	5:on	6:off
certmonger     	0:off	1:off	2:off	3:on	4:on	5:on	6:off
cgconfig       	0:off	1:off	2:off	3:off	4:off	5:off	6:off
cgred          	0:off	1:off	2:off	3:off	4:off	5:off	6:off
clvmd          	0:off	1:off	2:off	3:off	4:off	5:off	6:off
cman           	0:off	1:off	2:off	3:off	4:off	5:off	6:off
corosync       	0:off	1:off	2:off	3:off	4:off	5:off	6:off
cpglockd       	0:off	1:off	2:off	3:off	4:off	5:off	6:off
cpuspeed       	0:off	1:on	2:on	3:on	4:on	5:on	6:off
crond          	0:off	1:off	2:on	3:on	4:on	5:on	6:off
cups           	0:off	1:off	2:on	3:on	4:on	5:on	6:off
dnsmasq        	0:off	1:off	2:off	3:off	4:off	5:off	6:off
ds_agent       	0:off	1:off	2:on	3:on	4:on	5:on	6:off
firstboot      	0:off	1:off	2:off	3:off	4:off	5:off	6:off
gfs2           	0:off	1:off	2:off	3:off	4:off	5:off	6:off
goferd         	0:off	1:off	2:on	3:on	4:on	5:on	6:off
haldaemon      	0:off	1:off	2:off	3:on	4:on	5:on	6:off
htcacheclean   	0:off	1:off	2:off	3:off	4:off	5:off	6:off
httpd          	0:off	1:off	2:off	3:off	4:off	5:off	6:off
ip6tables      	0:off	1:off	2:off	3:off	4:off	5:off	6:off
ipmievd        	0:off	1:off	2:off	3:off	4:off	5:off	6:off
iptables       	0:off	1:off	2:off	3:off	4:off	5:off	6:off
irqbalance     	0:off	1:off	2:off	3:on	4:on	5:on	6:off
kdump          	0:off	1:off	2:on	3:on	4:on	5:on	6:off
libvirt-guests 	0:off	1:off	2:on	3:on	4:on	5:on	6:off
lvm2-monitor   	0:off	1:on	2:on	3:on	4:on	5:on	6:off
mdmonitor      	0:off	1:off	2:on	3:on	4:on	5:on	6:off
messagebus     	0:off	1:off	2:on	3:on	4:on	5:on	6:off
modclusterd    	0:off	1:off	2:on	3:on	4:on	5:on	6:off
multipathd     	0:off	1:off	2:on	3:on	4:on	5:on	6:off
ncpa_listener  	0:off	1:off	2:on	3:on	4:on	5:on	6:off
ncpa_passive   	0:off	1:off	2:on	3:on	4:on	5:on	6:off
netcf-transaction	0:off	1:off	2:on	3:on	4:on	5:on	6:off
netconsole     	0:off	1:off	2:off	3:off	4:off	5:off	6:off
netfs          	0:off	1:off	2:off	3:off	4:off	5:off	6:off
network        	0:off	1:off	2:on	3:on	4:on	5:on	6:off
nfs            	0:off	1:off	2:off	3:off	4:off	5:off	6:off
nfs-rdma       	0:off	1:off	2:off	3:off	4:off	5:off	6:off
nfslock        	0:off	1:off	2:off	3:off	4:off	5:off	6:off
nntgen7agent   	0:off	1:off	2:on	3:on	4:off	5:on	6:off
ntpd           	0:off	1:off	2:on	3:on	4:on	5:on	6:off
ntpdate        	0:off	1:off	2:off	3:off	4:off	5:off	6:off
oddjobd        	0:off	1:off	2:off	3:on	4:on	5:on	6:off
portreserve    	0:off	1:off	2:on	3:on	4:on	5:on	6:off
postfix        	0:off	1:off	2:off	3:off	4:off	5:off	6:off
pppoe-server   	0:off	1:off	2:off	3:off	4:off	5:off	6:off
psacct         	0:off	1:off	2:off	3:off	4:off	5:off	6:off
puppet         	0:off	1:off	2:on	3:on	4:on	5:on	6:off
pxp-agent      	0:off	1:off	2:on	3:on	4:on	5:on	6:off
quota_nld      	0:off	1:off	2:off	3:off	4:off	5:off	6:off
rdisc          	0:off	1:off	2:off	3:off	4:off	5:off	6:off
rdma           	0:off	1:on	2:on	3:on	4:on	5:on	6:off
restorecond    	0:off	1:off	2:off	3:off	4:off	5:off	6:off
rgmanager      	0:off	1:off	2:off	3:off	4:off	5:off	6:off
rhnsd          	0:off	1:off	2:off	3:off	4:off	5:off	6:off
rhsmcertd      	0:off	1:off	2:off	3:on	4:on	5:on	6:off
ricci          	0:off	1:off	2:on	3:on	4:on	5:on	6:off
rngd           	0:off	1:off	2:off	3:off	4:off	5:off	6:off
rpcbind        	0:off	1:off	2:off	3:off	4:off	5:off	6:off
rpcgssd        	0:off	1:off	2:off	3:on	4:on	5:on	6:off
rpcidmapd      	0:off	1:off	2:off	3:on	4:on	5:on	6:off
rpcsvcgssd     	0:off	1:off	2:off	3:off	4:off	5:off	6:off
rsyslog        	0:off	1:off	2:on	3:on	4:on	5:on	6:off
saslauthd      	0:off	1:off	2:off	3:off	4:off	5:off	6:off
smartd         	0:off	1:off	2:off	3:off	4:off	5:off	6:off
snmpd          	0:off	1:off	2:on	3:on	4:on	5:on	6:off
snmptrapd      	0:off	1:off	2:off	3:off	4:off	5:off	6:off
spice-vdagentd 	0:off	1:off	2:off	3:off	4:off	5:on	6:off
sshd           	0:off	1:on	2:on	3:on	4:on	5:on	6:on
sssd           	0:off	1:off	2:off	3:on	4:on	5:on	6:off
sysstat        	0:off	1:on	2:on	3:on	4:on	5:on	6:off
udev-post      	0:off	1:on	2:on	3:on	4:on	5:on	6:off
wdaemon        	0:off	1:off	2:off	3:off	4:off	5:off	6:off
winbind        	0:off	1:off	2:off	3:off	4:off	5:off	6:off
wpa_supplicant 	0:off	1:off	2:off	3:off	4:off	5:off	6:off
xagt           	0:off	1:off	2:on	3:on	4:on	5:on	6:off
xinetd         	0:off	1:off	2:on	3:on	4:on	5:on	6:off
ypbind         	0:off	1:off	2:off	3:off	4:off	5:off	6:off

xinetd based services:
	chargen-dgram: 	off
	chargen-stream:	off
	daytime-dgram: 	off
	daytime-stream:	off
	discard-dgram: 	off
	discard-stream:	off
	echo-dgram:    	off
	echo-stream:   	off
	nrpe:          	on
