
dccebrsma08
em1 em3 p4p1 bond0:192.168.2.8/16 192.168.8.66/21
2.6.32-754.47.1.el6.x86_64
 11:11:20 up 48 days, 14:13,  1 user,  load average: 11.82, 12.04, 12.23
kernel-2.6.32-754.48.1.el6.x86_64             Fri 19 Aug 2022 08:41:08 PM +08
kernel-2.6.32-754.47.1.el6.x86_64             Fri 24 Jun 2022 10:03:18 PM +08
kernel-2.6.32-754.43.1.el6.x86_64             Sat 19 Mar 2022 12:29:07 AM +08
Red Hat Enterprise Linux Server release 6.10 (Santiago)
Intel(R) Xeon(R) CPU E7-4809 v3 @ 2.00GHz
128304 MB
4 of 7

CPU usage is below the threshold (Which is 80%)
Memory Usage is below the threshold (Which is 80%)

Memory free 87
Used	Avail	Use%	Mounted
962M	49%	/	
1.1G	62G	2%	/dev/shm
111M	352M	24%	/boot
0	100%	/home	
2.6G	46%	/opt	
1.9G	1%	/tmp	
1.7G	63%	/usr	
2.0G	71%	/var	
1.3G	74%	/var/log	
899M	3%	/var/log/audit	
475G	1%	/opt/simpana	
368G	24%	/IndexCache	
1.1T	45%	/DCCMA08GDDB/DDB	
1.6T	81%	/DCCMA01_Disk10	
2.7T	67%	/DCCMA01_Disk11	
1.4T	83%	/DCCMA01_Disk12	
2.3T	72%	/DCCMA01_Disk13	
1.6T	82%	/DCCMA01_Disk14	
2.0T	77%	/DCCMA01_Disk15	
1.8T	79%	/DCCMA01_Disk16	
4.0T	51%	/DCCMA01_Disk17	
3.7T	55%	/DCCMA02_Disk6	
2.4T	71%	/DCCMA02_Disk7	
2.4T	71%	/DCCMA02_Disk8	
1.5T	83%	/DCCMA02_Disk9	
2.0T	77%	/DCCMA02_Disk10	
2.2T	73%	/DCCMA02_Disk11	
2.1T	75%	/DCCMA02_Disk12	
1.5T	82%	/DCCMA02_Disk13	
1.1T	87%	/DCCMA03_Disk6	
1.8T	79%	/DCCMA03_Disk7	
1.7T	80%	/DCCMA03_Disk8	
2.4T	71%	/DCCMA03_Disk9	
2.6T	68%	/DCCMA03_Disk10	
2.1T	75%	/DCCMA03_Disk11	
953G	89%	/DCCMA03_Disk12	
2.3T	73%	/DCCMA03_Disk13	
2.6T	68%	/DCCMA04_Disk5	
2.3T	72%	/DCCMA04_Disk6	
1.7T	80%	/DCCMA04_Disk7	
2.8T	67%	/DCCMA04_Disk8	
3.1T	62%	/DCCMA04_Disk9	
1.6T	81%	/DCCMA04_Disk10	
3.8T	54%	/DCCMA04_Disk11	
953G	89%	/DCCMA04_Disk12	
3.0T	64%	/DCCMA05_Disk3	
2.2T	73%	/DCCMA05_Disk4	
1.7T	80%	/DCCMA05_Disk5	
968G	89%	/DCCMA05_Disk6	
1.6T	81%	/DCCMA05_Disk7	
1.5T	82%	/DCCMA05_Disk8	
2.5G	100%	/DCCMA05_Disk9	
3.0T	64%	/DCCMA05_Disk10	
3.1T	62%	/DCCMA06_Disk1	
3.5T	57%	/DCCMA06_Disk2	
3.9T	52%	/DCCMA06_Disk3	
2.2T	74%	/DCCMA06_Disk4	
1.4T	83%	/DCCMA06_Disk5	
2.7T	68%	/DCCMA06_Disk6	
2.2T	73%	/DCCMA06_Disk7	
2.7T	67%	/DCCMA06_Disk8	
1.5T	82%	/DCCMA07_Disk1	
185G	96%	/DCCMA01_Disk19	
154G	97%	/DCCMA01_Disk20	
383G	91%	/DCCMA01_Disk21	
950G	8%	/DCCMA01_Disk22	
2.0T	1%	/DCCMA01_Disk23	
793G	81%	/DCCMA02_Disk14	
252G	94%	/DCCMA02_Disk15	
964G	6%	/DCCMA02_Disk16	
2.0T	1%	/DCCMA02_Disk17	
398G	91%	/DCCMA03_Disk14	
1.8G	100%	/DCCMA03_Disk15	
757G	27%	/DCCMA03_Disk16	
83G	98%	/DCCMA04_Disk13	
954G	77%	/DCCMA04_Disk14	
712G	31%	/DCCMA04_Disk15	
8.0T	1%	/DCCMA04_Disk16	
8.0T	1%	/DCCMA04_Disk17	
8.0T	1%	/DCCMA04_Disk18	
8.0T	1%	/DCCMA04_Disk19	
812G	81%	/DCCMA05_Disk11	
768G	26%	/DCCMA05_Disk12	
8.0T	1%	/DCCMA05_Disk13	
8.0T	1%	/DCCMA05_Disk14	
8.0T	1%	/DCCMA05_Disk15	
8.0T	1%	/DCCMA05_Disk16	
2.5T	69%	/DCCMA07_Disk2	
4.0T	51%	/DCCMA07_Disk3	
1.3T	85%	/DCCMA07_Disk4	
2.9T	64%	/DCCMA07_Disk5	
3.6T	56%	/DCCMA07_Disk6	
2.7T	68%	/DCCMA07_Disk7	
2.3T	73%	/DCCMA08_Disk1	
3.1T	62%	/DCCMA08_Disk2	
623G	93%	/DCCMA08_Disk3	
799G	91%	/DCCMA08_Disk4	
61G	100%	/DCCMA08_Disk5	
2.1T	75%	/DCCMA08_Disk6	
3.9T	52%	/DCCMA08_Disk7	
2.7T	67%	/DCCMA08_Disk8	
1.1T	88%	/DCCMA09_Disk1	
97G	99%	/DCCMA09_Disk2	
1.6T	82%	/DCCMA09_Disk3	
708G	92%	/DCCMA09_Disk4	
1.3T	85%	/DCCMA09_Disk5	
1.4T	83%	/DCCMA09_Disk6	
71G	100%	/DCCMA09_Disk7	
3.0T	63%	/DCCMA09_Disk8	
3.4T	59%	/DCCMA10_Disk1	
3.0T	64%	/DCCMA10_Disk2	
424G	95%	/DCCMA10_Disk3	
258G	97%	/DCCMA10_Disk4	
4.0G	100%	/DCCMA10_Disk5	
3.5T	57%	/DCCMA10_Disk6	
1.2T	86%	/DCCMA10_Disk7	
84G	99%	/DCCMA10_Disk8	
46G	100%	/DCCMA11_Disk1	
124G	99%	/DCCMA11_Disk2	
2.5G	100%	/DCCMA11_Disk3	
989G	88%	/DCCMA11_Disk4	
3.2T	61%	/DCCMA11_Disk5	
2.2G	100%	/DCCMA11_Disk7	
3.5T	57%	/DCCMA11_Disk8	
131G	99%	/DCCMA11_Disk9	
434G	95%	/DCCMA11_Disk10	
1.4T	83%	/DCCMA11_Disk11	
1.6T	81%	/DCCMA10_Disk9	
8.0T	1%	/DCCMA10_Disk10	
8.0T	1%	/DCCMA10_Disk11	
8.0T	1%	/DCCMA10_Disk12	
8.0T	1%	/DCCMA10_Disk13	
8.0T	1%	/DCCMA10_Disk14	
8.0T	1%	/DCCMA10_Disk15	
8.0T	1%	/DCCMA10_Disk16	
2.3T	72%	/DCCMA11_Disk12	
2.4T	71%	/DCCMA11_Disk13	
2.5T	70%	/DCCMA11_Disk14	
1.4T	84%	/DCCMA11_Disk15	
3.1T	62%	/DCCMA11_Disk16	
2.6T	69%	/DCCMA11_Disk17	
3.7T	54%	/DCCMA11_Disk18	
3.1T	62%	/DCCMA11_Disk19	
2.5T	70%	/DCCMA12_Disk1	
4.0T	51%	/DCCMA12_Disk2	
2.7T	67%	/DCCMA12_Disk3	
8.0T	1%	/DCCMA12_Disk4	
8.0T	1%	/DCCMA12_Disk5	
8.0T	1%	/DCCMA12_Disk6	
8.0T	1%	/DCCMA12_Disk7	
8.0T	1%	/DCCMA12_Disk8	
8.0T	1%	/DCCMA13_Disk1	
8.0T	1%	/DCCMA13_Disk2	
8.0T	1%	/DCCMA13_Disk3	
8.0T	1%	/DCCMA13_Disk4	
8.0T	1%	/DCCMA13_Disk5	
8.0T	1%	/DCCMA13_Disk6	
8.0T	1%	/DCCMA13_Disk7	
8.0T	1%	/DCCMA13_Disk8	
298G	97%	/DCCMA11_Disk20	
349G	96%	/DCCMA11_Disk21	
292G	97%	/DCCMA12_Disk9	
1.5T	82%	/DCCMA12_Disk10	
3.1T	62%	/DCCMA12_Disk11	
1.9T	78%	/DCCMA12_Disk12	
2.4T	71%	/DCCMA12_Disk13	
3.0T	64%	/DCCMA12_Disk15	
1.3T	85%	/DCCMA12_Disk16	
1.8T	78%	/DCCMA12_Disk17	
2.6G	100%	/DCCMA12_Disk18	
1.6T	81%	/DCCMA13_Disk14	
1.2T	86%	/DCCMA13_Disk15	
2.1T	75%	/DCCMA13_Disk16	
2.5T	70%	/DCCMA13_Disk17	
2.7T	67%	/DCCMA13_Disk18	
709G	92%	/DCCMA06_Disk09	
51G	100%	/DCCMA06_Disk10	
268G	97%	/DCCMA06_Disk11	
2.1T	75%	/DCCMA06_Disk12	
537G	94%	/DCCMA06_Disk14	
2.8T	67%	/DCCMA06_Disk15	
8.0T	1%	/DCCMA12_Disk14	
2.7T	35%	/DCCMA07_Disk9	
5.2T	36%	/DCCMA09_Disk10	
6.6T	18%	/DCCMA09_Disk11	
3.5G	100%	/DCCMA09_Disk12	
8.0T	2%	/DCCMA09_Disk13	
7.9T	2%	/DCCMA09_Disk09	

48 days,
ntpd (pid  33369) is running...
ntpd           	0:off	1:off	2:on	3:on	4:on	5:on	6:off

Sat 10 Sep 2022 11:11:23 AM ZONE="Asia/Kuala_Lumpur"
Sat 10 Sep 2022 11:11:24 AM +08  -0.912949 seconds
ntpd (pid  33369) is running...
server 10.10.10.75 iburst
server 10.10.10.76 iburst


Linux 2.6.32-754.47.1.el6.x86_64 (dccebrsma08) 	09/10/2022 	_x86_64_	(64 CPU)

11:11:24 AM     CPU     %user     %nice   %system   %iowait    %steal     %idle
11:11:26 AM     all      1.76      0.00      8.51      2.68      0.00     87.05
11:11:28 AM     all      1.78      0.00      8.59      2.58      0.00     87.04
11:11:30 AM     all      1.67      0.00      7.02      1.93      0.00     89.38
11:11:32 AM     all      1.77      0.00      7.49      2.14      0.00     88.59
11:11:34 AM     all      1.78      0.00      8.24      2.45      0.00     87.53
Average:        all      1.75      0.00      7.97      2.36      0.00     87.92
Average:        all      1.41      0.00      5.58      3.28      0.00     89.73

             total       used       free     shared    buffers     cached
Mem:        128304     127979        324       1311        374     112111
-/+ buffers/cache:      15493     112810
Swap:            0          0          0
Total:      128304     127979        324


Linux 2.6.32-754.47.1.el6.x86_64 (dccebrsma08) 	09/10/2022 	_x86_64_	(64 CPU)

09/10/2022 11:11:35 AM
Device:            tps    MB_read/s    MB_wrtn/s    MB_read    MB_wrtn
sda               0.73         0.02         0.00      63562      16339
sdc               0.82         0.02         0.01      93783      21953
sdb               1.84         0.01         0.00      29621       8395
sdd               1.28         0.00         0.00      20612        445
sdf               1.30         0.00         0.00      20956        353
sdg               0.88         0.01         0.02      42511      64458
sdh               1.35         0.01         0.00      21543       6228
sdi               1.02         0.00         0.00      16395        337
sdk               0.65         0.01         0.01      36352      25878
sde               1.31         0.00         0.00      20960       4675
sdj               0.95         0.00         0.00      15180        373
sdm               2.78         0.19         0.00     808111      13388
sdl               1.63         0.01         0.00      26302        373
sdp               0.77         0.01         0.02      40649      71072
sdo               1.36         0.01         0.00      21790       7221
sdr               1.37         0.01         0.10      37908     436765
sdq               0.10         0.00         0.00       1597          0
sdu               0.89         0.01         0.02      49976      89339
sds               0.10         0.00         0.00       1599          0
sdw               0.82         0.02         0.01      64591      61497
sdn               1.28         0.00         0.00      20491       2468
sdt               0.10         0.00         0.00       1594          0
sdy               0.68         0.01         0.01      33737      31275
sdv               0.10         0.00         0.00       1599          0
sdx               0.10         0.00         0.00       1596          0
sdab              0.82         0.01         0.02      44316      94386
sdz               0.10         0.00         0.00       1604          0
sdaa              0.10         0.00         0.00       1606          0
sdac              0.10         0.00         0.00       1604          0
sdae              1.83         0.01         0.35      33565    1472437
sdah              1.37         0.01         0.24      24436    1014573
sdaf              0.10         0.00         0.00       1597          0
sdad              0.10         0.00         0.00       1596          0
sdag              0.74         0.01         0.02      25256      69364
sdak              0.63         0.00         0.02      19646      68866
sdaj              0.10         0.00         0.00       1587          0
sdao              0.73         0.01         0.01      55341      46131
sdai              0.10         0.00         0.00       1589          0
sdas              0.77         0.01         0.04      31595     158197
sdaq              1.28         0.01         0.14      25103     595278
sdal              0.10         0.00         0.00       1583          0
sdam              0.10         0.00         0.00       1587          0
sdaw              0.75         0.01         0.00      21021      20922
sdan              0.10         0.00         0.00       1591          0
sdax              0.84         0.01         0.02      40085      66360
sdap              0.10         0.00         0.00       1591          0
sdaz              1.48         0.01         0.23      37326     984330
sdbb              0.64         0.00         0.01      20265      51832
sdar              0.10         0.00         0.00       1588          0
sdat              0.10         0.00         0.00       1583          0
sdau              0.10         0.00         0.00       1583          0
sdbf              0.63         0.00         0.01      19380      23663
sdav              0.10         0.00         0.00       1584          0
sdbi              2.45         0.01         0.52      38491    2173608
sdbk              0.84         0.01         0.05      21752     197759
sdbm              1.18         0.06         0.01     245333      29472
sday              0.10         0.00         0.00       1579          0
sdba              0.10         0.00         0.00       1580          0
sdbp              1.41         0.01         0.23      55414     960425
sdbq              0.73         0.02         0.00      63610      16377
sdbd              0.10         0.00         0.00       1584          0
sdbr              1.04         0.01         0.12      41301     487158
sdbo              1.02         0.01         0.11      35449     478471
sdbs              1.30         0.01         0.22      26673     926675
sdbe              0.10         0.00         0.00       1586          0
sdbg              0.10         0.00         0.00       1584          0
sdbt              0.82         0.02         0.01      93740      21972
sdbh              0.10         0.00         0.00       1580          0
sdbj              0.10         0.00         0.00       1580          0
sdbl              0.10         0.00         0.00       1580          0
sdbc              0.10         0.00         0.00       1580          0
sdbu              0.87         0.01         0.06      21323     242750
sdbv              0.88         0.01         0.02      42501      64553
sdbw              0.74         0.01         0.03      23733     140913
sdby              0.69         0.01         0.00      31443       5464
sdbx              0.65         0.01         0.01      36412      25880
sdbz              2.78         0.19         0.00     807864      13367
sdca              0.94         0.01         0.11      22174     467865
sdcb              0.77         0.01         0.02      40672      71130
sdcc              1.18         0.01         0.12      41333     506616
sdcd              1.37         0.01         0.10      37984     436730
sdce              0.71         0.01         0.00      31836      18551
sdcg              0.67         0.01         0.01      32206      51637
sdch              1.04         0.01         0.12      39096     523705
sdcf              0.89         0.01         0.02      49921      89226
sdck              0.93         0.02         0.02     104729      75453
sdci              0.82         0.02         0.01      64553      61458
sdcj              0.68         0.01         0.01      33752      31346
sdcn              0.25         0.00         0.00       4178          0
sdco              1.83         0.01         0.35      33520    1472324
sdbn              0.10         0.00         0.00       1586          0
sdcp              0.86         0.00         0.05      20891     190644
sdcq              0.74         0.01         0.02      25262      69354
sdcs              0.86         0.01         0.03      22685     107593
sdcm              0.71         0.01         0.01      32804      31989
sdcl              0.82         0.01         0.02      44290      94474
sdct              0.63         0.00         0.02      19640      68847
sdcu              0.97         0.01         0.04      27590     164811
sdcv              0.34         0.00         0.00       5660          0
sdcw              0.73         0.01         0.01      55356      46195
sdcr              1.37         0.01         0.24      24446    1014643
sdcx              0.37         0.00         0.00       5737        155
sddb              0.75         0.00         0.00      20975      20906
sdda              0.74         0.01         0.00      26511      17001
sdcz              0.77         0.01         0.04      31531     158382
sddc              0.90         0.01         0.06      22630     245205
sdcy              1.28         0.01         0.14      25077     595300
sddd              0.34         0.00         0.00       5654          0
sddf              0.37         0.00         0.00       5761        158
sdde              0.84         0.01         0.02      40103      66304
sddg              1.48         0.01         0.23      37287     984210
sddh              0.64         0.00         0.01      20230      51750
sddi              0.80         0.01         0.02      26642      73440
sddj              0.63         0.00         0.01      19395      23690
sddk              1.15         0.01         0.01      34831      61926
sddm              2.45         0.01         0.52      38466    2173671
sddq              0.79         0.01         0.01      34049      21154
sddp              1.18         0.06         0.01     245238      29504
sddr              1.02         0.01         0.11      35437     478495
sddo              0.84         0.01         0.05      21702     197872
sdds              0.34         0.00         0.00       5662          0
sddt              0.34         0.00         0.00       5661          0
sddn              0.82         0.01         0.03      40289     119779
sddu              1.41         0.01         0.23      55421     960324
sddx              1.30         0.01         0.22      26654     926617
sddw              1.04         0.01         0.12      41289     487157
sddv              0.35         0.00         0.00       5673          0
sdeb              1.11         0.01         0.11      40108     467287
sdec              0.74         0.01         0.03      23761     140806
sdea              0.35         0.00         0.00       5671          0
sdeh              1.18         0.01         0.12      41360     506535
sdef              0.94         0.01         0.11      22203     468035
sddy              0.35         0.00         0.00       5677          0
sddl              0.35         0.00         0.00       5674          0
sded              0.35         0.00         0.00       5669          0
sddz              0.87         0.01         0.06      21350     242757
sdei              0.35         0.00         0.00       5670          0
sdeg              0.35         0.00         0.00       5677          0
sdej              0.35         0.00         0.00       5676          0
sdee              0.69         0.01         0.00      31473       5477
sdek              0.71         0.01         0.00      31811      18598
sdel              0.35         0.00         0.00       5680          0
sdeo              1.19         0.01         0.12      37527     506435
sdep              0.93         0.02         0.02     104770      75533
sdeq              1.15         0.01         0.02      54444      64322
sdem              0.67         0.01         0.01      32217      51646
sden              1.04         0.01         0.12      39090     523667
sdet              1.20         0.01         0.12      22783     508151
sdes              0.71         0.01         0.01      32861      32029
sdeu              0.25         0.00         0.00       4180          0
sder              1.35         0.01         0.13      32947     553200
sdew              1.99         0.02         0.13     104234     555281
sdex              0.86         0.01         0.03      22702     107449
sdfa              0.97         0.01         0.04      27597     164798
sdez              1.94         0.03         0.20     114199     858307
sdfb              1.21         0.01         0.08      40867     316300
sdev              0.86         0.00         0.05      20910     190764
sdey              0.89         0.01         0.01      55767      28332
sdfe              1.02         0.01         0.00      32666      19320
sdff              0.74         0.01         0.00      26561      16935
sdfh              1.42         0.01         0.12      34749     524691
sdfd              0.37         0.00         0.00       5746        156
sdfg              1.15         0.01         0.01      47439      33456
sdfk              0.35         0.00         0.00       5671          0
sdfj              1.26         0.01         0.11      29375     481584
sdfi              0.90         0.01         0.06      22629     245165
sdfl              0.37         0.00         0.00       5765        158
sdfc              0.35         0.00         0.00       5664          0
sdfp              6.52         0.04         0.17     181242     731670
sdfo              1.46         0.01         0.17      31953     718054
sdfm              1.07         0.01         0.04      41224     172215
sdfr              0.35         0.00         0.00       5670          0
sdfx              0.52         0.00         0.00       8416        433
sdfq              1.15         0.01         0.01      34807      61901
sdfn              0.80         0.01         0.02      26675      73467
sdfy              0.35         0.00         0.00       5667          0
sdfw              0.64         0.00         0.00      10341        309
sdfu              0.65         0.00         0.00      10357        219
sdfs              0.60         0.00         0.00       9670        248
sdfz              0.35         0.00         0.00       5667          0
sdga              1.29         0.00         0.00      20941        508
sdgb              0.35         0.00         0.00       5679          0
sdft              0.82         0.01         0.03      40307     119744
sdgd              0.35         0.00         0.00       5678          0
sdfv              0.79         0.01         0.01      34084      21130
sdgc              0.48         0.00         0.00       7773        210
sdgg              0.35         0.00         0.00       5669          0
sdgh              1.11         0.01         0.11      40083     467308
sdge              0.47         0.00         0.00       7493        382
sdgf              0.47         0.00         0.00       7518        845
sdgi              0.55         0.00         0.00       8877        227
sdgj              0.35         0.00         0.00       5670          0
sdgl              0.72         0.00         0.00      11482       4110
sdgk              0.94         0.00         0.00      15154        322
sdgn              0.64         0.00         0.00      10203        177
sdgm              0.35         0.00         0.00       5672          0
sdgo              0.35         0.00         0.00       5671          0
sdgp              0.78         0.00         0.00      12633        251
sdgs              1.04         0.00         0.12      10123     508705
sdgt              0.49         0.00         0.00       7836        235
sdgq              0.35         0.00         0.00       5683          0
sdgu              1.19         0.01         0.12      37496     506603
sdgv              0.64         0.00         0.00      10314        155
sdgr              0.35         0.00         0.00       5680          0
sdgw              1.15         0.01         0.02      54416      64355
sdgz              1.20         0.01         0.12      22810     508026
sdhc              0.63         0.00         0.00      10076        150
sdgx              0.67         0.00         0.05       8369     204286
sdgy              1.35         0.01         0.13      32921     553208
sdhb              1.99         0.02         0.13     104313     555275
sdha              0.44         0.00         0.00       7063        153
sdhe              0.89         0.01         0.01      55776      28285
sdhd              0.63         0.00         0.00      10149        240
sdhg              0.85         0.00         0.01      13347      23194
sdhk              0.63         0.00         0.00      10106        234
sdhl              1.15         0.01         0.01      47412      33510
sdhm              0.78         0.00         0.00      12490        330
sdhj              1.02         0.01         0.00      32646      19335
sdhf              1.94         0.03         0.20     114169     858472
sdho              1.26         0.01         0.11      29321     481601
sdhn              1.42         0.01         0.12      34793     524664
sdhi              0.47         0.00         0.00       7434        171
sdhp              1.07         0.01         0.04      41245     172431
sdhq              1.46         0.01         0.17      31965     717863
sdht              0.65         0.00         0.00      10357        220
sdhh              1.21         0.01         0.08      40895     316258
sdhv              0.53         0.00         0.00       8424        429
sdhw              1.29         0.00         0.00      20950        513
sdhx              0.48         0.00         0.00       7782        211
sdhs              0.60         0.00         0.00       9683        249
sdhy              0.47         0.00         0.00       7497        380
sdie              0.78         0.00         0.00      12635        257
sdif              1.04         0.00         0.12      10127     508822
sdhz              0.47         0.00         0.00       7521        843
sdic              0.72         0.00         0.00      11488       4107
sdig              0.49         0.00         0.00       7839        234
sdih              0.64         0.00         0.00      10309        156
sdij              0.44         0.00         0.00       7061        155
sdib              0.94         0.00         0.00      15170        324
sdim              0.85         0.00         0.01      13352      23169
sdhu              0.64         0.00         0.00      10351        308
sdik              0.63         0.00         0.00      10076        150
sdia              0.55         0.00         0.00       8875        229
sdhr              6.52         0.04         0.17     181275     731829
sdid              0.64         0.00         0.00      10213        176
sdin              0.47         0.00         0.00       7445        171
sdir             14.50         0.20         0.10     860661     410141
sdii              0.67         0.00         0.05       8378     204235
sdis          21684.01       143.16        63.32  601060193  265842695
sdip              0.77         0.00         0.00      12480        335
sdiq             46.27         0.14         0.42     606250    1753824
sdit              0.10         0.00         0.00       1591          0
sdiv              0.10         0.00         0.00       1592          0
sdio              0.63         0.00         0.00      10103        229
sdil              0.63         0.00         0.00      10139        237
sdix              0.10         0.00         0.00       1595          0
sdja              0.10         0.00         0.00       1596          0
sdiy              0.10         0.00         0.00       1598          0
sdiw              0.10         0.00         0.00       1596          0
sdjd              0.10         0.00         0.00       1594          0
sdjf              0.10         0.00         0.00       1596          0
sdje              0.10         0.00         0.00       1599          0
sdiu              0.10         0.00         0.00       1603          0
sdjg              0.10         0.00         0.00       1604          0
sdjc              0.10         0.00         0.00       1600          0
sdjm              0.10         0.00         0.00       1598          0
sdiz              0.10         0.00         0.00       1598          0
sdjl              0.10         0.00         0.00       1599          0
sdjj              0.10         0.00         0.00       1598          0
sdjk              0.10         0.00         0.00       1595          0
sdji              0.10         0.00         0.00       1596          0
sdjb              0.10         0.00         0.00       1601          0
sdjr              0.10         0.00         0.00       1592          0
sdju              0.10         0.00         0.00       1587          0
sdjs              0.10         0.00         0.00       1591          0
sdjh              0.10         0.00         0.00       1595          0
sdjx              0.10         0.00         0.00       1585          0
sdjp              0.10         0.00         0.00       1582          0
sdjn              0.10         0.00         0.00       1588          0
sdka              0.10         0.00         0.00       1594          0
sdjo              0.10         0.00         0.00       1593          0
sdjq              0.10         0.00         0.00       1587          0
sdjt              0.10         0.00         0.00       1589          0
sdkb              0.10         0.00         0.00       1592          0
sdjy              0.10         0.00         0.00       1593          0
sdjv              0.10         0.00         0.00       1586          0
sdkf              0.10         0.00         0.00       1589          0
sdkl              0.35         0.00         0.00       5674          0
sdkd              0.10         0.00         0.00       1589          0
sdkj              0.35         0.00         0.00       5675          0
sdjw              0.10         0.00         0.00       1585          0
sdkp              1.31         0.01         0.12      34144     517394
sdkn              0.35         0.00         0.00       5669          0
sdkc              0.10         0.00         0.00       1590          0
sdki              0.35         0.00         0.00       5672          0
sdko              0.35         0.00         0.00       5674          0
sdkq              3.42         0.02         0.11      70674     475889
sdjz              0.10         0.00         0.00       1592          0
sdkr              1.47         0.01         0.12      36063     494054
sdkk              0.35         0.00         0.00       5676          0
sdkt              1.66         0.02         0.20      63317     834345
sdkh              0.78         0.00         0.00      12572        269
sdke              0.10         0.00         0.00       1586          0
sdks              2.06         0.01         0.28      60129    1158485
sdkg              0.10         0.00         0.00       1584          0
sdkm              0.34         0.00         0.00       5661          0
sdku              0.78         0.00         0.00      12573        267
sdkx              1.48         0.01         0.13      37053     560229
sdkv              1.40         0.01         0.13      49106     558694
sdkz              3.01         0.09         0.44     371868    1852445
sdla              0.35         0.00         0.00       5677          0
sdlb              1.71         0.03         0.01     107979      48110
sdky              0.35         0.00         0.00       5679          0
sdlc              0.35         0.00         0.00       5680          0
sdld              1.45         0.02         0.04      98965     172110
sdle              0.35         0.00         0.00       5670          0
sdlf              1.05         0.01         0.01      52092      42786
sdlg              0.35         0.00         0.00       5673          0
sdkw              0.35         0.00         0.00       5681          0
sdlm              3.43         0.02         0.11      70648     475802
sdlj              0.35         0.00         0.00       5675          0
sdli              0.35         0.00         0.00       5674          0
sdlh              0.35         0.00         0.00       5676          0
sdlk              1.31         0.01         0.12      34129     517292
sdln              0.35         0.00         0.00       5674          0
sdlo              1.47         0.01         0.12      36012     493967
sdls              1.66         0.02         0.20      63308     834118
sdlw              0.35         0.00         0.00       5678          0
sdlv              1.48         0.01         0.13      36998     560278
sdlr              0.35         0.00         0.00       5681          0
sdlt              1.40         0.01         0.13      49150     558704
sdlp              0.35         0.00         0.00       5678          0
sdmc              0.35         0.00         0.00       5670          0
sdma              0.35         0.00         0.00       5676          0
sdlq              2.06         0.01         0.28      60186    1158604
sdly              0.35         0.00         0.00       5674          0
sdll              0.35         0.00         0.00       5685          0
sdmf              0.35         0.00         0.00       5681          0
sdmb              1.45         0.02         0.04      98951     172110
sdlz              1.71         0.03         0.01     107989      48023
sdmd              1.05         0.01         0.01      52084      42807
sdme              0.35         0.00         0.00       5677          0
sdmh              0.35         0.00         0.00       5675          0
sdlu              0.35         0.00         0.00       5676          0
sdmi              0.46         0.00         0.00       7301        543
sdmk              0.37         0.00         0.00       5882        159
sdlx              3.01         0.09         0.44     371912    1852672
sdmn              0.35         0.00         0.00       5683          0
sdms              0.38         0.00         0.00       5979       1223
sdmw              0.35         0.00         0.00       5671          0
sdml              0.35         0.00         0.00       5679          0
sdmq              0.42         0.00         0.00       6500       3007
sdmz              0.35         0.00         0.00       5674          0
sdmu              0.40         0.00         0.00       6361        182
sdmv              0.35         0.00         0.00       5684          0
sdne              0.40         0.00         0.00       6379        340
sdmr              0.35         0.00         0.00       5684          0
sdnd              0.35         0.00         0.00       5683          0
sdmt              0.35         0.00         0.00       5687          0
sdng              0.19         0.00         0.00       3056          0
sdnf              0.46         0.00         0.00       7306        542
sdmy              0.38         0.00         0.00       5942        163
sdmg              0.35         0.00         0.00       5676          0
sdmo              0.39         0.00         0.00       6137        200
sdnb              0.35         0.00         0.00       5681          0
sdmx              0.35         0.00         0.00       5680          0
sdmj              0.35         0.00         0.00       5684          0
sdno              0.47         0.00         0.00       7421       4236
sdmm              0.40         0.00         0.00       6326       1676
sdna              0.41         0.00         0.00       6527       4826
sdni              0.45         0.00         0.00       7178        323
sdnv              0.38         0.00         0.00       5942        164
sdnq              0.57         0.00         0.00       9103       1019
sdnw              0.51         0.00         0.00       8219        206
sdnt              0.35         0.00         0.00       5675          0
sdnp              0.38         0.00         0.00       5980       1226
sdnh              0.37         0.00         0.00       5879        159
sdnj              0.40         0.00         0.00       6331       1671
sdnx              0.41         0.00         0.00       6526       4795
sdny              0.81         0.00         0.10       7656     432140
sdns              0.47         0.00         0.00       7136        862
sdnm              0.50         0.00         0.00       7951        803
sdmp              0.35         0.00         0.00       5683          0
sdnl              0.39         0.00         0.00       6143        198
sdob              0.40         0.00         0.00       6383        337
sdnu              0.48         0.00         0.00       7414        340
sdnz              0.42         0.00         0.00       6688        179
sdnr              0.40         0.00         0.00       6363        180
sdnn              0.42         0.00         0.00       6502       2990
sdnc              0.42         0.00         0.00       6688        179
sdog              0.43         0.00         0.00       6869        945
sdnk              0.43         0.00         0.00       6870        940
sdoh              0.39         0.00         0.00       6276       1399
sdok              0.47         0.00         0.00       7424       4242
sdoc              0.19         0.00         0.00       3054          0
sdoa              0.42         0.00         0.00       6732        191
sdol              0.39         0.00         0.00       6280        316
sdof              0.40         0.00         0.00       6448       2051
sdoj              0.61         0.00         0.00       9764       2896
sdop              0.35         0.00         0.00       5686          0
sdod              0.44         0.00         0.00       7020        232
sdoq              0.48         0.00         0.00       7414        344
sdoi              0.50         0.00         0.00       7957        808
sdom              0.57         0.00         0.00       9113       1036
sdon              0.39         0.00         0.00       6297        141
sdos              0.51         0.00         0.00       8218        207
sdov              0.44         0.00         0.00       7019        231
sdou              0.42         0.00         0.00       6733        191
sdoo              0.47         0.00         0.00       7138        864
sdot              0.81         0.00         0.10       7657     432257
sdor              0.26         0.00         0.00       4189          0
sdoy              0.61         0.00         0.00       9773       2877
sdow              0.40         0.00         0.00       6458       2047
sdpa              0.39         0.00         0.00       6296        141
sdpb              0.35         0.00         0.00       5690          0
sdoz              0.39         0.00         0.00       6292        317
sdpc              0.26         0.00         0.00       4196          0
sdox              0.39         0.00         0.00       6286       1405
sdoe              0.45         0.00         0.00       7187        326
vg00-lv_root    100.78         0.02         0.39      68314    1630618
dccebrsma01_disk10     1.34         0.03         0.01     125615      32717
dccebrsma01_disk11     1.53         0.04         0.01     185975      43926
dccebrsma11_disk4     1.74         0.01         0.00      28034       8395
dccebrsma11_disk3     1.18         0.00         0.00      19024        445
dccebrsma11_disk11     1.20         0.00         0.00      19367        353
dccebrsma01_disk12     1.64         0.02         0.03      83454     129012
dccebrsma01_disk10p1     1.33         0.03         0.01     124618      32717
dccebrsma11_disk9     1.24         0.00         0.00      19948       6228
dccebrsma01_disk11p1     1.54         0.04         0.01     184975      43926
dccebrsma11_disk8     0.92         0.00         0.00      14800        337
dccebrsma02_disk6     1.17         0.02         0.01      71200      51758
dccebrsma11_disk4p1     1.68         0.01         0.00      27029       8395
dccebrsma11_disk2     1.21         0.00         0.00      19361       4675
dccebrsma11_disk3p1     1.13         0.00         0.00      18017        445
dccebrsma11_disk11p1     1.15         0.00         0.00      18364        353
dccebrsma11_disk5     0.85         0.00         0.00      13584        373
dccebrsma02_disk7     5.44         0.38         0.01    1614407      26755
dccebrsma01_disk12p1     1.66         0.02         0.03      82450     129012
dccebrsma11_disk9p1     1.19         0.00         0.00      18936       6228
dccebrsma11_disk8p1     0.86         0.00         0.00      13789        337
dccebrsma02_disk6p1     1.17         0.02         0.01      70189      51758
dccebrsma11_disk1     1.53         0.01         0.00      24701        373
dccebrsma02_disk8     1.42         0.02         0.03      79757     142202
dccebrsma11_disk2p1     1.15         0.00         0.00      18344       4675
dccebrsma11_disk7     1.26         0.00         0.00      20195       7221
dccebrsma11_disk5p1     0.79         0.00         0.00      12565        373
dccebrsma02_disk7p1     5.53         0.38         0.01    1613391      26755
dccebrsma11_disk7p1     1.20         0.00         0.00      19176       7221
dccebrsma03_disk6     2.61         0.02         0.21      74328     873496
dccebrsma11_disk1p1     1.47         0.01         0.00      23678        373
dccebrsma02_disk8p1     1.44         0.02         0.03      78741     142202
dccebrsma03_disk7     1.67         0.02         0.04      98331     178565
dccebrsma03_disk8     1.52         0.03         0.03     127573     122955
dccebrsma11_disk10     1.18         0.00         0.00      18893       2468
dccebrsma04_disk5     1.25         0.02         0.01      65924      62621
dccebrsma04_disk6     1.53         0.02         0.04      87043     188861
dccebrsma04_disk7     3.54         0.02         0.70      65510    2944762
dccebrsma05_disk4     2.63         0.01         0.48      47309    2029216
dccebrsma05_disk3     1.37         0.01         0.03      48948     138719
dccebrsma05_disk5     1.16         0.01         0.03      37727     137714
dccebrsma01_disk13     1.35         0.03         0.02     109127      92326
dccebrsma01_disk15     1.42         0.01         0.08      61563     316579
dccebrsma01_disk14     2.44         0.01         0.28      48626    1190579
dccebrsma01_disk16     1.39         0.01         0.01      40431      41828
dccebrsma01_disk17     1.56         0.02         0.03      78622     132664
dccebrsma02_disk9     2.83         0.02         0.47      73049    1968541
dccebrsma03_disk7p1     1.75         0.02         0.04      97306     178565
dccebrsma03_disk6p1     2.76         0.02         0.21      73313     873496
dccebrsma02_disk10     1.17         0.01         0.02      38926     103582
dccebrsma11_disk10p1     1.12         0.00         0.00      17872       2468
dccebrsma02_disk11     1.14         0.01         0.01      37215      47353
dccebrsma02_disk12     4.77         0.02         1.04      75392    4347280
dccebrsma05_disk4p1     2.91         0.01         0.48      46288    2029216
dccebrsma02_disk13     1.55         0.01         0.09      41899     395632
dccebrsma05_disk3p1     1.38         0.01         0.03      47934     138719
dccebrsma05_disk5p1     1.16         0.01         0.03      36709     137714
dccebrsma03_disk9     2.25         0.12         0.01     489014      58976
dccebrsma03_disk11     2.70         0.03         0.46     109272    1920750
dccebrsma03_disk12     1.97         0.02         0.23      81023     974315
dccebrsma03_disk10     1.92         0.02         0.23      69319     956967
dccebrsma01_disk14p1     2.66         0.01         0.28      47609    1190579
dccebrsma03_disk13     2.48         0.01         0.44      51767    1853292
dccebrsma01_disk17p1     1.57         0.02         0.03      77602     132664
dccebrsma02_disk9p1     3.13         0.02         0.47      72029    1968541
dccebrsma04_disk8     1.61         0.01         0.12      41110     485507
dccebrsma02_disk10p1     1.17         0.01         0.02      37909     103582
dccebrsma02_disk11p1     1.14         0.01         0.01      36200      47353
dccebrsma04_disk9     1.36         0.01         0.07      45924     281720
dccebrsma02_disk12p1     5.44         0.02         1.04      74382    4347280
dccebrsma03_disk12p1     2.08         0.02         0.23      80002     974315
dccebrsma03_disk10p1     2.03         0.02         0.23      68295     956967
dccebrsma04_disk8p1     1.72         0.01         0.12      40096     485507
dccebrsma04_disk10     1.26         0.01         0.00      61351      10941
dccebrsma04_disk11     1.77         0.01         0.22      42802     935901
dccebrsma04_disk12     2.23         0.02         0.24      81123    1013152
dccebrsma05_disk6     1.31         0.01         0.01      62078      37150
dccebrsma02_disk13p1     1.65         0.01         0.09      40889     395632
dccebrsma03_disk9p1     2.26         0.12         0.01     487999      58976
dccebrsma03_disk13p1     2.77         0.01         0.44      50749    1853292
dccebrsma04_disk9p1     1.41         0.01         0.07      44901     281720
dccebrsma05_disk7     1.23         0.01         0.02      62863     103284
dccebrsma05_disk8     1.96         0.02         0.25      76624    1047372
dccebrsma04_disk10p1     1.24         0.01         0.00      60329      10941
dccebrsma05_disk6p1     1.30         0.01         0.01      61057      37150
dccebrsma05_disk9     1.74         0.05         0.04     207926     150987
dccebrsma04_disk11p1     1.89         0.01         0.22      41774     935901
dccebrsma04_disk12p1     2.36         0.02         0.24      80104    1013152
dccebrsma01_disk18     0.44         0.00         0.00       7254          0
dccebrsma01_disk19     1.61         0.01         0.09      40227     381409
dccebrsma01_disk20     1.61         0.01         0.05      43814     215042
dccebrsma05_disk10     1.30         0.02         0.02      64106      64018
dccebrsma01_disk21     1.82         0.01         0.08      53630     329609
dccebrsma01_disk22     0.59         0.00         0.00       9761          0
dccebrsma01_disk23     0.63         0.00         0.00       9911        312
dccebrsma02_disk14     1.37         0.01         0.01      51502      33936
dccebrsma02_disk15     1.69         0.01         0.12      43699     490371
dccebrsma02_disk16     0.59         0.00         0.00       9761          0
dccebrsma02_disk17     0.63         0.00         0.00       9959        317
dccebrsma03_disk14     1.49         0.01         0.03      51758     146907
dccebrsma03_disk15     2.18         0.02         0.03      68077     123827
dccebrsma04_disk14     1.46         0.02         0.01      66573      42284
dccebrsma05_disk9p1     1.77         0.05         0.04     206910     150987
dccebrsma05_disk8p1     2.09         0.02         0.25      75606    1047372
dccebrsma01_disk19p1     1.66         0.01         0.09      39209     381409
dccebrsma05_disk7p1     1.24         0.01         0.02      61846     103284
dccebrsma01_disk20p1     1.64         0.01         0.05      42795     215042
dccebrsma01_disk23p1     0.57         0.00         0.00       8890        312
dccebrsma02_disk17p1     0.57         0.00         0.00       8943        317
dccebrsma02_disk16p1     0.53         0.00         0.00       8745          0
dccebrsma01_disk21p1     1.91         0.01         0.08      52617     329609
dccebrsma03_disk15p1     2.21         0.02         0.03      67061     123827
dccebrsma03_disk14p1     1.52         0.01         0.03      50739     146907
dccebrsma04_disk14p1     1.47         0.02         0.01      65559      42284
dccebrsma04_disk15     0.59         0.00         0.00       9765          0
dccebrsma04_disk16     0.59         0.00         0.00       9760          0
dccebrsma05_disk10p1     1.30         0.02         0.02      63089      64018
dccebrsma02_disk15p1     1.75         0.01         0.12      42686     490371
dccebrsma04_disk15p1     0.53         0.00         0.00       8750          0
dccebrsma04_disk13     1.53         0.02         0.06      79026     239523
dccebrsma04_disk17     0.60         0.00         0.00       9779          0
dccebrsma05_disk11     2.10         0.02         0.22      78636     934596
dccebrsma04_disk19     0.60         0.00         0.00       9775          0
dccebrsma04_disk18     0.60         0.00         0.00       9782          0
dccebrsma03_disk16     0.60         0.00         0.00       9777          0
dccebrsma05_disk12     0.60         0.00         0.00       9776          0
dccebrsma05_disk14     0.60         0.00         0.00       9779          0
dccebrsma05_disk13     0.60         0.00         0.00       9780          0
dccebrsma05_disk15     0.60         0.00         0.00       9781          0
dccebrsma05_disk16     0.60         0.00         0.00       9785          0
dccebrsma06_disk1     2.26         0.02         0.24      73448    1013039
dccebrsma06_disk2     2.18         0.03         0.03     107287     128678
dccebrsma06_disk4     2.28         0.01         0.24      44026    1016178
dccebrsma04_disk13p1     1.55         0.02         0.06      78011     239523
dccebrsma06_disk3     2.57         0.02         0.26      64288    1106408
dccebrsma04_disk17p1     0.53         0.00         0.00       8755          0
dccebrsma06_disk5     3.82         0.05         0.26     206966    1110557
dccebrsma06_disk7     3.74         0.05         0.41     226798    1716780
ddccebrsma06_disk8     2.28         0.02         0.15      80190     632558
dccebrsma05_disk11p1     2.23         0.02         0.22      77615     934596
dccebrsma06_disk6     1.66         0.03         0.01     109961      56617
dccebrsma07_disk1     1.91         0.02         0.01      63748      38655
dccebrsma04_disk19p1     0.53         0.00         0.00       8752          0
dccebrsma07_disk3     2.70         0.02         0.25      67976    1049356
dccebrsma05_disk12p1     0.53         0.00         0.00       8755          0
dccebrsma07_disk2     2.17         0.02         0.02      93281      66966
dccebrsma05_disk15p1     0.53         0.00         0.00       8754          0
dccebrsma05_disk13p1     0.53         0.00         0.00       8757          0
dccebrsma07_disk4     2.38         0.01         0.23      57123     963186
dccebrsma05_disk16p1     0.53         0.00         0.00       8755          0
dccebrsma07_disk7    12.91         0.09         0.35     360943    1463499
dccebrsma07_disk6     2.79         0.01         0.34      62344    1435917
dccebrsma07_disk5     2.01         0.02         0.08      80903     344647
dccebrsma06_disk2p1     2.22         0.03         0.03     106269     128678
dccebrsma08_disk4     0.95         0.00         0.00      15268        863
dccebrsma08_disk3     1.19         0.00         0.00      19119        617
dccebrsma08_disk2     1.19         0.00         0.00      19147        439
dccebrsma08_disk1     1.11         0.00         0.00      17785        498
dccebrsma06_disk7p1     4.07         0.05         0.41     225780    1716780
dccebrsma07_disk2p1     2.24         0.02         0.02      92258      66966
dccebrsma07_disk7p1    13.22         0.09         0.35     359922    1463499
dccebrsma07_disk4p1     2.54         0.01         0.23      56098     963186
dccebrsma08_disk2p1     1.14         0.00         0.00      18126        439
dccebrsma08_disk5     2.48         0.01         0.00      40316       1022
dccebrsma04_disk6p1     1.56         0.02         0.04      86022     188861
dccebrsma04_disk5p1     1.24         0.02         0.01      64912      62621
dccebrsma01_disk13p1     1.36         0.03         0.02     108109      92326
dccebrsma01_disk16p1     1.38         0.01         0.01      39413      41828
dccebrsma08_disk6     0.87         0.00         0.00      13986        422
dccebrsma08_disk7     0.84         0.00         0.00      13416        762
dccebrsma03_disk11p1     3.01         0.03         0.46     108259    1920750
dccebrsma06_disk6p1     1.66         0.03         0.01     108935      56617
ddccebrsma06_disk8p1     2.51         0.02         0.15      79172     632558
dccebrsma06_disk5p1     4.14         0.05         0.26     205943    1110557
dccebrsma07_disk1p1     1.93         0.01         0.01      62724      38655
dccebrsma07_disk6p1     3.04         0.01         0.34      61318    1435917
dccebrsma08_disk4p1     0.89         0.00         0.00      14250        863
dccebrsma07_disk3p1     2.91         0.02         0.25      66949    1049356
dccebrsma07_disk5p1     2.11         0.02         0.08      79885     344647
dccebrsma08_disk3p1     1.13         0.00         0.00      18100        617
dccebrsma01_disk22p1     0.53         0.00         0.00       8747          0
dccebrsma02_disk14p1     1.36         0.01         0.01      50486      33936
dccebrsma08_disk1p1     1.05         0.00         0.00      16768        498
dccebrsma03_disk8p1     1.52         0.03         0.03     126553     122955
dccebrsma04_disk7p1     3.97         0.02         0.70      64485    2944762
dccebrsma01_disk15p1     1.51         0.01         0.08      60545     316579
dccebrsma04_disk16p1     0.53         0.00         0.00       8746          0
dccebrsma08_disk8     0.84         0.00         0.00      13467       1689
dccebrsma08_disk8p1     0.79         0.00         0.00      12439       1689
dccebrsma08_disk5p1     2.42         0.01         0.00      39290       1022
dccebrsma08_disk7p1     0.79         0.00         0.00      12396        762
dccebrsma05_disk14p1     0.53         0.00         0.00       8755          0
dccebrsma03_disk16p1     0.53         0.00         0.00       8753          0
dccebrsma08_disk6p1     0.81         0.00         0.00      12964        422
dccebrsma09_disk1     1.01         0.00         0.00      16168        457
dccebrsma09_disk3     1.33         0.01         0.00      21403       8218
dccebrsma09_disk2     1.78         0.01         0.00      28762        647
dccebrsma09_disk4     1.17         0.00         0.00      18851        353
dccebrsma09_disk5     1.47         0.01         0.00      23690        508
dccebrsma09_disk6     1.94         0.00         0.24      18681    1017528
dccebrsma09_disk7     0.88         0.00         0.00      14096        469
dccebrsma09_disk8     1.18         0.00         0.00      19039        312
dccebrsma06_disk3p1     2.82         0.02         0.26      63261    1106408
dccebrsma06_disk4p1     2.46         0.01         0.24      43010    1016178
dccebrsma06_disk1p1     2.40         0.02         0.24      72425    1013039
dccebrsma09_disk7p1     0.82         0.00         0.00      13071        469
dccebrsma04_disk18p1     0.53         0.00         0.00       8756          0
dccebrsma09_disk6p1     2.21         0.00         0.24      17661    1017528
dccebrsma09_disk3p1     1.28         0.00         0.00      20383       8218
dccebrsma09_disk1p1     0.95         0.00         0.00      15142        457
dccebrsma10_disk3     1.15         0.00         0.00      18577        301
dccebrsma10_disk1     1.23         0.00         0.10      15159     408522
dccebrsma10_disk2     0.78         0.00         0.00      12534        308
dccebrsma10_disk4     1.16         0.00         0.00      18716        477
dccebrsma10_disk5     1.59         0.01         0.01      25122      46364
dccebrsma10_disk7     1.16         0.00         0.00      18640        464
dccebrsma10_disk8     1.45         0.01         0.00      23409        665
dccebrsma10_disk6     0.83         0.00         0.00      13315        342
dccebrsma09_disk2p1     1.72         0.01         0.00      27745        647
dccebrsma09_disk4p1     1.11         0.00         0.00      17829        353
mpathb           14.41         0.20         0.10     859056     410141
mpathc        21683.87       143.16        63.32  601058400  265842695
dccebrsma10_disk5p1     1.54         0.01         0.01      24102      46364
dccebrsma10_disk4p1     1.11         0.00         0.00      17693        477
dccebrsma10_disk8p1     1.39         0.01         0.00      22392        665
dccebrsma10_disk7p1     1.10         0.00         0.00      17620        464
dccebrsma10_disk6p1     0.78         0.00         0.00      12304        342
dccebrsma10_disk1p1     1.27         0.00         0.10      14138     408522
dccebrsma10_disk3p1     1.09         0.00         0.00      17559        301
dccebrsma10_disk13     0.60         0.00         0.00       9784          0
dccebrsma10_disk11     0.60         0.00         0.00       9781          0
dccebrsma11_disk12     2.49         0.02         0.25      66701    1034686
mpathcp1      49432.25       136.39        56.71  572603779  238081794
mpathcp2       3427.91         6.78         6.61   28453608   27760900
dccebrsma10_disk15     0.59         0.00         0.00       9763          0
dccebrsma10_disk10     0.60         0.00         0.00       9775          0
dccebrsma10_disk16     0.60         0.00         0.00       9774          0
dccebrsma11_disk13     6.72         0.03         0.23     139743     951691
dccebrsma11_disk14     2.81         0.02         0.24      70501     988021
dccebrsma10_disk11p1     0.53         0.00         0.00       8756          0
dccebrsma11_disk14p1     2.96         0.02         0.24      69478     988021
dccebrsma11_disk13p1     6.90         0.03         0.23     138722     951691
dccebrsma10_disk13p1     0.53         0.00         0.00       8759          0
dccebrsma10_disk10p1     0.53         0.00         0.00       8753          0
dccebrsma10_disk12     0.60         0.00         0.00       9778          0
dccebrsma11_disk16     3.18         0.03         0.40     125048    1668464
dccebrsma10_disk9     1.46         0.01         0.00      23572        537
dccebrsma11_disk15     3.98         0.03         0.55     118747    2317089
dccebrsma11_disk16p1     3.52         0.03         0.40     124030    1668464
dccebrsma10_disk9p1     1.40         0.01         0.00      22557        537
dccebrsma10_disk12p1     0.53         0.00         0.00       8757          0
dccebrsma10_disk15p1     0.53         0.00         0.00       8747          0
dccebrsma10_disk16p1     0.53         0.00         0.00       8754          0
dccebrsma11_disk15p1     4.48         0.03         0.55     117729    2317089
dccebrsma11_disk12p1     2.72         0.02         0.25      65678    1034686
dccebrsma09_disk5p1     1.41         0.01         0.00      22665        508
dccebrsma09_disk8p1     1.12         0.00         0.00      18010        312
mpathbp1         39.41         0.20         0.10     858036     410141
dccebrsma10_disk14     0.60         0.00         0.00       9768          0
dccebrsma11_disk18     2.83         0.02         0.27      72475    1120508
dccebrsma11_disk17     2.66         0.02         0.27      96682    1117399
dccebrsma11_disk19     5.90         0.18         0.88     742200    3705117
dccebrsma12_disk1     3.26         0.05         0.02     214392      96133
dccebrsma12_disk2     2.77         0.05         0.08     196343     344221
dccebrsma12_disk3     1.97         0.02         0.02     102602      85593
dccebrsma12_disk5     0.60         0.00         0.00       9774          0
dccebrsma12_disk4     0.60         0.00         0.00       9780          0
dccebrsma12_disk7     0.60         0.00         0.00       9782          0
dccebrsma13_disk3     0.60         0.00         0.00       9784          0
dccebrsma13_disk1     0.60         0.00         0.00       9787          0
dccebrsma12_disk8     0.60         0.00         0.00       9777          0
dccebrsma13_disk6     0.60         0.00         0.00       9776          0
dccebrsma12_disk2p1     2.88         0.05         0.08     195321     344221
dccebrsma13_disk3p1     0.53         0.00         0.00       8757          0
dccebrsma12_disk4p1     0.53         0.00         0.00       8758          0
dccebrsma13_disk1p1     0.53         0.00         0.00       8761          0
dccebrsma12_disk5p1     0.53         0.00         0.00       8752          0
dccebrsma10_disk2p1     0.73         0.00         0.00      11510        308
dccebrsma11_disk18p1     3.12         0.02         0.27      71456    1120508
dccebrsma13_disk5     0.60         0.00         0.00       9777          0
dccebrsma12_disk8p1     0.53         0.00         0.00       8754          0
dccebrsma12_disk7p1     0.53         0.00         0.00       8757          0
dccebrsma13_disk4     0.60         0.00         0.00       9784          0
dccebrsma12_disk6     0.60         0.00         0.00       9789          0
dccebrsma13_disk7     0.60         0.00         0.00       9785          0
dccebrsma13_disk2     0.60         0.00         0.00       9782          0
dccebrsma11_disk21     0.82         0.00         0.00      13031       1086
dccebrsma11_disk20     0.64         0.00         0.00      10174        319
dccebrsma12_disk6p1     0.53         0.00         0.00       8762          0
dccebrsma12_disk12     0.66         0.00         0.00      10378       2449
dccebrsma12_disk14     0.60         0.00         0.00       9768          0
dccebrsma12_disk11     0.74         0.00         0.00      11429       5998
dccebrsma12_disk13     0.70         0.00         0.00      11154        362
dccebrsma12_disk18     0.70         0.00         0.00      11183        677
dccebrsma13_disk8     0.60         0.00         0.00       9781          0
dccebrsma13_disk7p1     0.53         0.00         0.00       8758          0
dccebrsma11_disk21p1     0.76         0.00         0.00      12009       1086
vmax_dccebrsma09_disk19     0.30         0.00         0.00       4989          0
dccebrsma12_disk15     0.65         0.00         0.00      10304        327
dccebrsma12_disk10     0.67         0.00         0.00      10705        398
dccebrsma06_disk14     0.84         0.00         0.00      13278       8478
dccebrsma12_disk9     0.70         0.00         0.00      11077       3348
dccebrsma12_disk16     0.73         0.00         0.00      11473       9622
dccebrsma06_disk15     0.80         0.00         0.00      12782        649
dccebrsma06_disk10     1.04         0.00         0.00      16638       2056
dccebrsma13_disk16     0.93         0.00         0.00      14854        413
dccebrsma13_disk17     1.50         0.00         0.21      13733     864397
dccebrsma13_disk14     0.84         0.00         0.00      12692       1727
dccebrsma12_disk12p1     0.60         0.00         0.00       9358       2449
dccebrsma12_disk14p1     0.53         0.00         0.00       8749          0
dccebrsma12_disk18p1     0.65         0.00         0.00      10164        677
dccebrsma06_disk9     0.90         0.00         0.00      14324       1612
dccebrsma13_disk8p1     0.53         0.00         0.00       8757          0
dccebrsma12_disk15p1     0.59         0.00         0.00       9281        327
dccebrsma12_disk13p1     0.65         0.00         0.00      10134        362
dccebrsma13_disk15     0.85         0.00         0.00      13248        684
dccebrsma12_disk11p1     0.69         0.00         0.00      10411       5998
dccebrsma12_disk17     0.74         0.00         0.00      11806        359
dccebrsma12_disk10p1     0.62         0.00         0.00       9685        398
dccebrsma12_disk16p1     0.67         0.00         0.00      10448       9622
dccebrsma12_disk17p1     0.69         0.00         0.00      10785        359
dccebrsma12_disk9p1     0.64         0.00         0.00      10056       3348
dccebrsma06_disk15p1     0.75         0.00         0.00      11761        649
dccebrsma06_disk14p1     0.80         0.00         0.00      12257       8478
dccebrsma06_disk10p1     0.98         0.00         0.00      15612       2056
dccebrsma13_disk16p1     0.87         0.00         0.00      13826        413
dccebrsma13_disk17p1     1.69         0.00         0.21      12712     864397
dccebrsma13_disk14p1     0.79         0.00         0.00      11670       1727
dccebrsma06_disk11     0.76         0.00         0.00      12167       1885
dccebrsma06_disk9p1     0.84         0.00         0.00      13300       1612
dccebrsma06_disk11p1     0.71         0.00         0.00      11150       1885
dccebrsma13_disk15p1     0.80         0.00         0.00      12222        684
vsp_g700_dccebrsma09_disk10     0.69         0.00         0.00      10982       2804
dccebrsma13_disk18     0.75         0.00         0.00      11884        382
vsp_g700_dccebrsma09_disk12     0.69         0.00         0.00      10990        634
vsp_g700_dccebrsma09_disk9     0.71         0.00         0.00      11330       4098
vsp_g700_dccebrsma09_disk11     1.12         0.00         0.00      17952       5774
vsp_g700_dccebrsma07_disk9     0.60         0.00         0.00       9787          0
vmax_dccebrsma09_disk17     0.78         0.00         0.00      12455        464
vsp_g700_dccebrsma09_disk13     0.69         0.00         0.00      11005        283
mpathhj           0.44         0.00         0.00       7254          0
vsp_g700_dccebrsma09_disk10p1     0.63         0.00         0.00       9956       2804
vsp_g700_dccebrsma09_disk12p1     0.63         0.00         0.00       9970        634
vsp_g700_dccebrsma09_disk13p1     0.63         0.00         0.00       9973        283
dccebrsma10_disk14p1     0.53         0.00         0.00       8751          0
dccebrsma12_disk1p1     3.37         0.05         0.02     213371      96133
dccebrsma11_disk19p1     6.54         0.18         0.88     741182    3705117
dccebrsma12_disk3p1     1.98         0.02         0.02     101577      85593
vsp_g700_dccebrsma09_disk9p1     0.65         0.00         0.00      10308       4098
vsp_g700_dccebrsma07_disk9p1     0.53         0.00         0.00       8759          0
vsp_g700_dccebrsma09_disk11p1     1.06         0.00         0.00      16925       5774
dccebrsma13_disk6p1     0.53         0.00         0.00       8754          0
dccebrsma11_disk17p1     2.89         0.02         0.27      95667    1117399
dccebrsma11_disk20p1     0.58         0.00         0.00       9144        319
dccebrsma13_disk4p1     0.53         0.00         0.00       8760          0
dccebrsma13_disk5p1     0.53         0.00         0.00       8754          0
dccebrsma13_disk2p1     0.53         0.00         0.00       8757          0
vmax_dccebrsma09_disk17p1     0.72         0.00         0.00      11423        464
dccebrsma13_disk18p1     0.69         0.00         0.00      10860        382
vg02-lv_gddb-real 51012.48       140.45        58.82  589675858  246929680
vg02-lv_gddb  47942.08       128.46        58.82  539321234  246929680
vg02-DDBSnap_1778537350-cow     0.03         0.00         0.00        539          0
vg02-DDBSnap_1778537350     0.72         0.00         0.00      11823          0
vg00-lv_varlogaudit     0.22         0.00         0.00       3415        323
vg00-lv_tmp       0.93         0.00         0.00       3410      11768
vg00-lv_var       7.17         0.08         0.01     329104      54317
vg00-lv_home      0.23         0.00         0.00       3730         21
vg00-lv_opt       2.09         0.02         0.00      90452       5102
vg00-lv_varlog     3.03         0.00         0.01      16825      43013
vg00-lv_usr       2.26         0.02         0.00      77912       8599
vg01-lv_indexcache    34.21         0.16         0.08     689260     349736
vg01-lv_simpana     4.89         0.04         0.01     167201      60405
clusvg11_15-lv11_15     4.13         0.03         0.55     112828    2317089
clusvg10_12-lv10_12     0.24         0.00         0.00       3855          0
clusvg10_9-lv10_9     1.10         0.00         0.00      17656        537
clusvg11_16-lv11_16     3.18         0.03         0.40     119128    1668464
clusvg10_10-lv10_10     0.23         0.00         0.00       3852          0
clusvg10_13-lv10_13     0.24         0.00         0.00       3856          0
clusvg11_13-lv11_13     6.57         0.03         0.23     133821     951691
clusvg11_14-lv11_14     2.63         0.02         0.24      64576     988021
clusvg11_12-lv11_12     2.39         0.01         0.25      60776    1034686
clusvg10_16-lv10_16     0.23         0.00         0.00       3852          0
clusvg10_15-lv10_15     0.23         0.00         0.00       3846          0
clusvg10_11-lv10_11     0.24         0.00         0.00       3854          0
clusvg10_1-lv10_1     0.96         0.00         0.10       9237     408522
clusvg10_6-lv10_6     0.47         0.00         0.00       7403        342
clusvg10_7-lv10_7     0.80         0.00         0.00      12718        464
clusvg10_8-lv10_8     1.08         0.00         0.00      17491        665
clusvg10_4-lv10_4     0.80         0.00         0.00      12791        477
clusvg10_5-lv10_5     1.24         0.00         0.01      19200      46364
clusvg10_3-lv10_3     0.79         0.00         0.00      12657        301
clusvg9_1-lv9_1     0.64         0.00         0.00      10240        457
clusvg9_4-lv9_4     0.81         0.00         0.00      12927        353
clusvg9_2-lv9_2     1.41         0.01         0.00      22844        647
clusvg9_3-lv9_3     0.98         0.00         0.00      15482       8218
clusvg9_6-lv9_6     1.88         0.00         0.24      12760    1017528
clusvg9_7-lv9_7     0.52         0.00         0.00       8169        469
clusvg6_1-lv6_1     2.08         0.02         0.24      67523    1013039
clusvg6_4-lv6_4     2.13         0.01         0.24      38109    1016178
clusvg6_3-lv6_3     2.47         0.01         0.26      58360    1106408
clusvg3_16-lv3_16     0.23         0.00         0.00       3852          0
clusvg5_14-lv5_14     0.24         0.00         0.00       3854          0
clusvg4_18-lv4_18     0.24         0.00         0.00       3854          0
clusvg8_8-lv8_8     0.49         0.00         0.00       7536       1689
clusvg4_16-lv4_16     0.23         0.00         0.00       3845          0
clusvg2_14-lv2_14     1.04         0.01         0.01      45585      33936
clusvg1_22-lv1_22     0.23         0.00         0.00       3846          0
clusvg8_5-lv8_5     2.12         0.01         0.00      34388       1022
clusvg8_6-lv8_6     0.51         0.00         0.00       8062        422
clusvg8_7-lv8_7     0.48         0.00         0.00       7495        762
clusvg3_11-lv3_11     2.68         0.02         0.46     103358    1920750
clusvg1_16-lv1_16     1.06         0.01         0.01      34511      41828
clusvg1_13-lv1_13     1.04         0.02         0.02     103207      92326
clusvg1_15-lv1_15     1.19         0.01         0.08      55643     316579
clusvg4_5-lv4_5     0.93         0.01         0.01      60011      62621
clusvg4_6-lv4_6     1.24         0.02         0.04      81121     188861
clusvg4_7-lv4_7     3.65         0.01         0.70      59583    2944762
clusvg3_8-lv3_8     1.20         0.03         0.03     121652     122955
clusvg8_1-lv8_1     0.74         0.00         0.00      11867        498
clusvg8_2-lv8_2     0.83         0.00         0.00      13225        439
clusvg8_4-lv8_4     0.59         0.00         0.00       9349        863
clusvg8_3-lv8_3     0.82         0.00         0.00      13199        617
clusvg7_5-lv7_5     1.77         0.02         0.08      74984     344647
clusvg7_6-lv7_6     2.71         0.01         0.34      56416    1435917
clusvg7_3-lv7_3     2.57         0.01         0.25      62047    1049356
clusvg7_4-lv7_4     2.21         0.01         0.23      51196     963186
clusvg7_7-lv7_7    12.88         0.08         0.35     355020    1463499
clusvg7_2-lv7_2     1.90         0.02         0.02      87357      66966
clusvg7_1-lv7_1     1.60         0.01         0.01      57822      38655
clusvg6_8-lv6_8     2.16         0.02         0.15      74271     632558
clusvg6_6-lv6_6     1.34         0.02         0.01     104033      56617
clusvg6_5-lv6_5     3.78         0.05         0.26     201041    1110557
clusvg6_7-lv6_7     3.72         0.05         0.41     220879    1716780
clusvg6_2-lv6_2     1.88         0.02         0.03     101368     128678
clusvg5_16-lv5_16     0.23         0.00         0.00       3853          0
clusvg5_13-lv5_13     0.24         0.00         0.00       3855          0
clusvg5_15-lv5_15     0.23         0.00         0.00       3852          0
clusvg5_12-lv5_12     0.24         0.00         0.00       3854          0
clusvg4_19-lv4_19     0.23         0.00         0.00       3851          0
clusvg5_11-lv5_11     1.91         0.02         0.22      72714     934596
clusvg4_17-lv4_17     0.23         0.00         0.00       3853          0
clusvg4_13-lv4_13     1.23         0.02         0.06      73111     239523
clusvg4_15-lv4_15     0.23         0.00         0.00       3849          0
clusvg4_14-lv4_14     1.14         0.01         0.01      60658      42284
clusvg3_14-lv3_14     1.19         0.01         0.03      45838     146907
clusvg3_15-lv3_15     1.88         0.01         0.03      62160     123827
clusvg1_21-lv1_21     1.58         0.01         0.08      47716     329609
clusvg2_16-lv2_16     0.23         0.00         0.00       3844          0
clusvg2_17-lv2_17     0.27         0.00         0.00       4042        317
clusvg2_15-lv2_15     1.44         0.01         0.12      37786     490371
clusvg5_10-lv5_10     0.98         0.01         0.02      58188      64018
clusvg1_23-lv1_23     0.26         0.00         0.00       3989        312
clusvg1_20-lv1_20     1.32         0.01         0.05      37893     215042
clusvg5_7-lv5_7     0.93         0.01         0.02      56945     103284
clusvg1_19-lv1_19     1.34         0.01         0.09      34308     381409
clusvg5_8-lv5_8     1.77         0.02         0.25      70705    1047372
clusvg13_18-lv13_18     0.39         0.00         0.00       5958        382
clusvg5_9-lv5_9     1.45         0.05         0.04     202008     150987
clusvg06_12-lv06_12     0.42         0.00         0.00       6520        464
clusvg13_2-lv13_2     0.24         0.00         0.00       3855          0
clusvg11_20-lv11_20     0.28         0.00         0.00       4242        319
clusvg13_4-lv13_4     0.24         0.00         0.00       3859          0
clusvg13_5-lv13_5     0.23         0.00         0.00       3853          0
clusvg13_6-lv13_6     0.23         0.00         0.00       3852          0
clusvg12_3-lv12_3     1.66         0.02         0.02      96675      85593
clusvg11_19-lv11_19     6.21         0.18         0.88     736280    3705117
clusvg12_1-lv12_1     3.01         0.05         0.02     208470      96133
clusvg11_17-lv11_17     2.55         0.02         0.27      90766    1117399
clusvg10_14-lv10_14     0.23         0.00         0.00       3849          0
clusvg9_13-lv9_13     0.32         0.00         0.00       5071        283
clusvg9_11-lv9_11     0.75         0.00         0.00      12022       5774
clusvg7_9-lv7_9     0.24         0.00         0.00       3857          0
clusvg9_9-lv9_9     0.35         0.00         0.00       5406       4098
clusvg9_12-lv9_12     0.32         0.00         0.00       5069        634
clusvg9_10-lv9_10     0.32         0.00         0.00       5055       2804
clusvg4_12-lv4_12     2.04         0.02         0.24      75203    1013152
clusvg4_11-lv4_11     1.57         0.01         0.22      36872     935901
clusvg5_6-lv5_6     0.99         0.01         0.01      56155      37150
clusvg4_10-lv4_10     0.92         0.01         0.00      55428      10941
clusvg4_9-lv4_9     1.09         0.01         0.07      39999     281720
clusvg06_11-lv06_11     0.40         0.00         0.00       6248       1885
clusvg4_8-lv4_8     1.39         0.01         0.12      35196     485507
clusvg3_13-lv3_13     2.45         0.01         0.44      45848    1853292
clusvg12_17-lv12_17     0.38         0.00         0.00       5883        359
clusvg3_10-lv3_10     1.71         0.02         0.23      63393     956967
clusvg13_15-lv13_15     0.49         0.00         0.00       7320        684
clusvg3_12-lv3_12     1.77         0.02         0.23      75100     974315
clusvg06_09-lv06_09     0.53         0.00         0.00       8398       1612
clusvg3_9-lv3_9     1.94         0.12         0.01     483098      58976
clusvg13_14-lv13_14     0.47         0.00         0.00       6769       1727
clusvg2_13-lv2_13     1.32         0.01         0.09      35989     395632
clusvg2_12-lv2_12     5.11         0.02         1.04      69482    4347280
clusvg13_17-lv13_17     1.36         0.00         0.21       7810     864397
clusvg13_16-lv13_16     0.57         0.00         0.00       8923        413
clusvg06_10-lv06_10     0.67         0.00         0.00      10710       2056
clusvg2_11-lv2_11     0.82         0.01         0.01      31300      47353
clusvg12_16-lv12_16     0.37         0.00         0.00       5546       9622
clusvg2_10-lv2_10     0.86         0.01         0.02      33008     103582
clusvg06_15-lv06_15     0.45         0.00         0.00       6859        649
clusvg12_10-lv12_10     0.31         0.00         0.00       4784        398
clusvg2_9-lv2_9     2.81         0.02         0.47      67127    1968541
clusvg12_9-lv12_9     0.34         0.00         0.00       5155       3348
clusvg1_17-lv1_17     1.25         0.02         0.03      72701     132664
clusvg06_14-lv06_14     0.49         0.00         0.00       7355       8478
clusvg1_14-lv1_14     2.33         0.01         0.28      42708    1190579
clusvg12_11-lv12_11     0.38         0.00         0.00       5510       5998
clusvg12_13-lv12_13     0.34         0.00         0.00       5232        362
clusvg12_15-lv12_15     0.29         0.00         0.00       4379        327
clusvg13_8-lv13_8     0.24         0.00         0.00       3855          0
clusvg5_5-lv5_5     0.84         0.01         0.03      31807     137714
clusvg5_3-lv5_3     1.06         0.01         0.03      43033     138719
clusvg12_18-lv12_18     0.34         0.00         0.00       5262        677
clusvg12_14-lv12_14     0.23         0.00         0.00       3848          0
clusvg5_4-lv5_4     2.59         0.01         0.48      41386    2029216
clusvg12_12-lv12_12     0.29         0.00         0.00       4456       2449
clusvg11_10-lv11_10     0.81         0.00         0.00      12969       2468
clusvg3_6-lv3_6     2.43         0.02         0.21      68412     873496
clusvg3_7-lv3_7     1.43         0.02         0.04      92404     178565
clusvg11_21-lv11_21     0.46         0.00         0.00       7107       1086
clusvg13_7-lv13_7     0.24         0.00         0.00       3856          0
clusvg12_6-lv12_6     0.24         0.00         0.00       3859          0
clusvg11_7-lv11_7     0.90         0.00         0.00      14274       7221
clusvg11_1-lv11_1     1.17         0.00         0.00      18775        373
clusvg2_8-lv2_8     1.12         0.02         0.03      73841     142202
clusvg2_7-lv2_7     5.19         0.38         0.01    1608490      26755
clusvg11_5-lv11_5     0.49         0.00         0.00       7663        373
clusvg12_7-lv12_7     0.24         0.00         0.00       3855          0
clusvg12_5-lv12_5     0.23         0.00         0.00       3850          0
clusvg11_2-lv11_2     0.85         0.00         0.00      13441       4675
clusvg12_8-lv12_8     0.23         0.00         0.00       3852          0
clusvg13_1-lv13_1     0.24         0.00         0.00       3859          0
clusvg2_6-lv2_6     0.85         0.02         0.01      65289      51758
clusvg13_3-lv13_3     0.24         0.00         0.00       3855          0
clusvg11_8-lv11_8     0.56         0.00         0.00       8887        337
clusvg12_2-lv12_2     2.54         0.05         0.08     190419     344221
clusvg11_9-lv11_9     0.88         0.00         0.00      14034       6228
clusvg12_4-lv12_4     0.24         0.00         0.00       3856          0
clusvg1_12-lv1_12     1.34         0.02         0.03      77550     129012
clusvg11_11-lv11_11     0.84         0.00         0.00      13462        353
clusvg11_18-lv11_18     2.78         0.02         0.27      66554    1120508
clusvg11_3-lv11_3     0.82         0.00         0.00      13116        445
clusvg11_4-lv11_4     1.38         0.01         0.00      22128       8395
clusvg1_11-lv1_11     1.22         0.04         0.01     180076      43926
clusvg1_10-lv1_10     1.01         0.03         0.01     119719      32717
clusvg10_2-lv10_2     0.42         0.00         0.00       6608        308
clusvg9_8-lv9_8     0.82         0.00         0.00      13107        312
clusvg9_5-lv9_5     1.12         0.00         0.00      18035        508

Filesystem:               rMB_nor/s    wMB_nor/s    rMB_dir/s    wMB_dir/s    rMB_svr/s    wMB_svr/s     ops/s    rops/s    wops/s



Filesystem            Size  Used Avail Use% Mounted on
/dev/mapper/vg00-lv_root
                      2.0G  889M  962M  49% /
tmpfs                  63G  1.1G   62G   2% /dev/shm
/dev/sdiq1            488M  111M  352M  24% /boot
/dev/mapper/vg00-lv_home
                      2.0G  1.9G     0 100% /home
/dev/mapper/vg00-lv_opt
                      5.1G  2.2G  2.6G  46% /opt
/dev/mapper/vg00-lv_tmp
                      2.0G  5.1M  1.9G   1% /tmp
/dev/mapper/vg00-lv_usr
                      4.8G  2.9G  1.7G  63% /usr
/dev/mapper/vg00-lv_var
                      7.1G  4.7G  2.0G  71% /var
/dev/mapper/vg00-lv_varlog
                      5.1G  3.6G  1.3G  74% /var/log
/dev/mapper/vg00-lv_varlogaudit
                      976M   27M  899M   3% /var/log/audit
/dev/mapper/vg01-lv_simpana
                      504G  3.8G  475G   1% /opt/simpana
/dev/mapper/vg01-lv_indexcache
                      504G  111G  368G  24% /IndexCache
/dev/mapper/vg02-lv_gddb
                      2.1T  904G  1.1T  45% /DCCMA08GDDB/DDB
/dev/mapper/clusvg1_10-lv1_10
                      8.0T  6.5T  1.6T  81% /DCCMA01_Disk10
/dev/mapper/clusvg1_11-lv1_11
                      8.0T  5.4T  2.7T  67% /DCCMA01_Disk11
/dev/mapper/clusvg1_12-lv1_12
                      8.0T  6.7T  1.4T  83% /DCCMA01_Disk12
/dev/mapper/clusvg1_13-lv1_13
                      8.0T  5.8T  2.3T  72% /DCCMA01_Disk13
/dev/mapper/clusvg1_14-lv1_14
                      8.0T  6.5T  1.6T  82% /DCCMA01_Disk14
/dev/mapper/clusvg1_15-lv1_15
                      8.0T  6.1T  2.0T  77% /DCCMA01_Disk15
/dev/mapper/clusvg1_16-lv1_16
                      8.0T  6.3T  1.8T  79% /DCCMA01_Disk16
/dev/mapper/clusvg1_17-lv1_17
                      8.0T  4.1T  4.0T  51% /DCCMA01_Disk17
/dev/mapper/clusvg2_6-lv2_6
                      8.0T  4.4T  3.7T  55% /DCCMA02_Disk6
/dev/mapper/clusvg2_7-lv2_7
                      8.0T  5.7T  2.4T  71% /DCCMA02_Disk7
/dev/mapper/clusvg2_8-lv2_8
                      8.0T  5.7T  2.4T  71% /DCCMA02_Disk8
/dev/mapper/clusvg2_9-lv2_9
                      8.0T  6.6T  1.5T  83% /DCCMA02_Disk9
/dev/mapper/clusvg2_10-lv2_10
                      8.0T  6.1T  2.0T  77% /DCCMA02_Disk10
/dev/mapper/clusvg2_11-lv2_11
                      8.0T  5.9T  2.2T  73% /DCCMA02_Disk11
/dev/mapper/clusvg2_12-lv2_12
                      8.0T  6.0T  2.1T  75% /DCCMA02_Disk12
/dev/mapper/clusvg2_13-lv2_13
                      8.0T  6.6T  1.5T  82% /DCCMA02_Disk13
/dev/mapper/clusvg3_6-lv3_6
                      8.0T  7.0T  1.1T  87% /DCCMA03_Disk6
/dev/mapper/clusvg3_7-lv3_7
                      8.0T  6.3T  1.8T  79% /DCCMA03_Disk7
/dev/mapper/clusvg3_8-lv3_8
                      8.0T  6.4T  1.7T  80% /DCCMA03_Disk8
/dev/mapper/clusvg3_9-lv3_9
                      8.0T  5.7T  2.4T  71% /DCCMA03_Disk9
/dev/mapper/clusvg3_10-lv3_10
                      8.0T  5.5T  2.6T  68% /DCCMA03_Disk10
/dev/mapper/clusvg3_11-lv3_11
                      8.0T  6.0T  2.1T  75% /DCCMA03_Disk11
/dev/mapper/clusvg3_12-lv3_12
                      8.0T  7.1T  953G  89% /DCCMA03_Disk12
/dev/mapper/clusvg3_13-lv3_13
                      8.0T  5.8T  2.3T  73% /DCCMA03_Disk13
/dev/mapper/clusvg4_5-lv4_5
                      8.0T  5.5T  2.6T  68% /DCCMA04_Disk5
/dev/mapper/clusvg4_6-lv4_6
                      8.0T  5.8T  2.3T  72% /DCCMA04_Disk6
/dev/mapper/clusvg4_7-lv4_7
                      8.0T  6.4T  1.7T  80% /DCCMA04_Disk7
/dev/mapper/clusvg4_8-lv4_8
                      8.0T  5.3T  2.8T  67% /DCCMA04_Disk8
/dev/mapper/clusvg4_9-lv4_9
                      8.0T  5.0T  3.1T  62% /DCCMA04_Disk9
/dev/mapper/clusvg4_10-lv4_10
                      8.0T  6.5T  1.6T  81% /DCCMA04_Disk10
/dev/mapper/clusvg4_11-lv4_11
                      8.0T  4.3T  3.8T  54% /DCCMA04_Disk11
/dev/mapper/clusvg4_12-lv4_12
                      8.0T  7.1T  953G  89% /DCCMA04_Disk12
/dev/mapper/clusvg5_3-lv5_3
                      8.0T  5.1T  3.0T  64% /DCCMA05_Disk3
/dev/mapper/clusvg5_4-lv5_4
                      8.0T  5.9T  2.2T  73% /DCCMA05_Disk4
/dev/mapper/clusvg5_5-lv5_5
                      8.0T  6.4T  1.7T  80% /DCCMA05_Disk5
/dev/mapper/clusvg5_6-lv5_6
                      8.0T  7.1T  968G  89% /DCCMA05_Disk6
/dev/mapper/clusvg5_7-lv5_7
                      8.0T  6.5T  1.6T  81% /DCCMA05_Disk7
/dev/mapper/clusvg5_8-lv5_8
                      8.0T  6.6T  1.5T  82% /DCCMA05_Disk8
/dev/mapper/clusvg5_9-lv5_9
                      8.0T  8.0T  2.5G 100% /DCCMA05_Disk9
/dev/mapper/clusvg5_10-lv5_10
                      8.0T  5.1T  3.0T  64% /DCCMA05_Disk10
/dev/mapper/clusvg6_1-lv6_1
                      8.0T  5.0T  3.1T  62% /DCCMA06_Disk1
/dev/mapper/clusvg6_2-lv6_2
                      8.0T  4.6T  3.5T  57% /DCCMA06_Disk2
/dev/mapper/clusvg6_3-lv6_3
                      8.0T  4.2T  3.9T  52% /DCCMA06_Disk3
/dev/mapper/clusvg6_4-lv6_4
                      8.0T  5.9T  2.2T  74% /DCCMA06_Disk4
/dev/mapper/clusvg6_5-lv6_5
                      8.0T  6.7T  1.4T  83% /DCCMA06_Disk5
/dev/mapper/clusvg6_6-lv6_6
                      8.0T  5.4T  2.7T  68% /DCCMA06_Disk6
/dev/mapper/clusvg6_7-lv6_7
                      8.0T  5.9T  2.2T  73% /DCCMA06_Disk7
/dev/mapper/clusvg6_8-lv6_8
                      8.0T  5.4T  2.7T  67% /DCCMA06_Disk8
/dev/mapper/clusvg7_1-lv7_1
                      8.0T  6.6T  1.5T  82% /DCCMA07_Disk1
/dev/mapper/clusvg1_19-lv1_19
                      4.0T  3.9T  185G  96% /DCCMA01_Disk19
/dev/mapper/clusvg1_20-lv1_20
                      4.0T  3.9T  154G  97% /DCCMA01_Disk20
/dev/mapper/clusvg1_21-lv1_21
                      4.0T  3.7T  383G  91% /DCCMA01_Disk21
/dev/mapper/clusvg1_22-lv1_22
                      1.0T   75G  950G   8% /DCCMA01_Disk22
/dev/mapper/clusvg1_23-lv1_23
                      2.0T  2.6G  2.0T   1% /DCCMA01_Disk23
/dev/mapper/clusvg2_14-lv2_14
                      4.0T  3.3T  793G  81% /DCCMA02_Disk14
/dev/mapper/clusvg2_15-lv2_15
                      4.0T  3.8T  252G  94% /DCCMA02_Disk15
/dev/mapper/clusvg2_16-lv2_16
                      1.0T   61G  964G   6% /DCCMA02_Disk16
/dev/mapper/clusvg2_17-lv2_17
                      2.0T  2.6G  2.0T   1% /DCCMA02_Disk17
/dev/mapper/clusvg3_14-lv3_14
                      4.0T  3.7T  398G  91% /DCCMA03_Disk14
/dev/mapper/clusvg3_15-lv3_15
                      4.0T  4.0T  1.8G 100% /DCCMA03_Disk15
/dev/mapper/clusvg3_16-lv3_16
                      1.0T  268G  757G  27% /DCCMA03_Disk16
/dev/mapper/clusvg4_13-lv4_13
                      4.0T  4.0T   83G  98% /DCCMA04_Disk13
/dev/mapper/clusvg4_14-lv4_14
                      4.0T  3.1T  954G  77% /DCCMA04_Disk14
/dev/mapper/clusvg4_15-lv4_15
                      1.0T  313G  712G  31% /DCCMA04_Disk15
/dev/mapper/clusvg4_16-lv4_16
                      8.0T  2.6G  8.0T   1% /DCCMA04_Disk16
/dev/mapper/clusvg4_17-lv4_17
                      8.0T  2.6G  8.0T   1% /DCCMA04_Disk17
/dev/mapper/clusvg4_18-lv4_18
                      8.0T  2.6G  8.0T   1% /DCCMA04_Disk18
/dev/mapper/clusvg4_19-lv4_19
                      8.0T  2.6G  8.0T   1% /DCCMA04_Disk19
/dev/mapper/clusvg5_11-lv5_11
                      4.0T  3.3T  812G  81% /DCCMA05_Disk11
/dev/mapper/clusvg5_12-lv5_12
                      1.0T  257G  768G  26% /DCCMA05_Disk12
/dev/mapper/clusvg5_13-lv5_13
                      8.0T  2.6G  8.0T   1% /DCCMA05_Disk13
/dev/mapper/clusvg5_14-lv5_14
                      8.0T  2.6G  8.0T   1% /DCCMA05_Disk14
/dev/mapper/clusvg5_15-lv5_15
                      8.0T  2.6G  8.0T   1% /DCCMA05_Disk15
/dev/mapper/clusvg5_16-lv5_16
                      8.0T  2.6G  8.0T   1% /DCCMA05_Disk16
/dev/mapper/clusvg7_2-lv7_2
                      8.0T  5.6T  2.5T  69% /DCCMA07_Disk2
/dev/mapper/clusvg7_3-lv7_3
                      8.0T  4.1T  4.0T  51% /DCCMA07_Disk3
/dev/mapper/clusvg7_4-lv7_4
                      8.0T  6.8T  1.3T  85% /DCCMA07_Disk4
/dev/mapper/clusvg7_5-lv7_5
                      8.0T  5.2T  2.9T  64% /DCCMA07_Disk5
/dev/mapper/clusvg7_6-lv7_6
                      8.0T  4.5T  3.6T  56% /DCCMA07_Disk6
/dev/mapper/clusvg7_7-lv7_7
                      8.0T  5.4T  2.7T  68% /DCCMA07_Disk7
/dev/mapper/clusvg8_1-lv8_1
                      8.0T  5.8T  2.3T  73% /DCCMA08_Disk1
/dev/mapper/clusvg8_2-lv8_2
                      8.0T  5.0T  3.1T  62% /DCCMA08_Disk2
/dev/mapper/clusvg8_3-lv8_3
                      8.0T  7.4T  623G  93% /DCCMA08_Disk3
/dev/mapper/clusvg8_4-lv8_4
                      8.0T  7.3T  799G  91% /DCCMA08_Disk4
/dev/mapper/clusvg8_5-lv8_5
                      8.0T  8.0T   61G 100% /DCCMA08_Disk5
/dev/mapper/clusvg8_6-lv8_6
                      8.0T  6.0T  2.1T  75% /DCCMA08_Disk6
/dev/mapper/clusvg8_7-lv8_7
                      8.0T  4.2T  3.9T  52% /DCCMA08_Disk7
/dev/mapper/clusvg8_8-lv8_8
                      8.0T  5.4T  2.7T  67% /DCCMA08_Disk8
/dev/mapper/clusvg9_1-lv9_1
                      8.0T  7.0T  1.1T  88% /DCCMA09_Disk1
/dev/mapper/clusvg9_2-lv9_2
                      8.0T  8.0T   97G  99% /DCCMA09_Disk2
/dev/mapper/clusvg9_3-lv9_3
                      8.0T  6.5T  1.6T  82% /DCCMA09_Disk3
/dev/mapper/clusvg9_4-lv9_4
                      8.0T  7.4T  708G  92% /DCCMA09_Disk4
/dev/mapper/clusvg9_5-lv9_5
                      8.0T  6.8T  1.3T  85% /DCCMA09_Disk5
/dev/mapper/clusvg9_6-lv9_6
                      8.0T  6.7T  1.4T  83% /DCCMA09_Disk6
/dev/mapper/clusvg9_7-lv9_7
                      8.0T  8.0T   71G 100% /DCCMA09_Disk7
/dev/mapper/clusvg9_8-lv9_8
                      8.0T  5.1T  3.0T  63% /DCCMA09_Disk8
/dev/mapper/clusvg10_1-lv10_1
                      8.0T  4.7T  3.4T  59% /DCCMA10_Disk1
/dev/mapper/clusvg10_2-lv10_2
                      8.0T  5.1T  3.0T  64% /DCCMA10_Disk2
/dev/mapper/clusvg10_3-lv10_3
                      8.0T  7.6T  424G  95% /DCCMA10_Disk3
/dev/mapper/clusvg10_4-lv10_4
                      8.0T  7.8T  258G  97% /DCCMA10_Disk4
/dev/mapper/clusvg10_5-lv10_5
                      8.0T  8.0T  4.0G 100% /DCCMA10_Disk5
/dev/mapper/clusvg10_6-lv10_6
                      8.0T  4.6T  3.5T  57% /DCCMA10_Disk6
/dev/mapper/clusvg10_7-lv10_7
                      8.0T  6.9T  1.2T  86% /DCCMA10_Disk7
/dev/mapper/clusvg10_8-lv10_8
                      8.0T  8.0T   84G  99% /DCCMA10_Disk8
/dev/mapper/clusvg11_1-lv11_1
                      8.1T  8.0T   46G 100% /DCCMA11_Disk1
/dev/mapper/clusvg11_2-lv11_2
                      8.1T  7.9T  124G  99% /DCCMA11_Disk2
/dev/mapper/clusvg11_3-lv11_3
                      8.1T  8.1T  2.5G 100% /DCCMA11_Disk3
/dev/mapper/clusvg11_4-lv11_4
                      8.1T  7.1T  989G  88% /DCCMA11_Disk4
/dev/mapper/clusvg11_5-lv11_5
                      8.1T  4.9T  3.2T  61% /DCCMA11_Disk5
/dev/mapper/clusvg11_7-lv11_7
                      8.1T  8.1T  2.2G 100% /DCCMA11_Disk7
/dev/mapper/clusvg11_8-lv11_8
                      8.1T  4.6T  3.5T  57% /DCCMA11_Disk8
/dev/mapper/clusvg11_9-lv11_9
                      8.1T  7.9T  131G  99% /DCCMA11_Disk9
/dev/mapper/clusvg11_10-lv11_10
                      8.1T  7.6T  434G  95% /DCCMA11_Disk10
/dev/mapper/clusvg11_11-lv11_11
                      8.1T  6.7T  1.4T  83% /DCCMA11_Disk11
/dev/mapper/clusvg10_9-lv10_9
                      8.0T  6.5T  1.6T  81% /DCCMA10_Disk9
/dev/mapper/clusvg10_10-lv10_10
                      8.0T  2.6G  8.0T   1% /DCCMA10_Disk10
/dev/mapper/clusvg10_11-lv10_11
                      8.0T  2.6G  8.0T   1% /DCCMA10_Disk11
/dev/mapper/clusvg10_12-lv10_12
                      8.0T  2.6G  8.0T   1% /DCCMA10_Disk12
/dev/mapper/clusvg10_13-lv10_13
                      8.0T  2.6G  8.0T   1% /DCCMA10_Disk13
/dev/mapper/clusvg10_14-lv10_14
                      8.0T  2.6G  8.0T   1% /DCCMA10_Disk14
/dev/mapper/clusvg10_15-lv10_15
                      8.0T  2.6G  8.0T   1% /DCCMA10_Disk15
/dev/mapper/clusvg10_16-lv10_16
                      8.0T  2.6G  8.0T   1% /DCCMA10_Disk16
/dev/mapper/clusvg11_12-lv11_12
                      8.0T  5.8T  2.3T  72% /DCCMA11_Disk12
/dev/mapper/clusvg11_13-lv11_13
                      8.0T  5.7T  2.4T  71% /DCCMA11_Disk13
/dev/mapper/clusvg11_14-lv11_14
                      8.0T  5.6T  2.5T  70% /DCCMA11_Disk14
/dev/mapper/clusvg11_15-lv11_15
                      8.0T  6.7T  1.4T  84% /DCCMA11_Disk15
/dev/mapper/clusvg11_16-lv11_16
                      8.0T  5.0T  3.1T  62% /DCCMA11_Disk16
/dev/mapper/clusvg11_17-lv11_17
                      8.0T  5.5T  2.6T  69% /DCCMA11_Disk17
/dev/mapper/clusvg11_18-lv11_18
                      8.0T  4.4T  3.7T  54% /DCCMA11_Disk18
/dev/mapper/clusvg11_19-lv11_19
                      8.0T  5.0T  3.1T  62% /DCCMA11_Disk19
/dev/mapper/clusvg12_1-lv12_1
                      8.0T  5.6T  2.5T  70% /DCCMA12_Disk1
/dev/mapper/clusvg12_2-lv12_2
                      8.0T  4.1T  4.0T  51% /DCCMA12_Disk2
/dev/mapper/clusvg12_3-lv12_3
                      8.0T  5.4T  2.7T  67% /DCCMA12_Disk3
/dev/mapper/clusvg12_4-lv12_4
                      8.0T  2.6G  8.0T   1% /DCCMA12_Disk4
/dev/mapper/clusvg12_5-lv12_5
                      8.0T  2.6G  8.0T   1% /DCCMA12_Disk5
/dev/mapper/clusvg12_6-lv12_6
                      8.0T  2.6G  8.0T   1% /DCCMA12_Disk6
/dev/mapper/clusvg12_7-lv12_7
                      8.0T  2.6G  8.0T   1% /DCCMA12_Disk7
/dev/mapper/clusvg12_8-lv12_8
                      8.0T  2.6G  8.0T   1% /DCCMA12_Disk8
/dev/mapper/clusvg13_1-lv13_1
                      8.0T  2.6G  8.0T   1% /DCCMA13_Disk1
/dev/mapper/clusvg13_2-lv13_2
                      8.0T  2.6G  8.0T   1% /DCCMA13_Disk2
/dev/mapper/clusvg13_3-lv13_3
                      8.0T  2.6G  8.0T   1% /DCCMA13_Disk3
/dev/mapper/clusvg13_4-lv13_4
                      8.0T  2.6G  8.0T   1% /DCCMA13_Disk4
/dev/mapper/clusvg13_5-lv13_5
                      8.0T  2.6G  8.0T   1% /DCCMA13_Disk5
/dev/mapper/clusvg13_6-lv13_6
                      8.0T  2.6G  8.0T   1% /DCCMA13_Disk6
/dev/mapper/clusvg13_7-lv13_7
                      8.0T  2.6G  8.0T   1% /DCCMA13_Disk7
/dev/mapper/clusvg13_8-lv13_8
                      8.0T  2.6G  8.0T   1% /DCCMA13_Disk8
/dev/mapper/clusvg11_20-lv11_20
                      8.0T  7.8T  298G  97% /DCCMA11_Disk20
/dev/mapper/clusvg11_21-lv11_21
                      8.0T  7.7T  349G  96% /DCCMA11_Disk21
/dev/mapper/clusvg12_9-lv12_9
                      8.0T  7.8T  292G  97% /DCCMA12_Disk9
/dev/mapper/clusvg12_10-lv12_10
                      8.0T  6.6T  1.5T  82% /DCCMA12_Disk10
/dev/mapper/clusvg12_11-lv12_11
                      8.0T  5.0T  3.1T  62% /DCCMA12_Disk11
/dev/mapper/clusvg12_12-lv12_12
                      8.0T  6.2T  1.9T  78% /DCCMA12_Disk12
/dev/mapper/clusvg12_13-lv12_13
                      8.0T  5.7T  2.4T  71% /DCCMA12_Disk13
/dev/mapper/clusvg12_15-lv12_15
                      8.0T  5.1T  3.0T  64% /DCCMA12_Disk15
/dev/mapper/clusvg12_16-lv12_16
                      8.0T  6.8T  1.3T  85% /DCCMA12_Disk16
/dev/mapper/clusvg12_17-lv12_17
                      8.0T  6.3T  1.8T  78% /DCCMA12_Disk17
/dev/mapper/clusvg12_18-lv12_18
                      8.0T  8.0T  2.6G 100% /DCCMA12_Disk18
/dev/mapper/clusvg13_14-lv13_14
                      8.0T  6.5T  1.6T  81% /DCCMA13_Disk14
/dev/mapper/clusvg13_15-lv13_15
                      8.0T  6.9T  1.2T  86% /DCCMA13_Disk15
/dev/mapper/clusvg13_16-lv13_16
                      8.0T  6.0T  2.1T  75% /DCCMA13_Disk16
/dev/mapper/clusvg13_17-lv13_17
                      8.0T  5.6T  2.5T  70% /DCCMA13_Disk17
/dev/mapper/clusvg13_18-lv13_18
                      8.0T  5.4T  2.7T  67% /DCCMA13_Disk18
/dev/mapper/clusvg06_09-lv06_09
                      8.0T  7.4T  709G  92% /DCCMA06_Disk09
/dev/mapper/clusvg06_10-lv06_10
                      8.0T  8.0T   51G 100% /DCCMA06_Disk10
/dev/mapper/clusvg06_11-lv06_11
                      8.0T  7.8T  268G  97% /DCCMA06_Disk11
/dev/mapper/clusvg06_12-lv06_12
                      8.0T  6.0T  2.1T  75% /DCCMA06_Disk12
/dev/mapper/clusvg06_14-lv06_14
                      8.0T  7.5T  537G  94% /DCCMA06_Disk14
/dev/mapper/clusvg06_15-lv06_15
                      8.0T  5.3T  2.8T  67% /DCCMA06_Disk15
/dev/mapper/clusvg12_14-lv12_14
                      8.0T  2.6G  8.0T   1% /DCCMA12_Disk14
/dev/mapper/clusvg7_9-lv7_9
                      4.0T  1.4T  2.7T  35% /DCCMA07_Disk9
/dev/mapper/clusvg9_10-lv9_10
                      8.0T  2.9T  5.2T  36% /DCCMA09_Disk10
/dev/mapper/clusvg9_11-lv9_11
                      8.0T  1.5T  6.6T  18% /DCCMA09_Disk11
/dev/mapper/clusvg9_12-lv9_12
                      8.0T  8.0T  3.5G 100% /DCCMA09_Disk12
/dev/mapper/clusvg9_13-lv9_13
                      8.0T   97G  8.0T   2% /DCCMA09_Disk13
/dev/mapper/clusvg9_9-lv9_9
                      8.0T  156G  7.9T   2% /DCCMA09_Disk09


Galaxy         	0:off	1:off	2:off	3:on	4:off	5:on	6:off
Jarvis         	0:off	1:off	2:on	3:on	4:on	5:on	6:off
NetworkManager 	0:off	1:off	2:off	3:off	4:off	5:off	6:off
abrt-ccpp      	0:off	1:off	2:off	3:on	4:off	5:on	6:off
abrtd          	0:off	1:off	2:off	3:on	4:off	5:on	6:off
acpid          	0:off	1:off	2:on	3:on	4:on	5:on	6:off
atd            	0:off	1:off	2:off	3:on	4:on	5:on	6:off
auditd         	0:off	1:off	2:on	3:on	4:on	5:on	6:off
autofs         	0:off	1:off	2:off	3:on	4:on	5:on	6:off
blk-availability	0:off	1:on	2:on	3:on	4:on	5:on	6:off
bluetooth      	0:off	1:off	2:off	3:on	4:on	5:on	6:off
cba8           	0:off	1:off	2:off	3:on	4:on	5:on	6:off
certmonger     	0:off	1:off	2:off	3:on	4:on	5:on	6:off
cgconfig       	0:off	1:off	2:off	3:off	4:off	5:off	6:off
cgred          	0:off	1:off	2:off	3:off	4:off	5:off	6:off
clvmd          	0:off	1:off	2:off	3:off	4:off	5:off	6:off
cman           	0:off	1:off	2:off	3:off	4:off	5:off	6:off
corosync       	0:off	1:off	2:off	3:off	4:off	5:off	6:off
cpglockd       	0:off	1:off	2:off	3:off	4:off	5:off	6:off
cpuspeed       	0:off	1:on	2:on	3:on	4:on	5:on	6:off
crond          	0:off	1:off	2:on	3:on	4:on	5:on	6:off
cups           	0:off	1:off	2:on	3:on	4:on	5:on	6:off
dataeng        	0:off	1:off	2:off	3:on	4:off	5:on	6:off
dnsmasq        	0:off	1:off	2:off	3:off	4:off	5:off	6:off
ds_agent       	0:off	1:off	2:on	3:on	4:on	5:on	6:off
dsm_om_shrsvc  	0:off	1:off	2:off	3:on	4:off	5:on	6:off
firstboot      	0:off	1:off	2:off	3:off	4:off	5:off	6:off
gfs2           	0:off	1:off	2:off	3:off	4:off	5:off	6:off
goferd         	0:off	1:off	2:on	3:on	4:on	5:on	6:off
haldaemon      	0:off	1:off	2:off	3:on	4:on	5:on	6:off
htcacheclean   	0:off	1:off	2:off	3:off	4:off	5:off	6:off
httpd          	0:off	1:off	2:off	3:off	4:off	5:off	6:off
ip6tables      	0:off	1:off	2:off	3:off	4:off	5:off	6:off
ipmievd        	0:off	1:off	2:off	3:off	4:off	5:off	6:off
iptables       	0:off	1:off	2:off	3:off	4:off	5:off	6:off
irqbalance     	0:off	1:off	2:off	3:on	4:on	5:on	6:off
kdump          	0:off	1:off	2:on	3:on	4:on	5:on	6:off
libvirt-guests 	0:off	1:off	2:on	3:on	4:on	5:on	6:off
lvm2-monitor   	0:off	1:on	2:on	3:on	4:on	5:on	6:off
mdmonitor      	0:off	1:off	2:on	3:on	4:on	5:on	6:off
messagebus     	0:off	1:off	2:on	3:on	4:on	5:on	6:off
modclusterd    	0:off	1:off	2:on	3:on	4:on	5:on	6:off
multipathd     	0:off	1:off	2:on	3:on	4:on	5:on	6:off
ncpa_listener  	0:off	1:off	2:on	3:on	4:on	5:on	6:off
ncpa_passive   	0:off	1:off	2:on	3:on	4:on	5:on	6:off
netconsole     	0:off	1:off	2:off	3:off	4:off	5:off	6:off
netfs          	0:off	1:off	2:off	3:off	4:off	5:off	6:off
network        	0:off	1:off	2:on	3:on	4:on	5:on	6:off
nfs            	0:off	1:off	2:off	3:off	4:off	5:off	6:off
nfs-rdma       	0:off	1:off	2:off	3:off	4:off	5:off	6:off
nfslock        	0:off	1:off	2:off	3:off	4:off	5:off	6:off
nntgen7agent   	0:off	1:off	2:on	3:on	4:off	5:on	6:off
ntpd           	0:off	1:off	2:on	3:on	4:on	5:on	6:off
ntpdate        	0:off	1:off	2:on	3:on	4:on	5:on	6:off
oddjobd        	0:off	1:off	2:off	3:off	4:off	5:off	6:off
portreserve    	0:off	1:off	2:on	3:on	4:on	5:on	6:off
postfix        	0:off	1:off	2:on	3:on	4:on	5:on	6:off
pppoe-server   	0:off	1:off	2:off	3:off	4:off	5:off	6:off
psacct         	0:off	1:off	2:off	3:off	4:off	5:off	6:off
puppet         	0:off	1:off	2:on	3:on	4:on	5:on	6:off
pxp-agent      	0:off	1:off	2:on	3:on	4:on	5:on	6:off
quota_nld      	0:off	1:off	2:off	3:off	4:off	5:off	6:off
rdisc          	0:off	1:off	2:off	3:off	4:off	5:off	6:off
rdma           	0:off	1:on	2:on	3:on	4:on	5:on	6:off
restorecond    	0:off	1:off	2:off	3:off	4:off	5:off	6:off
rgmanager      	0:off	1:off	2:off	3:off	4:off	5:off	6:off
rhnsd          	0:off	1:off	2:off	3:off	4:off	5:off	6:off
rhsmcertd      	0:off	1:off	2:off	3:on	4:on	5:on	6:off
ricci          	0:off	1:off	2:on	3:on	4:on	5:on	6:off
rngd           	0:off	1:off	2:off	3:off	4:off	5:off	6:off
rpcbind        	0:off	1:off	2:on	3:on	4:on	5:on	6:off
rpcgssd        	0:off	1:off	2:off	3:on	4:on	5:on	6:off
rpcsvcgssd     	0:off	1:off	2:off	3:off	4:off	5:off	6:off
rsyslog        	0:off	1:off	2:on	3:on	4:on	5:on	6:off
saslauthd      	0:off	1:off	2:off	3:off	4:off	5:off	6:off
smartd         	0:off	1:off	2:off	3:off	4:off	5:off	6:off
snmpd          	0:off	1:off	2:on	3:on	4:on	5:on	6:off
snmptrapd      	0:off	1:off	2:off	3:off	4:off	5:off	6:off
spice-vdagentd 	0:off	1:off	2:off	3:off	4:off	5:on	6:off
sshd           	0:off	1:off	2:on	3:on	4:on	5:on	6:off
sssd           	0:off	1:off	2:off	3:off	4:off	5:off	6:off
sysstat        	0:off	1:on	2:on	3:on	4:on	5:on	6:off
udev-post      	0:off	1:on	2:on	3:on	4:on	5:on	6:off
wdaemon        	0:off	1:off	2:off	3:off	4:off	5:off	6:off
winbind        	0:off	1:off	2:off	3:off	4:off	5:off	6:off
wpa_supplicant 	0:off	1:off	2:off	3:off	4:off	5:off	6:off
xagt           	0:off	1:off	2:off	3:on	4:off	5:off	6:off
xinetd         	0:off	1:off	2:off	3:on	4:on	5:on	6:off
ypbind         	0:off	1:off	2:off	3:off	4:off	5:off	6:off

xinetd based services:
	chargen-dgram: 	off
	chargen-stream:	off
