
dccebrsma11
eth0 eth7 eth10 bond0 usb0:192.168.2.11/16 192.168.8.73/21 169.254.95.120/24
2.6.32-696.el6.x86_64
 11:17:00 up 36 days, 15:02,  1 user,  load average: 0.74, 0.50, 0.47
kernel-2.6.32-754.48.1.el6.x86_64             Fri 19 Aug 2022 08:50:22 PM +08
kernel-2.6.32-754.47.1.el6.x86_64             Fri 24 Jun 2022 10:13:11 PM +08
kernel-2.6.32-696.el6.x86_64                  Thu 01 Nov 2018 12:52:00 AM +08
Red Hat Enterprise Linux Server release 6.10 (Santiago)
Intel(R) Xeon(R) Gold 6132 CPU @ 2.60GHz
257980 MB
5 of 14

CPU usage is below the threshold (Which is 80%)
Memory Usage is below the threshold (Which is 80%)

Memory free 90
Used	Avail	Use%	Mounted
1.2G	37%	/	
1.1G	125G	1%	/dev/shm
924M	1%	/appl	
129M	335M	28%	/boot
4.7G	1%	/home	
3.6G	23%	/opt	
6.5G	1%	/tmp	
1.4G	71%	/usr	
2.9G	58%	/var	
1.4G	52%	/var/log	
900M	3%	/var/log/audit	
464G	1%	/opt/simpana	
327G	31%	/IndexCache	
1.6T	81%	/DCCMA01_Disk10	
2.7T	67%	/DCCMA01_Disk11	
1.4T	83%	/DCCMA01_Disk12	
2.3T	72%	/DCCMA01_Disk13	
1.6T	82%	/DCCMA01_Disk14	
2.0T	77%	/DCCMA01_Disk15	
1.8T	79%	/DCCMA01_Disk16	
4.0T	51%	/DCCMA01_Disk17	
3.7T	55%	/DCCMA02_Disk6	
2.4T	71%	/DCCMA02_Disk7	
2.4T	71%	/DCCMA02_Disk8	
1.5T	83%	/DCCMA02_Disk9	
2.0T	77%	/DCCMA02_Disk10	
2.2T	73%	/DCCMA02_Disk11	
2.1T	75%	/DCCMA02_Disk12	
1.5T	82%	/DCCMA02_Disk13	
1.1T	87%	/DCCMA03_Disk6	
1.8T	79%	/DCCMA03_Disk7	
1.7T	80%	/DCCMA03_Disk8	
2.4T	71%	/DCCMA03_Disk9	
2.6T	68%	/DCCMA03_Disk10	
2.1T	75%	/DCCMA03_Disk11	
953G	89%	/DCCMA03_Disk12	
2.3T	73%	/DCCMA03_Disk13	
2.6T	68%	/DCCMA04_Disk5	
2.3T	72%	/DCCMA04_Disk6	
1.7T	80%	/DCCMA04_Disk7	
2.8T	67%	/DCCMA04_Disk8	
3.1T	62%	/DCCMA04_Disk9	
1.6T	81%	/DCCMA04_Disk10	
3.8T	54%	/DCCMA04_Disk11	
953G	89%	/DCCMA04_Disk12	
3.0T	64%	/DCCMA05_Disk3	
2.2T	73%	/DCCMA05_Disk4	
1.7T	80%	/DCCMA05_Disk5	
968G	89%	/DCCMA05_Disk6	
1.6T	81%	/DCCMA05_Disk7	
1.5T	82%	/DCCMA05_Disk8	
2.5G	100%	/DCCMA05_Disk9	
3.0T	64%	/DCCMA05_Disk10	
3.1T	62%	/DCCMA06_Disk1	
3.5T	57%	/DCCMA06_Disk2	
3.9T	52%	/DCCMA06_Disk3	
2.2T	74%	/DCCMA06_Disk4	
1.4T	83%	/DCCMA06_Disk5	
2.7T	68%	/DCCMA06_Disk6	
2.2T	73%	/DCCMA06_Disk7	
2.7T	67%	/DCCMA06_Disk8	
1.5T	82%	/DCCMA07_Disk1	
184G	96%	/DCCMA01_Disk19	
152G	97%	/DCCMA01_Disk20	
383G	91%	/DCCMA01_Disk21	
950G	8%	/DCCMA01_Disk22	
2.0T	1%	/DCCMA01_Disk23	
793G	81%	/DCCMA02_Disk14	
252G	94%	/DCCMA02_Disk15	
964G	6%	/DCCMA02_Disk16	
2.0T	1%	/DCCMA02_Disk17	
398G	91%	/DCCMA03_Disk14	
1.8G	100%	/DCCMA03_Disk15	
757G	27%	/DCCMA03_Disk16	
83G	98%	/DCCMA04_Disk13	
954G	77%	/DCCMA04_Disk14	
712G	31%	/DCCMA04_Disk15	
8.0T	1%	/DCCMA04_Disk16	
8.0T	1%	/DCCMA04_Disk17	
8.0T	1%	/DCCMA04_Disk18	
8.0T	1%	/DCCMA04_Disk19	
812G	81%	/DCCMA05_Disk11	
768G	26%	/DCCMA05_Disk12	
8.0T	1%	/DCCMA05_Disk13	
8.0T	1%	/DCCMA05_Disk14	
8.0T	1%	/DCCMA05_Disk15	
8.0T	1%	/DCCMA05_Disk16	
2.5T	69%	/DCCMA07_Disk2	
4.0T	51%	/DCCMA07_Disk3	
1.3T	85%	/DCCMA07_Disk4	
2.9T	64%	/DCCMA07_Disk5	
3.6T	56%	/DCCMA07_Disk6	
2.7T	68%	/DCCMA07_Disk7	
2.3T	73%	/DCCMA08_Disk1	
3.1T	62%	/DCCMA08_Disk2	
623G	93%	/DCCMA08_Disk3	
799G	91%	/DCCMA08_Disk4	
61G	100%	/DCCMA08_Disk5	
2.1T	75%	/DCCMA08_Disk6	
3.9T	52%	/DCCMA08_Disk7	
2.7T	67%	/DCCMA08_Disk8	
1.1T	88%	/DCCMA09_Disk1	
97G	99%	/DCCMA09_Disk2	
1.6T	82%	/DCCMA09_Disk3	
708G	92%	/DCCMA09_Disk4	
1.3T	85%	/DCCMA09_Disk5	
1.4T	83%	/DCCMA09_Disk6	
71G	100%	/DCCMA09_Disk7	
3.0T	63%	/DCCMA09_Disk8	
3.4T	59%	/DCCMA10_Disk1	
3.0T	64%	/DCCMA10_Disk2	
424G	95%	/DCCMA10_Disk3	
258G	97%	/DCCMA10_Disk4	
4.0G	100%	/DCCMA10_Disk5	
3.5T	57%	/DCCMA10_Disk6	
1.2T	86%	/DCCMA10_Disk7	
84G	99%	/DCCMA10_Disk8	
46G	100%	/DCCMA11_Disk1	
124G	99%	/DCCMA11_Disk2	
2.5G	100%	/DCCMA11_Disk3	
989G	88%	/DCCMA11_Disk4	
3.2T	61%	/DCCMA11_Disk5	
2.2G	100%	/DCCMA11_Disk7	
3.5T	57%	/DCCMA11_Disk8	
131G	99%	/DCCMA11_Disk9	
434G	95%	/DCCMA11_Disk10	
1.4T	83%	/DCCMA11_Disk11	
1.6T	81%	/DCCMA10_Disk9	
8.0T	1%	/DCCMA10_Disk10	
8.0T	1%	/DCCMA10_Disk11	
8.0T	1%	/DCCMA10_Disk12	
8.0T	1%	/DCCMA10_Disk13	
8.0T	1%	/DCCMA10_Disk14	
8.0T	1%	/DCCMA10_Disk15	
8.0T	1%	/DCCMA10_Disk16	
2.3T	72%	/DCCMA11_Disk12	
2.4T	71%	/DCCMA11_Disk13	
2.5T	70%	/DCCMA11_Disk14	
1.4T	84%	/DCCMA11_Disk15	
3.1T	62%	/DCCMA11_Disk16	
2.6T	69%	/DCCMA11_Disk17	
3.7T	54%	/DCCMA11_Disk18	
3.1T	62%	/DCCMA11_Disk19	
2.5T	70%	/DCCMA12_Disk1	
4.0T	51%	/DCCMA12_Disk2	
2.7T	67%	/DCCMA12_Disk3	
8.0T	1%	/DCCMA12_Disk4	
8.0T	1%	/DCCMA12_Disk5	
8.0T	1%	/DCCMA12_Disk6	
8.0T	1%	/DCCMA12_Disk7	
8.0T	1%	/DCCMA12_Disk8	
8.0T	1%	/DCCMA13_Disk1	
8.0T	1%	/DCCMA13_Disk2	
8.0T	1%	/DCCMA13_Disk3	
8.0T	1%	/DCCMA13_Disk4	
8.0T	1%	/DCCMA13_Disk5	
8.0T	1%	/DCCMA13_Disk6	
8.0T	1%	/DCCMA13_Disk7	
8.0T	1%	/DCCMA13_Disk8	
298G	97%	/DCCMA11_Disk20	
349G	96%	/DCCMA11_Disk21	
292G	97%	/DCCMA12_Disk9	
1.5T	82%	/DCCMA12_Disk10	
3.1T	62%	/DCCMA12_Disk11	
1.9T	78%	/DCCMA12_Disk12	
2.4T	71%	/DCCMA12_Disk13	
3.0T	64%	/DCCMA12_Disk15	
1.3T	85%	/DCCMA12_Disk16	
1.8T	78%	/DCCMA12_Disk17	
2.6G	100%	/DCCMA12_Disk18	
1.6T	81%	/DCCMA13_Disk14	
1.2T	86%	/DCCMA13_Disk15	
2.1T	75%	/DCCMA13_Disk16	
2.5T	70%	/DCCMA13_Disk17	
2.7T	67%	/DCCMA13_Disk18	
709G	92%	/DCCMA06_Disk09	
51G	100%	/DCCMA06_Disk10	
268G	97%	/DCCMA06_Disk11	
2.1T	75%	/DCCMA06_Disk12	
537G	94%	/DCCMA06_Disk14	
2.8T	67%	/DCCMA06_Disk15	
8.0T	1%	/DCCMA12_Disk14	
2.7T	35%	/DCCMA07_Disk9	
5.2T	36%	/DCCMA09_Disk10	
6.6T	18%	/DCCMA09_Disk11	
3.5G	100%	/DCCMA09_Disk12	
8.0T	2%	/DCCMA09_Disk13	
7.9T	2%	/DCCMA09_Disk09	

36 days,
ntpd (pid  30539) is running...
ntpd           	0:off	1:off	2:on	3:on	4:on	5:on	6:off

Sat 10 Sep 2022 11:17:02 AM ZONE="Asia/Kuala_Lumpur"
Sat 10 Sep 2022 11:17:03 AM +08  -0.518262 seconds
ntpd (pid  30539) is running...
server 0.rhel.pool.ntp.org iburst
server 1.rhel.pool.ntp.org iburst
server 2.rhel.pool.ntp.org iburst
server 3.rhel.pool.ntp.org iburst
server 10.10.10.75 iburst
server 10.10.10.76 iburst


Linux 2.6.32-696.el6.x86_64 (dccebrsma11) 	09/10/2022 	_x86_64_	(56 CPU)

11:17:03 AM     CPU     %user     %nice   %system   %iowait    %steal     %idle
11:17:05 AM     all      0.16      0.00      0.33      0.02      0.00     99.49
11:17:07 AM     all      0.11      0.00      0.40      0.00      0.00     99.50
11:17:09 AM     all      0.19      0.00      0.48      0.01      0.00     99.32
11:17:11 AM     all      0.11      0.00      0.39      0.00      0.00     99.50
11:17:13 AM     all      0.09      0.00      0.39      0.01      0.00     99.51
Average:        all      0.13      0.00      0.40      0.01      0.00     99.46
Average:        all      0.41      0.00      0.51      0.07      0.00     99.01

             total       used       free     shared    buffers     cached
Mem:        257980     254008       3972       1311       8304     221225
-/+ buffers/cache:      24478     233502
Swap:            0          0          0
Total:      257980     254008       3972


Linux 2.6.32-696.el6.x86_64 (dccebrsma11) 	09/10/2022 	_x86_64_	(56 CPU)

09/10/2022 11:17:13 AM
Device:            tps    MB_read/s    MB_wrtn/s    MB_read    MB_wrtn
sda              55.19         0.02         0.47      55082    1493413
sdc               0.68         0.01         0.01      23716      30240
sdf               0.62         0.01         0.01      20465      28639
sdd               1.11         0.00         0.00      13336        261
sde               0.84         0.00         0.00      10104        292
sdb               1.26         0.00         0.00      15551          0
sdg               0.85         0.00         0.00      10203        283
sdh               0.87         0.00         0.00      10402        405
sdi               0.83         0.00         0.00       9935        233
sdl               0.65         0.00         0.00       7733        260
sdk               0.75         0.00         0.00       8978        344
sdm               0.84         0.00         0.00       9997        276
sdp               0.82         0.00         0.00       9735        241
sdq               1.08         0.01         0.01      28291      30425
sdj               0.62         0.01         0.01      16808      33529
sdr               0.68         0.00         0.03      10340      98608
sdo               0.51         0.00         0.00       9194      15202
sdn               0.78         0.00         0.00       9270        238
sds               1.36         0.02         0.13      71179     416168
sdu               0.73         0.01         0.01      18132      41588
sdt               0.61         0.01         0.01      28409      21535
sdw               0.69         0.00         0.04      12063     111534
sdv               0.65         0.00         0.06      11716     181380
sdx               0.56         0.00         0.03      14483      97955
sdz               0.23         0.00         0.00       2830          0
sdy               0.74         0.01         0.04      26292     119586
sdaa              0.61         0.01         0.01      20876      41383
sdab              0.06         0.00         0.00        777          0
sdad              0.53         0.00         0.02      10304      66728
sdac              0.06         0.00         0.00        777          0
sdae              0.06         0.00         0.00        777          0
sdaf              0.06         0.00         0.00        777          0
sdag              0.55         0.01         0.00      20078      11645
sdai              0.84         0.01         0.06      27335     200557
sdah              0.06         0.00         0.00        777          0
sdaj              0.06         0.00         0.00        777          0
sdal              0.52         0.01         0.01      20595      26981
sdak              0.06         0.00         0.00        777          0
sdam              0.06         0.00         0.00        777          0
sdan              0.06         0.00         0.00        777          0
sdao              0.06         0.00         0.00        777          0
sdap              0.58         0.00         0.01      14216      39240
sdas              0.54         0.01         0.01      17481      23126
sdaq              0.76         0.01         0.01      17830      25803
sdau              0.55         0.01         0.01      18980      36671
sdax              0.55         0.01         0.00      15833       8451
sdbe              0.51         0.00         0.00      12781       5618
sdbc              0.67         0.00         0.02      13713      72774
sdbh              0.69         0.01         0.04      17629     126302
sdar              0.23         0.00         0.00       2821          0
sdbk              0.61         0.00         0.04      12850     126573
sdbp              0.53         0.00         0.01      13458      27832
sdbs              0.55         0.00         0.01      12276      33778
sdbv              0.70         0.00         0.02      14705      69929
sdat              0.06         0.00         0.00        768          0
sdby              0.60         0.01         0.00      21666      13889
sdbz              0.62         0.01         0.01      20471      28639
sdcb              0.67         0.01         0.00      21354      14481
sdbx              0.68         0.01         0.01      23631      30269
sdcc              0.62         0.01         0.01      16795      33532
sdca              0.57         0.00         0.02      11850      74553
sdaw              0.06         0.00         0.00        768          0
sdce              0.51         0.00         0.00       9208      15207
sday              0.06         0.00         0.00        768          0
sdba              0.06         0.00         0.00        768          0
sdcd              0.55         0.00         0.00      14511       5606
sdbb              0.06         0.00         0.00        769          0
sdcf              0.89         0.01         0.07      31894     213328
sdbd              0.06         0.00         0.00        768          0
sdav              0.06         0.00         0.00        769          0
sdch              0.68         0.00         0.03      10311      98559
sdcj              0.76         0.03         0.00     105006      12470
sdbf              0.06         0.00         0.00        769          0
sdbg              0.06         0.00         0.00        769          0
sdbi              0.23         0.00         0.00       2822          0
sdbn              0.06         0.00         0.00        769          0
sdaz              0.06         0.00         0.00        769          0
sdco              0.73         0.01         0.01      18141      41617
sdck              1.36         0.02         0.13      71160     416169
sdbt              0.06         0.00         0.00        769          0
sdbm              0.06         0.00         0.00        769          0
sdbl              0.06         0.00         0.00        769          0
sdbr              0.06         0.00         0.00        769          0
sdbu              0.06         0.00         0.00        769          0
sdbo              0.06         0.00         0.00        769          0
sdbw              0.06         0.00         0.00        769          0
sdcm              0.61         0.01         0.01      28410      21502
sdbj              0.06         0.00         0.00        769          0
sdcg              1.08         0.01         0.01      28304      30402
sdcl              0.54         0.01         0.01      17156      39502
sdbq              0.06         0.00         0.00        769          0
sdcn              0.62         0.01         0.02      20920      54003
sdcr              0.22         0.00         0.00       2728          0
sdcq              0.69         0.01         0.01      32024      38832
sdcv              0.56         0.00         0.03      14501      98083
sdcw              0.74         0.01         0.04      26314     119641
sddb              0.29         0.00         0.00       3367        116
sdcx              0.61         0.01         0.01      20889      41283
sdcu              0.68         0.00         0.02      14247      58803
sddc              0.55         0.01         0.00      20036      11662
sdcp              0.65         0.00         0.06      11676     181461
sdcz              0.27         0.00         0.00       3361          0
sddd              0.64         0.00         0.02      10790      67949
sdde              0.84         0.01         0.06      27319     200364
sdda              0.53         0.00         0.02      10313      66706
sddf              0.52         0.01         0.01      20598      26972
sdci              0.49         0.00         0.00       8787       7478
sdct              0.69         0.00         0.04      12053     111488
sdcy              0.62         0.01         0.01      20334      25533
sddj              0.29         0.00         0.00       3369        119
sdcs              0.75         0.00         0.05      10887     152580
sddk              0.76         0.01         0.01      17813      25836
sddg              0.56         0.00         0.01      12925      24745
sddi              0.58         0.00         0.01      14189      39183
sddh              0.27         0.00         0.00       3344          0
sddn              0.55         0.01         0.01      18976      36707
sddp              0.27         0.00         0.00       3345          0
sddm              0.54         0.01         0.01      17482      23156
sddl              0.70         0.01         0.01      27670      17005
sddu              0.51         0.00         0.00      12762       5597
sddz              0.61         0.00         0.04      12819     126554
sddv              0.69         0.01         0.04      17632     126212
sddo              0.83         0.01         0.04      15891     112171
sddx              0.27         0.00         0.00       3343          0
sdea              0.53         0.00         0.01      13472      27901
sdec              0.55         0.00         0.01      12289      33830
sdeg              0.60         0.01         0.00      21629      13907
sdds              0.67         0.00         0.02      13725      72876
sddq              0.55         0.01         0.00      15837       8440
sddt              0.70         0.00         0.03      12065      97465
sdeo              0.27         0.00         0.00       3345          0
sdef              0.57         0.00         0.01      10854      31494
sddy              0.27         0.00         0.00       3345          0
sdes              0.76         0.03         0.00     104982      12416
sdeh              0.27         0.00         0.00       3345          0
sdem              0.27         0.00         0.00       3343          0
sder              0.49         0.00         0.00       8802       7455
sdeq              0.75         0.01         0.01      28845      23476
sdee              0.27         0.00         0.00       3343          0
sdew              0.83         0.01         0.01      37344      26004
sdeb              0.27         0.00         0.00       3343          0
sddr              0.48         0.00         0.01       8827      17075
sdek              0.67         0.01         0.00      21390      14442
sded              0.70         0.00         0.02      14702      69957
sdep              0.89         0.01         0.07      31895     213375
sdex              0.62         0.01         0.02      20902      53945
sdev              0.76         0.00         0.02      14998      49030
sdel              0.55         0.00         0.00      14521       5602
sden              0.27         0.00         0.00       3344          0
sdet              0.54         0.01         0.01      17138      39543
sdfe              0.68         0.00         0.02      14241      58673
sdfd              0.86         0.00         0.01      14950      22953
sdeu              1.08         0.03         0.00      85762      14676
sdfg              0.62         0.01         0.01      20361      25553
sdfl              0.98         0.01         0.00      17039       9895
sdfn              0.98         0.01         0.04      29194     141615
sdff              0.78         0.00         0.00      14516       5594
sdfc              0.69         0.00         0.01      14839      45881
sdfi              0.27         0.00         0.00       3363          0
sdfa              0.22         0.00         0.00       2728          0
sdey              1.00         0.01         0.01      19717      24292
sdej              0.27         0.00         0.00       3344          0
sdfm              0.64         0.00         0.02      10800      67967
sdfu              0.70         0.01         0.01      27644      17003
sdei              0.57         0.00         0.02      11820      74576
sdfb              0.75         0.00         0.05      10885     152352
sdez              0.69         0.01         0.01      32041      38809
sdfv              0.35         0.00         0.00       4092        125
sdft              1.24         0.01         0.01      21627      39541
sdfh              0.84         0.01         0.03      17824     101279
sddw              0.27         0.00         0.00       3344          0
sdfo              0.56         0.00         0.01      12925      24662
sdfs              0.84         0.00         0.01      15068      17379
sdfw              0.83         0.01         0.04      15895     111957
sdga              0.53         0.00         0.00       6408        125
sdgi              0.31         0.00         0.00       3666        131
sdfp              0.69         0.01         0.00      20596      10692
sdfq              0.27         0.00         0.00       3344          0
sdfr              0.29         0.00         0.00       3368        120
sdgc              0.70         0.00         0.03      12033      97434
sdgk              0.27         0.00         0.00       3344          0
sdfy              0.48         0.00         0.01       8847      17084
sdfj              0.29         0.00         0.00       3367        115
sdgg              0.27         0.00         0.00       3343          0
sdfk              0.99         0.01         0.01      23063      27111
sdge              0.27         0.00         0.00       3346          0
sdfz              0.32         0.00         0.00       3795        117
sdgd              0.48         0.00         0.00       5695        678
sdgr              0.47         0.00         0.00       5676        151
sdgb              0.37         0.00         0.00       4382        118
sdfx              0.27         0.00         0.00       3346          0
sdgq              0.42         0.00         0.00       4994        175
sdgw              0.36         0.00         0.00       4284        138
sdgz              0.32         0.00         0.00       3837        165
sdgp              0.27         0.00         0.00       3344          0
sdgu              0.27         0.00         0.00       3345          0
sdgj              0.31         0.00         0.00       3684        130
sdgv              0.27         0.00         0.00       3344          0
sdgl              0.37         0.00         0.00       4360        128
sdgf              0.27         0.00         0.00       3344          0
sdhc              1.08         0.03         0.00      85714      14615
sdhd              0.76         0.00         0.02      14973      49027
sdhg              0.36         0.00         0.00       4233       1138
sdha              0.75         0.01         0.01      28877      23417
sdhf              0.83         0.01         0.01      37326      25989
sdgy              0.36         0.00         0.00       4271        167
sdgo              0.43         0.00         0.00       5115        181
sdgx              0.27         0.00         0.00       3344          0
sdhi              1.00         0.01         0.01      19736      24256
sdgm              0.27         0.00         0.00       3345          0
sdgs              0.27         0.00         0.00       3344          0
sdhh              0.37         0.00         0.00       4416        146
sdho              0.37         0.00         0.00       4408        121
sdhp              0.41         0.00         0.00       4872        122
sdhl              0.86         0.00         0.01      14970      22936
sdhr              0.44         0.00         0.00       5290        291
sdhn              0.33         0.00         0.00       3872        116
sdhs              0.99         0.01         0.01      23050      27146
sdhu              0.98         0.01         0.04      29203     141585
sdgn              0.57         0.00         0.01      10881      31563
sdhb              0.32         0.00         0.00       3774        697
sdgh              0.35         0.00         0.00       4092        856
sdgt              0.37         0.00         0.00       4420        141
sdhq              0.83         0.01         0.03      17833     101291
sdhm              0.78         0.00         0.00      14524       5594
sdhk              0.69         0.00         0.01      14840      45953
sdhy              0.27         0.00         0.00       3343          0
sdih              0.53         0.00         0.00       6407        122
sdhz              0.84         0.00         0.01      15037      17410
sdhj              0.38         0.00         0.00       4562        124
sdie              0.27         0.00         0.00       3343          0
sdib              1.24         0.01         0.01      21655      39506
sdic              0.27         0.00         0.00       3344          0
sdhe              0.30         0.00         0.00       3540        119
sdht              0.98         0.01         0.00      17039       9917
sdhv              0.27         0.00         0.00       3344          0
sdij              0.37         0.00         0.00       4380        121
sdif              0.32         0.00         0.00       3793        119
sdik              0.80         0.01         0.01      24410      21007
sdhx              0.69         0.01         0.00      20619      10693
sdio              0.31         0.00         0.00       3665        133
sdii              0.75         0.00         0.00      14962      12666
sdiu              0.43         0.00         0.00       5116        180
sdir              0.97         0.00         0.04      13178     120965
sdid              0.35         0.00         0.00       4094        123
sdia              0.27         0.00         0.00       3344          0
sdip              1.09         0.01         0.03      17191     103382
sdig              0.27         0.00         0.00       3344          0
sdil              0.48         0.00         0.00       5697        681
sdhw              0.27         0.00         0.00       3344          0
sdiz              0.37         0.00         0.00       4420        142
sdjc              0.36         0.00         0.00       4272        167
sdiw              0.42         0.00         0.00       4993        175
sdin              0.35         0.00         0.00       4090        860
sdiv              1.08         0.01         0.03      16794     109445
sdjr              0.37         0.00         0.00       4407        122
sdjk              0.36         0.00         0.00       4231       1145
sdje              0.32         0.00         0.00       3838        160
sdjt              0.41         0.00         0.00       4873        124
sdjp              0.27         0.00         0.00       3344          0
sdjs              0.27         0.00         0.00       3344          0
sdiy              0.80         0.00         0.01      13132      34411
sdjj              0.27         0.00         0.00       3344          0
sdjl              0.37         0.00         0.00       4415        145
sdit              0.91         0.01         0.01      32297      27284
sdjw              0.27         0.00         0.00       3343          0
sdiq              0.31         0.00         0.00       3683        132
sdkd              0.86         0.00         0.14       4505     449531
sdjq              0.33         0.00         0.00       3871        116
sdkc              0.29         0.00         0.00       3472        122
sdkb              0.30         0.00         0.00       3550        126
sdka              0.27         0.00         0.00       3344          0
sdis              0.37         0.00         0.00       4359        129
sdke              0.53         0.00         0.00       6223       7275
sdjg              0.32         0.00         0.00       3773        700
sdjf              0.79         0.00         0.01      14540      16484
sdji              0.30         0.00         0.00       3542        118
sdix              0.47         0.00         0.00       5676        147
sdju              0.27         0.00         0.00       3344          0
sdkh              0.47         0.00         0.00       5507       5727
sdja              1.86         0.02         0.02      65948      54462
sdjm              0.27         0.00         0.00       3343          0
sdjx              0.27         0.00         0.00       3344          0
sdjh              0.27         0.00         0.00       3344          0
sdjb              0.36         0.00         0.00       4282        139
sdkx              0.44         0.00         0.00       5290        292
sdkj              0.40         0.00         0.01       4175      36537
sdkg              0.50         0.00         0.00       5953       4569
sdjo              0.38         0.00         0.00       4563        124
sdjz              0.27         0.00         0.00       3345          0
sdjy              0.27         0.00         0.00       3345          0
sdkn              0.15         0.00         0.00       1878          0
sdkw              0.32         0.00         0.00       3824        667
sdim              0.86         0.01         0.02      18959      66121
sdku              0.38         0.00         0.00       4337        294
sdks              0.36         0.00         0.00       4297        761
sdkt              0.35         0.00         0.00       3703        830
sdkk              0.49         0.00         0.01       5265      44330
sdkl              0.45         0.00         0.00       5295       3844
sdjn              0.27         0.00         0.00       3343          0
sdjd              1.55         0.01         0.10      26357     330621
sdkq              0.39         0.00         0.00       4641        117
sdko              0.32         0.00         0.00       3768        167
sdkv              0.37         0.00         0.00       4453        204
sdlz              0.23         0.00         0.00       2830          0
sdki              0.27         0.00         0.00       3344          0
sdlk              0.27         0.00         0.00       3344          0
sdjv              0.27         0.00         0.00       3343          0
sdle              0.27         0.00         0.00       3345          0
sdls              0.91         0.01         0.01      32271      27341
sdkr              0.31         0.00         0.00       3583       6620
sdky              0.32         0.00         0.00       3757        246
sdla              0.27         0.00         0.00       3345          0
sdlg              0.27         0.00         0.00       3345          0
sdmc              0.06         0.00         0.00        777          0
sdmb              0.06         0.00         0.00        777          0
sdlp              0.86         0.01         0.02      18991      66147
sdlh              0.27         0.00         0.00       3345          0
sdlr              0.97         0.00         0.04      13158     120805
sdmd              0.06         0.00         0.00        777          0
sdld              0.30         0.00         0.00       3586        101
sdlj              0.30         0.00         0.00       3554         99
sdlb              0.32         0.00         0.00       3749        114
sdly              0.27         0.00         0.00       3344          0
sdlc              0.27         0.00         0.00       3345          0
sdme              0.06         0.00         0.00        777          0
sdkp              0.34         0.00         0.01       3825      19884
sdlm              0.30         0.00         0.00       3563        101
sdlq              1.09         0.01         0.03      17219     103435
sdma              0.27         0.00         0.00       3345          0
sdlo              0.80         0.01         0.01      24374      21007
sdmw              0.06         0.00         0.00        777          0
sdmr              0.06         0.00         0.00        777          0
sdmp              0.06         0.00         0.00        777          0
sdln              0.27         0.00         0.00       3345          0
sdmh              0.06         0.00         0.00        777          0
sdmo              0.27         0.00         0.00       3344          0
sdmk              0.27         0.00         0.00       3345          0
sdlu              0.80         0.00         0.01      13096      34341
sdmf              0.06         0.00         0.00        777          0
sdlx              0.79         0.00         0.01      14520      16490
sdkz              0.27         0.00         0.00       3344          0
sdlv              1.86         0.02         0.02      65892      54433
sdmj              0.06         0.00         0.00        777          0
sdmm              0.06         0.00         0.00        777          0
sdkf              0.44         0.00         0.00       4852      14452
sdnf              0.06         0.00         0.00        769          0
sdmq              0.06         0.00         0.00        777          0
sdml              0.06         0.00         0.00        777          0
sdmn              0.23         0.00         0.00       2830          0
sdmx              0.06         0.00         0.00        777          0
sdmt              0.06         0.00         0.00        777          0
sdnh              0.06         0.00         0.00        769          0
sdlt              1.08         0.01         0.03      16768     109462
sdkm              0.39         0.00         0.00       4493       5749
sdll              0.75         0.00         0.00      14958      12676
sdnb              0.06         0.00         0.00        777          0
sdli              0.38         0.00         0.00       4540        104
sdlw              1.55         0.01         0.10      26375     330598
sdnp              0.27         0.00         0.00       3343          0
sdmg              0.27         0.00         0.00       3345          0
sdnv              0.06         0.00         0.00        769          0
sdny              0.06         0.00         0.00        769          0
sdmv              0.27         0.00         0.00       3345          0
sdnz              0.06         0.00         0.00        769          0
sdnc              0.27         0.00         0.00       3345          0
sdnq              0.06         0.00         0.00        769          0
sdmy              0.27         0.00         0.00       3345          0
sdno              0.06         0.00         0.00        769          0
sdne              0.06         0.00         0.00        769          0
sdnl              0.06         0.00         0.00        769          0
sdlf              0.31         0.00         0.00       3620        104
sdmi              0.06         0.00         0.00        777          0
sdom              0.49         0.00         0.01       5264      44340
sdoc              0.06         0.00         0.00        769          0
sdnt              0.27         0.00         0.00       3344          0
sdoh              0.44         0.00         0.00       4856      14485
sdoi              0.50         0.00         0.00       5950       4514
sdnj              0.06         0.00         0.00        769          0
sdnx              0.06         0.00         0.00        769          0
sdns              0.06         0.00         0.00        769          0
sdnu              0.06         0.00         0.00        769          0
sdnn              0.06         0.00         0.00        769          0
sdos              0.39         0.00         0.00       4641        115
sdmz              0.06         0.00         0.00        777          0
sdor              0.34         0.00         0.01       3825      19870
sdng              0.06         0.00         0.00        769          0
sdon              0.45         0.00         0.00       5296       3817
sdoe              0.06         0.00         0.00        769          0
sdnr              0.23         0.00         0.00       2821          0
sdnd              0.23         0.00         0.00       2821          0
sdob              0.06         0.00         0.00        769          0
sdmu              0.06         0.00         0.00        777          0
sdnk              0.06         0.00         0.00        769          0
sdna              0.06         0.00         0.00        778          0
sdoj              0.47         0.00         0.00       5506       5682
sdoa              0.30         0.00         0.00       3551        123
sdpg              0.27         0.00         0.00       3344          0
sdoy              0.32         0.00         0.00       3825        662
sdox              0.37         0.00         0.00       4452        201
sdms              0.27         0.00         0.00       3344          0
sdof              0.86         0.00         0.14       4507     449760
sdov              0.35         0.00         0.00       3703        835
sdop              0.15         0.00         0.00       1878          0
sdou              0.36         0.00         0.00       4296        753
sdph             11.91         0.15         0.20     478811     645993
sdow              0.38         0.00         0.00       4336        293
sdpb              0.30         0.00         0.00       3584        101
sdoq              0.32         0.00         0.00       3768        165
sdpe              0.30         0.00         0.00       3553         99
sdod              0.29         0.00         0.00       3472        122
sdog              0.53         0.00         0.00       6225       7267
sdpi              0.73         0.00         0.00       8975          0
sdol              0.40         0.00         0.01       4175      36521
sdok              0.27         0.00         0.00       3344          0
sdpa              0.32         0.00         0.00       3749        115
sdnw              0.06         0.00         0.00        769          0
sdoz              0.32         0.00         0.00       3757        241
sdot              0.31         0.00         0.00       3582       6611
sdpc              0.31         0.00         0.00       3619        102
sdni              0.27         0.00         0.00       3344          0
sdpd              0.38         0.00         0.00       4540        104
sdpf              0.30         0.00         0.00       3561        103
sdoo              0.39         0.00         0.00       4494       5745
sdnm              0.27         0.00         0.00       3344          0
vg00-lv_root    113.28         0.00         0.44       2923    1398028
dccebrsma01_disk10     1.29         0.01         0.02      47012      60509
dccebrsma01_disk11     1.18         0.01         0.02      40601      57279
dccebrsma11_disk4     1.04         0.00         0.00      12559        261
dccebrsma11_disk3     0.78         0.00         0.00       9328        292
dccebrsma11_disk6     1.03         0.00         0.00      12721          0
dccebrsma11_disk2     0.78         0.00         0.00       9426        283
dccebrsma11_disk11     0.80         0.00         0.00       9625        405
dccebrsma11_disk9     0.76         0.00         0.00       9158        233
dccebrsma11_disk5     0.58         0.00         0.00       6955        260
dccebrsma11_disk8     0.68         0.00         0.00       8201        344
dccebrsma11_disk1     0.77         0.00         0.00       9220        276
dccebrsma01_disk10p1     1.39         0.01         0.02      46652      60509
dccebrsma11_disk7     0.75         0.00         0.00       8958        241
dccebrsma02_disk7     2.06         0.02         0.02      56260      60827
dccebrsma01_disk12     1.18         0.01         0.02      33268      67062
dccebrsma02_disk8     1.29         0.01         0.06      20316     197167
dccebrsma01_disk11p1     1.26         0.01         0.02      40240      57279
dccebrsma02_disk6     0.96         0.01         0.01      18068      30409
dccebrsma11_disk10     0.71         0.00         0.00       8492        238
dccebrsma11_disk4p1     1.01         0.00         0.00      12198        261
dccebrsma03_disk6     2.63         0.04         0.26     142004     832338
dccebrsma11_disk3p1     0.75         0.00         0.00       8967        292
dccebrsma03_disk8     1.40         0.01         0.03      35938      83206
dccebrsma11_disk2p1     0.76         0.00         0.00       9065        283
dccebrsma11_disk6p1     1.00         0.00         0.00      12361          0
dccebrsma03_disk7     1.17         0.02         0.01      56485      43037
dccebrsma04_disk6     1.32         0.01         0.07      23781     223023
dccebrsma04_disk5     1.26         0.01         0.11      23057     362842
dccebrsma04_disk7     1.07         0.01         0.06      28650     196039
dccebrsma11_disk9p1     0.74         0.00         0.00       8797        233
dccebrsma11_disk11p1     0.78         0.00         0.00       9264        405
dccebrsma05_disk3     1.42         0.02         0.08      52271     239228
dccebrsma11_disk5p1     0.56         0.00         0.00       6595        260
dccebrsma05_disk4     1.17         0.01         0.03      41430      82667
dccebrsma05_disk5     1.01         0.01         0.04      20281     133434
dccebrsma01_disk13     1.05         0.01         0.01      39779      23307
dccebrsma11_disk8p1     0.66         0.00         0.00       7840        344
dccebrsma01_disk14     1.60         0.02         0.13      54319     400922
dccebrsma01_disk15     0.99         0.01         0.02      40858      53953
dccebrsma11_disk1p1     0.74         0.00         0.00       8859        276
dccebrsma01_disk16     1.10         0.01         0.02      28070      78423
dccebrsma11_disk7p1     0.72         0.00         0.00       8597        241
dccebrsma02_disk9     1.03         0.01         0.01      34628      46283
dccebrsma01_disk17     1.46         0.01         0.02      35308      51640
dccebrsma02_disk10     1.05         0.01         0.02      37621      73378
dccebrsma02_disk7p1     2.27         0.02         0.02      55900      60827
dccebrsma02_disk11     1.04         0.01         0.01      31335      16891
dccebrsma02_disk13     0.96         0.01         0.00      25208      11216
dccebrsma02_disk12     1.28         0.01         0.05      27104     145651
dccebrsma03_disk9     1.31         0.01         0.08      34926     252515
dccebrsma11_disk10p1     0.68         0.00         0.00       8132        238
dccebrsma02_disk8p1     1.41         0.01         0.06      19955     197167
dccebrsma03_disk10     1.16         0.01         0.08      25334     253128
dccebrsma02_disk6p1     1.00         0.01         0.01      17707      30409
dccebrsma01_disk12p1     1.24         0.01         0.02      32907      67062
dccebrsma03_disk6p1     3.01         0.04         0.26     141643     832338
dccebrsma03_disk11     1.01         0.01         0.02      26595      55734
dccebrsma03_disk12     1.05         0.01         0.02      24230      67608
dccebrsma03_disk13     1.34         0.01         0.04      29072     139887
dccebrsma03_disk8p1     1.50         0.01         0.03      35577      83206
dccebrsma04_disk8     1.15         0.01         0.01      42960      27796
dccebrsma04_disk10     1.27         0.01         0.01      42410      28923
dccebrsma03_disk7p1     1.24         0.02         0.01      56124      43037
dccebrsma04_disk6p1     1.48         0.01         0.07      23420     223023
dccebrsma04_disk9     1.09         0.01         0.05      23335     149129
dccebrsma04_disk11     1.04         0.01         0.00      28698      11208
dccebrsma04_disk7p1     1.16         0.01         0.06      28289     196039
dccebrsma04_disk12     1.71         0.02         0.13      63454     426703
dccebrsma05_disk7     1.47         0.07         0.01     209653      24886
dccebrsma04_disk5p1     1.38         0.01         0.11      22696     362842
dccebrsma05_disk8     1.02         0.01         0.02      33959      79045
dccebrsma05_disk3p1     1.56         0.02         0.08      51910     239228
dccebrsma05_disk9     1.19         0.01         0.03      41488     107948
dccebrsma01_disk18     0.44         0.00         0.00       5455          0
dccebrsma05_disk4p1     1.23         0.01         0.03      41069      82667
dccebrsma05_disk10     1.32         0.02         0.02      63731      77641
dccebrsma01_disk23     0.54         0.00         0.00       6400        231
dccebrsma01_disk20     1.29         0.01         0.04      28153     117476
dccebrsma01_disk13p1     1.09         0.01         0.01      39418      23307
dccebrsma01_disk22     0.51         0.00         0.00       6389          0
dccebrsma05_disk5p1     1.08         0.01         0.04      19920     133434
dccebrsma02_disk14     1.21         0.01         0.04      21256     135917
dccebrsma01_disk14p1     1.88         0.02         0.13      53958     400922
dccebrsma01_disk17p1     1.56         0.01         0.02      34947      51640
dccebrsma05_disk6     0.92         0.01         0.00      17255      14933
dccebrsma02_disk9p1     1.07         0.01         0.01      34267      46283
dccebrsma01_disk15p1     1.04         0.01         0.02      40497      53953
dccebrsma01_disk16p1     1.17         0.01         0.02      27709      78423
dccebrsma02_disk10p1     1.11         0.01         0.02      37260      73378
dccebrsma01_disk21     1.17         0.01         0.02      40361      51087
dccebrsma02_disk17     0.54         0.00         0.00       6402        239
dccebrsma01_disk19     1.43         0.01         0.10      21438     304932
dccebrsma02_disk15     1.06         0.01         0.02      25516      49407
dccebrsma02_disk16     0.51         0.00         0.00       6354          0
dccebrsma02_disk11p1     1.09         0.01         0.01      30975      16891
dccebrsma03_disk16     0.51         0.00         0.00       6357          0
dccebrsma02_disk13p1     0.99         0.01         0.00      24847      11216
dccebrsma03_disk9p1     1.43         0.01         0.08      34565     252515
dccebrsma03_disk14     1.33         0.02         0.01      54980      34008
dccebrsma03_disk15     1.60         0.01         0.07      31452     224128
dccebrsma02_disk12p1     1.38         0.01         0.05      26743     145651
dccebrsma03_disk11p1     1.06         0.01         0.02      26234      55734
dccebrsma04_disk16     0.51         0.00         0.00       6353          0
dccebrsma04_disk14     1.33         0.01         0.06      23764     194900
dccebrsma03_disk10p1     1.24         0.01         0.08      24973     253128
dccebrsma03_disk12p1     1.12         0.01         0.02      23869      67608
dccebrsma05_disk16     0.51         0.00         0.00       6354          0
dccebrsma05_disk11     1.08         0.01         0.02      21401      63058
dccebrsma03_disk13p1     1.44         0.01         0.04      28711     139887
dccebrsma04_disk11p1     1.09         0.01         0.00      28337      11208
dccebrsma04_disk8p1     1.21         0.01         0.01      42600      27796
dccebrsma04_disk17     0.51         0.00         0.00       6353          0
dccebrsma04_disk9p1     1.17         0.01         0.05      22974     149129
dccebrsma04_disk10p1     1.33         0.01         0.01      42049      28923
dccebrsma05_disk12     0.51         0.00         0.00       6354          0
dccebrsma05_disk14     0.51         0.00         0.00       6353          0
dccebrsma04_disk12p1     1.90         0.02         0.13      63093     426703
dccebrsma06_disk1     1.43         0.02         0.01      57387      46893
dccebrsma05_disk7p1     1.51         0.07         0.01     209292      24886
dccebrsma05_disk9p1     1.26         0.01         0.03      41127     107948
dccebrsma04_disk19     0.51         0.00         0.00       6353          0
dccebrsma05_disk8p1     1.08         0.01         0.02      33598      79045
dccebrsma06_disk4     1.59         0.02         0.02      74335      51994
dccebrsma04_disk18     0.51         0.00         0.00       6353          0
dccebrsma01_disk23p1     0.51         0.00         0.00       6039        231
dccebrsma05_disk10p1     1.42         0.02         0.02      63370      77641
dccebrsma04_disk13     0.92         0.01         0.01      17338      34159
dccebrsma06_disk3     1.45         0.01         0.03      29636      98058
dccebrsma01_disk20p1     1.40         0.01         0.04      27792     117476
dccebrsma05_disk15     0.51         0.00         0.00       6353          0
dccebrsma06_disk7     1.64         0.01         0.01      29585      45890
dccebrsma01_disk22p1     0.49         0.00         0.00       6028          0
dccebrsma02_disk14p1     1.35         0.01         0.04      20895     135917
dccebrsma06_disk2     2.10         0.05         0.01     171141      29292
dccebrsma05_disk6p1     0.95         0.01         0.00      16894      14933
dccebrsma07_disk3     1.86         0.01         0.01      33743      19812
dccebrsma07_disk4     1.88         0.02         0.09      58063     283200
dccebrsma02_disk17p1     0.52         0.00         0.00       6041        239
dccebrsma01_disk21p1     1.24         0.01         0.02      40000      51087
ddccebrsma06_disk8     1.47         0.01         0.00      28705      11188
dccebrsma06_disk6     1.32         0.01         0.03      29344      91835
dccebrsma06_disk5     1.92         0.01         0.02      39118      48548
dccebrsma02_disk15p1     1.12         0.01         0.02      25155      49407
dccebrsma01_disk19p1     1.66         0.01         0.10      21077     304932
dccebrsma05_disk13     0.51         0.00         0.00       6353          0
dccebrsma08_disk1     0.66         0.00         0.00       7851        249
dccebrsma07_disk7     2.38         0.01         0.02      42948      79047
dccebrsma02_disk16p1     0.48         0.00         0.00       5993          0
dccebrsma03_disk14p1     1.41         0.02         0.01      54619      34008
dccebrsma03_disk16p1     0.49         0.00         0.00       5996          0
dccebrsma07_disk1     1.60         0.01         0.06      35322     202570
dccebrsma03_disk15p1     1.77         0.01         0.07      31091     224128
dccebrsma04_disk15     0.51         0.00         0.00       6355          0
dccebrsma04_disk14p1     1.50         0.01         0.06      23403     194900
dccebrsma07_disk6     1.60         0.01         0.01      29770      34790
dccebrsma04_disk16p1     0.48         0.00         0.00       5992          0
dccebrsma08_disk3     1.03         0.00         0.00      12481        248
dccebrsma05_disk16p1     0.48         0.00         0.00       5993          0
dccebrsma08_disk7     0.59         0.00         0.00       6996        264
dccebrsma04_disk17p1     0.48         0.00         0.00       5992          0
dccebrsma05_disk11p1     1.14         0.01         0.02      21040      63058
dccebrsma07_disk5     1.31         0.01         0.01      40880      21385
dccebrsma07_disk2     1.89         0.01         0.02      45778      54258
dccebrsma08_disk2     0.61         0.00         0.00       7253        236
dccebrsma08_disk5     0.92         0.00         0.00      11057       1360
dccebrsma05_disk14p1     0.48         0.00         0.00       5992          0
dccebrsma05_disk12p1     0.48         0.00         0.00       5993          0
dccebrsma09_disk4     0.91         0.00         0.00      11018        298
dccebrsma04_disk19p1     0.48         0.00         0.00       5992          0
dccebrsma06_disk4p1     1.72         0.02         0.02      73975      51994
dccebrsma08_disk4     0.70         0.00         0.00       8428        239
dccebrsma06_disk1p1     1.50         0.02         0.01      57026      46893
dccebrsma09_disk3     0.80         0.00         0.00       9653        350
dccebrsma04_disk18p1     0.48         0.00         0.00       5992          0
dccebrsma09_disk6     0.69         0.00         0.00       8231        277
dccebrsma09_disk8     0.62         0.00         0.00       7341        326
dccebrsma06_disk3p1     1.59         0.01         0.03      29275      98058
dccebrsma08_disk8     0.59         0.00         0.00       7032        262
dccebrsma04_disk13p1     0.94         0.01         0.01      16978      34159
dccebrsma09_disk1     0.70         0.00         0.00       8384        258
dccebrsma10_disk3     0.68         0.00         0.00       8130       2284
dccebrsma06_disk2p1     2.22         0.05         0.01     170780      29292
dccebrsma07_disk4p1     2.10         0.02         0.09      57702     283200
dccebrsma09_disk7     0.69         0.00         0.00       8208        335
dccebrsma06_disk7p1     1.75         0.01         0.01      29224      45890
dccebrsma09_disk2     0.82         0.00         0.00       9896        362
dccebrsma05_disk15p1     0.48         0.00         0.00       5992          0
dccebrsma06_disk6p1     1.42         0.01         0.03      28983      91835
dccebrsma10_disk4     0.71         0.00         0.00       8497        291
dccebrsma10_disk7     0.71         0.00         0.00       8479        244
ddccebrsma06_disk8p1     1.57         0.01         0.00      28345      11188
dccebrsma06_disk5p1     2.06         0.01         0.02      38757      48548
dccebrsma10_disk8     0.78         0.00         0.00       9409        246
dccebrsma05_disk13p1     0.48         0.00         0.00       5992          0
dccebrsma10_disk9     0.85         0.00         0.00      10245        583
dccebrsma07_disk3p1     1.98         0.01         0.01      33382      19812
dccebrsma08_disk1p1     0.63         0.00         0.00       7491        249
dccebrsma10_disk6     0.62         0.00         0.00       7409        232
dccebrsma10_disk1     0.61         0.00         0.00       7212       1397
dccebrsma08_disk6     0.66         0.00         0.00       7848       1717
dccebrsma07_disk7p1     2.60         0.01         0.02      42587      79047
dccebrsma04_disk15p1     0.48         0.00         0.00       5994          0
dccebrsma09_disk5     0.71         0.00         0.00       8506        284
dccebrsma07_disk1p1     1.75         0.01         0.06      34961     202570
dccebrsma10_disk12     0.51         0.00         0.00       6354          0
dccebrsma07_disk5p1     1.37         0.01         0.01      40519      21385
dccebrsma10_disk5     0.73         0.00         0.00       8790        249
dccebrsma08_disk7p1     0.56         0.00         0.00       6635        264
dccebrsma10_disk15     0.51         0.00         0.00       6354          0
dccebrsma08_disk3p1     1.01         0.00         0.00      12120        248
dccebrsma07_disk6p1     1.73         0.01         0.01      29409      34790
dccebrsma07_disk2p1     2.05         0.01         0.02      45418      54258
dccebrsma10_disk14     0.51         0.00         0.00       6354          0
dccebrsma08_disk2p1     0.58         0.00         0.00       6892        236
dccebrsma10_disk2     0.57         0.00         0.00       6747        237
dccebrsma10_disk10     0.51         0.00         0.00       6354          0
dccebrsma09_disk4p1     0.89         0.00         0.00      10657        298
dccebrsma11_disk13     1.55         0.02         0.01      48450      42014
dccebrsma11_disk12     1.43         0.01         0.01      29585      25343
dccebrsma08_disk5p1     0.89         0.00         0.00      10696       1360
dccebrsma09_disk3p1     0.78         0.00         0.00       9292        350
dccebrsma08_disk4p1     0.68         0.00         0.00       8067        239
dccebrsma11_disk16     1.85         0.01         0.08      26001     241771
dccebrsma09_disk8p1     0.59         0.00         0.00       6980        326
dccebrsma10_disk13     0.51         0.00         0.00       6354          0
dccebrsma11_disk15     2.09         0.01         0.07      34076     206818
dccebrsma09_disk6p1     0.66         0.00         0.00       7870        277
dccebrsma10_disk16     0.51         0.00         0.00       6354          0
dccebrsma08_disk8p1     0.57         0.00         0.00       6671        262
dccebrsma10_disk11     0.51         0.00         0.00       6354          0
dccebrsma11_disk18     2.06         0.01         0.07      33227     218908
dccebrsma09_disk7p1     0.66         0.00         0.00       7847        335
dccebrsma09_disk1p1     0.68         0.00         0.00       8023        258
dccebrsma09_disk2p1     0.80         0.00         0.00       9535        362
dccebrsma12_disk8     0.51         0.00         0.00       6354          0
dccebrsma10_disk3p1     0.66         0.00         0.00       7769       2284
dccebrsma10_disk7p1     0.68         0.00         0.00       8119        244
dccebrsma10_disk8p1     0.76         0.00         0.00       9049        246
dccebrsma10_disk4p1     0.69         0.00         0.00       8136        291
dccebrsma13_disk1     0.51         0.00         0.00       6354          0
dccebrsma11_disk19     1.53         0.01         0.02      25893      68753
dccebrsma10_disk6p1     0.60         0.00         0.00       7048        232
dccebrsma12_disk5     0.51         0.00         0.00       6354          0
dccebrsma10_disk1p1     0.58         0.00         0.00       6851       1397
dccebrsma11_disk17     1.75         0.02         0.02      64234      54625
dccebrsma08_disk6p1     0.64         0.00         0.00       7487       1717
dccebrsma13_disk4     0.51         0.00         0.00       6354          0
dccebrsma10_disk9p1     0.83         0.00         0.00       9884        583
dccebrsma12_disk9     1.66         0.00         0.28       8677     899292
dccebrsma11_disk20     0.56         0.00         0.00       6609        245
dccebrsma09_disk5p1     0.69         0.00         0.00       8145        284
dccebrsma10_disk5p1     0.71         0.00         0.00       8429        249
dccebrsma11_disk21     0.57         0.00         0.00       6766        249
dccebrsma13_disk8     0.51         0.00         0.00       6354          0
dccebrsma10_disk12p1     0.48         0.00         0.00       5993          0
dccebrsma10_disk2p1     0.54         0.00         0.00       6386        237
dccebrsma12_disk10     1.02         0.00         0.00      12113      14543
dccebrsma10_disk15p1     0.48         0.00         0.00       5992          0
dccebrsma12_disk3     1.51         0.01         0.01      28725      32975
dccebrsma10_disk14p1     0.48         0.00         0.00       5993          0
dccebrsma13_disk2     0.51         0.00         0.00       6354          0
dccebrsma12_disk13     0.90         0.00         0.00      10678      11410
dccebrsma12_disk1     3.57         0.04         0.03     131506     108896
dccebrsma12_disk6     0.51         0.00         0.00       6354          0
dccebrsma10_disk10p1     0.48         0.00         0.00       5993          0
dccebrsma13_disk5     0.51         0.00         0.00       6354          0
dccebrsma12_disk4     0.51         0.00         0.00       6353          0
dccebrsma11_disk13p1     1.62         0.02         0.01      48089      42014
dccebrsma12_disk15     0.75         0.00         0.02       8015      73059
dccebrsma12_disk12     0.97         0.00         0.00      11569       9083
dccebrsma13_disk7     0.51         0.00         0.00       6354          0
dccebrsma13_disk6     0.51         0.00         0.00       6354          0
dccebrsma11_disk12p1     1.52         0.01         0.01      29224      25343
vmax_dccebrsma09_disk19     0.30         0.00         0.00       3755          0
dccebrsma13_disk17     0.61         0.00         0.00       7314       1330
dccebrsma11_disk14     1.65         0.01         0.04      37615     132269
dccebrsma13_disk15     0.72         0.00         0.00       8338        587
dccebrsma10_disk13p1     0.48         0.00         0.00       5993          0
dccebrsma06_disk10     0.69         0.00         0.00       8259       1515
dccebrsma13_disk14     0.65         0.00         0.00       7072       1666
dccebrsma11_disk16p1     2.15         0.01         0.08      25640     241771
dccebrsma12_disk16     0.94         0.00         0.03      10194      88671
dccebrsma11_disk15p1     2.48         0.01         0.07      33715     206818
dccebrsma10_disk16p1     0.48         0.00         0.00       5992          0
dccebrsma12_disk17     0.86         0.00         0.00      10256       7662
dccebrsma11_disk18p1     2.29         0.01         0.07      32866     218908
dccebrsma10_disk11p1     0.48         0.00         0.00       5993          0
dccebrsma12_disk7     0.51         0.00         0.00       6354          0
dccebrsma12_disk2     2.96         0.02         0.21      52397     661220
dccebrsma06_disk9     0.74         0.00         0.00       8947        232
dccebrsma06_disk15     0.60         0.00         0.00       7201        332
dccebrsma13_disk16     0.72         0.00         0.00       8570        406
dccebrsma12_disk14     0.51         0.00         0.00       6354          0
dccebrsma12_disk8p1     0.48         0.00         0.00       5993          0
dccebrsma13_disk3     0.51         0.00         0.00       6354          0
dccebrsma06_disk14     0.59         0.00         0.00       6831      13232
dccebrsma11_disk19p1     1.65         0.01         0.02      25532      68753
dccebrsma13_disk1p1     0.48         0.00         0.00       5993          0
dccebrsma13_disk18     0.60         0.00         0.00       7179        487
vsp_g700_dccebrsma09_disk9     0.57         0.00         0.00       6836        203
vsp_g700_dccebrsma09_disk12     0.57         0.00         0.00       6772        198
vmax_dccebrsma09_disk17     0.60         0.00         0.00       7163        230
dccebrsma12_disk5p1     0.48         0.00         0.00       5993          0
dccebrsma06_disk11     0.65         0.00         0.01       7316      39755
vsp_g700_dccebrsma09_disk13     0.57         0.00         0.00       6789        204
vsp_g700_dccebrsma07_disk9     0.51         0.00         0.00       6354          0
dccebrsma12_disk11     0.83         0.00         0.01       9374      28938
dccebrsma12_disk18     0.74         0.00         0.00       8653      11494
vsp_g700_dccebrsma09_disk11     0.73         0.00         0.00       8746        209
dccebrsma13_disk4p1     0.48         0.00         0.00       5993          0
dccebrsma11_disk17p1     1.89         0.02         0.02      63873      54625
vsp_g700_dccebrsma09_disk10     0.58         0.00         0.00       6904        207
mpathb           11.84         0.15         0.20     478033     645993
mpatha            0.66         0.00         0.00       8197          0
dccebrsma11_disk20p1     0.53         0.00         0.00       6248        245
dccebrsma11_disk21p1     0.54         0.00         0.00       6405        249
dccebrsma12_disk9p1     2.02         0.00         0.28       8316     899292
dccebrsma13_disk8p1     0.48         0.00         0.00       5993          0
dccebrsma12_disk10p1     1.03         0.00         0.00      11752      14543
dccebrsma12_disk3p1     1.61         0.01         0.01      28364      32975
dccebrsma13_disk2p1     0.48         0.00         0.00       5993          0
dccebrsma12_disk1p1     3.91         0.04         0.03     131145     108896
dccebrsma12_disk13p1     0.91         0.00         0.00      10317      11410
dccebrsma12_disk4p1     0.48         0.00         0.00       5992          0
dccebrsma12_disk6p1     0.48         0.00         0.00       5993          0
dccebrsma13_disk5p1     0.48         0.00         0.00       5993          0
dccebrsma12_disk12p1     0.99         0.00         0.00      11208       9083
dccebrsma12_disk15p1     0.78         0.00         0.02       7654      73059
mpathbp1         57.83         0.15         0.20     477672     645993
dccebrsma13_disk7p1     0.48         0.00         0.00       5993          0
mpathap1          0.63         0.00         0.00       7836          0
dccebrsma13_disk6p1     0.48         0.00         0.00       5993          0
dccebrsma13_disk17p1     0.59         0.00         0.00       6953       1330
dccebrsma11_disk14p1     1.79         0.01         0.04      37254     132269
dccebrsma13_disk15p1     0.70         0.00         0.00       7977        587
dccebrsma06_disk10p1     0.67         0.00         0.00       7898       1515
dccebrsma12_disk16p1     0.97         0.00         0.03       9833      88671
dccebrsma13_disk14p1     0.64         0.00         0.00       6710       1666
dccebrsma12_disk17p1     0.86         0.00         0.00       9895       7662
dccebrsma06_disk9p1     0.72         0.00         0.00       8586        232
dccebrsma12_disk2p1     3.64         0.02         0.21      52036     661220
dccebrsma12_disk7p1     0.48         0.00         0.00       5993          0
dccebrsma06_disk15p1     0.59         0.00         0.00       6840        332
dccebrsma13_disk16p1     0.70         0.00         0.00       8209        406
dccebrsma12_disk14p1     0.48         0.00         0.00       5993          0
dccebrsma13_disk3p1     0.48         0.00         0.00       5993          0
dccebrsma06_disk14p1     0.58         0.00         0.00       6470      13232
dccebrsma13_disk18p1     0.58         0.00         0.00       6818        487
dccebrsma06_disk11p1     0.64         0.00         0.01       6955      39755
vsp_g700_dccebrsma09_disk9p1     0.54         0.00         0.00       6475        203
vmax_dccebrsma09_disk17p1     0.57         0.00         0.00       6802        230
vsp_g700_dccebrsma09_disk13p1     0.54         0.00         0.00       6428        204
vsp_g700_dccebrsma09_disk12p1     0.54         0.00         0.00       6411        198
vsp_g700_dccebrsma07_disk9p1     0.48         0.00         0.00       5993          0
dccebrsma12_disk11p1     0.86         0.00         0.01       9013      28938
dccebrsma12_disk18p1     0.73         0.00         0.00       8292      11494
vsp_g700_dccebrsma09_disk11p1     0.70         0.00         0.00       8385        209
vsp_g700_dccebrsma09_disk10p1     0.55         0.00         0.00       6543        207
vg02-lv_gddb      0.35         0.00         0.00       4303          0
vg01-lv_indexcache    56.43         0.15         0.20     466463     634959
vg01-lv_simpana     1.12         0.00         0.00       7207      11034
vg00-lv_tmp       0.89         0.00         0.00       2055       8946
vg00-lv_var       4.18         0.00         0.02       8741      47536
vg00-lv_home      0.42         0.00         0.00       2046       3142
vg00-lv_appl      0.17         0.00         0.00       2045          0
vg00-lv_opt       0.39         0.00         0.00       4821       2086
vg00-lv_var_log     2.37         0.00         0.01       4191      26553
vg00-lv_var_log_audit     0.19         0.00         0.00       2050        358
vg00-lv_usr       1.09         0.00         0.00      13654       6727
clusvg10_12-lv10_12     0.20         0.00         0.00       2459          0
clusvg10_5-lv10_5     0.41         0.00         0.00       4896        249
clusvg9_5-lv9_5     0.40         0.00         0.00       4612        284
clusvg10_9-lv10_9     0.53         0.00         0.00       6351        583
clusvg8_6-lv8_6     0.34         0.00         0.00       3954       1717
clusvg10_1-lv10_1     0.29         0.00         0.00       3318       1397
clusvg10_6-lv10_6     0.30         0.00         0.00       3515        232
clusvg10_4-lv10_4     0.39         0.00         0.00       4603        291
clusvg10_8-lv10_8     0.47         0.00         0.00       5515        246
clusvg10_7-lv10_7     0.39         0.00         0.00       4585        244
clusvg10_3-lv10_3     0.36         0.00         0.00       4236       2284
clusvg9_2-lv9_2     0.50         0.00         0.00       6002        362
clusvg9_7-lv9_7     0.37         0.00         0.00       4314        335
clusvg9_1-lv9_1     0.38         0.00         0.00       4490        258
clusvg8_8-lv8_8     0.27         0.00         0.00       3138        262
clusvg9_6-lv9_6     0.37         0.00         0.00       4337        277
clusvg9_8-lv9_8     0.30         0.00         0.00       3447        326
clusvg8_4-lv8_4     0.39         0.00         0.00       4534        239
clusvg9_3-lv9_3     0.48         0.00         0.00       5759        350
clusvg8_5-lv8_5     0.60         0.00         0.00       7163       1360
clusvg9_4-lv9_4     0.60         0.00         0.00       7124        298
clusvg8_2-lv8_2     0.29         0.00         0.00       3359        236
clusvg7_2-lv7_2     1.70         0.01         0.02      41884      54258
clusvg7_6-lv7_6     1.40         0.01         0.01      25876      34790
clusvg8_3-lv8_3     0.71         0.00         0.00       8587        248
clusvg8_7-lv8_7     0.27         0.00         0.00       3102        264
clusvg7_5-lv7_5     1.05         0.01         0.01      36986      21385
clusvg7_1-lv7_1     1.42         0.01         0.06      31428     202570
clusvg4_15-lv4_15     0.20         0.00         0.00       2461          0
clusvg7_7-lv7_7     2.24         0.01         0.02      39054      79047
clusvg8_1-lv8_1     0.34         0.00         0.00       3957        249
clusvg7_3-lv7_3     1.63         0.01         0.01      29849      19812
clusvg5_13-lv5_13     0.20         0.00         0.00       2459          0
clusvg6_5-lv6_5     1.72         0.01         0.02      35224      48548
clusvg6_8-lv6_8     1.23         0.01         0.00      24811      11188
clusvg6_6-lv6_6     1.10         0.01         0.03      25450      91835
clusvg5_15-lv5_15     0.20         0.00         0.00       2459          0
clusvg6_7-lv6_7     1.41         0.01         0.01      25691      45890
clusvg7_4-lv7_4     1.75         0.02         0.09      54169     283200
clusvg6_2-lv6_2     1.89         0.05         0.01     167247      29292
clusvg4_13-lv4_13     0.64         0.00         0.01      13444      34159
clusvg6_3-lv6_3     1.26         0.01         0.03      25742      98058
clusvg4_18-lv4_18     0.20         0.00         0.00       2459          0
clusvg6_1-lv6_1     1.18         0.02         0.01      53493      46893
clusvg6_4-lv6_4     1.38         0.02         0.02      70441      51994
clusvg4_19-lv4_19     0.20         0.00         0.00       2459          0
clusvg5_12-lv5_12     0.20         0.00         0.00       2460          0
clusvg5_14-lv5_14     0.20         0.00         0.00       2459          0
clusvg5_11-lv5_11     0.83         0.01         0.02      17507      63058
clusvg4_17-lv4_17     0.20         0.00         0.00       2459          0
clusvg5_16-lv5_16     0.20         0.00         0.00       2460          0
clusvg4_16-lv4_16     0.20         0.00         0.00       2459          0
clusvg4_14-lv4_14     1.17         0.01         0.06      19870     194900
clusvg3_15-lv3_15     1.44         0.01         0.07      27558     224128
clusvg3_16-lv3_16     0.20         0.00         0.00       2462          0
clusvg3_14-lv3_14     1.08         0.02         0.01      51086      34008
clusvg2_16-lv2_16     0.20         0.00         0.00       2459          0
clusvg2_15-lv2_15     0.81         0.01         0.02      21622      49407
clusvg1_19-lv1_19     1.33         0.01         0.10      17544     304932
clusvg1_21-lv1_21     0.92         0.01         0.02      36467      51087
clusvg2_17-lv2_17     0.22         0.00         0.00       2508        239
clusvg5_6-lv5_6     0.65         0.00         0.00      13361      14933
clusvg2_14-lv2_14     1.03         0.01         0.04      17362     135917
clusvg1_22-lv1_22     0.20         0.00         0.00       2495          0
clusvg1_20-lv1_20     1.07         0.01         0.04      24259     117476
clusvg5_10-lv5_10     1.10         0.02         0.02      59837      77641
clusvg1_23-lv1_23     0.22         0.00         0.00       2506        231
clusvg5_8-lv5_8     0.77         0.01         0.02      30065      79045
clusvg5_9-lv5_9     0.95         0.01         0.03      37594     107948
clusvg5_7-lv5_7     1.21         0.07         0.01     205759      24886
clusvg4_12-lv4_12     1.58         0.02         0.13      59560     426703
clusvg4_10-lv4_10     1.02         0.01         0.01      38516      28923
clusvg4_9-lv4_9     0.86         0.01         0.05      19441     149129
clusvg4_8-lv4_8     0.90         0.01         0.01      39066      27796
clusvg4_11-lv4_11     0.78         0.01         0.00      24804      11208
clusvg3_13-lv3_13     1.13         0.01         0.04      25178     139887
clusvg3_12-lv3_12     0.81         0.01         0.02      20336      67608
clusvg3_10-lv3_10     0.93         0.01         0.08      21440     253128
clusvg9_10-lv9_10     0.26         0.00         0.00       3010        207
clusvg3_11-lv3_11     0.75         0.01         0.02      22701      55734
clusvg9_11-lv9_11     0.41         0.00         0.00       4851        209
clusvg2_12-lv2_12     1.06         0.01         0.05      23210     145651
clusvg12_18-lv12_18     0.44         0.00         0.00       4758      11494
clusvg12_11-lv12_11     0.56         0.00         0.01       5480      28938
clusvg7_9-lv7_9     0.20         0.00         0.00       2460          0
clusvg3_9-lv3_9     1.12         0.01         0.08      31032     252515
clusvg9_12-lv9_12     0.25         0.00         0.00       2878        198
clusvg2_13-lv2_13     0.68         0.01         0.00      21314      11216
clusvg9_13-lv9_13     0.25         0.00         0.00       2895        204
clusvg06_12-lv06_12     0.28         0.00         0.00       3269        230
clusvg2_11-lv2_11     0.78         0.01         0.01      27441      16891
clusvg9_9-lv9_9     0.25         0.00         0.00       2942        203
clusvg06_11-lv06_11     0.35         0.00         0.01       3422      39755
clusvg13_18-lv13_18     0.29         0.00         0.00       3285        487
clusvg06_14-lv06_14     0.28         0.00         0.00       2936      13232
clusvg13_3-lv13_3     0.20         0.00         0.00       2460          0
clusvg12_14-lv12_14     0.20         0.00         0.00       2459          0
clusvg2_10-lv2_10     0.81         0.01         0.02      33727      73378
clusvg13_16-lv13_16     0.41         0.00         0.00       4676        406
clusvg1_16-lv1_16     0.85         0.01         0.02      24176      78423
clusvg06_15-lv06_15     0.29         0.00         0.00       3307        332
clusvg1_15-lv1_15     0.74         0.01         0.02      36964      53953
clusvg12_7-lv12_7     0.20         0.00         0.00       2460          0
clusvg2_9-lv2_9     0.77         0.01         0.01      30734      46283
clusvg12_2-lv12_2     3.24         0.02         0.21      48503     661220
clusvg1_17-lv1_17     1.23         0.01         0.02      31414      51640
clusvg06_09-lv06_09     0.43         0.00         0.00       5053        232
clusvg12_17-lv12_17     0.57         0.00         0.00       6362       7662
clusvg1_14-lv1_14     1.54         0.02         0.13      50425     400922
clusvg13_14-lv13_14     0.33         0.00         0.00       3177       1666
clusvg12_16-lv12_16     0.68         0.00         0.03       6300      88671
clusvg5_5-lv5_5     0.77         0.01         0.04      16387     133434
clusvg06_10-lv06_10     0.37         0.00         0.00       4365       1515
clusvg13_15-lv13_15     0.41         0.00         0.00       4444        587
clusvg1_13-lv1_13     0.78         0.01         0.01      35885      23307
clusvg11_14-lv11_14     1.46         0.01         0.04      33721     132269
clusvg13_17-lv13_17     0.30         0.00         0.00       3420       1330
clusvg13_6-lv13_6     0.20         0.00         0.00       2460          0
clusvg5_4-lv5_4     0.92         0.01         0.03      37536      82667
clusvg13_7-lv13_7     0.20         0.00         0.00       2459          0
clusvg12_15-lv12_15     0.48         0.00         0.02       4121      73059
clusvg5_3-lv5_3     1.24         0.02         0.08      48377     239228
clusvg12_12-lv12_12     0.69         0.00         0.00       7675       9083
clusvg13_5-lv13_5     0.20         0.00         0.00       2460          0
clusvg4_5-lv4_5     1.07         0.01         0.11      19163     362842
clusvg12_6-lv12_6     0.20         0.00         0.00       2460          0
clusvg12_4-lv12_4     0.20         0.00         0.00       2459          0
clusvg12_13-lv12_13     0.62         0.00         0.00       6784      11410
clusvg4_7-lv4_7     0.85         0.01         0.06      24756     196039
clusvg12_1-lv12_1     3.50         0.04         0.03     127612     108896
clusvg13_2-lv13_2     0.20         0.00         0.00       2459          0
clusvg12_3-lv12_3     1.28         0.01         0.01      24831      32975
clusvg4_6-lv4_6     1.15         0.01         0.07      19887     223023
clusvg12_10-lv12_10     0.74         0.00         0.00       8218      14543
clusvg3_7-lv3_7     0.92         0.02         0.01      52591      43037
clusvg13_8-lv13_8     0.20         0.00         0.00       2460          0
clusvg12_9-lv12_9     1.69         0.00         0.28       4783     899292
clusvg11_21-lv11_21     0.25         0.00         0.00       2872        249
clusvg3_8-lv3_8     1.18         0.01         0.03      32044      83206
clusvg11_20-lv11_20     0.24         0.00         0.00       2715        245
clusvg3_6-lv3_6     2.66         0.04         0.26     138110     832338
clusvg11_17-lv11_17     1.56         0.02         0.02      60340      54625
clusvg2_6-lv2_6     0.69         0.00         0.01      14174      30409
clusvg13_4-lv13_4     0.20         0.00         0.00       2460          0
clusvg1_12-lv1_12     0.92         0.01         0.02      29374      67062
clusvg2_8-lv2_8     1.09         0.01         0.06      16422     197167
clusvg11_10-lv11_10     0.39         0.00         0.00       4598        238
clusvg12_5-lv12_5     0.20         0.00         0.00       2459          0
clusvg2_7-lv2_7     1.91         0.02         0.02      52366      60827
clusvg13_1-lv13_1     0.20         0.00         0.00       2460          0
clusvg11_7-lv11_7     0.43         0.00         0.00       5063        241
clusvg11_19-lv11_19     1.32         0.01         0.02      21999      68753
clusvg11_1-lv11_1     0.45         0.00         0.00       5325        276
clusvg12_8-lv12_8     0.20         0.00         0.00       2459          0
clusvg11_8-lv11_8     0.37         0.00         0.00       4306        344
clusvg11_5-lv11_5     0.27         0.00         0.00       3061        260
clusvg10_11-lv10_11     0.20         0.00         0.00       2460          0
clusvg11_11-lv11_11     0.48         0.00         0.00       5730        405
clusvg11_18-lv11_18     1.94         0.01         0.07      29333     218908
clusvg11_9-lv11_9     0.44         0.00         0.00       5263        233
clusvg10_16-lv10_16     0.20         0.00         0.00       2459          0
clusvg11_15-lv11_15     2.13         0.01         0.07      30181     206818
clusvg11_16-lv11_16     1.80         0.01         0.08      22107     241771
clusvg11_2-lv11_2     0.47         0.00         0.00       5532        283
clusvg10_13-lv10_13     0.20         0.00         0.00       2460          0
clusvg11_3-lv11_3     0.46         0.00         0.00       5433        292
clusvg11_4-lv11_4     0.72         0.00         0.00       8665        261
clusvg11_12-lv11_12     1.19         0.01         0.01      25690      25343
clusvg1_11-lv1_11     0.94         0.01         0.02      36707      57279
clusvg11_13-lv11_13     1.30         0.01         0.01      44556      42014
clusvg1_10-lv1_10     1.07         0.01         0.02      43118      60509
clusvg10_10-lv10_10     0.20         0.00         0.00       2460          0
clusvg10_14-lv10_14     0.20         0.00         0.00       2460          0
clusvg10_15-lv10_15     0.20         0.00         0.00       2459          0
clusvg10_2-lv10_2     0.26         0.00         0.00       3021        237

Filesystem:               rMB_nor/s    wMB_nor/s    rMB_dir/s    wMB_dir/s    rMB_svr/s    wMB_svr/s     ops/s    rops/s    wops/s



Filesystem            Size  Used Avail Use% Mounted on
/dev/mapper/vg00-lv_root
                      2.0G  676M  1.2G  37% /
tmpfs                 126G  1.1G  125G   1% /dev/shm
/dev/mapper/vg00-lv_appl
                      976M  1.3M  924M   1% /appl
/dev/sda3             488M  129M  335M  28% /boot
/dev/mapper/vg00-lv_home
                      4.9G   24M  4.7G   1% /home
/dev/mapper/vg00-lv_opt
                      4.8G  1.1G  3.6G  23% /opt
/dev/mapper/vg00-lv_tmp
                      6.9G  5.0M  6.5G   1% /tmp
/dev/mapper/vg00-lv_usr
                      4.8G  3.2G  1.4G  71% /usr
/dev/mapper/vg00-lv_var
                      7.0G  3.8G  2.9G  58% /var
/dev/mapper/vg00-lv_var_log
                      3.0G  1.5G  1.4G  52% /var/log
/dev/mapper/vg00-lv_var_log_audit
                      976M   26M  900M   3% /var/log/audit
/dev/mapper/vg01-lv_simpana
                      493G  3.1G  464G   1% /opt/simpana
/dev/mapper/vg01-lv_indexcache
                      493G  141G  327G  31% /IndexCache
/dev/mapper/clusvg1_10-lv1_10
                      8.0T  6.5T  1.6T  81% /DCCMA01_Disk10
/dev/mapper/clusvg1_11-lv1_11
                      8.0T  5.4T  2.7T  67% /DCCMA01_Disk11
/dev/mapper/clusvg1_12-lv1_12
                      8.0T  6.7T  1.4T  83% /DCCMA01_Disk12
/dev/mapper/clusvg1_13-lv1_13
                      8.0T  5.8T  2.3T  72% /DCCMA01_Disk13
/dev/mapper/clusvg1_14-lv1_14
                      8.0T  6.5T  1.6T  82% /DCCMA01_Disk14
/dev/mapper/clusvg1_15-lv1_15
                      8.0T  6.1T  2.0T  77% /DCCMA01_Disk15
/dev/mapper/clusvg1_16-lv1_16
                      8.0T  6.3T  1.8T  79% /DCCMA01_Disk16
/dev/mapper/clusvg1_17-lv1_17
                      8.0T  4.1T  4.0T  51% /DCCMA01_Disk17
/dev/mapper/clusvg2_6-lv2_6
                      8.0T  4.4T  3.7T  55% /DCCMA02_Disk6
/dev/mapper/clusvg2_7-lv2_7
                      8.0T  5.7T  2.4T  71% /DCCMA02_Disk7
/dev/mapper/clusvg2_8-lv2_8
                      8.0T  5.7T  2.4T  71% /DCCMA02_Disk8
/dev/mapper/clusvg2_9-lv2_9
                      8.0T  6.6T  1.5T  83% /DCCMA02_Disk9
/dev/mapper/clusvg2_10-lv2_10
                      8.0T  6.1T  2.0T  77% /DCCMA02_Disk10
/dev/mapper/clusvg2_11-lv2_11
                      8.0T  5.9T  2.2T  73% /DCCMA02_Disk11
/dev/mapper/clusvg2_12-lv2_12
                      8.0T  6.0T  2.1T  75% /DCCMA02_Disk12
/dev/mapper/clusvg2_13-lv2_13
                      8.0T  6.6T  1.5T  82% /DCCMA02_Disk13
/dev/mapper/clusvg3_6-lv3_6
                      8.0T  7.0T  1.1T  87% /DCCMA03_Disk6
/dev/mapper/clusvg3_7-lv3_7
                      8.0T  6.3T  1.8T  79% /DCCMA03_Disk7
/dev/mapper/clusvg3_8-lv3_8
                      8.0T  6.4T  1.7T  80% /DCCMA03_Disk8
/dev/mapper/clusvg3_9-lv3_9
                      8.0T  5.7T  2.4T  71% /DCCMA03_Disk9
/dev/mapper/clusvg3_10-lv3_10
                      8.0T  5.5T  2.6T  68% /DCCMA03_Disk10
/dev/mapper/clusvg3_11-lv3_11
                      8.0T  6.0T  2.1T  75% /DCCMA03_Disk11
/dev/mapper/clusvg3_12-lv3_12
                      8.0T  7.1T  953G  89% /DCCMA03_Disk12
/dev/mapper/clusvg3_13-lv3_13
                      8.0T  5.8T  2.3T  73% /DCCMA03_Disk13
/dev/mapper/clusvg4_5-lv4_5
                      8.0T  5.5T  2.6T  68% /DCCMA04_Disk5
/dev/mapper/clusvg4_6-lv4_6
                      8.0T  5.8T  2.3T  72% /DCCMA04_Disk6
/dev/mapper/clusvg4_7-lv4_7
                      8.0T  6.4T  1.7T  80% /DCCMA04_Disk7
/dev/mapper/clusvg4_8-lv4_8
                      8.0T  5.3T  2.8T  67% /DCCMA04_Disk8
/dev/mapper/clusvg4_9-lv4_9
                      8.0T  5.0T  3.1T  62% /DCCMA04_Disk9
/dev/mapper/clusvg4_10-lv4_10
                      8.0T  6.5T  1.6T  81% /DCCMA04_Disk10
/dev/mapper/clusvg4_11-lv4_11
                      8.0T  4.3T  3.8T  54% /DCCMA04_Disk11
/dev/mapper/clusvg4_12-lv4_12
                      8.0T  7.1T  953G  89% /DCCMA04_Disk12
/dev/mapper/clusvg5_3-lv5_3
                      8.0T  5.1T  3.0T  64% /DCCMA05_Disk3
/dev/mapper/clusvg5_4-lv5_4
                      8.0T  5.9T  2.2T  73% /DCCMA05_Disk4
/dev/mapper/clusvg5_5-lv5_5
                      8.0T  6.4T  1.7T  80% /DCCMA05_Disk5
/dev/mapper/clusvg5_6-lv5_6
                      8.0T  7.1T  968G  89% /DCCMA05_Disk6
/dev/mapper/clusvg5_7-lv5_7
                      8.0T  6.5T  1.6T  81% /DCCMA05_Disk7
/dev/mapper/clusvg5_8-lv5_8
                      8.0T  6.6T  1.5T  82% /DCCMA05_Disk8
/dev/mapper/clusvg5_9-lv5_9
                      8.0T  8.0T  2.5G 100% /DCCMA05_Disk9
/dev/mapper/clusvg5_10-lv5_10
                      8.0T  5.1T  3.0T  64% /DCCMA05_Disk10
/dev/mapper/clusvg6_1-lv6_1
                      8.0T  5.0T  3.1T  62% /DCCMA06_Disk1
/dev/mapper/clusvg6_2-lv6_2
                      8.0T  4.6T  3.5T  57% /DCCMA06_Disk2
/dev/mapper/clusvg6_3-lv6_3
                      8.0T  4.2T  3.9T  52% /DCCMA06_Disk3
/dev/mapper/clusvg6_4-lv6_4
                      8.0T  5.9T  2.2T  74% /DCCMA06_Disk4
/dev/mapper/clusvg6_5-lv6_5
                      8.0T  6.7T  1.4T  83% /DCCMA06_Disk5
/dev/mapper/clusvg6_6-lv6_6
                      8.0T  5.4T  2.7T  68% /DCCMA06_Disk6
/dev/mapper/clusvg6_7-lv6_7
                      8.0T  5.9T  2.2T  73% /DCCMA06_Disk7
/dev/mapper/clusvg6_8-lv6_8
                      8.0T  5.4T  2.7T  67% /DCCMA06_Disk8
/dev/mapper/clusvg7_1-lv7_1
                      8.0T  6.6T  1.5T  82% /DCCMA07_Disk1
/dev/mapper/clusvg1_19-lv1_19
                      4.0T  3.9T  184G  96% /DCCMA01_Disk19
/dev/mapper/clusvg1_20-lv1_20
                      4.0T  3.9T  152G  97% /DCCMA01_Disk20
/dev/mapper/clusvg1_21-lv1_21
                      4.0T  3.7T  383G  91% /DCCMA01_Disk21
/dev/mapper/clusvg1_22-lv1_22
                      1.0T   75G  950G   8% /DCCMA01_Disk22
/dev/mapper/clusvg1_23-lv1_23
                      2.0T  2.6G  2.0T   1% /DCCMA01_Disk23
/dev/mapper/clusvg2_14-lv2_14
                      4.0T  3.3T  793G  81% /DCCMA02_Disk14
/dev/mapper/clusvg2_15-lv2_15
                      4.0T  3.8T  252G  94% /DCCMA02_Disk15
/dev/mapper/clusvg2_16-lv2_16
                      1.0T   61G  964G   6% /DCCMA02_Disk16
/dev/mapper/clusvg2_17-lv2_17
                      2.0T  2.6G  2.0T   1% /DCCMA02_Disk17
/dev/mapper/clusvg3_14-lv3_14
                      4.0T  3.7T  398G  91% /DCCMA03_Disk14
/dev/mapper/clusvg3_15-lv3_15
                      4.0T  4.0T  1.8G 100% /DCCMA03_Disk15
/dev/mapper/clusvg3_16-lv3_16
                      1.0T  268G  757G  27% /DCCMA03_Disk16
/dev/mapper/clusvg4_13-lv4_13
                      4.0T  4.0T   83G  98% /DCCMA04_Disk13
/dev/mapper/clusvg4_14-lv4_14
                      4.0T  3.1T  954G  77% /DCCMA04_Disk14
/dev/mapper/clusvg4_15-lv4_15
                      1.0T  313G  712G  31% /DCCMA04_Disk15
/dev/mapper/clusvg4_16-lv4_16
                      8.0T  2.6G  8.0T   1% /DCCMA04_Disk16
/dev/mapper/clusvg4_17-lv4_17
                      8.0T  2.6G  8.0T   1% /DCCMA04_Disk17
/dev/mapper/clusvg4_18-lv4_18
                      8.0T  2.6G  8.0T   1% /DCCMA04_Disk18
/dev/mapper/clusvg4_19-lv4_19
                      8.0T  2.6G  8.0T   1% /DCCMA04_Disk19
/dev/mapper/clusvg5_11-lv5_11
                      4.0T  3.3T  812G  81% /DCCMA05_Disk11
/dev/mapper/clusvg5_12-lv5_12
                      1.0T  257G  768G  26% /DCCMA05_Disk12
/dev/mapper/clusvg5_13-lv5_13
                      8.0T  2.6G  8.0T   1% /DCCMA05_Disk13
/dev/mapper/clusvg5_14-lv5_14
                      8.0T  2.6G  8.0T   1% /DCCMA05_Disk14
/dev/mapper/clusvg5_15-lv5_15
                      8.0T  2.6G  8.0T   1% /DCCMA05_Disk15
/dev/mapper/clusvg5_16-lv5_16
                      8.0T  2.6G  8.0T   1% /DCCMA05_Disk16
/dev/mapper/clusvg7_2-lv7_2
                      8.0T  5.6T  2.5T  69% /DCCMA07_Disk2
/dev/mapper/clusvg7_3-lv7_3
                      8.0T  4.1T  4.0T  51% /DCCMA07_Disk3
/dev/mapper/clusvg7_4-lv7_4
                      8.0T  6.8T  1.3T  85% /DCCMA07_Disk4
/dev/mapper/clusvg7_5-lv7_5
                      8.0T  5.2T  2.9T  64% /DCCMA07_Disk5
/dev/mapper/clusvg7_6-lv7_6
                      8.0T  4.5T  3.6T  56% /DCCMA07_Disk6
/dev/mapper/clusvg7_7-lv7_7
                      8.0T  5.4T  2.7T  68% /DCCMA07_Disk7
/dev/mapper/clusvg8_1-lv8_1
                      8.0T  5.8T  2.3T  73% /DCCMA08_Disk1
/dev/mapper/clusvg8_2-lv8_2
                      8.0T  5.0T  3.1T  62% /DCCMA08_Disk2
/dev/mapper/clusvg8_3-lv8_3
                      8.0T  7.4T  623G  93% /DCCMA08_Disk3
/dev/mapper/clusvg8_4-lv8_4
                      8.0T  7.3T  799G  91% /DCCMA08_Disk4
/dev/mapper/clusvg8_5-lv8_5
                      8.0T  8.0T   61G 100% /DCCMA08_Disk5
/dev/mapper/clusvg8_6-lv8_6
                      8.0T  6.0T  2.1T  75% /DCCMA08_Disk6
/dev/mapper/clusvg8_7-lv8_7
                      8.0T  4.2T  3.9T  52% /DCCMA08_Disk7
/dev/mapper/clusvg8_8-lv8_8
                      8.0T  5.4T  2.7T  67% /DCCMA08_Disk8
/dev/mapper/clusvg9_1-lv9_1
                      8.0T  7.0T  1.1T  88% /DCCMA09_Disk1
/dev/mapper/clusvg9_2-lv9_2
                      8.0T  8.0T   97G  99% /DCCMA09_Disk2
/dev/mapper/clusvg9_3-lv9_3
                      8.0T  6.5T  1.6T  82% /DCCMA09_Disk3
/dev/mapper/clusvg9_4-lv9_4
                      8.0T  7.4T  708G  92% /DCCMA09_Disk4
/dev/mapper/clusvg9_5-lv9_5
                      8.0T  6.8T  1.3T  85% /DCCMA09_Disk5
/dev/mapper/clusvg9_6-lv9_6
                      8.0T  6.7T  1.4T  83% /DCCMA09_Disk6
/dev/mapper/clusvg9_7-lv9_7
                      8.0T  8.0T   71G 100% /DCCMA09_Disk7
/dev/mapper/clusvg9_8-lv9_8
                      8.0T  5.1T  3.0T  63% /DCCMA09_Disk8
/dev/mapper/clusvg10_1-lv10_1
                      8.0T  4.7T  3.4T  59% /DCCMA10_Disk1
/dev/mapper/clusvg10_2-lv10_2
                      8.0T  5.1T  3.0T  64% /DCCMA10_Disk2
/dev/mapper/clusvg10_3-lv10_3
                      8.0T  7.6T  424G  95% /DCCMA10_Disk3
/dev/mapper/clusvg10_4-lv10_4
                      8.0T  7.8T  258G  97% /DCCMA10_Disk4
/dev/mapper/clusvg10_5-lv10_5
                      8.0T  8.0T  4.0G 100% /DCCMA10_Disk5
/dev/mapper/clusvg10_6-lv10_6
                      8.0T  4.6T  3.5T  57% /DCCMA10_Disk6
/dev/mapper/clusvg10_7-lv10_7
                      8.0T  6.9T  1.2T  86% /DCCMA10_Disk7
/dev/mapper/clusvg10_8-lv10_8
                      8.0T  8.0T   84G  99% /DCCMA10_Disk8
/dev/mapper/clusvg11_1-lv11_1
                      8.1T  8.0T   46G 100% /DCCMA11_Disk1
/dev/mapper/clusvg11_2-lv11_2
                      8.1T  7.9T  124G  99% /DCCMA11_Disk2
/dev/mapper/clusvg11_3-lv11_3
                      8.1T  8.1T  2.5G 100% /DCCMA11_Disk3
/dev/mapper/clusvg11_4-lv11_4
                      8.1T  7.1T  989G  88% /DCCMA11_Disk4
/dev/mapper/clusvg11_5-lv11_5
                      8.1T  4.9T  3.2T  61% /DCCMA11_Disk5
/dev/mapper/clusvg11_7-lv11_7
                      8.1T  8.1T  2.2G 100% /DCCMA11_Disk7
/dev/mapper/clusvg11_8-lv11_8
                      8.1T  4.6T  3.5T  57% /DCCMA11_Disk8
/dev/mapper/clusvg11_9-lv11_9
                      8.1T  7.9T  131G  99% /DCCMA11_Disk9
/dev/mapper/clusvg11_10-lv11_10
                      8.1T  7.6T  434G  95% /DCCMA11_Disk10
/dev/mapper/clusvg11_11-lv11_11
                      8.1T  6.7T  1.4T  83% /DCCMA11_Disk11
/dev/mapper/clusvg10_9-lv10_9
                      8.0T  6.5T  1.6T  81% /DCCMA10_Disk9
/dev/mapper/clusvg10_10-lv10_10
                      8.0T  2.6G  8.0T   1% /DCCMA10_Disk10
/dev/mapper/clusvg10_11-lv10_11
                      8.0T  2.6G  8.0T   1% /DCCMA10_Disk11
/dev/mapper/clusvg10_12-lv10_12
                      8.0T  2.6G  8.0T   1% /DCCMA10_Disk12
/dev/mapper/clusvg10_13-lv10_13
                      8.0T  2.6G  8.0T   1% /DCCMA10_Disk13
/dev/mapper/clusvg10_14-lv10_14
                      8.0T  2.6G  8.0T   1% /DCCMA10_Disk14
/dev/mapper/clusvg10_15-lv10_15
                      8.0T  2.6G  8.0T   1% /DCCMA10_Disk15
/dev/mapper/clusvg10_16-lv10_16
                      8.0T  2.6G  8.0T   1% /DCCMA10_Disk16
/dev/mapper/clusvg11_12-lv11_12
                      8.0T  5.8T  2.3T  72% /DCCMA11_Disk12
/dev/mapper/clusvg11_13-lv11_13
                      8.0T  5.7T  2.4T  71% /DCCMA11_Disk13
/dev/mapper/clusvg11_14-lv11_14
                      8.0T  5.6T  2.5T  70% /DCCMA11_Disk14
/dev/mapper/clusvg11_15-lv11_15
                      8.0T  6.7T  1.4T  84% /DCCMA11_Disk15
/dev/mapper/clusvg11_16-lv11_16
                      8.0T  5.0T  3.1T  62% /DCCMA11_Disk16
/dev/mapper/clusvg11_17-lv11_17
                      8.0T  5.5T  2.6T  69% /DCCMA11_Disk17
/dev/mapper/clusvg11_18-lv11_18
                      8.0T  4.4T  3.7T  54% /DCCMA11_Disk18
/dev/mapper/clusvg11_19-lv11_19
                      8.0T  5.0T  3.1T  62% /DCCMA11_Disk19
/dev/mapper/clusvg12_1-lv12_1
                      8.0T  5.6T  2.5T  70% /DCCMA12_Disk1
/dev/mapper/clusvg12_2-lv12_2
                      8.0T  4.1T  4.0T  51% /DCCMA12_Disk2
/dev/mapper/clusvg12_3-lv12_3
                      8.0T  5.4T  2.7T  67% /DCCMA12_Disk3
/dev/mapper/clusvg12_4-lv12_4
                      8.0T  2.6G  8.0T   1% /DCCMA12_Disk4
/dev/mapper/clusvg12_5-lv12_5
                      8.0T  2.6G  8.0T   1% /DCCMA12_Disk5
/dev/mapper/clusvg12_6-lv12_6
                      8.0T  2.6G  8.0T   1% /DCCMA12_Disk6
/dev/mapper/clusvg12_7-lv12_7
                      8.0T  2.6G  8.0T   1% /DCCMA12_Disk7
/dev/mapper/clusvg12_8-lv12_8
                      8.0T  2.6G  8.0T   1% /DCCMA12_Disk8
/dev/mapper/clusvg13_1-lv13_1
                      8.0T  2.6G  8.0T   1% /DCCMA13_Disk1
/dev/mapper/clusvg13_2-lv13_2
                      8.0T  2.6G  8.0T   1% /DCCMA13_Disk2
/dev/mapper/clusvg13_3-lv13_3
                      8.0T  2.6G  8.0T   1% /DCCMA13_Disk3
/dev/mapper/clusvg13_4-lv13_4
                      8.0T  2.6G  8.0T   1% /DCCMA13_Disk4
/dev/mapper/clusvg13_5-lv13_5
                      8.0T  2.6G  8.0T   1% /DCCMA13_Disk5
/dev/mapper/clusvg13_6-lv13_6
                      8.0T  2.6G  8.0T   1% /DCCMA13_Disk6
/dev/mapper/clusvg13_7-lv13_7
                      8.0T  2.6G  8.0T   1% /DCCMA13_Disk7
/dev/mapper/clusvg13_8-lv13_8
                      8.0T  2.6G  8.0T   1% /DCCMA13_Disk8
/dev/mapper/clusvg11_20-lv11_20
                      8.0T  7.8T  298G  97% /DCCMA11_Disk20
/dev/mapper/clusvg11_21-lv11_21
                      8.0T  7.7T  349G  96% /DCCMA11_Disk21
/dev/mapper/clusvg12_9-lv12_9
                      8.0T  7.8T  292G  97% /DCCMA12_Disk9
/dev/mapper/clusvg12_10-lv12_10
                      8.0T  6.6T  1.5T  82% /DCCMA12_Disk10
/dev/mapper/clusvg12_11-lv12_11
                      8.0T  5.0T  3.1T  62% /DCCMA12_Disk11
/dev/mapper/clusvg12_12-lv12_12
                      8.0T  6.2T  1.9T  78% /DCCMA12_Disk12
/dev/mapper/clusvg12_13-lv12_13
                      8.0T  5.7T  2.4T  71% /DCCMA12_Disk13
/dev/mapper/clusvg12_15-lv12_15
                      8.0T  5.1T  3.0T  64% /DCCMA12_Disk15
/dev/mapper/clusvg12_16-lv12_16
                      8.0T  6.8T  1.3T  85% /DCCMA12_Disk16
/dev/mapper/clusvg12_17-lv12_17
                      8.0T  6.3T  1.8T  78% /DCCMA12_Disk17
/dev/mapper/clusvg12_18-lv12_18
                      8.0T  8.0T  2.6G 100% /DCCMA12_Disk18
/dev/mapper/clusvg13_14-lv13_14
                      8.0T  6.5T  1.6T  81% /DCCMA13_Disk14
/dev/mapper/clusvg13_15-lv13_15
                      8.0T  6.9T  1.2T  86% /DCCMA13_Disk15
/dev/mapper/clusvg13_16-lv13_16
                      8.0T  6.0T  2.1T  75% /DCCMA13_Disk16
/dev/mapper/clusvg13_17-lv13_17
                      8.0T  5.6T  2.5T  70% /DCCMA13_Disk17
/dev/mapper/clusvg13_18-lv13_18
                      8.0T  5.4T  2.7T  67% /DCCMA13_Disk18
/dev/mapper/clusvg06_09-lv06_09
                      8.0T  7.4T  709G  92% /DCCMA06_Disk09
/dev/mapper/clusvg06_10-lv06_10
                      8.0T  8.0T   51G 100% /DCCMA06_Disk10
/dev/mapper/clusvg06_11-lv06_11
                      8.0T  7.8T  268G  97% /DCCMA06_Disk11
/dev/mapper/clusvg06_12-lv06_12
                      8.0T  6.0T  2.1T  75% /DCCMA06_Disk12
/dev/mapper/clusvg06_14-lv06_14
                      8.0T  7.5T  537G  94% /DCCMA06_Disk14
/dev/mapper/clusvg06_15-lv06_15
                      8.0T  5.3T  2.8T  67% /DCCMA06_Disk15
/dev/mapper/clusvg12_14-lv12_14
                      8.0T  2.6G  8.0T   1% /DCCMA12_Disk14
/dev/mapper/clusvg7_9-lv7_9
                      4.0T  1.4T  2.7T  35% /DCCMA07_Disk9
/dev/mapper/clusvg9_10-lv9_10
                      8.0T  2.9T  5.2T  36% /DCCMA09_Disk10
/dev/mapper/clusvg9_11-lv9_11
                      8.0T  1.5T  6.6T  18% /DCCMA09_Disk11
/dev/mapper/clusvg9_12-lv9_12
                      8.0T  8.0T  3.5G 100% /DCCMA09_Disk12
/dev/mapper/clusvg9_13-lv9_13
                      8.0T   97G  8.0T   2% /DCCMA09_Disk13
/dev/mapper/clusvg9_9-lv9_9
                      8.0T  156G  7.9T   2% /DCCMA09_Disk09


Galaxy         	0:off	1:off	2:off	3:on	4:off	5:on	6:off
Jarvis         	0:off	1:off	2:on	3:on	4:on	5:on	6:off
NetworkManager 	0:off	1:off	2:off	3:off	4:off	5:off	6:off
abrt-ccpp      	0:off	1:off	2:off	3:on	4:off	5:on	6:off
abrtd          	0:off	1:off	2:off	3:on	4:off	5:on	6:off
acpid          	0:off	1:off	2:on	3:on	4:on	5:on	6:off
atd            	0:off	1:off	2:off	3:on	4:on	5:on	6:off
auditd         	0:off	1:off	2:on	3:on	4:on	5:on	6:off
autofs         	0:off	1:off	2:off	3:on	4:on	5:on	6:off
blk-availability	0:off	1:on	2:on	3:on	4:on	5:on	6:off
bluetooth      	0:off	1:off	2:off	3:on	4:on	5:on	6:off
cba8           	0:off	1:off	2:off	3:on	4:on	5:on	6:off
certmonger     	0:off	1:off	2:off	3:on	4:on	5:on	6:off
cgconfig       	0:off	1:off	2:off	3:off	4:off	5:off	6:off
cgred          	0:off	1:off	2:off	3:off	4:off	5:off	6:off
clvmd          	0:off	1:off	2:off	3:off	4:off	5:off	6:off
cman           	0:off	1:off	2:off	3:off	4:off	5:off	6:off
corosync       	0:off	1:off	2:off	3:off	4:off	5:off	6:off
cpglockd       	0:off	1:off	2:off	3:off	4:off	5:off	6:off
cpuspeed       	0:off	1:on	2:on	3:on	4:on	5:on	6:off
crond          	0:off	1:off	2:on	3:on	4:on	5:on	6:off
cups           	0:off	1:off	2:on	3:on	4:on	5:on	6:off
dnsmasq        	0:off	1:off	2:off	3:off	4:off	5:off	6:off
ds_agent       	0:off	1:off	2:on	3:on	4:on	5:on	6:off
firstboot      	0:off	1:off	2:off	3:off	4:off	5:off	6:off
gfs2           	0:off	1:off	2:off	3:off	4:off	5:off	6:off
goferd         	0:off	1:off	2:on	3:on	4:on	5:on	6:off
haldaemon      	0:off	1:off	2:off	3:on	4:on	5:on	6:off
htcacheclean   	0:off	1:off	2:off	3:off	4:off	5:off	6:off
httpd          	0:off	1:off	2:off	3:off	4:off	5:off	6:off
ip6tables      	0:off	1:off	2:on	3:on	4:on	5:on	6:off
ipmievd        	0:off	1:off	2:off	3:off	4:off	5:off	6:off
iptables       	0:off	1:off	2:off	3:off	4:off	5:off	6:off
irqbalance     	0:off	1:off	2:off	3:on	4:on	5:on	6:off
kdump          	0:off	1:off	2:on	3:on	4:on	5:on	6:off
libvirt-guests 	0:off	1:off	2:on	3:on	4:on	5:on	6:off
lvm2-monitor   	0:off	1:on	2:on	3:on	4:on	5:on	6:off
mcelogd        	0:off	1:off	2:off	3:on	4:off	5:on	6:off
mdmonitor      	0:off	1:off	2:on	3:on	4:on	5:on	6:off
messagebus     	0:off	1:off	2:on	3:on	4:on	5:on	6:off
modclusterd    	0:off	1:off	2:off	3:off	4:off	5:off	6:off
multipathd     	0:off	1:off	2:off	3:off	4:off	5:off	6:off
mysqld         	0:off	1:off	2:off	3:off	4:off	5:off	6:off
ncpa_listener  	0:off	1:off	2:on	3:on	4:on	5:on	6:off
ncpa_passive   	0:off	1:off	2:on	3:on	4:on	5:on	6:off
netconsole     	0:off	1:off	2:off	3:off	4:off	5:off	6:off
netfs          	0:off	1:off	2:off	3:off	4:off	5:off	6:off
network        	0:off	1:off	2:on	3:on	4:on	5:on	6:off
nfs            	0:off	1:off	2:off	3:off	4:off	5:off	6:off
nfs-rdma       	0:off	1:off	2:off	3:off	4:off	5:off	6:off
nfslock        	0:off	1:off	2:off	3:off	4:off	5:off	6:off
nntgen7agent   	0:off	1:off	2:on	3:on	4:off	5:on	6:off
ntpd           	0:off	1:off	2:on	3:on	4:on	5:on	6:off
ntpdate        	0:off	1:off	2:off	3:off	4:off	5:off	6:off
numad          	0:off	1:off	2:off	3:off	4:off	5:off	6:off
oddjobd        	0:off	1:off	2:off	3:off	4:off	5:off	6:off
openct         	0:off	1:off	2:on	3:on	4:on	5:on	6:off
pcscd          	0:off	1:off	2:off	3:on	4:on	5:on	6:off
portreserve    	0:off	1:off	2:on	3:on	4:on	5:on	6:off
postfix        	0:off	1:off	2:on	3:on	4:on	5:on	6:off
pppoe-server   	0:off	1:off	2:off	3:off	4:off	5:off	6:off
psacct         	0:off	1:off	2:off	3:off	4:off	5:off	6:off
puppet         	0:off	1:off	2:on	3:on	4:on	5:on	6:off
pxp-agent      	0:off	1:off	2:on	3:on	4:on	5:on	6:off
quota_nld      	0:off	1:off	2:off	3:off	4:off	5:off	6:off
rdisc          	0:off	1:off	2:off	3:off	4:off	5:off	6:off
rdma           	0:off	1:on	2:on	3:on	4:on	5:on	6:off
restorecond    	0:off	1:off	2:off	3:off	4:off	5:off	6:off
rgmanager      	0:off	1:off	2:off	3:off	4:off	5:off	6:off
rhnsd          	0:off	1:off	2:off	3:off	4:off	5:off	6:off
rhsmcertd      	0:off	1:off	2:off	3:on	4:on	5:on	6:off
ricci          	0:off	1:off	2:off	3:off	4:off	5:off	6:off
rngd           	0:off	1:off	2:off	3:off	4:off	5:off	6:off
rpcbind        	0:off	1:off	2:on	3:on	4:on	5:on	6:off
rpcgssd        	0:off	1:off	2:off	3:on	4:on	5:on	6:off
rpcsvcgssd     	0:off	1:off	2:off	3:off	4:off	5:off	6:off
rsyslog        	0:off	1:off	2:on	3:on	4:on	5:on	6:off
saslauthd      	0:off	1:off	2:off	3:off	4:off	5:off	6:off
smartd         	0:off	1:off	2:off	3:off	4:off	5:off	6:off
spice-vdagentd 	0:off	1:off	2:off	3:off	4:off	5:on	6:off
sshd           	0:off	1:off	2:on	3:on	4:on	5:on	6:off
sssd           	0:off	1:off	2:off	3:off	4:off	5:off	6:off
sysstat        	0:off	1:on	2:on	3:on	4:on	5:on	6:off
