
dccebrsma10.w2k.bnm.gov.my
eth0 eth3 eth4 bond01:192.168.2.10/16 192.168.8.68/21
2.6.32-754.47.1.el6.x86_64
 11:16:57 up 48 days, 14:24,  1 user,  load average: 0.43, 0.36, 0.41
kernel-2.6.32-754.48.1.el6.x86_64             Fri 19 Aug 2022 08:50:14 PM +08
kernel-2.6.32-754.47.1.el6.x86_64             Fri 24 Jun 2022 10:11:04 PM +08
kernel-2.6.32-754.43.1.el6.x86_64             Sat 19 Mar 2022 12:22:59 AM +08
Red Hat Enterprise Linux Server release 6.10 (Santiago)
Intel(R) Xeon(R) CPU E5-2630 v4 @ 2.20GHz
128942 MB
4 of 9

CPU usage is below the threshold (Which is 80%)
Memory Usage is below the threshold (Which is 80%)

Memory free 85
Used	Avail	Use%	Mounted
1.3G	33%	/	
1.1G	62G	2%	/dev/shm
924M	1%	/appl	
111M	352M	24%	/boot
4.6G	3%	/home	
3.6G	23%	/opt	
1.9G	1%	/tmp	
2.1G	56%	/usr	
1.4G	81%	/var	
2.0G	59%	/var/log	
899M	3%	/var/log/audit	
122G	74%	/opt/simpana	
157G	67%	/IndexCache	
1.5T	7%	/DCCMA10GDDB/DDB	
1.6T	81%	/DCCMA01_Disk10	
2.7T	67%	/DCCMA01_Disk11	
1.4T	83%	/DCCMA01_Disk12	
2.3T	72%	/DCCMA01_Disk13	
1.6T	82%	/DCCMA01_Disk14	
2.0T	77%	/DCCMA01_Disk15	
1.8T	79%	/DCCMA01_Disk16	
4.0T	51%	/DCCMA01_Disk17	
3.7T	55%	/DCCMA02_Disk6	
2.4T	71%	/DCCMA02_Disk7	
2.4T	71%	/DCCMA02_Disk8	
1.5T	83%	/DCCMA02_Disk9	
2.0T	77%	/DCCMA02_Disk10	
2.2T	73%	/DCCMA02_Disk11	
2.1T	75%	/DCCMA02_Disk12	
1.5T	82%	/DCCMA02_Disk13	
1.1T	87%	/DCCMA03_Disk6	
1.8T	79%	/DCCMA03_Disk7	
1.7T	80%	/DCCMA03_Disk8	
2.4T	71%	/DCCMA03_Disk9	
2.6T	68%	/DCCMA03_Disk10	
2.1T	75%	/DCCMA03_Disk11	
953G	89%	/DCCMA03_Disk12	
2.3T	73%	/DCCMA03_Disk13	
2.6T	68%	/DCCMA04_Disk5	
2.3T	72%	/DCCMA04_Disk6	
1.7T	80%	/DCCMA04_Disk7	
2.8T	67%	/DCCMA04_Disk8	
3.1T	62%	/DCCMA04_Disk9	
1.6T	81%	/DCCMA04_Disk10	
3.8T	54%	/DCCMA04_Disk11	
953G	89%	/DCCMA04_Disk12	
3.0T	64%	/DCCMA05_Disk3	
2.2T	73%	/DCCMA05_Disk4	
1.7T	80%	/DCCMA05_Disk5	
968G	89%	/DCCMA05_Disk6	
1.6T	81%	/DCCMA05_Disk7	
1.5T	82%	/DCCMA05_Disk8	
2.5G	100%	/DCCMA05_Disk9	
3.0T	64%	/DCCMA05_Disk10	
3.1T	62%	/DCCMA06_Disk1	
3.5T	57%	/DCCMA06_Disk2	
3.9T	52%	/DCCMA06_Disk3	
2.2T	74%	/DCCMA06_Disk4	
1.4T	83%	/DCCMA06_Disk5	
2.7T	68%	/DCCMA06_Disk6	
2.2T	73%	/DCCMA06_Disk7	
2.7T	67%	/DCCMA06_Disk8	
1.5T	82%	/DCCMA07_Disk1	
184G	96%	/DCCMA01_Disk19	
152G	97%	/DCCMA01_Disk20	
383G	91%	/DCCMA01_Disk21	
950G	8%	/DCCMA01_Disk22	
2.0T	1%	/DCCMA01_Disk23	
793G	81%	/DCCMA02_Disk14	
252G	94%	/DCCMA02_Disk15	
964G	6%	/DCCMA02_Disk16	
2.0T	1%	/DCCMA02_Disk17	
398G	91%	/DCCMA03_Disk14	
1.8G	100%	/DCCMA03_Disk15	
757G	27%	/DCCMA03_Disk16	
83G	98%	/DCCMA04_Disk13	
954G	77%	/DCCMA04_Disk14	
712G	31%	/DCCMA04_Disk15	
8.0T	1%	/DCCMA04_Disk16	
8.0T	1%	/DCCMA04_Disk17	
8.0T	1%	/DCCMA04_Disk18	
8.0T	1%	/DCCMA04_Disk19	
812G	81%	/DCCMA05_Disk11	
768G	26%	/DCCMA05_Disk12	
8.0T	1%	/DCCMA05_Disk13	
8.0T	1%	/DCCMA05_Disk14	
8.0T	1%	/DCCMA05_Disk15	
8.0T	1%	/DCCMA05_Disk16	
2.5T	69%	/DCCMA07_Disk2	
4.0T	51%	/DCCMA07_Disk3	
1.3T	85%	/DCCMA07_Disk4	
2.9T	64%	/DCCMA07_Disk5	
3.6T	56%	/DCCMA07_Disk6	
2.7T	68%	/DCCMA07_Disk7	
2.3T	73%	/DCCMA08_Disk1	
3.1T	62%	/DCCMA08_Disk2	
623G	93%	/DCCMA08_Disk3	
799G	91%	/DCCMA08_Disk4	
61G	100%	/DCCMA08_Disk5	
2.1T	75%	/DCCMA08_Disk6	
3.9T	52%	/DCCMA08_Disk7	
2.7T	67%	/DCCMA08_Disk8	
1.1T	88%	/DCCMA09_Disk1	
97G	99%	/DCCMA09_Disk2	
1.6T	82%	/DCCMA09_Disk3	
708G	92%	/DCCMA09_Disk4	
1.3T	85%	/DCCMA09_Disk5	
1.4T	83%	/DCCMA09_Disk6	
71G	100%	/DCCMA09_Disk7	
3.0T	63%	/DCCMA09_Disk8	
3.4T	59%	/DCCMA10_Disk1	
3.0T	64%	/DCCMA10_Disk2	
424G	95%	/DCCMA10_Disk3	
258G	97%	/DCCMA10_Disk4	
4.0G	100%	/DCCMA10_Disk5	
3.5T	57%	/DCCMA10_Disk6	
1.2T	86%	/DCCMA10_Disk7	
84G	99%	/DCCMA10_Disk8	
46G	100%	/DCCMA11_Disk1	
124G	99%	/DCCMA11_Disk2	
2.5G	100%	/DCCMA11_Disk3	
989G	88%	/DCCMA11_Disk4	
3.2T	61%	/DCCMA11_Disk5	
2.2G	100%	/DCCMA11_Disk7	
3.5T	57%	/DCCMA11_Disk8	
131G	99%	/DCCMA11_Disk9	
434G	95%	/DCCMA11_Disk10	
1.4T	83%	/DCCMA11_Disk11	
1.6T	81%	/DCCMA10_Disk9	
8.0T	1%	/DCCMA10_Disk10	
8.0T	1%	/DCCMA10_Disk11	
8.0T	1%	/DCCMA10_Disk12	
8.0T	1%	/DCCMA10_Disk13	
8.0T	1%	/DCCMA10_Disk14	
8.0T	1%	/DCCMA10_Disk15	
8.0T	1%	/DCCMA10_Disk16	
2.3T	72%	/DCCMA11_Disk12	
2.4T	71%	/DCCMA11_Disk13	
2.5T	70%	/DCCMA11_Disk14	
1.4T	84%	/DCCMA11_Disk15	
3.1T	62%	/DCCMA11_Disk16	
2.6T	69%	/DCCMA11_Disk17	
3.7T	54%	/DCCMA11_Disk18	
3.1T	62%	/DCCMA11_Disk19	
2.5T	70%	/DCCMA12_Disk1	
4.0T	51%	/DCCMA12_Disk2	
2.7T	67%	/DCCMA12_Disk3	
8.0T	1%	/DCCMA12_Disk4	
8.0T	1%	/DCCMA12_Disk5	
8.0T	1%	/DCCMA12_Disk6	
8.0T	1%	/DCCMA12_Disk7	
8.0T	1%	/DCCMA12_Disk8	
8.0T	1%	/DCCMA13_Disk1	
8.0T	1%	/DCCMA13_Disk2	
8.0T	1%	/DCCMA13_Disk3	
8.0T	1%	/DCCMA13_Disk4	
8.0T	1%	/DCCMA13_Disk5	
8.0T	1%	/DCCMA13_Disk6	
8.0T	1%	/DCCMA13_Disk7	
8.0T	1%	/DCCMA13_Disk8	
298G	97%	/DCCMA11_Disk20	
349G	96%	/DCCMA11_Disk21	
292G	97%	/DCCMA12_Disk9	
1.5T	82%	/DCCMA12_Disk10	
3.1T	62%	/DCCMA12_Disk11	
1.9T	78%	/DCCMA12_Disk12	
2.4T	71%	/DCCMA12_Disk13	
3.0T	64%	/DCCMA12_Disk15	
1.3T	85%	/DCCMA12_Disk16	
1.8T	78%	/DCCMA12_Disk17	
2.6G	100%	/DCCMA12_Disk18	
1.6T	81%	/DCCMA13_Disk14	
1.2T	86%	/DCCMA13_Disk15	
2.1T	75%	/DCCMA13_Disk16	
2.5T	70%	/DCCMA13_Disk17	
2.7T	67%	/DCCMA13_Disk18	
709G	92%	/DCCMA06_Disk09	
51G	100%	/DCCMA06_Disk10	
268G	97%	/DCCMA06_Disk11	
2.1T	75%	/DCCMA06_Disk12	
537G	94%	/DCCMA06_Disk14	
2.8T	67%	/DCCMA06_Disk15	
8.0T	1%	/DCCMA12_Disk14	
2.7T	35%	/DCCMA07_Disk9	
5.2T	36%	/DCCMA09_Disk10	
6.6T	18%	/DCCMA09_Disk11	
3.5G	100%	/DCCMA09_Disk12	
8.0T	2%	/DCCMA09_Disk13	
7.9T	2%	/DCCMA09_Disk09	

48 days,
ntpd (pid  37383) is running...
ntpd           	0:off	1:off	2:on	3:on	4:on	5:on	6:off

Sat 10 Sep 2022 11:16:58 AM ZONE="Asia/Kuala_Lumpur"
Sat 10 Sep 2022 11:16:59 AM +08  -0.643383 seconds
ntpd (pid  37383) is running...
server 10.10.10.75 iburst
server 10.10.10.76 iburst


Linux 2.6.32-754.47.1.el6.x86_64 (dccebrsma10.w2k.bnm.gov.my) 	09/10/2022 	_x86_64_	(40 CPU)

11:16:59 AM     CPU     %user     %nice   %system   %iowait    %steal     %idle
11:17:01 AM     all      0.01      0.00      0.49      0.01      0.00     99.49
11:17:03 AM     all      0.20      0.00      0.40      0.00      0.00     99.40
11:17:05 AM     all      0.06      0.00      0.45      0.00      0.00     99.49
11:17:07 AM     all      0.03      0.00      0.39      0.01      0.00     99.57
11:17:09 AM     all      0.03      0.00      0.46      0.00      0.00     99.51
Average:        all      0.07      0.00      0.44      0.01      0.00     99.49
Average:        all      0.46      0.00      1.54      0.10      0.00     97.89

             total       used       free     shared    buffers     cached
Mem:        128942     127052       1890       1311       1980     106329
-/+ buffers/cache:      18742     110200
Swap:            0          0          0
Total:      128942     127052       1890


Linux 2.6.32-754.47.1.el6.x86_64 (dccebrsma10.w2k.bnm.gov.my) 	09/10/2022 	_x86_64_	(40 CPU)

09/10/2022 11:17:09 AM
Device:            tps    MB_read/s    MB_wrtn/s    MB_read    MB_wrtn
sdd               0.84         0.01         0.08      32923     332999
sde               0.76         0.00         0.07      16167     292510
sdf               0.75         0.01         0.04      35222     153827
sdh               1.86         0.01         0.24      45539    1027713
sda             111.33         0.08         0.42     352310    1780363
sdg               0.62         0.00         0.03      20248     130195
sdb              37.29         1.22         0.38    5104757    1585439
sdk               0.80         0.00         0.07      14540     299303
sdj               0.72         0.00         0.00      11339       3119
sdi               1.39         0.01         0.00      22326       2780
sdl               0.82         0.00         0.00      12886       8154
sdm               0.96         0.00         0.00      15216        382
sdn               0.88         0.00         0.00      13956        319
sdc              43.69         1.84         0.60    7737747    2539775
sdo               0.74         0.00         0.00      11785        494
sdp               1.20         0.01         0.09      45282     393013
sdq               0.76         0.00         0.00      11940       4663
sdr               0.89         0.00         0.00      14180        342
sds               0.80         0.00         0.00      12533       4376
sdt               1.22         0.03         0.13     129801     527043
sdv               0.76         0.01         0.05      29907     216663
sdu               0.84         0.00         0.00      13216       3121
sdx               0.06         0.00         0.00       1035          0
sdw               0.85         0.02         0.05     101392     206718
sdaa              0.82         0.00         0.08      18995     317910
sdy               0.06         0.00         0.00       1035          0
sdz               0.06         0.00         0.00       1035          0
sdac              0.06         0.00         0.00       1035          0
sdad              0.06         0.00         0.00       1035          0
sdae              0.06         0.00         0.00       1035          0
sdah              1.05         0.01         0.09      58555     362128
sdag              0.06         0.00         0.00       1035          0
sdak              0.89         0.01         0.08      32407     334934
sdaf              0.84         0.00         0.11      19369     453829
sdab              0.06         0.00         0.00       1035          0
sdaj              0.06         0.00         0.00       1035          0
sdam              0.62         0.01         0.03      28525     145384
sdat              0.68         0.00         0.03      18761     127422
sdan              0.06         0.00         0.00       1029          0
sdaw              0.74         0.01         0.07      22499     291174
sdal              0.06         0.00         0.00       1029          0
sdaq              0.81         0.01         0.08      23161     336859
sdbb              0.76         0.00         0.07      16161     292434
sdar              0.06         0.00         0.00       1029          0
sdaz              0.84         0.01         0.08      32945     332970
sdba              0.80         0.00         0.07      19454     292850
sdbh              1.26         0.01         0.20      43937     837983
sdbg              0.62         0.00         0.03      20258     130206
sdbc              1.20         0.01         0.14      26048     605228
sdbd              0.77         0.01         0.06      24746     258101
sdbf              0.83         0.01         0.08      30056     355775
sdbe              0.75         0.01         0.04      35234     153696
sdbj              0.80         0.00         0.07      14550     299327
sdbk              0.91         0.01         0.06      43146     241699
sdap              0.06         0.00         0.00       1029          0
sdbi              1.86         0.01         0.24      45510    1027680
sdbm              1.20         0.01         0.09      45382     393057
sdav              0.06         0.00         0.00       1029          0
sdas              0.06         0.00         0.00       1029          0
sdau              0.06         0.00         0.00       1029          0
sdax              0.06         0.00         0.00       1029          0
sday              0.06         0.00         0.00       1029          0
sdai              0.06         0.00         0.00       1035          0
sdao              0.06         0.00         0.00       1029          0
sdbn              1.32         0.04         0.16     149969     660674
sdbp              0.76         0.01         0.05      29890     216664
sdbr              0.85         0.02         0.05     101402     206828
sdbl              0.96         0.01         0.11      37764     454839
sdbq              0.61         0.01         0.02      25492      84719
sdbs              0.67         0.00         0.04      15980     188923
sdbo              1.22         0.03         0.13     129905     527242
sdbv              0.75         0.00         0.08      20448     319062
sdbt              0.82         0.00         0.08      18953     318054
sdbu              0.99         0.01         0.11      39281     474674
sdbw              0.84         0.00         0.11      19365     453771
sdbz              0.89         0.01         0.08      32366     334825
sdbx              1.05         0.01         0.09      58528     362093
sdcb              0.80         0.01         0.06      32987     248223
sdcc              0.62         0.01         0.03      28550     145223
sdcd              0.67         0.00         0.04      16755     168730
sdce              0.81         0.01         0.08      23232     336804
sdcg              0.68         0.00         0.03      18777     127377
sdcf              1.73         0.01         0.27      40694    1147994
sdca              0.96         0.00         0.11      17555     462722
sdch              0.74         0.01         0.07      22509     291186
sdby              0.87         0.00         0.09      17769     369377
sdcj              0.70         0.00         0.06      16779     260980
sdck              0.80         0.00         0.07      19448     293001
sdcm              0.77         0.01         0.04      37744     174728
sdcn              1.20         0.01         0.14      26041     605283
sdcl              0.67         0.01         0.04      22883     172020
sdcr              0.22         0.00         0.00       3600          0
sdci              0.85         0.00         0.09      19074     390811
sdct              1.26         0.01         0.20      43926     837902
sdcs              0.81         0.01         0.05      29143     208710
sdcw              0.96         0.01         0.11      37759     454952
sdcq              0.83         0.01         0.08      30061     355750
sdcp              1.01         0.03         0.06     128334     254262
sdcv              0.91         0.01         0.06      43164     241587
sdcy              1.32         0.04         0.16     149927     660618
sddb              0.61         0.01         0.02      25491      84671
sdcu              0.77         0.01         0.03      25355     135704
sdcz              0.27         0.00         0.00       4389          0
sddc              0.64         0.00         0.02      18939      84991
sdco              0.77         0.01         0.06      24747     258072
sdde              0.99         0.01         0.11      39271     474821
sdda              0.28         0.00         0.00       4422        152
sddk              0.82         0.00         0.06      17400     256796
sddg              0.75         0.00         0.08      20469     318813
sddf              0.79         0.00         0.04      17116     177826
sddj              0.87         0.00         0.09      17771     369229
sddd              0.67         0.00         0.04      15977     188765
sddh              0.27         0.00         0.00       4389          0
sddl              0.96         0.00         0.11      17544     462718
sddi              0.28         0.00         0.00       4424        147
sddn              1.13         0.01         0.07      25957     287340
sdcx              0.75         0.00         0.04      14956     164652
sddm              0.80         0.01         0.06      32974     248144
sddo              0.67         0.00         0.04      16727     168758
sddp              0.27         0.00         0.00       4392          0
sddq              0.96         0.01         0.09      33997     362364
sdds              0.88         0.01         0.08      28807     323334
sddu              0.70         0.00         0.06      16794     260850
sddw              0.67         0.01         0.04      22872     172159
sddx              0.27         0.00         0.00       4388          0
sddr              1.73         0.01         0.27      40725    1148086
sddy              0.27         0.00         0.00       4388          0
sddv              0.27         0.00         0.00       4389          0
sdea              0.27         0.00         0.00       4388          0
sdeg              0.27         0.00         0.00       4389          0
sddt              0.85         0.00         0.09      19079     390719
sdec              0.22         0.00         0.00       3600          0
sdeh              0.77         0.01         0.03      25350     135577
sdel              0.27         0.00         0.00       4388          0
sdef              0.86         0.01         0.05      62220     202675
sded              0.27         0.00         0.00       4388          0
sdep              0.64         0.00         0.02      18919      85055
sdek              0.27         0.00         0.00       4389          0
sdes              0.27         0.00         0.00       4389          0
sder              0.79         0.00         0.04      17117     177835
sdev              1.36         0.01         0.16      39574     655782
sddz              0.77         0.01         0.04      37746     174945
sdei              0.27         0.00         0.00       4389          0
sdeb              1.01         0.03         0.06     128367     254080
sdee              0.81         0.01         0.05      29155     208697
sdeo              0.27         0.00         0.00       4388          0
sdet              0.99         0.01         0.05      21707     217342
sdeq              0.83         0.01         0.05      27918     210692
sdfc              1.82         0.06         0.05     255489     205948
sdew              1.15         0.01         0.11      43394     451527
sdey              1.52         0.01         0.10      60076     440266
sden              0.27         0.00         0.00       4388          0
sdfe              0.91         0.01         0.02      56447      82283
sdff              0.88         0.01         0.08      28791     323453
sdex              0.82         0.00         0.06      17390     257091
sdej              0.75         0.00         0.04      14968     164767
sdfg              1.05         0.01         0.07      24286     304751
sdfb              0.27         0.00         0.00       4392          0
sdem              0.28         0.00         0.00       4423        153
sdfd              0.96         0.01         0.09      34002     362308
sdfn              0.97         0.00         0.07      17951     280791
sdfl              1.02         0.01         0.05      58689     206321
sdez              1.13         0.01         0.07      25862     287224
sdft              0.27         0.00         0.00       4390          0
sdfa              0.84         0.01         0.06      23493     236188
sdfj              0.27         0.00         0.00       4389          0
sdfk              1.03         0.01         0.04      29338     178731
sdfr              1.99         0.01         0.10      57734     438462
sdfh              0.27         0.00         0.00       4389          0
sdeu              0.28         0.00         0.00       4424        149
sdfq              0.27         0.00         0.00       4389          0
sdfy              0.46         0.00         0.00       7188       5665
sdfx              0.41         0.00         0.00       6579        161
sdfo              0.27         0.00         0.00       4389          0
sdfp              1.44         0.01         0.18      35531     770628
sdfm              0.27         0.00         0.00       4389          0
sdfz              0.27         0.00         0.00       4389          0
sdfw              0.34         0.00         0.00       5328        299
sdgb              0.68         0.00         0.00      10934        186
sdfs              0.86         0.01         0.05      62238     202737
sdgd              0.36         0.00         0.00       5716        341
sdge              0.83         0.01         0.05      27904     210732
sdgh              0.99         0.01         0.05      21696     217488
sdgi              0.41         0.00         0.00       6335       4675
sdgg              0.37         0.00         0.00       5816       1027
sdgc              0.27         0.00         0.00       4389          0
sdfi              1.06         0.01         0.05      24553     190233
sdga              0.27         0.00         0.00       4388          0
sdfu              0.32         0.00         0.00       4940       1165
sdgf              0.32         0.00         0.00       4963        737
sdgl              0.53         0.00         0.00       8428        161
sdgn              1.52         0.01         0.10      60125     439970
sdfv              0.27         0.00         0.00       4388          0
sdgq              0.35         0.00         0.00       5457        173
sdgm              0.40         0.00         0.00       6242       2276
sdgp              0.84         0.01         0.06      23471     236185
sdgu              0.40         0.00         0.00       6222       2235
sdgv              0.37         0.00         0.00       5802        199
sdgy              1.06         0.01         0.05      24584     190359
sdgo              0.41         0.00         0.00       6453        162
sdgr              1.82         0.06         0.05     255176     205888
sdgx              0.34         0.00         0.00       5353        289
sdhc              0.52         0.02         0.00      77300        267
sdgw              1.05         0.01         0.07      24297     304512
sdgz              1.03         0.01         0.04      29338     178533
sdhf              0.48         0.00         0.00       7685        157
sdhd              0.38         0.00         0.00       6005        363
sdgt              0.91         0.01         0.02      56457      82309
sdgk              1.15         0.01         0.11      43399     451339
sdha              0.36         0.00         0.00       5538       4909
sdhi              1.99         0.01         0.10      57715     438542
sdhg              1.44         0.01         0.18      35523     770556
sdhj              0.43         0.00         0.00       6816        322
sdhb              1.02         0.01         0.05      58664     206217
sdhm              0.06         0.00         0.00       1035          0
sdhq              0.06         0.00         0.00       1035          0
sdhn              0.06         0.00         0.00       1035          0
sdhk              0.41         0.00         0.00       6399       2715
sdho              0.34         0.00         0.00       5329        291
sdhs              0.06         0.00         0.00       1035          0
sdgs              0.35         0.00         0.00       5556        169
sdgj              1.36         0.01         0.16      39462     655523
sdhe              0.97         0.00         0.07      17945     280862
sdhw              0.06         0.00         0.00       1035          0
sdhx              0.06         0.00         0.00       1036          0
sdhl              0.32         0.00         0.00       4940       1169
sdhp              0.06         0.00         0.00       1036          0
sdhh              0.35         0.00         0.00       5468        243
sdia              0.36         0.00         0.00       5716        338
sdhv              0.06         0.00         0.00       1035          0
sdht              0.06         0.00         0.00       1035          0
sdhy              0.68         0.00         0.00      10935        188
sdhz              0.06         0.00         0.00       1036          0
sdic              0.06         0.00         0.00       1036          0
sdhr              0.41         0.00         0.00       6578        159
sdie              0.06         0.00         0.00       1036          0
sdid              0.32         0.00         0.00       4963        749
sdig              0.06         0.00         0.00       1036          0
sdik              0.41         0.00         0.00       6334       4705
sdif              0.37         0.00         0.00       5815       1017
sdib              0.06         0.00         0.00       1036          0
sdhu              0.46         0.00         0.00       7188       5719
sdip              0.40         0.00         0.00       6243       2292
sdir              0.06         0.00         0.00       1030          0
sdim              0.06         0.00         0.00       1036          0
sdiu              0.06         0.00         0.00       1030          0
sdjc              0.40         0.00         0.00       6221       2242
sdiq              0.41         0.00         0.00       6453        161
sdii              0.06         0.00         0.00       1036          0
sdij              0.06         0.00         0.00       1036          0
sdin              0.53         0.00         0.00       8429        162
sdje              0.37         0.00         0.00       5801        205
sdjl              0.36         0.00         0.00       5536       4944
sdit              0.06         0.00         0.00       1030          0
sdjg              0.06         0.00         0.00       1030          0
sdjb              0.06         0.00         0.00       1030          0
sdjh              0.34         0.00         0.00       5354        296
sdiv              0.35         0.00         0.00       5454        173
sdji              0.06         0.00         0.00       1030          0
sdio              0.06         0.00         0.00       1036          0
sdis              0.06         0.00         0.00       1030          0
sdiw              0.06         0.00         0.00       1030          0
sdja              0.35         0.00         0.00       5557        170
sdjr              0.38         0.00         0.00       6004        365
sdjm              0.06         0.00         0.00       1030          0
sdjo              0.52         0.02         0.00      77266        265
sdjq              0.06         0.00         0.00       1030          0
sdjj              0.06         0.00         0.00       1030          0
sdiy              0.06         0.00         0.00       1030          0
sdjd              0.06         0.00         0.00       1030          0
sdjw              0.41         0.00         0.00       6397       2724
sdju              0.35         0.00         0.00       5469        244
sdjn              0.06         0.00         0.00       1030          0
sdjt              0.48         0.00         0.00       7687        157
sdjk              0.06         0.00         0.00       1030          0
sdih              0.06         0.00         0.00       1036          0
sdjs              0.06         0.00         0.00       1030          0
sdix              0.06         0.00         0.00       1030          0
sdkd              0.06         0.00         0.00       1029          0
sdkb              0.06         0.00         0.00       1029          0
sdiz              0.06         0.00         0.00       1030          0
sdjx              0.06         0.00         0.00       1029          0
sdjf              0.06         0.00         0.00       1030          0
sdjv              0.43         0.00         0.00       6815        322
sdil              0.06         0.00         0.00       1036          0
sdjz              0.06         0.00         0.00       1029          0
sdka              0.06         0.00         0.00       1029          0
sdjy              0.06         0.00         0.00       1029          0
sdkc              0.06         0.00         0.00       1029          0
sdjp              0.06         0.00         0.00       1030          0
sdke              0.06         0.00         0.00       1029          0
sdkg              0.06         0.00         0.00       1029          0
sdkj              0.27         0.00         0.00       4389          0
sdki              0.27         0.00         0.00       4388          0
sdkh              0.50         0.00         0.00       7780      18754
sdkf              0.06         0.00         0.00       1029          0
sdkl              0.27         0.00         0.00       4388          0
sdkm              0.27         0.00         0.00       4389          0
sdkn              0.27         0.00         0.00       4387          0
sdkk              0.27         0.00         0.00       4388          0
sdkr              0.99         0.01         0.05      31623     191424
sdkt              1.00         0.01         0.03      36859     134466
sdku              1.23         0.00         0.12      20463     518557
sdkp              0.93         0.01         0.06      24708     231188
sdks              1.36         0.01         0.10      24792     421532
sdkv              1.25         0.01         0.11      40604     445815
sdkq              1.21         0.01         0.06      27602     234987
sdkx              1.73         0.01         0.05      52183     193417
sdkw              1.54         0.00         0.21      20981     870653
sdko              0.27         0.00         0.00       4389          0
sdkz              1.02         0.01         0.05      52128     222192
sdky              1.47         0.01         0.14      22556     567442
sdlc              0.27         0.00         0.00       4388          0
sdlb              0.27         0.00         0.00       4388          0
sdle              0.27         0.00         0.00       4388          0
sdla              0.27         0.00         0.00       4389          0
sdld              0.50         0.00         0.00       7784      18776
sdlf              0.27         0.00         0.00       4389          0
sdli              0.27         0.00         0.00       4389          0
sdlh              0.27         0.00         0.00       4389          0
sdlj              0.27         0.00         0.00       4388          0
sdln              0.27         0.00         0.00       4389          0
sdlo              0.27         0.00         0.00       4389          0
sdlg              0.27         0.00         0.00       4389          0
sdlk              0.27         0.00         0.00       4389          0
sdlq              0.27         0.00         0.00       4389          0
sdlp              0.27         0.00         0.00       4390          0
sdls              0.27         0.00         0.00       4388          0
sdll              0.27         0.00         0.00       4390          0
sdlt              0.27         0.00         0.00       4388          0
sdlv              0.27         0.00         0.00       4388          0
sdlw              1.21         0.01         0.06      27645     235195
sdlu              0.93         0.01         0.06      24740     231226
sdlr              0.27         0.00         0.00       4388          0
sdlm              0.27         0.00         0.00       4389          0
sdlx              0.99         0.01         0.05      31602     191265
sdly              0.33         0.00         0.00       5026       6347
sdlz              1.36         0.01         0.10      24799     421532
sdmb              1.00         0.01         0.03      36825     134469
sdmd              1.23         0.00         0.12      20447     518496
sdma              0.29         0.00         0.00       4587        178
sdme              0.30         0.00         0.00       4716        193
sdmh              1.54         0.00         0.21      20977     871226
sdmf              1.25         0.01         0.11      40564     445864
sdmi              0.30         0.00         0.00       4647       2246
sdmk              0.30         0.00         0.00       4700        185
sdmn              1.02         0.01         0.05      52131     222057
sdmj              1.73         0.01         0.05      52175     193500
sdmo              0.33         0.00         0.00       5160        311
sdml              1.47         0.01         0.14      22550     567724
sdmp              0.27         0.00         0.00       4388          0
sdmq              0.30         0.00         0.00       4636        157
sdmm              0.27         0.00         0.00       4389          0
sdmr              0.27         0.00         0.00       4389          0
sdms              0.31         0.00         0.00       4764       2957
sdmt              0.27         0.00         0.00       4389          0
sdmg              0.32         0.00         0.00       4847       2934
sdmv              0.27         0.00         0.00       4388          0
sdmu              0.62         0.00         0.07       5429     307739
sdmw              0.15         0.00         0.00       2492          0
sdmc              0.71         0.00         0.04       8273     163896
sdmx              0.33         0.00         0.00       5222        234
sdmy              0.27         0.00         0.00       4388          0
sdnb              0.37         0.00         0.00       5903        836
sdnd              0.27         0.00         0.00       4388          0
sdne              0.32         0.00         0.00       5074        389
sdnc              0.27         0.00         0.00       4389          0
sdni              0.49         0.00         0.01       6381      49344
sdng              0.27         0.00         0.00       4388          0
sdnh              0.27         0.00         0.00       4387          0
sdnm              0.43         0.00         0.01       6238      44412
sdnn              0.27         0.00         0.00       4389          0
sdnk              0.27         0.00         0.00       4389          0
sdnl              0.27         0.00         0.00       4389          0
sdnf              0.34         0.00         0.00       5336        149
sdmz              0.27         0.00         0.00       4388          0
sdna              0.34         0.00         0.00       5277       4021
sdnr              0.29         0.00         0.00       4588        179
sdno              0.38         0.00         0.00       5888       4964
sdns              0.38         0.00         0.01       5574      24075
sdnt              0.71         0.00         0.04       8270     164107
sdnp              0.33         0.00         0.00       5028       6362
sdnj              0.41         0.00         0.00       6258        395
sdnv              0.32         0.00         0.00       5122        328
sdnu              0.30         0.00         0.00       4717        195
sdnq              0.31         0.00         0.00       4823       2457
sdnw              0.32         0.00         0.00       5076       3002
sdny              0.30         0.00         0.00       4645       2266
sdoa              0.32         0.00         0.00       5139       2385
sdnz              0.41         0.00         0.00       6573        328
sdnx              0.32         0.00         0.00       4847       2939
sdob              0.30         0.00         0.00       4700        184
sdoe              0.27         0.00         0.00       4389          0
sdof              0.33         0.00         0.00       5161        310
sdog              0.30         0.00         0.00       4633        156
sdoi              0.62         0.00         0.07       5429     307436
sdoc              0.27         0.00         0.00       4389          0
sdol              0.34         0.00         0.00       5278       4023
sdoh              0.31         0.00         0.00       4764       2975
sdoj              0.15         0.00         0.00       2492          0
sdod              0.32         0.00         0.00       5110       2600
sdok              0.33         0.00         0.00       5224        234
sdon              0.32         0.00         0.00       5076        392
sdoq              0.41         0.00         0.00       6256        398
sdom              0.37         0.00         0.00       5902        840
sdos              0.38         0.00         0.00       5889       4906
sdoo              0.34         0.00         0.00       5337        149
sdop              0.49         0.00         0.01       6378      49301
sdor              0.43         0.00         0.01       6241      44479
sdox              0.41         0.00         0.00       6574        329
sdoy              0.32         0.00         0.00       5139       2391
sdov              0.32         0.00         0.00       5120        327
sdpa              0.27         0.00         0.00       4388          0
sdot              0.31         0.00         0.00       4825       2474
sdou              0.38         0.00         0.01       5574      24043
sdoz              0.32         0.00         0.00       5111       2587
sdow              0.32         0.00         0.00       5076       3021
vg00-lv_root    100.83         0.00         0.39       5167    1650363
dccebrsma01_disk10     1.63         0.02         0.16      65421     665969
dccebrsma01_disk11     1.45         0.01         0.14      31882     584945
dccebrsma01_disk12     1.45         0.02         0.07      70010     307523
dccebrsma02_disk7     3.59         0.02         0.49      90603    2055394
dccebrsma02_disk6     1.19         0.01         0.06      40061     260402
mpathb           37.27         1.22         0.38    5104534    1585439
dccebrsma02_disk8     1.54         0.01         0.14      28644     598631
dccebrsma11_disk3     0.65         0.00         0.00      10303       3119
dccebrsma11_disk4     1.32         0.01         0.00      21290       2780
dccebrsma01_disk10p1     1.81         0.02         0.16      64951     665969
dccebrsma11_disk2     0.75         0.00         0.00      11850       8154
dccebrsma01_disk11p1     1.62         0.01         0.14      31412     584945
dccebrsma01_disk12p1     1.57         0.02         0.07      69540     307523
dccebrsma11_disk11     0.89         0.00         0.00      14179        382
dccebrsma02_disk7p1     4.40         0.02         0.49      90133    2055394
dccebrsma11_disk9     0.81         0.00         0.00      12920        319
mpathc           43.68         1.84         0.60    7737523    2539775
dccebrsma02_disk8p1     1.73         0.01         0.14      28174     598631
dccebrsma11_disk8     0.67         0.00         0.00      10749        494
dccebrsma11_disk3p1     0.63         0.00         0.00       9833       3119
dccebrsma03_disk6     2.31         0.02         0.19      90218     786070
dccebrsma02_disk6p1     1.30         0.01         0.06      39591     260402
dccebrsma11_disk4p1     1.30         0.00         0.00      20821       2780
dccebrsma11_disk5     0.69         0.00         0.00      10904       4663
dccebrsma11_disk2p1     0.73         0.00         0.00      11381       8154
dccebrsma11_disk1     0.82         0.00         0.00      13144        342
dccebrsma11_disk11p1     0.87         0.00         0.00      13710        382
dccebrsma11_disk10     0.73         0.00         0.00      11497       4376
dccebrsma03_disk7     2.38         0.06         0.25     259261    1054285
dccebrsma11_disk8p1     0.65         0.00         0.00      10279        494
dccebrsma11_disk5p1     0.68         0.00         0.00      10434       4663
dccebrsma03_disk8     1.46         0.01         0.10      59351     433328
dccebrsma03_disk6p1     2.61         0.02         0.19      89748     786070
mpathcp1        469.71         1.84         0.60    7737053    2539775
dccebrsma11_disk7     0.77         0.00         0.00      12180       3121
dccebrsma04_disk5     1.65         0.05         0.10     202348     413546
dccebrsma04_disk6     1.57         0.01         0.15      37502     635964
dccebrsma05_disk3     2.03         0.03         0.17     116637     724222
dccebrsma11_disk1p1     0.80         0.00         0.00      12675        342
dccebrsma05_disk4     1.72         0.02         0.16      64327     669759
dccebrsma04_disk7     1.63         0.01         0.22      38288     907601
dccebrsma11_disk10p1     0.71         0.00         0.00      11027       4376
dccebrsma03_disk7p1     2.67         0.06         0.25     258791    1054285
dccebrsma05_disk5     1.19         0.01         0.07      56629     290608
dccebrsma01_disk14     1.31         0.01         0.06      37092     254799
dccebrsma11_disk7p1     0.74         0.00         0.00      11710       3121
dccebrsma04_disk5p1     1.79         0.05         0.10     201878     413546
dccebrsma03_disk8p1     1.60         0.01         0.10      58881     433328
dccebrsma05_disk3p1     2.29         0.03         0.17     116168     724222
dccebrsma01_disk15     1.43         0.01         0.14      44562     582360
dccebrsma01_disk13     1.56         0.01         0.16      45948     673664
dccebrsma05_disk4p1     1.94         0.02         0.16      63857     669759
dccebrsma05_disk5p1     1.30         0.01         0.07      56159     290608
dccebrsma04_disk6p1     1.75         0.01         0.15      37032     635964
dccebrsma01_disk15p1     1.61         0.01         0.14      44092     582360
dccebrsma01_disk13p1     1.75         0.01         0.16      45478     673664
dccebrsma04_disk7p1     1.85         0.01         0.22      37818     907601
dccebrsma01_disk14p1     1.42         0.01         0.06      36623     254799
dccebrsma01_disk16     1.54         0.01         0.14      38456     585852
dccebrsma02_disk11     2.46         0.02         0.40      87417    1675885
dccebrsma01_disk17     2.31         0.01         0.29      51643    1210511
dccebrsma02_disk9     1.49         0.01         0.12      49047     516174
dccebrsma02_disk9p1     1.67         0.01         0.12      48578     516174
dccebrsma01_disk17p1     2.73         0.01         0.29      51174    1210511
dccebrsma01_disk16p1     1.71         0.01         0.14      37986     585852
dccebrsma02_disk10     1.60         0.01         0.17      59671     711525
dccebrsma02_disk12     1.75         0.02         0.12      85864     483286
dccebrsma03_disk9     2.58         0.07         0.31     299450    1321293
dccebrsma02_disk13     1.85         0.02         0.22      75077     909792
dccebrsma03_disk10     1.16         0.01         0.04      50536     169390
dccebrsma03_disk11     1.29         0.01         0.09      31511     377688
dccebrsma03_disk13     1.44         0.01         0.15      40471     637875
dccebrsma03_disk12     1.92         0.02         0.23      78107     949495
dccebrsma04_disk10     1.55         0.02         0.12      65515     496368
dccebrsma02_disk10p1     1.80         0.01         0.17      59201     711525
dccebrsma02_disk12p1     1.95         0.02         0.12      85395     483286
dccebrsma04_disk11     1.28         0.01         0.08      33036     337488
dccebrsma03_disk10p1     1.24         0.01         0.04      50066     169390
dccebrsma04_disk12     3.35         0.02         0.55      80973    2296080
dccebrsma04_disk9     1.84         0.01         0.22      34653     925440
dccebrsma03_disk9p1     2.92         0.07         0.31     298980    1321293
dccebrsma03_disk12p1     2.19         0.02         0.23      77637     949495
dccebrsma02_disk13p1     2.12         0.02         0.22      74607     909792
dccebrsma04_disk8     1.68         0.01         0.18      35095     738607
dccebrsma05_disk7     1.35         0.01         0.12      33128     521831
dccebrsma05_disk9     1.49         0.02         0.08      75044     349674
dccebrsma05_disk8     1.28         0.01         0.08      45309     344179
dccebrsma01_disk18     0.44         0.00         0.00       7197          0
dccebrsma03_disk11p1     1.43         0.01         0.09      31041     377688
dccebrsma03_disk13p1     1.59         0.01         0.15      40001     637875
dccebrsma05_disk6     1.63         0.01         0.19      37707     781530
dccebrsma01_disk19     1.55         0.01         0.10      57852     417408
dccebrsma05_disk10     1.95         0.06         0.12     256255     508343
dccebrsma04_disk10p1     1.70         0.02         0.12      65045     496368
dccebrsma01_disk20     1.47         0.01         0.06      50258     271282
dccebrsma04_disk9p1     2.09         0.01         0.22      34183     925440
dccebrsma01_disk22     0.51         0.00         0.00       8331          0
dccebrsma02_disk14     1.22         0.01         0.04      37412     170046
dccebrsma05_disk7p1     1.49         0.01         0.12      32658     521831
dccebrsma04_disk11p1     1.40         0.01         0.08      32567     337488
dccebrsma01_disk19p1     1.75         0.01         0.10      57382     417408
dccebrsma05_disk8p1     1.39         0.01         0.08      44839     344179
dccebrsma01_disk23     0.53         0.00         0.00       8399        306
dccebrsma04_disk12p1     4.18         0.02         0.55      80504    2296080
dccebrsma04_disk8p1     1.88         0.01         0.18      34625     738607
dccebrsma02_disk14p1     1.33         0.01         0.04      36943     170046
dccebrsma05_disk10p1     2.12         0.06         0.12     255785     508343
dccebrsma03_disk14     1.58         0.01         0.12      34344     513888
dccebrsma01_disk22p1     0.48         0.00         0.00       7861          0
dccebrsma01_disk20p1     1.62         0.01         0.06      49788     271282
dccebrsma05_disk9p1     1.61         0.02         0.08      74574     349674
dccebrsma01_disk23p1     0.51         0.00         0.00       7929        306
dccebrsma05_disk6p1     1.86         0.01         0.19      37237     781530
mpathbp1        115.89         1.22         0.38    5104064    1585439
dccebrsma02_disk15     1.51         0.01         0.08      33786     355662
dccebrsma02_disk16     0.51         0.00         0.00       8332          0
dccebrsma02_disk17     0.53         0.00         0.00       8402        297
dccebrsma03_disk15     2.19         0.01         0.14      51372     574565
dccebrsma01_disk21     1.44         0.01         0.08      29477     329420
dccebrsma11_disk9p1     0.78         0.00         0.00      12450        319
dccebrsma03_disk16     0.51         0.00         0.00       8337          0
dccebrsma02_disk17p1     0.51         0.00         0.00       7932        297
dccebrsma04_disk13     1.84         0.02         0.17      67553     724673
dccebrsma03_disk15p1     2.45         0.01         0.14      50902     574565
dccebrsma04_disk14     1.69         0.01         0.15      57151     646788
dccebrsma03_disk14p1     1.76         0.01         0.12      33874     513888
dccebrsma04_disk16     0.51         0.00         0.00       8331          0
dccebrsma04_disk17     0.51         0.00         0.00       8331          0
dccebrsma02_disk15p1     1.78         0.01         0.08      33317     355662
dccebrsma04_disk15     0.51         0.00         0.00       8332          0
dccebrsma01_disk21p1     1.57         0.01         0.08      29008     329420
dccebrsma03_disk16p1     0.48         0.00         0.00       7868          0
dccebrsma04_disk14p1     1.92         0.01         0.15      56681     646788
dccebrsma04_disk16p1     0.48         0.00         0.00       7861          0
dccebrsma04_disk18     0.51         0.00         0.00       8331          0
dccebrsma02_disk16p1     0.48         0.00         0.00       7862          0
dccebrsma05_disk12     0.51         0.00         0.00       8332          0
dccebrsma05_disk14     0.51         0.00         0.00       8331          0
dccebrsma05_disk11     1.66         0.03         0.10     124012     405413
dccebrsma04_disk17p1     0.48         0.00         0.00       7861          0
dccebrsma04_disk15p1     0.48         0.00         0.00       7862          0
dccebrsma04_disk19     0.51         0.00         0.00       8331          0
dccebrsma06_disk3     2.63         0.02         0.31      78590    1311305
dccebrsma05_disk13     0.51         0.00         0.00       8331          0
dccebrsma04_disk19p1     0.48         0.00         0.00       7861          0
dccebrsma06_disk3p1     3.03         0.02         0.31      78120    1311305
dccebrsma05_disk13p1     0.48         0.00         0.00       7861          0
dccebrsma05_disk16     0.51         0.00         0.00       8331          0
dccebrsma06_disk2     1.90         0.01         0.10      42957     434831
dccebrsma06_disk1     1.60         0.01         0.10      55375     421424
dccebrsma05_disk12p1     0.48         0.00         0.00       7862          0
dccebrsma05_disk11p1     1.84         0.03         0.10     123542     405413
dccebrsma06_disk7     3.55         0.12         0.10     510219     411837
dccebrsma06_disk4     2.21         0.02         0.22      86347     902867
dccebrsma06_disk2p1     2.10         0.01         0.10      42487     434831
dccebrsma05_disk16p1     0.48         0.00         0.00       7861          0
dccebrsma06_disk5     2.92         0.03         0.21     119755     880237
dccebrsma05_disk15     0.51         0.00         0.00       8330          0
ddccebrsma06_disk8     1.75         0.03         0.04     112458     164593
dccebrsma07_disk1     2.02         0.01         0.15      48137     609264
dccebrsma07_disk5     1.86         0.01         0.13      35450     561654
dccebrsma06_disk7p1     3.80         0.12         0.10     509749     411837
ddccebrsma06_disk8p1     1.90         0.03         0.04     111988     164593
dccebrsma05_disk15p1     0.48         0.00         0.00       7861          0
dccebrsma07_disk4     1.96         0.03         0.10     116906     412539
dccebrsma06_disk6     1.61         0.01         0.11      46517     472374
dccebrsma06_disk5p1     3.47         0.03         0.21     119286     880237
dccebrsma02_disk11p1     2.89         0.02         0.40      86947    1675885
dccebrsma07_disk1p1     2.34         0.01         0.15      47667     609264
dccebrsma06_disk4p1     2.59         0.02         0.22      85877     902867
dccebrsma07_disk3     1.98         0.01         0.09      58230     357265
dccebrsma07_disk5p1     2.15         0.01         0.13      34980     561654
dccebrsma07_disk7     3.89         0.03         0.21     115004     877005
dccebrsma07_disk4p1     2.20         0.03         0.10     116437     412539
dccebrsma06_disk6p1     1.78         0.01         0.11      46048     472374
dccebrsma08_disk4     0.88         0.00         0.00      13930      11385
dccebrsma08_disk3     0.79         0.00         0.00      12711        321
dccebrsma07_disk3p1     2.16         0.01         0.09      57760     357265
dccebrsma08_disk4p1     0.87         0.00         0.00      13460      11385
dccebrsma08_disk3p1     0.77         0.00         0.00      12241        321
dccebrsma07_disk6     2.77         0.02         0.37      70608    1541185
dccebrsma07_disk7p1     4.26         0.03         0.21     114534     877005
dccebrsma08_disk2     0.64         0.00         0.00      10211        590
dccebrsma08_disk5     1.33         0.01         0.00      21423        375
dccebrsma08_disk6     0.69         0.00         0.00      10986        680
dccebrsma09_disk1     0.78         0.00         0.00      12223       9381
dccebrsma08_disk8     0.71         0.00         0.00      11186       2045
dccebrsma07_disk2     2.05         0.01         0.09      48691     380592
dccebrsma08_disk1     0.60         0.00         0.00       9434       2335
dccebrsma08_disk7     0.60         0.00         0.00       9480       1487
dccebrsma07_disk6p1     3.31         0.02         0.37      70138    1541185
dccebrsma09_disk2     1.02         0.00         0.00      16411        323
dccebrsma09_disk5     0.66         0.00         0.00      10465        347
dccebrsma09_disk3     0.76         0.00         0.00      12039       4569
dccebrsma09_disk7     0.76         0.00         0.00      11997       4478
dccebrsma09_disk8     0.70         0.00         0.00      11157        404
dccebrsma08_disk6p1     0.67         0.00         0.00      10516        680
dccebrsma09_disk4     0.78         0.00         0.00      12460        323
dccebrsma10_disk1     0.65         0.00         0.00      10260        585
dccebrsma10_disk3     1.00         0.04         0.00     154120        532
dccebrsma07_disk2p1     2.23         0.01         0.09      48221     380592
dccebrsma10_disk5     0.93         0.00         0.00      14926        315
dccebrsma08_disk1p1     0.58         0.00         0.00       8964       2335
dccebrsma09_disk1p1     0.76         0.00         0.00      11754       9381
dccebrsma08_disk5p1     1.30         0.00         0.00      20953        375
dccebrsma08_disk7p1     0.58         0.00         0.00       9010       1487
dccebrsma09_disk5p1     0.64         0.00         0.00       9996        347
dccebrsma08_disk2p1     0.62         0.00         0.00       9741        590
dccebrsma10_disk3p1     0.98         0.04         0.00     153650        532
dccebrsma08_disk8p1     0.69         0.00         0.00      10716       2045
dccebrsma10_disk5p1     0.91         0.00         0.00      14456        315
dccebrsma10_disk1p1     0.62         0.00         0.00       9791        585
dccebrsma10_disk4     0.73         0.00         0.00      11564        728
dccebrsma10_disk2     0.68         0.00         0.00      10628       9853
dccebrsma10_disk7     0.83         0.00         0.00      13184        644
dccebrsma10_disk8     0.78         0.00         0.00      12351       5440
dccebrsma09_disk6     0.67         0.00         0.00      10667        340
dccebrsma09_disk4p1     0.76         0.00         0.00      11991        323
dccebrsma10_disk4p1     0.70         0.00         0.00      11094        728
dccebrsma09_disk8p1     0.68         0.00         0.00      10687        404
dccebrsma10_disk7p1     0.80         0.00         0.00      12714        644
dccebrsma10_disk8p1     0.76         0.00         0.00      11880       5440
dccebrsma09_disk6p1     0.65         0.00         0.00      10197        340
dccebrsma09_disk2p1     1.00         0.00         0.00      15941        323
dccebrsma09_disk7p1     0.74         0.00         0.00      11528       4478
dccebrsma09_disk3p1     0.74         0.00         0.00      11569       4569
dccebrsma10_disk2p1     0.66         0.00         0.00      10158       9853
dccebrsma04_disk13p1     2.11         0.02         0.17      67083     724673
dccebrsma10_disk6     0.66         0.00         0.00      10491        488
dccebrsma10_disk11     0.51         0.00         0.00       8332          0
dccebrsma10_disk6p1     0.64         0.00         0.00      10021        488
dccebrsma10_disk11p1     0.48         0.00         0.00       7862          0
dccebrsma10_disk10     0.51         0.00         0.00       8331          0
dccebrsma10_disk9     0.97         0.00         0.01      15118      37530
dccebrsma10_disk13     0.51         0.00         0.00       8331          0
dccebrsma04_disk18p1     0.48         0.00         0.00       7861          0
dccebrsma10_disk13p1     0.48         0.00         0.00       7861          0
dccebrsma10_disk9p1     0.96         0.00         0.01      14648      37530
dccebrsma10_disk14     0.51         0.00         0.00       8331          0
dccebrsma10_disk15     0.51         0.00         0.00       8331          0
dccebrsma10_disk12     0.51         0.00         0.00       8331          0
dccebrsma11_disk14     1.92         0.01         0.09      62778     382689
dccebrsma10_disk10p1     0.48         0.00         0.00       7861          0
dccebrsma05_disk14p1     0.48         0.00         0.00       7861          0
dccebrsma10_disk15p1     0.48         0.00         0.00       7861          0
dccebrsma10_disk12p1     0.48         0.00         0.00       7861          0
dccebrsma10_disk14p1     0.48         0.00         0.00       7861          0
dccebrsma11_disk16     1.91         0.02         0.06      73238     268935
dccebrsma11_disk17     2.38         0.01         0.25      40464    1037053
dccebrsma11_disk12     1.78         0.01         0.11      49003     462414
dccebrsma11_disk15     2.61         0.01         0.20      49144     843065
dccebrsma11_disk18     2.43         0.02         0.21      80722     891679
dccebrsma11_disk13     2.35         0.01         0.11      54801     470183
dccebrsma12_disk1     3.34         0.02         0.09     103912     386917
dccebrsma11_disk19     2.98         0.01         0.41      41511    1741880
dccebrsma10_disk16     0.51         0.00         0.00       8331          0
dccebrsma12_disk3     1.97         0.02         0.11     103813     444250
dccebrsma12_disk2     2.80         0.01         0.27      44659    1135167
dccebrsma12_disk6     0.51         0.00         0.00       8331          0
dccebrsma12_disk5     0.51         0.00         0.00       8331          0
dccebrsma12_disk7     0.51         0.00         0.00       8331          0
dccebrsma11_disk15p1     3.10         0.01         0.20      48674     843065
dccebrsma12_disk4     0.51         0.00         0.00       8332          0
dccebrsma12_disk8     0.51         0.00         0.00       8331          0
dccebrsma11_disk18p1     2.72         0.02         0.21      80252     891679
dccebrsma11_disk13p1     2.55         0.01         0.11      54331     470183
dccebrsma10_disk16p1     0.48         0.00         0.00       7861          0
dccebrsma13_disk1     0.51         0.00         0.00       8332          0
dccebrsma11_disk19p1     3.60         0.01         0.41      41041    1741880
dccebrsma13_disk2     0.51         0.00         0.00       8331          0
dccebrsma11_disk14p1     2.09         0.01         0.09      62308     382689
dccebrsma12_disk2p1     3.52         0.01         0.27      44189    1135167
dccebrsma12_disk4p1     0.48         0.00         0.00       7861          0
dccebrsma13_disk4     0.51         0.00         0.00       8331          0
dccebrsma13_disk5     0.51         0.00         0.00       8331          0
dccebrsma12_disk6p1     0.48         0.00         0.00       7861          0
dccebrsma13_disk3     0.51         0.00         0.00       8331          0
dccebrsma13_disk7     0.51         0.00         0.00       8331          0
dccebrsma12_disk8p1     0.48         0.00         0.00       7861          0
dccebrsma11_disk16p1     2.11         0.02         0.06      72768     268935
dccebrsma12_disk7p1     0.48         0.00         0.00       7861          0
dccebrsma13_disk8     0.51         0.00         0.00       8331          0
dccebrsma12_disk5p1     0.48         0.00         0.00       7861          0
dccebrsma11_disk17p1     2.75         0.01         0.25      39995    1037053
dccebrsma13_disk6     0.51         0.00         0.00       8331          0
dccebrsma13_disk1p1     0.48         0.00         0.00       7862          0
dccebrsma12_disk3p1     2.18         0.02         0.11     103343     444250
dccebrsma12_disk1p1     3.67         0.02         0.09     103442     386917
dccebrsma13_disk5p1     0.48         0.00         0.00       7861          0
dccebrsma13_disk8p1     0.48         0.00         0.00       7861          0
dccebrsma13_disk6p1     0.48         0.00         0.00       7861          0
dccebrsma11_disk21     0.62         0.00         0.00       9608      12710
dccebrsma11_disk20     0.55         0.00         0.00       8729        358
dccebrsma12_disk10     0.57         0.00         0.00       8987        389
dccebrsma13_disk4p1     0.48         0.00         0.00       7861          0
dccebrsma12_disk12     0.56         0.00         0.00       8846       4513
dccebrsma12_disk13     0.57         0.00         0.00       8954        370
dccebrsma12_disk15     0.62         0.00         0.00       9875        622
dccebrsma12_disk16     0.56         0.00         0.00       8822        313
dccebrsma11_disk21p1     0.61         0.00         0.00       9139      12710
dccebrsma12_disk12p1     0.54         0.00         0.00       8376       4513
dccebrsma11_disk20p1     0.53         0.00         0.00       8259        358
dccebrsma06_disk1p1     1.73         0.01         0.10      54905     421424
dccebrsma12_disk15p1     0.61         0.00         0.00       9405        622
dccebrsma13_disk3p1     0.48         0.00         0.00       7861          0
dccebrsma12_disk16p1     0.53         0.00         0.00       8352        313
dccebrsma13_disk2p1     0.48         0.00         0.00       7862          0
dccebrsma13_disk7p1     0.48         0.00         0.00       7861          0
dccebrsma12_disk14     0.51         0.00         0.00       8332          0
dccebrsma12_disk17     0.58         0.00         0.00       9082       5933
dccebrsma12_disk11     0.61         0.00         0.00       9248       5874
dccebrsma12_disk18     1.19         0.00         0.15      10412     615175
vmax_dccebrsma09_disk19     0.30         0.00         0.00       4981          0
dccebrsma12_disk9     1.36         0.00         0.08      16097     328004
dccebrsma06_disk15     0.63         0.00         0.00      10000        468
dccebrsma12_disk10p1     0.55         0.00         0.00       8517        389
dccebrsma06_disk9     0.72         0.00         0.00      11358       1677
dccebrsma12_disk14p1     0.48         0.00         0.00       7861          0
dccebrsma06_disk14     0.61         0.00         0.00       9703        781
dccebrsma13_disk14     0.92         0.00         0.02      12313      98645
dccebrsma13_disk16     0.83         0.00         0.02      12033      88892
dccebrsma06_disk10     0.64         0.00         0.00      10228        298
dccebrsma06_disk11     0.65         0.00         0.00      10109       8045
dccebrsma13_disk17     0.72         0.00         0.00      11330       9871
vmax_dccebrsma09_disk17     0.72         0.00         0.01      10702      48118
dccebrsma06_disk15p1     0.61         0.00         0.00       9530        468
dccebrsma12_disk13p1     0.55         0.00         0.00       8484        370
dccebrsma12_disk9p1     1.59         0.00         0.08      15627     328004
dccebrsma12_disk18p1     1.41         0.00         0.15       9942     615175
dccebrsma06_disk14p1     0.60         0.00         0.00       9234        781
dccebrsma12_disk17p1     0.56         0.00         0.00       8612       5933
dccebrsma06_disk11p1     0.63         0.00         0.00       9639       8045
dccebrsma13_disk14p1     0.96         0.00         0.02      11843      98645
dccebrsma06_disk9p1     0.69         0.00         0.00      10889       1677
dccebrsma13_disk16p1     0.85         0.00         0.02      11563      88892
dccebrsma06_disk10p1     0.62         0.00         0.00       9758        298
dccebrsma13_disk17p1     0.73         0.00         0.00      10861       9871
dccebrsma12_disk11p1     0.60         0.00         0.00       8778       5874
dccebrsma13_disk15     0.78         0.00         0.00      12069        793
vmax_dccebrsma09_disk17p1     0.72         0.00         0.01      10232      48118
dccebrsma13_disk15p1     0.77         0.00         0.00      11599        793
vsp_g700_dccebrsma09_disk9     0.61         0.00         0.00       9796        655
dccebrsma13_disk18     0.59         0.00         0.00       9202       4932
vsp_g700_dccebrsma09_disk10     0.61         0.00         0.00       9706       6024
vsp_g700_dccebrsma09_disk12     0.62         0.00         0.00       9832       4777
vsp_g700_dccebrsma09_disk11     0.79         0.00         0.00      12701        658
vsp_g700_dccebrsma07_disk9     0.51         0.00         0.00       8331          0
vsp_g700_dccebrsma09_disk10p1     0.59         0.00         0.00       9236       6024
vsp_g700_dccebrsma09_disk13     0.62         0.00         0.00       9775       5187
dccebrsma13_disk18p1     0.57         0.00         0.00       8732       4932
vsp_g700_dccebrsma09_disk12p1     0.59         0.00         0.00       9363       4777
vsp_g700_dccebrsma07_disk9p1     0.48         0.00         0.00       7861          0
vsp_g700_dccebrsma09_disk11p1     0.76         0.00         0.00      12231        658
vsp_g700_dccebrsma09_disk9p1     0.58         0.00         0.00       9326        655
vsp_g700_dccebrsma09_disk13p1     0.59         0.00         0.00       9306       5187
dccebrsma11_disk12p1     2.00         0.01         0.11      48533     462414
vg01-lv_indexcache   114.35         1.21         0.37    5075737    1570094
vg01-lv_simpana     1.25         0.01         0.00      23060      15344
vg02-lv_gddb    196.93         0.79         0.59    3310791    2491639
vg00-lv_tmp       0.86         0.00         0.00       2666      11393
vg00-lv_var       4.21         0.07         0.01     282522      54082
vg00-lv_home      0.47         0.00         0.00       2683       5083
vg00-lv_appl      0.16         0.00         0.00       2666          0
vg00-lv_opt       0.47         0.00         0.00       9689       2964
vg00-lv_var_log     3.21         0.00         0.01       8821      48199
vg00-lv_var_log_audit     0.19         0.00         0.00       2784        372
vg00-lv_usr       1.07         0.00         0.00      19638       7859
clusvg10_14-lv10_14     0.20         0.00         0.00       3216          0
clusvg10_12-lv10_12     0.20         0.00         0.00       3216          0
clusvg11_14-lv11_14     1.77         0.01         0.09      57663     382689
clusvg10_15-lv10_15     0.20         0.00         0.00       3216          0
clusvg10_9-lv10_9     0.67         0.00         0.01      10003      37530
clusvg5_14-lv5_14     0.20         0.00         0.00       3216          0
clusvg10_10-lv10_10     0.20         0.00         0.00       3216          0
clusvg10_13-lv10_13     0.20         0.00         0.00       3216          0
clusvg4_18-lv4_18     0.20         0.00         0.00       3216          0
clusvg10_11-lv10_11     0.20         0.00         0.00       3216          0
clusvg10_6-lv10_6     0.35         0.00         0.00       5376        488
clusvg4_13-lv4_13     1.78         0.01         0.17      62438     724673
clusvg10_2-lv10_2     0.37         0.00         0.00       5513       9853
clusvg9_6-lv9_6     0.36         0.00         0.00       5552        340
clusvg10_8-lv10_8     0.47         0.00         0.00       7235       5440
clusvg10_7-lv10_7     0.51         0.00         0.00       8069        644
clusvg10_4-lv10_4     0.41         0.00         0.00       6449        728
clusvg9_4-lv9_4     0.47         0.00         0.00       7345        323
clusvg10_1-lv10_1     0.33         0.00         0.00       5145        585
clusvg9_3-lv9_3     0.45         0.00         0.00       6924       4569
clusvg10_5-lv10_5     0.62         0.00         0.00       9811        315
clusvg8_8-lv8_8     0.40         0.00         0.00       6071       2045
clusvg10_3-lv10_3     0.70         0.04         0.00     149005        532
clusvg9_7-lv9_7     0.45         0.00         0.00       6883       4478
clusvg9_2-lv9_2     0.71         0.00         0.00      11296        323
clusvg9_8-lv9_8     0.39         0.00         0.00       6042        404
clusvg9_5-lv9_5     0.35         0.00         0.00       5350        347
clusvg8_2-lv8_2     0.33         0.00         0.00       5096        590
clusvg8_7-lv8_7     0.29         0.00         0.00       4365       1487
clusvg8_5-lv8_5     1.01         0.00         0.00      16308        375
clusvg9_1-lv9_1     0.47         0.00         0.00       7108       9381
clusvg8_1-lv8_1     0.29         0.00         0.00       4319       2335
clusvg7_2-lv7_2     1.90         0.01         0.09      43576     380592
clusvg8_6-lv8_6     0.38         0.00         0.00       5870        680
clusvg7_6-lv7_6     2.95         0.02         0.37      65493    1541185
clusvg8_3-lv8_3     0.48         0.00         0.00       7596        321
clusvg8_4-lv8_4     0.58         0.00         0.00       8815      11385
clusvg7_7-lv7_7     3.91         0.03         0.21     109888     877005
clusvg7_3-lv7_3     1.82         0.01         0.09      53115     357265
clusvg6_6-lv6_6     1.46         0.01         0.11      41403     472374
clusvg7_4-lv7_4     1.86         0.03         0.10     111791     412539
clusvg7_5-lv7_5     1.80         0.01         0.13      30335     561654
clusvg7_1-lv7_1     2.00         0.01         0.15      43022     609264
clusvg2_11-lv2_11     2.57         0.02         0.40      82302    1675885
clusvg6_5-lv6_5     3.10         0.03         0.21     114640     880237
clusvg5_15-lv5_15     0.20         0.00         0.00       3215          0
clusvg6_4-lv6_4     2.25         0.02         0.22      81232     902867
clusvg6_8-lv6_8     1.58         0.03         0.04     107343     164593
clusvg6_7-lv6_7     3.46         0.12         0.10     505104     411837
clusvg5_16-lv5_16     0.20         0.00         0.00       3216          0
clusvg6_2-lv6_2     1.77         0.01         0.10      37842     434831
clusvg5_13-lv5_13     0.20         0.00         0.00       3216          0
clusvg6_3-lv6_3     2.69         0.02         0.31      73475    1311305
clusvg4_19-lv4_19     0.20         0.00         0.00       3216          0
clusvg5_11-lv5_11     1.52         0.03         0.10     118897     405413
clusvg5_12-lv5_12     0.20         0.00         0.00       3217          0
clusvg4_16-lv4_16     0.20         0.00         0.00       3216          0
clusvg4_15-lv4_15     0.20         0.00         0.00       3217          0
clusvg4_17-lv4_17     0.20         0.00         0.00       3216          0
clusvg4_14-lv4_14     1.59         0.01         0.15      52036     646788
clusvg3_16-lv3_16     0.20         0.00         0.00       3222          0
clusvg1_21-lv1_21     1.26         0.01         0.08      24363     329420
clusvg2_16-lv2_16     0.20         0.00         0.00       3217          0
clusvg2_15-lv2_15     1.45         0.01         0.08      28672     355662
clusvg3_15-lv3_15     2.11         0.01         0.14      46257     574565
clusvg2_17-lv2_17     0.22         0.00         0.00       3287        297
clusvg11_9-lv11_9     0.49         0.00         0.00       7803        319
clusvg3_14-lv3_14     1.44         0.01         0.12      29229     513888
clusvg1_23-lv1_23     0.22         0.00         0.00       3284        306
clusvg1_20-lv1_20     1.29         0.01         0.06      45143     271282
clusvg1_22-lv1_22     0.20         0.00         0.00       3216          0
clusvg5_10-lv5_10     1.80         0.06         0.12     251139     508343
clusvg2_14-lv2_14     1.01         0.01         0.04      32298     170046
clusvg4_12-lv4_12     3.81         0.02         0.55      75858    2296080
clusvg5_8-lv5_8     1.08         0.01         0.08      40194     344179
clusvg5_6-lv5_6     1.54         0.01         0.19      32592     781530
clusvg1_19-lv1_19     1.42         0.01         0.10      52737     417408
clusvg5_9-lv5_9     1.30         0.02         0.08      69929     349674
clusvg4_11-lv4_11     1.09         0.01         0.08      27921     337488
clusvg4_8-lv4_8     1.57         0.01         0.18      29980     738607
clusvg11_12-lv11_12     1.67         0.01         0.11      43888     462414
clusvg9_13-lv9_13     0.31         0.00         0.00       4660       5187
clusvg9_9-lv9_9     0.30         0.00         0.00       4681        655
clusvg5_7-lv5_7     1.18         0.01         0.12      28012     521831
clusvg9_11-lv9_11     0.48         0.00         0.00       7586        658
clusvg7_9-lv7_9     0.20         0.00         0.00       3216          0
clusvg4_9-lv4_9     1.77         0.01         0.22      29538     925440
clusvg9_12-lv9_12     0.30         0.00         0.00       4717       4777
clusvg13_18-lv13_18     0.28         0.00         0.00       4087       4932
clusvg4_10-lv4_10     1.38         0.01         0.12      60400     496368
clusvg9_10-lv9_10     0.30         0.00         0.00       4590       6024
clusvg3_13-lv3_13     1.27         0.01         0.15      35356     637875
clusvg13_15-lv13_15     0.47         0.00         0.00       6953        793
clusvg06_12-lv06_12     0.43         0.00         0.01       5587      48118
clusvg2_13-lv2_13     1.80         0.02         0.22      69962     909792
clusvg13_17-lv13_17     0.44         0.00         0.00       6215       9871
clusvg3_12-lv3_12     1.87         0.02         0.23      72992     949495
clusvg06_10-lv06_10     0.33         0.00         0.00       5113        298
clusvg3_9-lv3_9     2.59         0.07         0.31     294335    1321293
clusvg13_16-lv13_16     0.56         0.00         0.02       6918      88892
clusvg06_09-lv06_09     0.40         0.00         0.00       6243       1677
clusvg13_14-lv13_14     0.65         0.00         0.02       7198      98645
clusvg3_10-lv3_10     0.93         0.01         0.04      45421     169390
clusvg06_11-lv06_11     0.34         0.00         0.00       4994       8045
clusvg3_11-lv3_11     1.12         0.01         0.09      26396     377688
clusvg06_14-lv06_14     0.31         0.00         0.00       4588        781
clusvg12_17-lv12_17     0.27         0.00         0.00       3967       5933
clusvg2_12-lv2_12     1.62         0.02         0.12      80749     483286
clusvg12_18-lv12_18     1.10         0.00         0.15       5297     615175
clusvg2_10-lv2_10     1.49         0.01         0.17      54555     711525
clusvg12_9-lv12_9     1.28         0.00         0.08      10982     328004
clusvg06_15-lv06_15     0.32         0.00         0.00       4884        468
clusvg12_11-lv12_11     0.30         0.00         0.00       4133       5874
clusvg1_17-lv1_17     2.39         0.01         0.29      46528    1210511
clusvg2_9-lv2_9     1.35         0.01         0.12      43932     516174
clusvg12_14-lv12_14     0.20         0.00         0.00       3216          0
clusvg1_16-lv1_16     1.39         0.01         0.14      33341     585852
clusvg1_13-lv1_13     1.43         0.01         0.16      40833     673664
clusvg1_15-lv1_15     1.30         0.01         0.14      39447     582360
clusvg1_14-lv1_14     1.10         0.01         0.06      31977     254799
clusvg12_13-lv12_13     0.26         0.00         0.00       3839        370
clusvg5_4-lv5_4     1.62         0.01         0.16      59212     669759
clusvg12_16-lv12_16     0.24         0.00         0.00       3707        313
clusvg5_5-lv5_5     0.99         0.01         0.07      51513     290608
clusvg12_15-lv12_15     0.32         0.00         0.00       4760        622
clusvg4_7-lv4_7     1.54         0.01         0.22      33173     907601
clusvg12_10-lv12_10     0.26         0.00         0.00       3872        389
clusvg11_20-lv11_20     0.24         0.00         0.00       3614        358
clusvg5_3-lv5_3     1.97         0.03         0.17     111522     724222
clusvg12_12-lv12_12     0.25         0.00         0.00       3731       4513
clusvg4_6-lv4_6     1.43         0.01         0.15      32386     635964
clusvg11_21-lv11_21     0.32         0.00         0.00       4493      12710
clusvg3_8-lv3_8     1.29         0.01         0.10      54236     433328
clusvg4_5-lv4_5     1.48         0.05         0.10     197233     413546
clusvg11_7-lv11_7     0.45         0.00         0.00       7064       3121
clusvg3_7-lv3_7     2.35         0.06         0.25     254146    1054285
clusvg11_10-lv11_10     0.42         0.00         0.00       6381       4376
clusvg13_7-lv13_7     0.20         0.00         0.00       3216          0
clusvg13_2-lv13_2     0.20         0.00         0.00       3216          0
clusvg13_6-lv13_6     0.20         0.00         0.00       3216          0
clusvg11_1-lv11_1     0.51         0.00         0.00       8028        342
clusvg13_3-lv13_3     0.20         0.00         0.00       3216          0
clusvg13_8-lv13_8     0.20         0.00         0.00       3216          0
clusvg13_5-lv13_5     0.20         0.00         0.00       3216          0
clusvg6_1-lv6_1     1.41         0.01         0.10      50260     421424
clusvg13_4-lv13_4     0.20         0.00         0.00       3216          0
clusvg12_3-lv12_3     1.85         0.02         0.11      98698     444250
clusvg3_6-lv3_6     2.28         0.02         0.19      85103     786070
clusvg13_1-lv13_1     0.20         0.00         0.00       3216          0
clusvg11_5-lv11_5     0.39         0.00         0.00       5788       4663
clusvg11_8-lv11_8     0.36         0.00         0.00       5633        494
clusvg12_5-lv12_5     0.20         0.00         0.00       3216          0
clusvg12_7-lv12_7     0.20         0.00         0.00       3216          0
clusvg11_11-lv11_11     0.58         0.00         0.00       9063        382
clusvg12_8-lv12_8     0.20         0.00         0.00       3216          0
clusvg11_2-lv11_2     0.44         0.00         0.00       6734       8154
clusvg12_6-lv12_6     0.20         0.00         0.00       3216          0
clusvg11_4-lv11_4     1.01         0.00         0.00      16174       2780
clusvg2_6-lv2_6     0.99         0.01         0.06      34946     260402
clusvg12_4-lv12_4     0.20         0.00         0.00       3216          0
clusvg11_3-lv11_3     0.34         0.00         0.00       5187       3119
clusvg12_2-lv12_2     3.12         0.01         0.27      39544    1135167
clusvg2_8-lv2_8     1.41         0.01         0.14      23529     598631
clusvg11_19-lv11_19     3.24         0.01         0.41      36396    1741880
clusvg10_16-lv10_16     0.20         0.00         0.00       3216          0
clusvg2_7-lv2_7     4.01         0.02         0.49      85488    2055394
clusvg12_1-lv12_1     3.30         0.02         0.09      98796     386917
clusvg11_13-lv11_13     2.22         0.01         0.11      49686     470183
clusvg1_12-lv1_12     1.26         0.02         0.07      64895     307523
clusvg11_18-lv11_18     2.39         0.02         0.21      75607     891679
clusvg1_11-lv1_11     1.30         0.01         0.14      26766     584945
clusvg1_10-lv1_10     1.49         0.01         0.16      60306     665969
clusvg11_15-lv11_15     2.74         0.01         0.20      44029     843065
clusvg11_17-lv11_17     2.41         0.01         0.25      35349    1037053
clusvg11_16-lv11_16     1.77         0.02         0.06      68123     268935

Filesystem:               rMB_nor/s    wMB_nor/s    rMB_dir/s    wMB_dir/s    rMB_svr/s    wMB_svr/s     ops/s    rops/s    wops/s



Filesystem            Size  Used Avail Use% Mounted on
/dev/mapper/vg00-lv_root
                      2.0G  598M  1.3G  33% /
tmpfs                  63G  1.1G   62G   2% /dev/shm
/dev/mapper/vg00-lv_appl
                      976M  1.3M  924M   1% /appl
/dev/sda2             488M  111M  352M  24% /boot
/dev/mapper/vg00-lv_home
                      4.9G  112M  4.6G   3% /home
/dev/mapper/vg00-lv_opt
                      4.8G  1.1G  3.6G  23% /opt
/dev/mapper/vg00-lv_tmp
                      2.0G  3.1M  1.9G   1% /tmp
/dev/mapper/vg00-lv_usr
                      4.9G  2.6G  2.1G  56% /usr
/dev/mapper/vg00-lv_var
                      7.2G  5.5G  1.4G  81% /var
/dev/mapper/vg00-lv_var_log
                      4.9G  2.8G  2.0G  59% /var/log
/dev/mapper/vg00-lv_var_log_audit
                      976M   26M  899M   3% /var/log/audit
/dev/mapper/vg01-lv_simpana
                      493G  346G  122G  74% /opt/simpana
/dev/mapper/vg01-lv_indexcache
                      493G  311G  157G  67% /IndexCache
/dev/mapper/vg02-lv_gddb
                      1.7T  111G  1.5T   7% /DCCMA10GDDB/DDB
/dev/mapper/clusvg1_10-lv1_10
                      8.0T  6.5T  1.6T  81% /DCCMA01_Disk10
/dev/mapper/clusvg1_11-lv1_11
                      8.0T  5.4T  2.7T  67% /DCCMA01_Disk11
/dev/mapper/clusvg1_12-lv1_12
                      8.0T  6.7T  1.4T  83% /DCCMA01_Disk12
/dev/mapper/clusvg1_13-lv1_13
                      8.0T  5.8T  2.3T  72% /DCCMA01_Disk13
/dev/mapper/clusvg1_14-lv1_14
                      8.0T  6.5T  1.6T  82% /DCCMA01_Disk14
/dev/mapper/clusvg1_15-lv1_15
                      8.0T  6.1T  2.0T  77% /DCCMA01_Disk15
/dev/mapper/clusvg1_16-lv1_16
                      8.0T  6.3T  1.8T  79% /DCCMA01_Disk16
/dev/mapper/clusvg1_17-lv1_17
                      8.0T  4.1T  4.0T  51% /DCCMA01_Disk17
/dev/mapper/clusvg2_6-lv2_6
                      8.0T  4.4T  3.7T  55% /DCCMA02_Disk6
/dev/mapper/clusvg2_7-lv2_7
                      8.0T  5.7T  2.4T  71% /DCCMA02_Disk7
/dev/mapper/clusvg2_8-lv2_8
                      8.0T  5.7T  2.4T  71% /DCCMA02_Disk8
/dev/mapper/clusvg2_9-lv2_9
                      8.0T  6.6T  1.5T  83% /DCCMA02_Disk9
/dev/mapper/clusvg2_10-lv2_10
                      8.0T  6.1T  2.0T  77% /DCCMA02_Disk10
/dev/mapper/clusvg2_11-lv2_11
                      8.0T  5.9T  2.2T  73% /DCCMA02_Disk11
/dev/mapper/clusvg2_12-lv2_12
                      8.0T  6.0T  2.1T  75% /DCCMA02_Disk12
/dev/mapper/clusvg2_13-lv2_13
                      8.0T  6.6T  1.5T  82% /DCCMA02_Disk13
/dev/mapper/clusvg3_6-lv3_6
                      8.0T  7.0T  1.1T  87% /DCCMA03_Disk6
/dev/mapper/clusvg3_7-lv3_7
                      8.0T  6.3T  1.8T  79% /DCCMA03_Disk7
/dev/mapper/clusvg3_8-lv3_8
                      8.0T  6.4T  1.7T  80% /DCCMA03_Disk8
/dev/mapper/clusvg3_9-lv3_9
                      8.0T  5.7T  2.4T  71% /DCCMA03_Disk9
/dev/mapper/clusvg3_10-lv3_10
                      8.0T  5.5T  2.6T  68% /DCCMA03_Disk10
/dev/mapper/clusvg3_11-lv3_11
                      8.0T  6.0T  2.1T  75% /DCCMA03_Disk11
/dev/mapper/clusvg3_12-lv3_12
                      8.0T  7.1T  953G  89% /DCCMA03_Disk12
/dev/mapper/clusvg3_13-lv3_13
                      8.0T  5.8T  2.3T  73% /DCCMA03_Disk13
/dev/mapper/clusvg4_5-lv4_5
                      8.0T  5.5T  2.6T  68% /DCCMA04_Disk5
/dev/mapper/clusvg4_6-lv4_6
                      8.0T  5.8T  2.3T  72% /DCCMA04_Disk6
/dev/mapper/clusvg4_7-lv4_7
                      8.0T  6.4T  1.7T  80% /DCCMA04_Disk7
/dev/mapper/clusvg4_8-lv4_8
                      8.0T  5.3T  2.8T  67% /DCCMA04_Disk8
/dev/mapper/clusvg4_9-lv4_9
                      8.0T  5.0T  3.1T  62% /DCCMA04_Disk9
/dev/mapper/clusvg4_10-lv4_10
                      8.0T  6.5T  1.6T  81% /DCCMA04_Disk10
/dev/mapper/clusvg4_11-lv4_11
                      8.0T  4.3T  3.8T  54% /DCCMA04_Disk11
/dev/mapper/clusvg4_12-lv4_12
                      8.0T  7.1T  953G  89% /DCCMA04_Disk12
/dev/mapper/clusvg5_3-lv5_3
                      8.0T  5.1T  3.0T  64% /DCCMA05_Disk3
/dev/mapper/clusvg5_4-lv5_4
                      8.0T  5.9T  2.2T  73% /DCCMA05_Disk4
/dev/mapper/clusvg5_5-lv5_5
                      8.0T  6.4T  1.7T  80% /DCCMA05_Disk5
/dev/mapper/clusvg5_6-lv5_6
                      8.0T  7.1T  968G  89% /DCCMA05_Disk6
/dev/mapper/clusvg5_7-lv5_7
                      8.0T  6.5T  1.6T  81% /DCCMA05_Disk7
/dev/mapper/clusvg5_8-lv5_8
                      8.0T  6.6T  1.5T  82% /DCCMA05_Disk8
/dev/mapper/clusvg5_9-lv5_9
                      8.0T  8.0T  2.5G 100% /DCCMA05_Disk9
/dev/mapper/clusvg5_10-lv5_10
                      8.0T  5.1T  3.0T  64% /DCCMA05_Disk10
/dev/mapper/clusvg6_1-lv6_1
                      8.0T  5.0T  3.1T  62% /DCCMA06_Disk1
/dev/mapper/clusvg6_2-lv6_2
                      8.0T  4.6T  3.5T  57% /DCCMA06_Disk2
/dev/mapper/clusvg6_3-lv6_3
                      8.0T  4.2T  3.9T  52% /DCCMA06_Disk3
/dev/mapper/clusvg6_4-lv6_4
                      8.0T  5.9T  2.2T  74% /DCCMA06_Disk4
/dev/mapper/clusvg6_5-lv6_5
                      8.0T  6.7T  1.4T  83% /DCCMA06_Disk5
/dev/mapper/clusvg6_6-lv6_6
                      8.0T  5.4T  2.7T  68% /DCCMA06_Disk6
/dev/mapper/clusvg6_7-lv6_7
                      8.0T  5.9T  2.2T  73% /DCCMA06_Disk7
/dev/mapper/clusvg6_8-lv6_8
                      8.0T  5.4T  2.7T  67% /DCCMA06_Disk8
/dev/mapper/clusvg7_1-lv7_1
                      8.0T  6.6T  1.5T  82% /DCCMA07_Disk1
/dev/mapper/clusvg1_19-lv1_19
                      4.0T  3.9T  184G  96% /DCCMA01_Disk19
/dev/mapper/clusvg1_20-lv1_20
                      4.0T  3.9T  152G  97% /DCCMA01_Disk20
/dev/mapper/clusvg1_21-lv1_21
                      4.0T  3.7T  383G  91% /DCCMA01_Disk21
/dev/mapper/clusvg1_22-lv1_22
                      1.0T   75G  950G   8% /DCCMA01_Disk22
/dev/mapper/clusvg1_23-lv1_23
                      2.0T  2.6G  2.0T   1% /DCCMA01_Disk23
/dev/mapper/clusvg2_14-lv2_14
                      4.0T  3.3T  793G  81% /DCCMA02_Disk14
/dev/mapper/clusvg2_15-lv2_15
                      4.0T  3.8T  252G  94% /DCCMA02_Disk15
/dev/mapper/clusvg2_16-lv2_16
                      1.0T   61G  964G   6% /DCCMA02_Disk16
/dev/mapper/clusvg2_17-lv2_17
                      2.0T  2.6G  2.0T   1% /DCCMA02_Disk17
/dev/mapper/clusvg3_14-lv3_14
                      4.0T  3.7T  398G  91% /DCCMA03_Disk14
/dev/mapper/clusvg3_15-lv3_15
                      4.0T  4.0T  1.8G 100% /DCCMA03_Disk15
/dev/mapper/clusvg3_16-lv3_16
                      1.0T  268G  757G  27% /DCCMA03_Disk16
/dev/mapper/clusvg4_13-lv4_13
                      4.0T  4.0T   83G  98% /DCCMA04_Disk13
/dev/mapper/clusvg4_14-lv4_14
                      4.0T  3.1T  954G  77% /DCCMA04_Disk14
/dev/mapper/clusvg4_15-lv4_15
                      1.0T  313G  712G  31% /DCCMA04_Disk15
/dev/mapper/clusvg4_16-lv4_16
                      8.0T  2.6G  8.0T   1% /DCCMA04_Disk16
/dev/mapper/clusvg4_17-lv4_17
                      8.0T  2.6G  8.0T   1% /DCCMA04_Disk17
/dev/mapper/clusvg4_18-lv4_18
                      8.0T  2.6G  8.0T   1% /DCCMA04_Disk18
/dev/mapper/clusvg4_19-lv4_19
                      8.0T  2.6G  8.0T   1% /DCCMA04_Disk19
/dev/mapper/clusvg5_11-lv5_11
                      4.0T  3.3T  812G  81% /DCCMA05_Disk11
/dev/mapper/clusvg5_12-lv5_12
                      1.0T  257G  768G  26% /DCCMA05_Disk12
/dev/mapper/clusvg5_13-lv5_13
                      8.0T  2.6G  8.0T   1% /DCCMA05_Disk13
/dev/mapper/clusvg5_14-lv5_14
                      8.0T  2.6G  8.0T   1% /DCCMA05_Disk14
/dev/mapper/clusvg5_15-lv5_15
                      8.0T  2.6G  8.0T   1% /DCCMA05_Disk15
/dev/mapper/clusvg5_16-lv5_16
                      8.0T  2.6G  8.0T   1% /DCCMA05_Disk16
/dev/mapper/clusvg7_2-lv7_2
                      8.0T  5.6T  2.5T  69% /DCCMA07_Disk2
/dev/mapper/clusvg7_3-lv7_3
                      8.0T  4.1T  4.0T  51% /DCCMA07_Disk3
/dev/mapper/clusvg7_4-lv7_4
                      8.0T  6.8T  1.3T  85% /DCCMA07_Disk4
/dev/mapper/clusvg7_5-lv7_5
                      8.0T  5.2T  2.9T  64% /DCCMA07_Disk5
/dev/mapper/clusvg7_6-lv7_6
                      8.0T  4.5T  3.6T  56% /DCCMA07_Disk6
/dev/mapper/clusvg7_7-lv7_7
                      8.0T  5.4T  2.7T  68% /DCCMA07_Disk7
/dev/mapper/clusvg8_1-lv8_1
                      8.0T  5.8T  2.3T  73% /DCCMA08_Disk1
/dev/mapper/clusvg8_2-lv8_2
                      8.0T  5.0T  3.1T  62% /DCCMA08_Disk2
/dev/mapper/clusvg8_3-lv8_3
                      8.0T  7.4T  623G  93% /DCCMA08_Disk3
/dev/mapper/clusvg8_4-lv8_4
                      8.0T  7.3T  799G  91% /DCCMA08_Disk4
/dev/mapper/clusvg8_5-lv8_5
                      8.0T  8.0T   61G 100% /DCCMA08_Disk5
/dev/mapper/clusvg8_6-lv8_6
                      8.0T  6.0T  2.1T  75% /DCCMA08_Disk6
/dev/mapper/clusvg8_7-lv8_7
                      8.0T  4.2T  3.9T  52% /DCCMA08_Disk7
/dev/mapper/clusvg8_8-lv8_8
                      8.0T  5.4T  2.7T  67% /DCCMA08_Disk8
/dev/mapper/clusvg9_1-lv9_1
                      8.0T  7.0T  1.1T  88% /DCCMA09_Disk1
/dev/mapper/clusvg9_2-lv9_2
                      8.0T  8.0T   97G  99% /DCCMA09_Disk2
/dev/mapper/clusvg9_3-lv9_3
                      8.0T  6.5T  1.6T  82% /DCCMA09_Disk3
/dev/mapper/clusvg9_4-lv9_4
                      8.0T  7.4T  708G  92% /DCCMA09_Disk4
/dev/mapper/clusvg9_5-lv9_5
                      8.0T  6.8T  1.3T  85% /DCCMA09_Disk5
/dev/mapper/clusvg9_6-lv9_6
                      8.0T  6.7T  1.4T  83% /DCCMA09_Disk6
/dev/mapper/clusvg9_7-lv9_7
                      8.0T  8.0T   71G 100% /DCCMA09_Disk7
/dev/mapper/clusvg9_8-lv9_8
                      8.0T  5.1T  3.0T  63% /DCCMA09_Disk8
/dev/mapper/clusvg10_1-lv10_1
                      8.0T  4.7T  3.4T  59% /DCCMA10_Disk1
/dev/mapper/clusvg10_2-lv10_2
                      8.0T  5.1T  3.0T  64% /DCCMA10_Disk2
/dev/mapper/clusvg10_3-lv10_3
                      8.0T  7.6T  424G  95% /DCCMA10_Disk3
/dev/mapper/clusvg10_4-lv10_4
                      8.0T  7.8T  258G  97% /DCCMA10_Disk4
/dev/mapper/clusvg10_5-lv10_5
                      8.0T  8.0T  4.0G 100% /DCCMA10_Disk5
/dev/mapper/clusvg10_6-lv10_6
                      8.0T  4.6T  3.5T  57% /DCCMA10_Disk6
/dev/mapper/clusvg10_7-lv10_7
                      8.0T  6.9T  1.2T  86% /DCCMA10_Disk7
/dev/mapper/clusvg10_8-lv10_8
                      8.0T  8.0T   84G  99% /DCCMA10_Disk8
/dev/mapper/clusvg11_1-lv11_1
                      8.1T  8.0T   46G 100% /DCCMA11_Disk1
/dev/mapper/clusvg11_2-lv11_2
                      8.1T  7.9T  124G  99% /DCCMA11_Disk2
/dev/mapper/clusvg11_3-lv11_3
                      8.1T  8.1T  2.5G 100% /DCCMA11_Disk3
/dev/mapper/clusvg11_4-lv11_4
                      8.1T  7.1T  989G  88% /DCCMA11_Disk4
/dev/mapper/clusvg11_5-lv11_5
                      8.1T  4.9T  3.2T  61% /DCCMA11_Disk5
/dev/mapper/clusvg11_7-lv11_7
                      8.1T  8.1T  2.2G 100% /DCCMA11_Disk7
/dev/mapper/clusvg11_8-lv11_8
                      8.1T  4.6T  3.5T  57% /DCCMA11_Disk8
/dev/mapper/clusvg11_9-lv11_9
                      8.1T  7.9T  131G  99% /DCCMA11_Disk9
/dev/mapper/clusvg11_10-lv11_10
                      8.1T  7.6T  434G  95% /DCCMA11_Disk10
/dev/mapper/clusvg11_11-lv11_11
                      8.1T  6.7T  1.4T  83% /DCCMA11_Disk11
/dev/mapper/clusvg10_9-lv10_9
                      8.0T  6.5T  1.6T  81% /DCCMA10_Disk9
/dev/mapper/clusvg10_10-lv10_10
                      8.0T  2.6G  8.0T   1% /DCCMA10_Disk10
/dev/mapper/clusvg10_11-lv10_11
                      8.0T  2.6G  8.0T   1% /DCCMA10_Disk11
/dev/mapper/clusvg10_12-lv10_12
                      8.0T  2.6G  8.0T   1% /DCCMA10_Disk12
/dev/mapper/clusvg10_13-lv10_13
                      8.0T  2.6G  8.0T   1% /DCCMA10_Disk13
/dev/mapper/clusvg10_14-lv10_14
                      8.0T  2.6G  8.0T   1% /DCCMA10_Disk14
/dev/mapper/clusvg10_15-lv10_15
                      8.0T  2.6G  8.0T   1% /DCCMA10_Disk15
/dev/mapper/clusvg10_16-lv10_16
                      8.0T  2.6G  8.0T   1% /DCCMA10_Disk16
/dev/mapper/clusvg11_12-lv11_12
                      8.0T  5.8T  2.3T  72% /DCCMA11_Disk12
/dev/mapper/clusvg11_13-lv11_13
                      8.0T  5.7T  2.4T  71% /DCCMA11_Disk13
/dev/mapper/clusvg11_14-lv11_14
                      8.0T  5.6T  2.5T  70% /DCCMA11_Disk14
/dev/mapper/clusvg11_15-lv11_15
                      8.0T  6.7T  1.4T  84% /DCCMA11_Disk15
/dev/mapper/clusvg11_16-lv11_16
                      8.0T  5.0T  3.1T  62% /DCCMA11_Disk16
/dev/mapper/clusvg11_17-lv11_17
                      8.0T  5.5T  2.6T  69% /DCCMA11_Disk17
/dev/mapper/clusvg11_18-lv11_18
                      8.0T  4.4T  3.7T  54% /DCCMA11_Disk18
/dev/mapper/clusvg11_19-lv11_19
                      8.0T  5.0T  3.1T  62% /DCCMA11_Disk19
/dev/mapper/clusvg12_1-lv12_1
                      8.0T  5.6T  2.5T  70% /DCCMA12_Disk1
/dev/mapper/clusvg12_2-lv12_2
                      8.0T  4.1T  4.0T  51% /DCCMA12_Disk2
/dev/mapper/clusvg12_3-lv12_3
                      8.0T  5.4T  2.7T  67% /DCCMA12_Disk3
/dev/mapper/clusvg12_4-lv12_4
                      8.0T  2.6G  8.0T   1% /DCCMA12_Disk4
/dev/mapper/clusvg12_5-lv12_5
                      8.0T  2.6G  8.0T   1% /DCCMA12_Disk5
/dev/mapper/clusvg12_6-lv12_6
                      8.0T  2.6G  8.0T   1% /DCCMA12_Disk6
/dev/mapper/clusvg12_7-lv12_7
                      8.0T  2.6G  8.0T   1% /DCCMA12_Disk7
/dev/mapper/clusvg12_8-lv12_8
                      8.0T  2.6G  8.0T   1% /DCCMA12_Disk8
/dev/mapper/clusvg13_1-lv13_1
                      8.0T  2.6G  8.0T   1% /DCCMA13_Disk1
/dev/mapper/clusvg13_2-lv13_2
                      8.0T  2.6G  8.0T   1% /DCCMA13_Disk2
/dev/mapper/clusvg13_3-lv13_3
                      8.0T  2.6G  8.0T   1% /DCCMA13_Disk3
/dev/mapper/clusvg13_4-lv13_4
                      8.0T  2.6G  8.0T   1% /DCCMA13_Disk4
/dev/mapper/clusvg13_5-lv13_5
                      8.0T  2.6G  8.0T   1% /DCCMA13_Disk5
/dev/mapper/clusvg13_6-lv13_6
                      8.0T  2.6G  8.0T   1% /DCCMA13_Disk6
/dev/mapper/clusvg13_7-lv13_7
                      8.0T  2.6G  8.0T   1% /DCCMA13_Disk7
/dev/mapper/clusvg13_8-lv13_8
                      8.0T  2.6G  8.0T   1% /DCCMA13_Disk8
/dev/mapper/clusvg11_20-lv11_20
                      8.0T  7.8T  298G  97% /DCCMA11_Disk20
/dev/mapper/clusvg11_21-lv11_21
                      8.0T  7.7T  349G  96% /DCCMA11_Disk21
/dev/mapper/clusvg12_9-lv12_9
                      8.0T  7.8T  292G  97% /DCCMA12_Disk9
/dev/mapper/clusvg12_10-lv12_10
                      8.0T  6.6T  1.5T  82% /DCCMA12_Disk10
/dev/mapper/clusvg12_11-lv12_11
                      8.0T  5.0T  3.1T  62% /DCCMA12_Disk11
/dev/mapper/clusvg12_12-lv12_12
                      8.0T  6.2T  1.9T  78% /DCCMA12_Disk12
/dev/mapper/clusvg12_13-lv12_13
                      8.0T  5.7T  2.4T  71% /DCCMA12_Disk13
/dev/mapper/clusvg12_15-lv12_15
                      8.0T  5.1T  3.0T  64% /DCCMA12_Disk15
/dev/mapper/clusvg12_16-lv12_16
                      8.0T  6.8T  1.3T  85% /DCCMA12_Disk16
/dev/mapper/clusvg12_17-lv12_17
                      8.0T  6.3T  1.8T  78% /DCCMA12_Disk17
/dev/mapper/clusvg12_18-lv12_18
                      8.0T  8.0T  2.6G 100% /DCCMA12_Disk18
/dev/mapper/clusvg13_14-lv13_14
                      8.0T  6.5T  1.6T  81% /DCCMA13_Disk14
/dev/mapper/clusvg13_15-lv13_15
                      8.0T  6.9T  1.2T  86% /DCCMA13_Disk15
/dev/mapper/clusvg13_16-lv13_16
                      8.0T  6.0T  2.1T  75% /DCCMA13_Disk16
/dev/mapper/clusvg13_17-lv13_17
                      8.0T  5.6T  2.5T  70% /DCCMA13_Disk17
/dev/mapper/clusvg13_18-lv13_18
                      8.0T  5.4T  2.7T  67% /DCCMA13_Disk18
/dev/mapper/clusvg06_09-lv06_09
                      8.0T  7.4T  709G  92% /DCCMA06_Disk09
/dev/mapper/clusvg06_10-lv06_10
                      8.0T  8.0T   51G 100% /DCCMA06_Disk10
/dev/mapper/clusvg06_11-lv06_11
                      8.0T  7.8T  268G  97% /DCCMA06_Disk11
/dev/mapper/clusvg06_12-lv06_12
                      8.0T  6.0T  2.1T  75% /DCCMA06_Disk12
/dev/mapper/clusvg06_14-lv06_14
                      8.0T  7.5T  537G  94% /DCCMA06_Disk14
/dev/mapper/clusvg06_15-lv06_15
                      8.0T  5.3T  2.8T  67% /DCCMA06_Disk15
/dev/mapper/clusvg12_14-lv12_14
                      8.0T  2.6G  8.0T   1% /DCCMA12_Disk14
/dev/mapper/clusvg7_9-lv7_9
                      4.0T  1.4T  2.7T  35% /DCCMA07_Disk9
/dev/mapper/clusvg9_10-lv9_10
                      8.0T  2.9T  5.2T  36% /DCCMA09_Disk10
/dev/mapper/clusvg9_11-lv9_11
                      8.0T  1.5T  6.6T  18% /DCCMA09_Disk11
/dev/mapper/clusvg9_12-lv9_12
                      8.0T  8.0T  3.5G 100% /DCCMA09_Disk12
/dev/mapper/clusvg9_13-lv9_13
                      8.0T   97G  8.0T   2% /DCCMA09_Disk13
/dev/mapper/clusvg9_9-lv9_9
                      8.0T  156G  7.9T   2% /DCCMA09_Disk09


Galaxy         	0:off	1:off	2:off	3:on	4:off	5:on	6:off
Jarvis         	0:off	1:off	2:on	3:on	4:on	5:on	6:off
abrt-ccpp      	0:off	1:off	2:off	3:on	4:off	5:on	6:off
abrtd          	0:off	1:off	2:off	3:on	4:off	5:on	6:off
acpid          	0:off	1:off	2:on	3:on	4:on	5:on	6:off
atd            	0:off	1:off	2:off	3:on	4:on	5:on	6:off
auditd         	0:off	1:off	2:on	3:on	4:on	5:on	6:off
autofs         	0:off	1:off	2:off	3:on	4:on	5:on	6:off
blk-availability	0:off	1:on	2:on	3:on	4:on	5:on	6:off
cba8           	0:off	1:off	2:off	3:on	4:on	5:on	6:off
certmonger     	0:off	1:off	2:off	3:on	4:on	5:on	6:off
cgconfig       	0:off	1:off	2:off	3:off	4:off	5:off	6:off
cgred          	0:off	1:off	2:off	3:off	4:off	5:off	6:off
clvmd          	0:off	1:off	2:off	3:off	4:off	5:off	6:off
cman           	0:off	1:off	2:off	3:off	4:off	5:off	6:off
corosync       	0:off	1:off	2:off	3:off	4:off	5:off	6:off
cpglockd       	0:off	1:off	2:off	3:off	4:off	5:off	6:off
cpuspeed       	0:off	1:on	2:on	3:on	4:on	5:on	6:off
crond          	0:off	1:off	2:on	3:on	4:on	5:on	6:off
cups           	0:off	1:off	2:on	3:on	4:on	5:on	6:off
dnsmasq        	0:off	1:off	2:off	3:off	4:off	5:off	6:off
ds_agent       	0:off	1:off	2:on	3:on	4:on	5:on	6:off
firstboot      	0:off	1:off	2:off	3:off	4:off	5:off	6:off
gfs2           	0:off	1:off	2:off	3:off	4:off	5:off	6:off
goferd         	0:off	1:off	2:on	3:on	4:on	5:on	6:off
haldaemon      	0:off	1:off	2:off	3:on	4:on	5:on	6:off
ip6tables      	0:off	1:off	2:off	3:off	4:off	5:off	6:off
ipmievd        	0:off	1:off	2:off	3:off	4:off	5:off	6:off
iptables       	0:off	1:off	2:off	3:off	4:off	5:off	6:off
irqbalance     	0:off	1:off	2:off	3:on	4:on	5:on	6:off
kdump          	0:off	1:off	2:on	3:on	4:on	5:on	6:off
libvirt-guests 	0:off	1:off	2:on	3:on	4:on	5:on	6:off
lvm2-monitor   	0:off	1:on	2:on	3:on	4:on	5:on	6:off
mcelogd        	0:off	1:off	2:off	3:on	4:off	5:on	6:off
mdmonitor      	0:off	1:off	2:on	3:on	4:on	5:on	6:off
messagebus     	0:off	1:off	2:on	3:on	4:on	5:on	6:off
modclusterd    	0:off	1:off	2:on	3:on	4:on	5:on	6:off
multipathd     	0:off	1:off	2:on	3:on	4:on	5:on	6:off
ncpa_listener  	0:off	1:off	2:on	3:on	4:on	5:on	6:off
ncpa_passive   	0:off	1:off	2:on	3:on	4:on	5:on	6:off
netconsole     	0:off	1:off	2:off	3:off	4:off	5:off	6:off
netfs          	0:off	1:off	2:off	3:off	4:off	5:off	6:off
network        	0:off	1:off	2:on	3:on	4:on	5:on	6:off
nfs            	0:off	1:off	2:off	3:off	4:off	5:off	6:off
nfs-rdma       	0:off	1:off	2:off	3:off	4:off	5:off	6:off
nfslock        	0:off	1:off	2:off	3:off	4:off	5:off	6:off
nntgen7agent   	0:off	1:off	2:on	3:on	4:off	5:on	6:off
ntpd           	0:off	1:off	2:on	3:on	4:on	5:on	6:off
ntpdate        	0:off	1:off	2:off	3:off	4:off	5:off	6:off
numad          	0:off	1:off	2:off	3:off	4:off	5:off	6:off
oddjobd        	0:off	1:off	2:off	3:off	4:off	5:off	6:off
portreserve    	0:off	1:off	2:on	3:on	4:on	5:on	6:off
postfix        	0:off	1:off	2:on	3:on	4:on	5:on	6:off
pppoe-server   	0:off	1:off	2:off	3:off	4:off	5:off	6:off
psacct         	0:off	1:off	2:off	3:off	4:off	5:off	6:off
puppet         	0:off	1:off	2:on	3:on	4:on	5:on	6:off
pxp-agent      	0:off	1:off	2:on	3:on	4:on	5:on	6:off
quota_nld      	0:off	1:off	2:off	3:off	4:off	5:off	6:off
rdisc          	0:off	1:off	2:off	3:off	4:off	5:off	6:off
rdma           	0:off	1:on	2:on	3:on	4:on	5:on	6:off
restorecond    	0:off	1:off	2:off	3:off	4:off	5:off	6:off
rgmanager      	0:off	1:off	2:off	3:off	4:off	5:off	6:off
rhnsd          	0:off	1:off	2:off	3:off	4:off	5:off	6:off
rhsmcertd      	0:off	1:off	2:off	3:on	4:on	5:on	6:off
ricci          	0:off	1:off	2:on	3:on	4:on	5:on	6:off
rngd           	0:off	1:off	2:off	3:off	4:off	5:off	6:off
rpcbind        	0:off	1:off	2:on	3:on	4:on	5:on	6:off
rpcgssd        	0:off	1:off	2:off	3:on	4:on	5:on	6:off
rpcsvcgssd     	0:off	1:off	2:off	3:off	4:off	5:off	6:off
rsyslog        	0:off	1:off	2:on	3:on	4:on	5:on	6:off
saslauthd      	0:off	1:off	2:off	3:off	4:off	5:off	6:off
smartd         	0:off	1:off	2:off	3:off	4:off	5:off	6:off
snmpd          	0:off	1:off	2:on	3:on	4:on	5:on	6:off
snmptrapd      	0:off	1:off	2:off	3:off	4:off	5:off	6:off
spice-vdagentd 	0:off	1:off	2:off	3:off	4:off	5:on	6:off
sshd           	0:off	1:off	2:on	3:on	4:on	5:on	6:off
sssd           	0:off	1:off	2:off	3:off	4:off	5:off	6:off
sysstat        	0:off	1:on	2:on	3:on	4:on	5:on	6:off
udev-post      	0:off	1:on	2:on	3:on	4:on	5:on	6:off
wdaemon        	0:off	1:off	2:off	3:off	4:off	5:off	6:off
winbind        	0:off	1:off	2:off	3:off	4:off	5:off	6:off
wpa_supplicant 	0:off	1:off	2:off	3:off	4:off	5:off	6:off
xagt           	0:off	1:off	2:off	3:on	4:off	5:off	6:off
xinetd         	0:off	1:off	2:off	3:on	4:on	5:on	6:off
ypbind         	0:off	1:off	2:off	3:off	4:off	5:off	6:off

xinetd based services:
	chargen-dgram: 	off
	chargen-stream:	off
	daytime-dgram: 	off
	daytime-stream:	off
	discard-dgram: 	off
	discard-stream:	off
	echo-dgram:    	off
	echo-stream:   	off
	nrpe:          	on
	nsca:          	on
	pds2:          	on
	rsync:         	off
	tcpmux-server: 	off
	time-dgram:    	off
	time-stream:   	off


