
dccebrsma09.w2k.bnm.gov.my
eth0 eth3 eth4 bond01:192.168.2.9/16 192.168.8.67/21
2.6.32-754.47.1.el6.x86_64
 11:16:53 up 48 days, 14:24,  1 user,  load average: 1.70, 1.51, 1.41
kernel-2.6.32-754.48.1.el6.x86_64             Sat 20 Aug 2022 06:09:21 AM +08
kernel-2.6.32-754.47.1.el6.x86_64             Fri 24 Jun 2022 10:07:07 PM +08
kernel-2.6.32-754.43.1.el6.x86_64             Sat 19 Mar 2022 12:25:49 AM +08
Red Hat Enterprise Linux Server release 6.10 (Santiago)
Intel(R) Xeon(R) CPU E5-2630 v4 @ 2.20GHz
128942 MB
4 of 10

CPU usage is below the threshold (Which is 80%)
Memory Usage is below the threshold (Which is 80%)

Memory free 86
Used	Avail	Use%	Mounted
1.3G	31%	/	
1.1G	62G	2%	/dev/shm
924M	1%	/appl	
111M	352M	24%	/boot
4.6G	3%	/home	
2.7G	65%	/opt	
1.9G	1%	/tmp	
2.1G	56%	/usr	
3.9G	42%	/var	
41M	99%	/var/log	
894M	4%	/var/log/audit	
414G	12%	/opt/simpana	
365G	22%	/IndexCache	
1.5T	11%	/DCCMA09GDDB/DDB	
1.6T	81%	/DCCMA01_Disk10	
2.7T	67%	/DCCMA01_Disk11	
1.4T	83%	/DCCMA01_Disk12	
2.3T	72%	/DCCMA01_Disk13	
1.6T	82%	/DCCMA01_Disk14	
2.0T	77%	/DCCMA01_Disk15	
1.8T	79%	/DCCMA01_Disk16	
4.0T	51%	/DCCMA01_Disk17	
3.7T	55%	/DCCMA02_Disk6	
2.4T	71%	/DCCMA02_Disk7	
2.4T	71%	/DCCMA02_Disk8	
1.5T	83%	/DCCMA02_Disk9	
2.0T	77%	/DCCMA02_Disk10	
2.2T	73%	/DCCMA02_Disk11	
2.1T	75%	/DCCMA02_Disk12	
1.5T	82%	/DCCMA02_Disk13	
1.1T	87%	/DCCMA03_Disk6	
1.8T	79%	/DCCMA03_Disk7	
1.7T	80%	/DCCMA03_Disk8	
2.4T	71%	/DCCMA03_Disk9	
2.6T	68%	/DCCMA03_Disk10	
2.1T	75%	/DCCMA03_Disk11	
953G	89%	/DCCMA03_Disk12	
2.3T	73%	/DCCMA03_Disk13	
2.6T	68%	/DCCMA04_Disk5	
2.3T	72%	/DCCMA04_Disk6	
1.7T	80%	/DCCMA04_Disk7	
2.8T	67%	/DCCMA04_Disk8	
3.1T	62%	/DCCMA04_Disk9	
1.6T	81%	/DCCMA04_Disk10	
3.8T	54%	/DCCMA04_Disk11	
953G	89%	/DCCMA04_Disk12	
3.0T	64%	/DCCMA05_Disk3	
2.2T	73%	/DCCMA05_Disk4	
1.7T	80%	/DCCMA05_Disk5	
968G	89%	/DCCMA05_Disk6	
1.6T	81%	/DCCMA05_Disk7	
1.5T	82%	/DCCMA05_Disk8	
2.5G	100%	/DCCMA05_Disk9	
3.0T	64%	/DCCMA05_Disk10	
3.1T	62%	/DCCMA06_Disk1	
3.5T	57%	/DCCMA06_Disk2	
3.9T	52%	/DCCMA06_Disk3	
2.2T	74%	/DCCMA06_Disk4	
1.4T	83%	/DCCMA06_Disk5	
2.7T	68%	/DCCMA06_Disk6	
2.2T	73%	/DCCMA06_Disk7	
2.7T	67%	/DCCMA06_Disk8	
1.5T	82%	/DCCMA07_Disk1	
184G	96%	/DCCMA01_Disk19	
152G	97%	/DCCMA01_Disk20	
383G	91%	/DCCMA01_Disk21	
950G	8%	/DCCMA01_Disk22	
2.0T	1%	/DCCMA01_Disk23	
793G	81%	/DCCMA02_Disk14	
252G	94%	/DCCMA02_Disk15	
964G	6%	/DCCMA02_Disk16	
2.0T	1%	/DCCMA02_Disk17	
398G	91%	/DCCMA03_Disk14	
1.8G	100%	/DCCMA03_Disk15	
757G	27%	/DCCMA03_Disk16	
83G	98%	/DCCMA04_Disk13	
954G	77%	/DCCMA04_Disk14	
712G	31%	/DCCMA04_Disk15	
8.0T	1%	/DCCMA04_Disk16	
8.0T	1%	/DCCMA04_Disk17	
8.0T	1%	/DCCMA04_Disk18	
8.0T	1%	/DCCMA04_Disk19	
812G	81%	/DCCMA05_Disk11	
768G	26%	/DCCMA05_Disk12	
8.0T	1%	/DCCMA05_Disk13	
8.0T	1%	/DCCMA05_Disk14	
8.0T	1%	/DCCMA05_Disk15	
8.0T	1%	/DCCMA05_Disk16	
2.5T	69%	/DCCMA07_Disk2	
4.0T	51%	/DCCMA07_Disk3	
1.3T	85%	/DCCMA07_Disk4	
2.9T	64%	/DCCMA07_Disk5	
3.6T	56%	/DCCMA07_Disk6	
2.7T	68%	/DCCMA07_Disk7	
2.3T	73%	/DCCMA08_Disk1	
3.1T	62%	/DCCMA08_Disk2	
623G	93%	/DCCMA08_Disk3	
799G	91%	/DCCMA08_Disk4	
61G	100%	/DCCMA08_Disk5	
2.1T	75%	/DCCMA08_Disk6	
3.9T	52%	/DCCMA08_Disk7	
2.7T	67%	/DCCMA08_Disk8	
1.1T	88%	/DCCMA09_Disk1	
97G	99%	/DCCMA09_Disk2	
1.6T	82%	/DCCMA09_Disk3	
708G	92%	/DCCMA09_Disk4	
1.3T	85%	/DCCMA09_Disk5	
1.4T	83%	/DCCMA09_Disk6	
71G	100%	/DCCMA09_Disk7	
3.0T	63%	/DCCMA09_Disk8	
3.4T	59%	/DCCMA10_Disk1	
3.0T	64%	/DCCMA10_Disk2	
424G	95%	/DCCMA10_Disk3	
258G	97%	/DCCMA10_Disk4	
4.0G	100%	/DCCMA10_Disk5	
3.5T	57%	/DCCMA10_Disk6	
1.2T	86%	/DCCMA10_Disk7	
84G	99%	/DCCMA10_Disk8	
46G	100%	/DCCMA11_Disk1	
124G	99%	/DCCMA11_Disk2	
2.5G	100%	/DCCMA11_Disk3	
989G	88%	/DCCMA11_Disk4	
3.2T	61%	/DCCMA11_Disk5	
2.2G	100%	/DCCMA11_Disk7	
3.5T	57%	/DCCMA11_Disk8	
131G	99%	/DCCMA11_Disk9	
434G	95%	/DCCMA11_Disk10	
1.4T	83%	/DCCMA11_Disk11	
1.6T	81%	/DCCMA10_Disk9	
8.0T	1%	/DCCMA10_Disk10	
8.0T	1%	/DCCMA10_Disk11	
8.0T	1%	/DCCMA10_Disk12	
8.0T	1%	/DCCMA10_Disk13	
8.0T	1%	/DCCMA10_Disk14	
8.0T	1%	/DCCMA10_Disk15	
8.0T	1%	/DCCMA10_Disk16	
2.3T	72%	/DCCMA11_Disk12	
2.4T	71%	/DCCMA11_Disk13	
2.5T	70%	/DCCMA11_Disk14	
1.4T	84%	/DCCMA11_Disk15	
3.1T	62%	/DCCMA11_Disk16	
2.6T	69%	/DCCMA11_Disk17	
3.7T	54%	/DCCMA11_Disk18	
3.1T	62%	/DCCMA11_Disk19	
2.5T	70%	/DCCMA12_Disk1	
4.0T	51%	/DCCMA12_Disk2	
2.7T	67%	/DCCMA12_Disk3	
8.0T	1%	/DCCMA12_Disk4	
8.0T	1%	/DCCMA12_Disk5	
8.0T	1%	/DCCMA12_Disk6	
8.0T	1%	/DCCMA12_Disk7	
8.0T	1%	/DCCMA12_Disk8	
8.0T	1%	/DCCMA13_Disk1	
8.0T	1%	/DCCMA13_Disk2	
8.0T	1%	/DCCMA13_Disk3	
8.0T	1%	/DCCMA13_Disk4	
8.0T	1%	/DCCMA13_Disk5	
8.0T	1%	/DCCMA13_Disk6	
8.0T	1%	/DCCMA13_Disk7	
8.0T	1%	/DCCMA13_Disk8	
298G	97%	/DCCMA11_Disk20	
349G	96%	/DCCMA11_Disk21	
292G	97%	/DCCMA12_Disk9	
1.5T	82%	/DCCMA12_Disk10	
3.1T	62%	/DCCMA12_Disk11	
1.9T	78%	/DCCMA12_Disk12	
2.4T	71%	/DCCMA12_Disk13	
3.0T	64%	/DCCMA12_Disk15	
1.3T	85%	/DCCMA12_Disk16	
1.8T	78%	/DCCMA12_Disk17	
2.6G	100%	/DCCMA12_Disk18	
1.6T	81%	/DCCMA13_Disk14	
1.2T	86%	/DCCMA13_Disk15	
2.1T	75%	/DCCMA13_Disk16	
2.5T	70%	/DCCMA13_Disk17	
2.7T	67%	/DCCMA13_Disk18	
709G	92%	/DCCMA06_Disk09	
51G	100%	/DCCMA06_Disk10	
268G	97%	/DCCMA06_Disk11	
2.1T	75%	/DCCMA06_Disk12	
537G	94%	/DCCMA06_Disk14	
2.8T	67%	/DCCMA06_Disk15	
8.0T	1%	/DCCMA12_Disk14	
2.7T	35%	/DCCMA07_Disk9	
5.2T	36%	/DCCMA09_Disk10	
6.6T	18%	/DCCMA09_Disk11	
3.5G	100%	/DCCMA09_Disk12	
8.0T	2%	/DCCMA09_Disk13	
7.9T	2%	/DCCMA09_Disk09	

48 days,
ntpd (pid  37426) is running...
ntpd           	0:off	1:off	2:on	3:on	4:on	5:on	6:off

Sat 10 Sep 2022 11:16:54 AM ZONE="Asia/Kuala_Lumpur"
Sat 10 Sep 2022 11:16:55 AM +08  -0.487317 seconds
ntpd (pid  37426) is running...
server 10.10.10.75 iburst
server 10.10.10.76 iburst


Linux 2.6.32-754.47.1.el6.x86_64 (dccebrsma09.w2k.bnm.gov.my) 	09/10/2022 	_x86_64_	(40 CPU)

11:16:55 AM     CPU     %user     %nice   %system   %iowait    %steal     %idle
11:16:57 AM     all      0.04      0.00      0.79      0.00      0.00     99.17
11:16:59 AM     all      0.01      0.00      0.69      0.00      0.00     99.30
11:17:01 AM     all      0.03      0.00      0.72      0.01      0.00     99.25
11:17:03 AM     all      0.08      0.00      0.70      0.00      0.00     99.22
11:17:05 AM     all      0.03      0.00      0.70      0.00      0.00     99.27
Average:        all      0.04      0.00      0.72      0.00      0.00     99.24
Average:        all      0.66      0.00      1.74      0.39      0.00     97.20

             total       used       free     shared    buffers     cached
Mem:        128942     125531       3411       1311       1873     106028
-/+ buffers/cache:      17629     111313
Swap:            0          0          0
Total:      128942     125531       3411


Linux 2.6.32-754.47.1.el6.x86_64 (dccebrsma09.w2k.bnm.gov.my) 	09/10/2022 	_x86_64_	(40 CPU)

09/10/2022 11:17:05 AM
Device:            tps    MB_read/s    MB_wrtn/s    MB_read    MB_wrtn
sda             106.69         0.03         0.41     120915    1715993
sdb              17.48         0.14         0.20     588760     854976
sdc              43.69         2.05         0.37    8619642    1558296
sde               0.94         0.00         0.00      14812       4773
sdf               1.00         0.00         0.00      15956        349
sdj               0.75         0.00         0.00      11843        467
sdk               1.22         0.00         0.00      19580       1612
sdh               1.10         0.00         0.00      17642       5242
sdi               1.30         0.00         0.14      13192     579152
sdd               1.55         0.01         0.00      25014       1644
sdl               0.95         0.00         0.00      14749      16300
sdm               0.95         0.00         0.00      15207        302
sdo               0.06         0.00         0.00       1035          0
sdp               0.06         0.00         0.00       1035          0
sdq               1.09         0.00         0.00      17432        488
sdn               0.06         0.00         0.00       1035          0
sds               0.06         0.00         0.00       1035          0
sdg               0.06         0.00         0.00       1035          0
sdr               0.06         0.00         0.00       1035          0
sdt               0.06         0.00         0.00       1035          0
sdu               0.06         0.00         0.00       1035          0
sdv               0.06         0.00         0.00       1035          0
sdx               0.06         0.00         0.00       1028          0
sdy               0.06         0.00         0.00       1028          0
sdw               0.06         0.00         0.00       1035          0
sdah              0.66         0.01         0.02      22189      82910
sdaj              0.76         0.01         0.03      47532     123573
sdai              0.72         0.01         0.02      49532      72819
sdak              0.60         0.00         0.00      14952      15794
sdal              1.06         0.01         0.04      35586     165801
sdz               0.06         0.00         0.00       1028          0
sdam              0.65         0.01         0.01      22912      31135
sdao              0.66         0.01         0.02      22166      82947
sdan              1.02         0.02         0.01      75609      48261
sdap              0.65         0.01         0.01      30234      54275
sdar              0.72         0.01         0.02      49541      72753
sdaq              0.63         0.01         0.01      26832      33656
sdat              0.76         0.01         0.03      47452     123601
sdaa              0.06         0.00         0.00       1028          0
sdas              0.63         0.01         0.00      39532      20302
sdab              0.06         0.00         0.00       1028          0
sdav              0.60         0.00         0.00      14914      15778
sdad              0.06         0.00         0.00       1028          0
sdac              0.06         0.00         0.00       1028          0
sday              0.63         0.01         0.01      30236      36551
sdau              0.72         0.01         0.03      25710     140876
sdaw              0.52         0.01         0.00      31722      12741
sdae              0.06         0.00         0.00       1028          0
sdaz              0.65         0.01         0.01      22893      31166
sdaf              0.06         0.00         0.00       1028          0
sdba              0.74         0.01         0.01      55458      52486
sdag              0.06         0.00         0.00       1028          0
sdbe              0.65         0.01         0.01      30230      54267
sdbc              0.50         0.01         0.00      25956      17033
sdbd              0.59         0.00         0.01      18770      49846
sdbb              1.02         0.02         0.01      75624      48204
sdbf              0.59         0.01         0.00      29256      13678
sdbg              0.63         0.01         0.01      26846      33649
sdax              1.06         0.01         0.04      35563     165868
sdbi              0.63         0.01         0.00      39490      20331
sdbj              0.60         0.00         0.01      19300      21122
sdbk              0.72         0.01         0.03      25672     140952
sdbq              0.74         0.01         0.01      55440      52499
sdbt              0.99         0.01         0.09      25434     364244
sdbh              0.58         0.01         0.01      43526      30398
sdbx              0.61         0.00         0.01      20475      57673
sdbw              0.59         0.01         0.00      29303      13673
sdby              0.58         0.01         0.01      43537      30345
sdbv              0.61         0.01         0.01      39927      44354
sdbn              0.60         0.01         0.01      30687      55637
sdbr              0.61         0.01         0.00      49791      10393
sdbu              0.59         0.00         0.01      18736      49812
sdca              0.60         0.00         0.01      19325      21096
sdbp              0.66         0.01         0.04      25719     178160
sdce              0.60         0.01         0.01      30767      55674
sdbz              0.62         0.00         0.03      20128     115912
sdcb              0.66         0.01         0.02      57626      66731
sdcd              0.83         0.00         0.10      15822     433615
sdch              0.71         0.00         0.04      18368     172628
sdcl              0.93         0.01         0.09      21010     384850
sdco              0.61         0.00         0.01      20492      57660
sdcj              0.68         0.01         0.00      21385       7999
sdcq              0.62         0.00         0.03      20113     115907
sdcp              0.65         0.01         0.01      22722      29456
sdbm              0.52         0.01         0.00      31706      12719
sdbo              0.63         0.01         0.01      30235      36624
sdcm              0.61         0.01         0.01      39922      44263
sdcu              0.83         0.00         0.10      15846     433563
sdcn              0.60         0.01         0.01      25304      28375
sdbs              0.50         0.01         0.00      25927      17057
sdcr              0.55         0.00         0.01      20288      25711
sdcw              0.57         0.01         0.01      22055      28980
sdck              0.99         0.01         0.09      25430     364269
sdcg              0.66         0.01         0.04      25716     178211
sdcx              0.59         0.01         0.01      22650      26353
sdcv              0.59         0.00         0.01      18154      23281
sdcc              0.97         0.03         0.01     135572      55882
sdde              0.60         0.01         0.01      25326      28445
sdct              0.64         0.00         0.04      18251     185477
sdda              0.68         0.01         0.00      21343       8032
sdbl              0.97         0.03         0.01     135609      55926
sddf              0.69         0.01         0.01      31226      34520
sddi              0.27         0.00         0.00       4387          0
sddh              0.66         0.00         0.01      15952      57640
sdcs              0.66         0.01         0.02      57658      66747
sddb              0.22         0.00         0.00       3599          0
sdcy              0.71         0.00         0.04      18357     172640
sddj              0.55         0.00         0.01      20281      25717
sddk              0.28         0.00         0.00       4414        153
sddl              0.64         0.00         0.04      18292     185561
sddg              0.65         0.01         0.01      22769      29471
sddm              0.59         0.00         0.01      18158      23238
sdcf              0.57         0.01         0.01      22028      29010
sdci              0.61         0.01         0.00      49704      10411
sddp              0.64         0.00         0.01      17028      45648
sdds              0.22         0.00         0.00       3599          0
sdcz              0.65         0.00         0.02      19972      83048
sddr              0.27         0.00         0.00       4386          0
sddn              0.67         0.01         0.01      33746      50253
sddt              0.28         0.00         0.00       4414        153
sdeb              0.27         0.00         0.00       4387          0
sddv              0.63         0.00         0.01      18013      37635
sddz              0.66         0.00         0.01      15909      57598
sdea              0.64         0.00         0.02      19322      77202
sddy              0.27         0.00         0.00       4387          0
sdee              0.67         0.01         0.01      33775      50214
sddu              0.61         0.01         0.01      25001      22953
sdef              0.27         0.00         0.00       4387          0
sddx              0.89         0.01         0.02      36334      73809
sded              0.67         0.01         0.01      28397      45938
sddd              0.61         0.01         0.01      25005      22967
sddq              0.65         0.00         0.02      19921      83009
sddw              0.69         0.01         0.01      31253      34454
sdec              0.28         0.00         0.00       4414        152
sdej              0.27         0.00         0.00       4387          0
sdel              0.27         0.00         0.00       4386          0
sden              0.27         0.00         0.00       4387          0
sdeg              0.27         0.00         0.00       4386          0
sdeo              0.89         0.01         0.02      36424      73772
sdeq              0.27         0.00         0.00       4388          0
sdei              0.27         0.00         0.00       4387          0
sdeh              0.64         0.00         0.01      17007      45624
sdek              0.28         0.00         0.00       4414        154
sdet              0.27         0.00         0.00       4386          0
sdes              0.64         0.00         0.02      19317      77329
sdew              0.27         0.00         0.00       4387          0
sder              0.27         0.00         0.00       4387          0
sdex              0.27         0.00         0.00       4387          0
sdeu              0.67         0.01         0.01      28401      45851
sddc              0.93         0.01         0.09      21025     384970
sdez              0.27         0.00         0.00       4387          0
sdev              0.27         0.00         0.00       4387          0
sdfa              0.27         0.00         0.00       4387          0
sdfb              0.83         0.01         0.03      21844     112906
sdfd              1.17         0.01         0.07      34956     312957
sdff              0.85         0.01         0.01      25071      32679
sdep              0.70         0.01         0.01      48521      48265
sdfe              0.27         0.00         0.00       4387          0
sdfg              0.70         0.01         0.01      48535      48336
sdfp              1.22         0.01         0.12      33941     499170
sdfi              0.27         0.00         0.00       4388          0
sdfj              1.32         0.01         0.05      36289     218082
sdfh              0.81         0.00         0.02      16635      66785
sdem              0.63         0.00         0.01      18049      37680
sdfn              1.05         0.01         0.00      27091      18694
sdey              0.27         0.00         0.00       4387          0
sdft              1.02         0.01         0.01      48643      55693
sdfq              0.27         0.00         0.00       4387          0
sdfl              0.80         0.01         0.00      32125      13715
sdfo              0.27         0.00         0.00       4387          0
sdfr              0.79         0.01         0.01      22528      27970
sdfw              0.85         0.01         0.01      25031      32670
sdfz              0.80         0.01         0.01      26811      39011
sdfk              0.27         0.00         0.00       4387          0
sdfs              0.83         0.01         0.03      21862     112823
sdfm              0.27         0.00         0.00       4387          0
sdfx              0.94         0.01         0.01      40870      53206
sdfy              0.81         0.00         0.02      16643      66786
sdga              1.32         0.01         0.05      36302     218138
sdfv              0.98         0.01         0.00      29845      16347
sdgd              1.80         0.01         0.00      57474      11331
sdge              1.05         0.01         0.00      27070      18711
sdgf              1.22         0.01         0.12      33924     499127
sdgj              1.02         0.01         0.01      48690      55620
sdgb              0.93         0.00         0.03      19901     117504
sdgg              0.40         0.00         0.00       6399        177
sdfu              1.17         0.01         0.07      34955     312880
sdgn              0.94         0.01         0.01      40794      53335
sddo              0.59         0.01         0.01      22630      26287
sdgh              0.79         0.01         0.01      22534      27998
sdgk              0.47         0.00         0.00       7470        215
sdgi              0.48         0.00         0.00       7670        175
sdgl              0.98         0.01         0.00      29832      16358
sdgc              0.80         0.01         0.00      32089      13793
sdgt              1.80         0.01         0.00      57503      11308
sdgs              0.36         0.00         0.00       5751        277
sdgy              0.48         0.00         0.00       7669        180
sdgr              0.93         0.00         0.03      19962     117523
sdgo              0.88         0.00         0.00      14163       3231
sdgm              0.44         0.00         0.00       7030        164
sdgw              0.40         0.00         0.00       6398        173
sdgq              0.39         0.00         0.00       6037       6289
sdhg              0.39         0.00         0.00       6037       6279
sdgv              0.45         0.00         0.00       7189        194
sdgx              0.57         0.00         0.00       9167        168
sdgu              0.43         0.00         0.00       6780        212
sdhh              0.43         0.00         0.00       6644       6625
sdha              0.47         0.00         0.00       7470        216
sdfc              0.27         0.00         0.00       4387          0
sdhi              0.36         0.00         0.00       5751        269
sdgp              0.80         0.01         0.01      26791      38979
sdhc              0.44         0.00         0.00       7030        166
sdgz              0.50         0.00         0.00       7878       3010
sdhe              0.88         0.00         0.00      14161       3257
sdhd              0.43         0.00         0.00       6753        210
sdhr              0.54         0.00         0.00       8684       1189
sdhb              0.51         0.00         0.00       8184       1717
sdhk              0.43         0.00         0.00       6779        211
sdhq              0.50         0.00         0.00       7878       3026
sdhj              0.45         0.00         0.00       7270        154
sdhf              0.48         0.00         0.00       7624        935
sdhy              0.43         0.00         0.00       6644       6575
sdht              0.51         0.00         0.00       8052       2571
sdhl              0.39         0.00         0.00       6078       5347
sdhw              0.48         0.00         0.00       7625        934
sdhm              0.45         0.00         0.00       7188        197
sdhv              0.37         0.00         0.00       5797        176
sdhz              0.55         0.00         0.00       8769       3597
sdho              0.57         0.00         0.00       9169        165
sdhn              0.38         0.00         0.00       5977        280
sdhs              0.51         0.00         0.00       8186       1719
sdie              0.06         0.00         0.00       1028          0
sdhp              0.46         0.00         0.00       7319       2384
sdhx              0.52         0.00         0.00       8475        200
sdii              0.46         0.00         0.00       7318       2415
sdil              0.54         0.00         0.00       8683       1193
sdhu              0.43         0.00         0.00       6755        212
sdin              0.06         0.00         0.00       1028          0
sdig              0.38         0.00         0.00       5977        276
sdib              0.39         0.00         0.00       6077       5305
sdip              0.51         0.00         0.00       8050       2576
sdiq              0.37         0.00         0.00       5795        175
sdit              0.06         0.00         0.00       1035          0
sdiu              0.06         0.00         0.00       1035          0
sdih              0.06         0.00         0.00       1028          0
sdik              0.06         0.00         0.00       1028          0
sdir              0.52         0.00         0.00       8475        204
sdif              0.06         0.00         0.00       1028          0
sdim              0.06         0.00         0.00       1028          0
sdiw              0.06         0.00         0.00       1035          0
sdjc              0.06         0.00         0.00       1035          0
sdiz              0.06         0.00         0.00       1035          0
sdjd              0.06         0.00         0.00       1035          0
sdis              0.55         0.00         0.00       8771       3543
sdji              0.06         0.00         0.00       1035          0
sdjj              0.06         0.00         0.00       1035          0
sdjl              0.06         0.00         0.00       1035          0
sdio              0.06         0.00         0.00       1028          0
sdjm              0.06         0.00         0.00       1035          0
sdix              0.06         0.00         0.00       1035          0
sdja              0.06         0.00         0.00       1035          0
sdjb              0.06         0.00         0.00       1035          0
sdjk              0.06         0.00         0.00       1035          0
sdij              0.06         0.00         0.00       1028          0
sdje              0.06         0.00         0.00       1036          0
sdjo              0.06         0.00         0.00       1029          0
sdic              0.06         0.00         0.00       1028          0
sdjt              0.06         0.00         0.00       1029          0
sdjh              0.06         0.00         0.00       1036          0
sdjn              0.06         0.00         0.00       1029          0
sdjr              0.06         0.00         0.00       1029          0
sdka              0.06         0.00         0.00       1029          0
sdjv              0.06         0.00         0.00       1029          0
sdjq              0.06         0.00         0.00       1029          0
sdjf              0.06         0.00         0.00       1036          0
sdjp              0.06         0.00         0.00       1029          0
sdjg              0.06         0.00         0.00       1035          0
sdju              0.06         0.00         0.00       1029          0
sdia              0.45         0.00         0.00       7270        155
sdkd              0.06         0.00         0.00       1029          0
sdkl              0.27         0.00         0.00       4386          0
sdkk              0.27         0.00         0.00       4386          0
sdkp              0.27         0.00         0.00       4386          0
sdkb              0.06         0.00         0.00       1029          0
sdkq              0.27         0.00         0.00       4387          0
sdkc              0.06         0.00         0.00       1029          0
sdkj              0.27         0.00         0.00       4387          0
sdkn              0.27         0.00         0.00       4386          0
sdkh              0.49         0.00         0.00       7840        162
sdki              0.27         0.00         0.00       4387          0
sdke              0.06         0.00         0.00       1029          0
sdjw              0.06         0.00         0.00       1029          0
sdjs              0.06         0.00         0.00       1029          0
sdiv              0.06         0.00         0.00       1036          0
sdkr              0.84         0.01         0.01      22317      54915
sdjy              0.06         0.00         0.00       1029          0
sdjz              0.06         0.00         0.00       1029          0
sdkx              0.90         0.01         0.01      26541      34980
sdks              0.27         0.00         0.00       4387          0
sdjx              0.06         0.00         0.00       1029          0
sdky              0.27         0.00         0.00       4387          0
sdkv              1.26         0.01         0.09      37888     396620
sdla              0.27         0.00         0.00       4388          0
sdko              0.49         0.00         0.00       7841        162
sdle              0.84         0.01         0.01      22356      54942
sdkm              0.27         0.00         0.00       4387          0
sdll              1.06         0.01         0.01      37693      44985
sdiy              0.06         0.00         0.00       1035          0
sdid              0.06         0.00         0.00       1028          0
sdkz              1.01         0.01         0.01      21998      41546
sdku              0.27         0.00         0.00       4388          0
sdkf              0.06         0.00         0.00       1029          0
sdkg              0.06         0.00         0.00       1029          0
sdld              0.95         0.01         0.02      27707      69834
sdlb              0.90         0.01         0.02      23986      83558
sdlp              0.27         0.00         0.00       4387          0
sdkw              0.27         0.00         0.00       4387          0
sdlc              0.27         0.00         0.00       4388          0
sdlf              0.86         0.01         0.01      21017      49749
sdlr              0.27         0.00         0.00       4387          0
sdkt              1.13         0.01         0.00      36915      17689
sdls              0.27         0.00         0.00       4387          0
sdlt              0.86         0.00         0.01      20991      49756
sdlk              0.90         0.01         0.01      26539      34950
sdlm              1.01         0.01         0.01      21979      41419
sdlh              1.63         0.01         0.01      38512      51877
sdlq              0.95         0.01         0.02      27744      69868
sdln              0.27         0.00         0.00       4387          0
sdlg              1.13         0.01         0.00      36925      17721
sdlw              0.27         0.00         0.00       4387          0
sdlx              1.12         0.01         0.01      28095      26505
sdmd              0.27         0.00         0.00       4387          0
sdli              1.26         0.01         0.09      37907     396666
sdlj              1.12         0.01         0.01      28082      26473
sdlu              1.63         0.01         0.01      38553      51852
sdly              0.27         0.00         0.00       4387          0
sdmf              0.27         0.00         0.00       4387          0
sdmh              0.27         0.00         0.00       4387          0
sdlz              1.06         0.01         0.01      37674      45016
sdmb              0.27         0.00         0.00       4387          0
sdlv              0.27         0.00         0.00       4387          0
sdmj              0.27         0.00         0.00       4387          0
sdmk              0.27         0.00         0.00       4387          0
sdlo              0.90         0.01         0.02      23954      83508
sdmp              0.27         0.00         0.00       4388          0
sdmm              0.31         0.00         0.00       4787        334
sdmg              0.27         0.00         0.00       4387          0
sdmc              0.27         0.00         0.00       4388          0
sdma              0.27         0.00         0.00       4387          0
sdmo              0.29         0.00         0.00       4528        197
sdmt              0.27         0.00         0.00       4386          0
sdml              0.27         0.00         0.00       4387          0
sdmr              0.27         0.00         0.00       4387          0
sdmv              0.27         0.00         0.00       4387          0
sdmq              0.30         0.00         0.00       4779        225
sdms              0.30         0.00         0.00       4661        170
sdmy              0.31         0.00         0.00       4950       1092
sdmw              0.31         0.00         0.00       4819       4957
sdmu              0.35         0.00         0.00       5285       4677
sdmi              0.27         0.00         0.00       4388          0
sdnb              0.31         0.00         0.00       4787        325
sdmn              0.27         0.00         0.00       4388          0
sdme              0.27         0.00         0.00       4388          0
sdna              0.27         0.00         0.00       4387          0
sdmx              0.27         0.00         0.00       4387          0
sdnh              0.30         0.00         0.00       4660        169
sdne              0.32         0.00         0.00       5090        278
sdng              0.34         0.00         0.00       5301        670
sdnd              0.29         0.00         0.00       4527        199
sdni              0.30         0.00         0.00       4643        773
sdnf              0.30         0.00         0.00       4780        224
sdnm              0.31         0.00         0.00       4820       4963
sdnk              0.35         0.00         0.00       5286       4630
sdnp              0.43         0.00         0.00       6789        194
sdnq              0.27         0.00         0.00       4387          0
sdno              0.31         0.00         0.00       4949       1088
sdnl              0.34         0.00         0.00       5337        641
sdnv              0.40         0.00         0.00       5844       1299
sdnx              0.37         0.00         0.00       5722       1384
sdmz              0.27         0.00         0.00       4387          0
sdns              0.37         0.00         0.00       5907        152
sdny              0.30         0.00         0.00       4642        781
sdnc              0.29         0.00         0.00       4525       2397
sdnn              0.30         0.00         0.00       4790        153
sdnr              0.31         0.00         0.00       4823        219
sdnt              0.29         0.00         0.00       4525       2417
sdnz              0.49         0.00         0.01       7536      26444
sdog              0.34         0.00         0.00       5286        198
sdnw              0.34         0.00         0.00       5304        658
sdnj              0.15         0.00         0.00       2492          0
sdof              0.43         0.00         0.00       6788        191
sdoj              0.37         0.00         0.00       5907        151
sdol              0.40         0.00         0.00       5846       1295
sdok              0.32         0.00         0.00       5309        102
sdoh              0.31         0.00         0.00       4825        218
sdoa              0.15         0.00         0.00       2492          0
sdnu              0.32         0.00         0.00       5092        273
sdob              0.36         0.00         0.00       5604       2463
sdod              0.35         0.00         0.00       5495        222
sdoi              0.32         0.00         0.00       5325         97
sdoq              0.32         0.00         0.00       5199       3474
sdoe              0.30         0.00         0.00       4789        153
sdoc              0.34         0.00         0.00       5340        643
sdom              0.37         0.00         0.00       5722       1386
sdoo              0.32         0.00         0.00       5163       1578
sdon              0.45         0.00         0.00       7151      15182
sdor              0.36         0.00         0.00       5603       2434
sdoy              0.32         0.00         0.00       5160       1582
sdoz              0.32         0.00         0.00       5199       3473
sdou              0.34         0.00         0.00       5285        200
sdow              0.32         0.00         0.00       5305         99
sdop              0.49         0.00         0.01       7537      26486
sdov              0.32         0.00         0.00       5319         97
sdos              0.27         0.00         0.00       4388          0
sdox              0.45         0.00         0.00       7149      15208
sdpa              0.27         0.00         0.00       4387          0
sdot              0.35         0.00         0.00       5494        225
vg00-lv_root     97.44         0.00         0.38       4066    1595074
mpathb           17.46         0.14         0.20     588537     854976
mpathc           43.68         2.05         0.37    8619419    1558296
dccebrsma11_disk3     0.87         0.00         0.00      13776       4773
dccebrsma11_disk2     0.93         0.00         0.00      14921        349
dccebrsma11_disk5     0.68         0.00         0.00      10808        467
dccebrsma11_disk1     1.15         0.00         0.00      18545       1612
dccebrsma11_disk3p1     0.85         0.00         0.00      13307       4773
dccebrsma11_disk9     1.03         0.00         0.00      16607       5242
dccebrsma11_disk8     1.22         0.00         0.14      12157     579152
mpathcp1        567.99         2.05         0.37    8618950    1558296
dccebrsma11_disk2p1     0.91         0.00         0.00      14452        349
mpathbp1         58.46         0.14         0.20     588068     854976
dccebrsma11_disk5p1     0.66         0.00         0.00      10339        467
dccebrsma11_disk4     1.48         0.01         0.00      23979       1644
dccebrsma11_disk10     0.87         0.00         0.00      13713      16300
dccebrsma11_disk7     0.88         0.00         0.00      14171        302
dccebrsma11_disk1p1     1.13         0.00         0.00      18076       1612
dccebrsma11_disk11     1.02         0.00         0.00      16396        488
dccebrsma01_disk10     1.26         0.01         0.04      43911     165857
dccebrsma01_disk12     1.47         0.02         0.06      94538     247175
dccebrsma01_disk11     1.39         0.02         0.03      98627     145572
dccebrsma02_disk6     1.15         0.01         0.01      29422      31573
dccebrsma11_disk8p1     1.39         0.00         0.14      11688     579152
dccebrsma11_disk9p1     1.01         0.00         0.00      16138       5242
dccebrsma11_disk4p1     1.46         0.01         0.00      23510       1644
dccebrsma02_disk7     2.03         0.02         0.08      70705     331669
dccebrsma02_disk8     1.25         0.01         0.01      45360      62302
dccebrsma03_disk6     1.97         0.04         0.02     150788      96465
dccebrsma03_disk7     1.24         0.01         0.03      60019     108543
dccebrsma11_disk10p1     0.86         0.00         0.00      13244      16300
dccebrsma03_disk8     1.21         0.01         0.02      53234      67306
dccebrsma11_disk7p1     0.86         0.00         0.00      13702        302
dccebrsma04_disk5     1.20         0.02         0.01      78577      40633
dccebrsma11_disk11p1     1.00         0.00         0.00      15927        488
dccebrsma02_disk6p1     1.24         0.01         0.01      28953      31573
dccebrsma01_disk12p1     1.56         0.02         0.06      94069     247175
dccebrsma05_disk3     1.22         0.01         0.02      60026      73175
dccebrsma01_disk11p1     1.49         0.02         0.03      98158     145572
dccebrsma04_disk6     1.37         0.01         0.07      50937     281828
dccebrsma04_disk7     0.99         0.01         0.01      62983      25460
dccebrsma02_disk7p1     2.23         0.02         0.08      70236     331669
dccebrsma05_disk4     1.42         0.03         0.03     110453     104985
dccebrsma02_disk8p1     1.33         0.01         0.01      44891      62302
dccebrsma03_disk6p1     2.11         0.04         0.02     150319      96465
dccebrsma03_disk7p1     1.32         0.01         0.03      59550     108543
dccebrsma03_disk8p1     1.27         0.01         0.02      52765      67306
dccebrsma05_disk3p1     1.28         0.01         0.02      59557      73175
dccebrsma04_disk5p1     1.33         0.02         0.01      78108      40633
dccebrsma04_disk7p1     1.01         0.01         0.01      62514      25460
dccebrsma05_disk5     0.96         0.01         0.01      51439      34091
dccebrsma04_disk6p1     1.50         0.01         0.07      50468     281828
dccebrsma01_disk13     1.14         0.01         0.02      37061      99658
dccebrsma05_disk4p1     1.51         0.03         0.03     109984     104985
dccebrsma01_disk14     1.13         0.01         0.01      58114      27352
dccebrsma01_disk16     1.14         0.01         0.01      38180      42219
dccebrsma02_disk12     1.91         0.01         0.17      50419     728514
dccebrsma01_disk15     1.12         0.02         0.01      86619      60743
dccebrsma03_disk9     1.17         0.01         0.03      40523     115334
dccebrsma02_disk13     1.16         0.02         0.02      79404      88618
dccebrsma02_disk9     1.16         0.01         0.03      61009     111312
dccebrsma02_disk11     1.16         0.02         0.00      99051      20805
dccebrsma02_disk10     1.27         0.01         0.08      50990     356372
dccebrsma03_disk10     1.19         0.01         0.06      39797     231820
dccebrsma03_disk11     1.26         0.03         0.03     114840     133479
dccebrsma03_disk12     1.61         0.01         0.21      31224     867178
dccebrsma01_disk14p1     1.17         0.01         0.01      57645      27352
dccebrsma03_disk9p1     1.22         0.01         0.03      40054     115334
dccebrsma02_disk10p1     1.37         0.01         0.08      50521     356372
dccebrsma01_disk13p1     1.21         0.01         0.02      36592      99658
dccebrsma05_disk5p1     0.99         0.01         0.01      50970      34091
dccebrsma04_disk8     1.35         0.01         0.08      36280     345269
dccebrsma01_disk16p1     1.19         0.01         0.01      37711      42219
dccebrsma02_disk9p1     1.21         0.01         0.03      60540     111312
dccebrsma04_disk10     1.79         0.01         0.18      41590     769821
dccebrsma01_disk15p1     1.18         0.02         0.01      86150      60743
dccebrsma02_disk11p1     1.21         0.02         0.00      98582      20805
dccebrsma03_disk11p1     1.33         0.03         0.03     114371     133479
dccebrsma04_disk9     1.29         0.01         0.00      42283      16032
dccebrsma02_disk13p1     1.22         0.02         0.02      78935      88618
dccebrsma04_disk12     1.25         0.01         0.01      45047      58927
dccebrsma04_disk11     1.14         0.01         0.01      50186      56820
dccebrsma05_disk6     1.04         0.01         0.01      40125      51428
dccebrsma03_disk10p1     1.30         0.01         0.06      39328     231820
dccebrsma03_disk12p1     1.81         0.01         0.21      30755     867178
dccebrsma03_disk13     1.08         0.01         0.01      43639      57990
dccebrsma04_disk8p1     1.49         0.01         0.08      35811     345269
dccebrsma05_disk6p1     1.09         0.01         0.01      39656      51428
dccebrsma03_disk13p1     1.12         0.01         0.01      43170      57990
dccebrsma05_disk9     1.12         0.01         0.01      44836      52641
dccebrsma05_disk8     1.13         0.01         0.01      35867      46520
dccebrsma01_disk17     1.88         0.06         0.03     270736     111808
dccebrsma05_disk7     1.22         0.01         0.09      36099     371038
dccebrsma01_disk20     1.32         0.01         0.02      62034      68974
dccebrsma01_disk22     0.51         0.00         0.00       8330          0
dccebrsma04_disk9p1     1.37         0.01         0.00      41814      16032
dccebrsma01_disk21     1.25         0.01         0.03      31416     115238
dccebrsma01_disk18     0.44         0.00         0.00       7197          0
dccebrsma01_disk23     0.53         0.00         0.00       8384        305
dccebrsma05_disk8p1     1.18         0.01         0.01      35399      46520
dccebrsma05_disk7p1     1.33         0.01         0.09      35630     371038
dccebrsma01_disk17p1     1.98         0.06         0.03     270267     111808
dccebrsma01_disk20p1     1.39         0.01         0.02      61565      68974
dccebrsma04_disk12p1     1.29         0.01         0.01      44578      58927
dccebrsma02_disk15     1.22         0.01         0.02      33591      91272
dccebrsma01_disk21p1     1.34         0.01         0.03      30947     115238
dccebrsma05_disk10     1.24         0.01         0.04      39448     166057
dccebrsma02_disk16     0.51         0.00         0.00       8329          0
dccebrsma02_disk14     1.29         0.02         0.02      67076     100467
dccebrsma02_disk17     0.53         0.00         0.00       8384        307
dccebrsma04_disk11p1     1.20         0.01         0.01      49717      56820
dccebrsma03_disk14     1.20         0.01         0.02      35618      75316
dccebrsma04_disk13     1.23         0.01         0.04      38195     154532
dccebrsma04_disk10p1     2.01         0.01         0.18      41121     769821
dccebrsma03_disk16     0.51         0.00         0.00       8331          0
dccebrsma01_disk19     1.16         0.01         0.01      49562      45921
dccebrsma02_disk15p1     1.30         0.01         0.02      33122      91272
dccebrsma04_disk15     0.51         0.00         0.00       8330          0
dccebrsma02_disk17p1     0.51         0.00         0.00       7915        307
dccebrsma03_disk15     1.72         0.02         0.04      72314     147582
dccebrsma03_disk16p1     0.48         0.00         0.00       7861          0
dccebrsma02_disk14p1     1.37         0.02         0.02      66607     100467
dccebrsma04_disk14     1.28         0.01         0.02      56354      91790
dccebrsma04_disk18     0.51         0.00         0.00       8329          0
dccebrsma04_disk19     0.51         0.00         0.00       8329          0
dccebrsma02_disk16p1     0.48         0.00         0.00       7860          0
dccebrsma04_disk16     0.51         0.00         0.00       8329          0
dccebrsma04_disk17     0.51         0.00         0.00       8329          0
dccebrsma03_disk14p1     1.26         0.01         0.02      35149      75316
dccebrsma05_disk10p1     1.34         0.01         0.04      38979     166057
dccebrsma04_disk13p1     1.33         0.01         0.04      37726     154532
dccebrsma05_disk13     0.51         0.00         0.00       8329          0
dccebrsma05_disk12     0.51         0.00         0.00       8329          0
dccebrsma05_disk15     0.51         0.00         0.00       8329          0
dccebrsma05_disk16     0.51         0.00         0.00       8329          0
dccebrsma05_disk14     0.51         0.00         0.00       8329          0
dccebrsma04_disk16p1     0.48         0.00         0.00       7860          0
dccebrsma05_disk15p1     0.48         0.00         0.00       7860          0
dccebrsma05_disk13p1     0.48         0.00         0.00       7860          0
dccebrsma05_disk14p1     0.48         0.00         0.00       7860          0
dccebrsma05_disk12p1     0.48         0.00         0.00       7860          0
dccebrsma03_disk15p1     1.83         0.02         0.04      71845     147582
dccebrsma04_disk14p1     1.37         0.01         0.02      55885      91790
dccebrsma06_disk1     1.60         0.01         0.05      43261     225729
dccebrsma06_disk2     2.25         0.02         0.15      69466     625837
dccebrsma06_disk3     1.63         0.01         0.02      49658      65350
dccebrsma05_disk11     1.33         0.02         0.02      96612      96601
ddccebrsma06_disk8     2.35         0.02         0.24      67421     998298
dccebrsma04_disk19p1     0.48         0.00         0.00       7860          0
dccebrsma04_disk18p1     0.48         0.00         0.00       7860          0
dccebrsma04_disk17p1     0.48         0.00         0.00       7860          0
dccebrsma06_disk5     2.54         0.02         0.10      72146     436220
dccebrsma05_disk16p1     0.48         0.00         0.00       7860          0
dccebrsma06_disk4     1.55         0.01         0.03      32833     133571
dccebrsma06_disk1p1     1.73         0.01         0.05      42792     225729
dccebrsma06_disk3p1     1.73         0.01         0.02      49189      65350
dccebrsma06_disk7     2.00         0.01         0.01      53717      37405
dccebrsma07_disk2     1.96         0.02         0.03      96887     111313
dccebrsma06_disk6     1.53         0.02         0.01      63769      27509
dccebrsma07_disk1     1.52         0.01         0.01      44617      55969
dccebrsma05_disk11p1     1.44         0.02         0.02      96143      96601
dccebrsma07_disk5     1.52         0.01         0.02      53157      77991
dccebrsma07_disk4     1.80         0.02         0.03      81219     106542
dccebrsma07_disk3     1.88         0.01         0.01      59232      32705
dccebrsma06_disk2p1     2.54         0.02         0.15      68997     625837
dccebrsma07_disk7     3.52         0.03         0.01     114532      22640
ddccebrsma06_disk8p1     2.73         0.02         0.24      66952     998298
dccebrsma07_disk5p1     1.61         0.01         0.02      52688      77991
dccebrsma07_disk7p1     3.66         0.03         0.01     114063      22640
dccebrsma01_disk10p1     1.33         0.01         0.04      43442     165857
dccebrsma06_disk5p1     2.83         0.02         0.10      71677     436220
dccebrsma06_disk4p1     1.66         0.01         0.03      32364     133571
dccebrsma06_disk7p1     2.17         0.01         0.01      53248      37405
dccebrsma07_disk1p1     1.60         0.01         0.01      44148      55969
dccebrsma07_disk2p1     2.11         0.02         0.03      96418     111313
dccebrsma07_disk6     1.78         0.01         0.06      39418     235028
dccebrsma08_disk1     0.77         0.00         0.00      12352        350
dccebrsma08_disk3     0.90         0.00         0.00      14495        431
dccebrsma08_disk2     0.92         0.00         0.00      14893        355
dccebrsma08_disk7     0.69         0.00         0.00      11057        546
dccebrsma08_disk5     1.73         0.01         0.00      27880       6488
dccebrsma08_disk4     0.85         0.00         0.00      13615        330
dccebrsma06_disk6p1     1.62         0.02         0.01      63300      27509
dccebrsma08_disk6     0.74         0.00         0.00      11629      12568
dccebrsma07_disk4p1     1.94         0.02         0.03      80750     106542
dccebrsma07_disk6p1     1.94         0.01         0.06      38949     235028
dccebrsma08_disk1p1     0.75         0.00         0.00      11884        350
dccebrsma08_disk5p1     1.71         0.01         0.00      27411       6488
dccebrsma08_disk6p1     0.73         0.00         0.00      11160      12568
dccebrsma08_disk4p1     0.83         0.00         0.00      13146        330
dccebrsma02_disk12p1     2.13         0.01         0.17      49950     728514
dccebrsma09_disk1     0.87         0.00         0.00      13932        391
dccebrsma09_disk2     1.11         0.00         0.00      17890        334
dccebrsma08_disk8     0.82         0.00         0.00      13114        423
dccebrsma08_disk2p1     0.90         0.00         0.00      14424        355
dccebrsma09_disk7     0.82         0.00         0.00      12843      13200
dccebrsma09_disk3     0.96         0.00         0.00      15311       6037
dccebrsma09_disk5     0.82         0.00         0.00      13063        422
dccebrsma10_disk4     1.05         0.00         0.00      16922       2383
dccebrsma08_disk3p1     0.88         0.00         0.00      14026        431
dccebrsma08_disk7p1     0.67         0.00         0.00      10588        546
dccebrsma09_disk1p1     0.85         0.00         0.00      13463        391
dccebrsma09_disk7p1     0.81         0.00         0.00      12374      13200
dccebrsma09_disk3p1     0.94         0.00         0.00      14842       6037
dccebrsma09_disk5p1     0.79         0.00         0.00      12594        422
dccebrsma10_disk4p1     1.03         0.00         0.00      16453       2383
dccebrsma09_disk4     0.99         0.00         0.00      15924       3437
dccebrsma09_disk8     0.87         0.00         0.00      14095        310
dccebrsma09_disk6     0.92         0.00         0.00      14804       1870
dccebrsma09_disk2p1     1.09         0.00         0.00      17421        334
dccebrsma08_disk8p1     0.80         0.00         0.00      12645        423
dccebrsma10_disk5     0.98         0.00         0.00      15657       5148
dccebrsma09_disk4p1     0.97         0.00         0.00      15455       3437
dccebrsma10_disk1     0.74         0.00         0.00      11711      10653
dccebrsma09_disk8p1     0.85         0.00         0.00      13626        310
dccebrsma09_disk6p1     0.90         0.00         0.00      14335       1870
dccebrsma10_disk6     0.70         0.00         0.00      11147        351
dccebrsma05_disk9p1     1.16         0.01         0.01      44367      52641
dccebrsma10_disk5p1     0.96         0.00         0.00      15188       5148
dccebrsma10_disk8     1.07         0.00         0.00      17095       7141
dccebrsma01_disk23p1     0.51         0.00         0.00       7915        305
dccebrsma10_disk6p1     0.68         0.00         0.00      10678        351
dccebrsma10_disk8p1     1.05         0.00         0.00      16626       7141
dccebrsma01_disk19p1     1.21         0.01         0.01      49093      45921
dccebrsma01_disk22p1     0.48         0.00         0.00       7861          0
dccebrsma10_disk2     0.72         0.00         0.00      11509        557
dccebrsma04_disk15p1     0.48         0.00         0.00       7861          0
dccebrsma10_disk3     0.89         0.00         0.00      14192       4800
dccebrsma10_disk7     1.01         0.00         0.00      16505        405
dccebrsma10_disk13     0.51         0.00         0.00       8329          0
dccebrsma10_disk1p1     0.73         0.00         0.00      11242      10653
dccebrsma10_disk12     0.51         0.00         0.00       8330          0
dccebrsma10_disk16     0.51         0.00         0.00       8329          0
dccebrsma10_disk10     0.51         0.00         0.00       8329          0
dccebrsma10_disk11     0.51         0.00         0.00       8329          0
dccebrsma10_disk15     0.51         0.00         0.00       8329          0
dccebrsma10_disk9     0.95         0.00         0.00      15236        324
dccebrsma11_disk12     1.61         0.01         0.03      44228     109857
dccebrsma11_disk15     1.71         0.01         0.02      52635      69930
dccebrsma10_disk14     0.51         0.00         0.00       8329          0
dccebrsma10_disk7p1     0.99         0.00         0.00      16036        405
dccebrsma11_disk14     2.44         0.02         0.19      75350     793286
dccebrsma12_disk3     2.06         0.02         0.02      74921      90002
dccebrsma11_disk16     1.93         0.01         0.02      43532      82966
dccebrsma10_disk10p1     0.48         0.00         0.00       7860          0
dccebrsma10_disk2p1     0.70         0.00         0.00      11040        557
dccebrsma10_disk13p1     0.48         0.00         0.00       7860          0
dccebrsma11_disk12p1     1.75         0.01         0.03      43759     109857
dccebrsma11_disk16p1     2.13         0.01         0.02      43063      82966
dccebrsma10_disk3p1     0.87         0.00         0.00      13723       4800
dccebrsma12_disk3p1     2.18         0.02         0.02      74452      90002
dccebrsma10_disk11p1     0.48         0.00         0.00       7860          0
dccebrsma10_disk15p1     0.48         0.00         0.00       7860          0
dccebrsma10_disk16p1     0.48         0.00         0.00       7860          0
dccebrsma11_disk15p1     1.85         0.01         0.02      52166      69930
dccebrsma11_disk18     1.81         0.01         0.03      55006     139703
dccebrsma11_disk17     1.73         0.01         0.04      47495     167067
dccebrsma12_disk5     0.51         0.00         0.00       8329          0
dccebrsma11_disk19     1.64         0.01         0.02      41563      99506
dccebrsma12_disk6     0.51         0.00         0.00       8329          0
dccebrsma11_disk13     2.19         0.02         0.01      73396      35411
dccebrsma12_disk7     0.51         0.00         0.00       8330          0
dccebrsma11_disk18p1     1.96         0.01         0.03      54537     139703
dccebrsma10_disk14p1     0.48         0.00         0.00       7860          0
dccebrsma12_disk1     3.13         0.02         0.02      76620     103730
dccebrsma12_disk5p1     0.48         0.00         0.00       7860          0
dccebrsma12_disk4     0.51         0.00         0.00       8329          0
dccebrsma13_disk1     0.51         0.00         0.00       8329          0
dccebrsma12_disk2     2.15         0.01         0.01      55732      52979
dccebrsma11_disk17p1     1.87         0.01         0.04      47026     167067
dccebrsma12_disk7p1     0.48         0.00         0.00       7861          0
dccebrsma12_disk6p1     0.48         0.00         0.00       7860          0
dccebrsma11_disk19p1     1.78         0.01         0.02      41094      99506
dccebrsma12_disk1p1     3.40         0.02         0.02      76150     103730
dccebrsma12_disk2p1     2.28         0.01         0.01      55263      52979
dccebrsma13_disk1p1     0.48         0.00         0.00       7860          0
dccebrsma11_disk13p1     2.27         0.02         0.01      72926      35411
dccebrsma13_disk2     0.51         0.00         0.00       8329          0
dccebrsma13_disk6     0.51         0.00         0.00       8329          0
dccebrsma12_disk8     0.51         0.00         0.00       8330          0
dccebrsma13_disk3     0.51         0.00         0.00       8330          0
dccebrsma11_disk21     0.58         0.00         0.00       9129        659
dccebrsma13_disk4     0.51         0.00         0.00       8330          0
dccebrsma11_disk20     0.55         0.00         0.00       8609        397
dccebrsma13_disk5     0.51         0.00         0.00       8329          0
dccebrsma13_disk8     0.51         0.00         0.00       8329          0
dccebrsma12_disk9     0.58         0.00         0.00       9115        450
dccebrsma12_disk10     0.56         0.00         0.00       8876        340
dccebrsma12_disk13     0.59         0.00         0.00       9453       2180
dccebrsma12_disk12     0.59         0.00         0.00       9194       9921
dccebrsma12_disk11     0.66         0.00         0.00      10126       9308
dccebrsma13_disk2p1     0.48         0.00         0.00       7860          0
dccebrsma13_disk7     0.51         0.00         0.00       8330          0
dccebrsma13_disk6p1     0.48         0.00         0.00       7860          0
dccebrsma12_disk8p1     0.48         0.00         0.00       7860          0
dccebrsma12_disk14     0.51         0.00         0.00       8329          0
dccebrsma12_disk16     0.61         0.00         0.00       9737        551
dccebrsma13_disk3p1     0.48         0.00         0.00       7860          0
dccebrsma12_disk17     0.64         0.00         0.00      10160       1328
dccebrsma12_disk18     0.56         0.00         0.00       8840       1555
dccebrsma13_disk5p1     0.48         0.00         0.00       7860          0
dccebrsma13_disk8p1     0.48         0.00         0.00       7860          0
dccebrsma11_disk20p1     0.52         0.00         0.00       8140        397
dccebrsma12_disk11p1     0.67         0.00         0.00       9657       9308
dccebrsma12_disk13p1     0.57         0.00         0.00       8984       2180
dccebrsma12_disk12p1     0.57         0.00         0.00       8725       9921
dccebrsma12_disk16p1     0.59         0.00         0.00       9268        551
dccebrsma12_disk10p1     0.54         0.00         0.00       8407        340
dccebrsma12_disk9p1     0.55         0.00         0.00       8645        450
dccebrsma12_disk17p1     0.65         0.00         0.00       9690       1328
dccebrsma07_disk3p1     2.01         0.01         0.01      58763      32705
dccebrsma13_disk4p1     0.48         0.00         0.00       7860          0
dccebrsma06_disk9     0.82         0.00         0.00      13132        385
dccebrsma12_disk14p1     0.48         0.00         0.00       7860          0
dccebrsma11_disk21p1     0.56         0.00         0.00       8660        659
dccebrsma13_disk7p1     0.48         0.00         0.00       7860          0
dccebrsma12_disk18p1     0.54         0.00         0.00       8371       1555
dccebrsma06_disk15     0.65         0.00         0.00      10233       1285
dccebrsma13_disk14     0.75         0.00         0.00      11245       2595
dccebrsma13_disk15     0.71         0.00         0.00      10999       2770
dccebrsma06_disk15p1     0.63         0.00         0.00       9763       1285
dccebrsma06_disk10     0.71         0.00         0.00      11369        304
dccebrsma12_disk15     0.55         0.00         0.00       8605       4814
dccebrsma06_disk11     0.58         0.00         0.00       9135        307
dccebrsma13_disk14p1     0.76         0.00         0.00      10776       2595
dccebrsma06_disk14     0.58         0.00         0.00       9203        438
dccebrsma13_disk16     0.95         0.00         0.01      14628      52931
dccebrsma13_disk15p1     0.70         0.00         0.00      10530       2770
vmax_dccebrsma09_disk17     0.64         0.00         0.00      10126        398
vmax_dccebrsma09_disk19     0.30         0.00         0.00       4981          0
vsp_g700_dccebrsma09_disk10     0.61         0.00         0.00      10169        202
dccebrsma13_disk17     0.68         0.00         0.00      10761       4898
dccebrsma13_disk18     0.66         0.00         0.00      10543        447
vsp_g700_dccebrsma09_disk9     0.62         0.00         0.00      10199        195
dccebrsma06_disk11p1     0.55         0.00         0.00       8666        307
dccebrsma06_disk14p1     0.56         0.00         0.00       8734        438
vsp_g700_dccebrsma09_disk13     0.62         0.00         0.00       9953       6948
vsp_g700_dccebrsma09_disk12     0.61         0.00         0.00       9877       3160
dccebrsma12_disk15p1     0.53         0.00         0.00       8136       4814
dccebrsma06_disk10p1     0.69         0.00         0.00      10899        304
dccebrsma13_disk17p1     0.68         0.00         0.00      10292       4898
dccebrsma13_disk18p1     0.65         0.00         0.00      10074        447
vsp_g700_dccebrsma09_disk9p1     0.60         0.00         0.00       9730        195
vsp_g700_dccebrsma09_disk10p1     0.60         0.00         0.00       9700        202
vsp_g700_dccebrsma09_disk12p1     0.59         0.00         0.00       9408       3160
vsp_g700_dccebrsma09_disk13p1     0.60         0.00         0.00       9484       6948
vmax_dccebrsma09_disk17p1     0.62         0.00         0.00       9657        398
vsp_g700_dccebrsma09_disk11     0.87         0.00         0.01      13856      30391
dccebrsma13_disk16p1     0.99         0.00         0.01      14159      52931
vsp_g700_dccebrsma09_disk11p1     0.87         0.00         0.01      13386      30391
vsp_g700_dccebrsma07_disk9     0.51         0.00         0.00       8329          0
vsp_g700_dccebrsma07_disk9p1     0.48         0.00         0.00       7860          0
dccebrsma11_disk14p1     2.77         0.02         0.19      74881     793286
dccebrsma10_disk9p1     0.93         0.00         0.00      14767        324
dccebrsma10_disk12p1     0.48         0.00         0.00       7860          0
dccebrsma12_disk4p1     0.48         0.00         0.00       7860          0
dccebrsma06_disk9p1     0.80         0.00         0.00      12663        385
vg01-lv_indexcache    56.54         0.13         0.20     547011     838859
vg01-lv_simpana     1.64         0.01         0.00      35792      16117
vg02-lv_gddb    108.49         0.26         0.37    1104906    1535238
vg00-lv_opt       0.41         0.00         0.00       7288       2881
vg00-lv_var       3.64         0.01         0.01      59100      54340
vg00-lv_home      0.42         0.00         0.00       2679       4154
vg00-lv_appl      0.16         0.00         0.00       2665          0
vg00-lv_tmp       0.85         0.00         0.00       2697      11285
vg00-lv_var_log     2.70         0.00         0.01       6912      39995
vg00-lv_usr       0.97         0.00         0.00      16528       7837
vg00-lv_var_log_audit     0.19         0.00         0.00       2731        382
clusvg11_16-lv11_16     1.79         0.01         0.02      38418      82966
clusvg11_12-lv11_12     1.43         0.01         0.03      39114     109857
clusvg10_13-lv10_13     0.20         0.00         0.00       3215          0
clusvg10_14-lv10_14     0.20         0.00         0.00       3215          0
clusvg11_15-lv11_15     1.51         0.01         0.02      47521      69930
clusvg10_2-lv10_2     0.41         0.00         0.00       6395        557
clusvg10_15-lv10_15     0.20         0.00         0.00       3215          0
clusvg10_16-lv10_16     0.20         0.00         0.00       3215          0
clusvg10_11-lv10_11     0.20         0.00         0.00       3216          0
clusvg10_10-lv10_10     0.20         0.00         0.00       3215          0
clusvg10_7-lv10_7     0.70         0.00         0.00      11392        405
clusvg10_3-lv10_3     0.58         0.00         0.00       9078       4800
clusvg4_15-lv4_15     0.20         0.00         0.00       3216          0
clusvg1_19-lv1_19     0.90         0.01         0.01      44449      45921
clusvg10_8-lv10_8     0.76         0.00         0.00      11982       7141
clusvg10_6-lv10_6     0.39         0.00         0.00       6033        351
clusvg10_1-lv10_1     0.44         0.00         0.00       6597      10653
clusvg1_23-lv1_23     0.22         0.00         0.00       3270        305
clusvg1_22-lv1_22     0.20         0.00         0.00       3216          0
clusvg10_5-lv10_5     0.67         0.00         0.00      10543       5148
clusvg5_9-lv5_9     0.85         0.01         0.01      39722      52641
clusvg9_6-lv9_6     0.61         0.00         0.00       9690       1870
clusvg9_8-lv9_8     0.56         0.00         0.00       8981        310
clusvg9_4-lv9_4     0.68         0.00         0.00      10811       3437
clusvg10_4-lv10_4     0.74         0.00         0.00      11809       2383
clusvg9_5-lv9_5     0.50         0.00         0.00       7950        422
clusvg8_8-lv8_8     0.51         0.00         0.00       8001        423
clusvg9_3-lv9_3     0.65         0.00         0.00      10198       6037
clusvg9_7-lv9_7     0.51         0.00         0.00       7729      13200
clusvg9_2-lv9_2     0.80         0.00         0.00      12777        334
clusvg9_1-lv9_1     0.56         0.00         0.00       8818        391
clusvg2_12-lv2_12     1.81         0.01         0.17      45306     728514
clusvg8_3-lv8_3     0.59         0.00         0.00       9381        431
clusvg8_7-lv8_7     0.38         0.00         0.00       5944        546
clusvg8_4-lv8_4     0.54         0.00         0.00       8501        330
clusvg8_6-lv8_6     0.44         0.00         0.00       6515      12568
clusvg8_5-lv8_5     1.42         0.01         0.00      22766       6488
clusvg8_2-lv8_2     0.61         0.00         0.00       9780        355
clusvg8_1-lv8_1     0.46         0.00         0.00       7239        350
clusvg7_6-lv7_6     1.62         0.01         0.06      34304     235028
clusvg1_10-lv1_10     1.02         0.01         0.04      38797     165857
clusvg7_4-lv7_4     1.61         0.02         0.03      76105     106542
clusvg7_7-lv7_7     3.32         0.03         0.01     109418      22640
clusvg7_5-lv7_5     1.28         0.01         0.02      48043      77991
clusvg6_6-lv6_6     1.30         0.01         0.01      58655      27509
clusvg7_2-lv7_2     1.77         0.02         0.03      91774     111313
clusvg7_1-lv7_1     1.28         0.01         0.01      39503      55969
clusvg6_7-lv6_7     1.83         0.01         0.01      48603      37405
clusvg6_4-lv6_4     1.34         0.01         0.03      27720     133571
clusvg6_5-lv6_5     2.48         0.02         0.10      67032     436220
clusvg6_8-lv6_8     2.39         0.01         0.24      62307     998298
clusvg5_11-lv5_11     1.12         0.02         0.02      91498      96601
clusvg6_3-lv6_3     1.41         0.01         0.02      44544      65350
clusvg6_2-lv6_2     2.20         0.02         0.15      64352     625837
clusvg6_1-lv6_1     1.40         0.01         0.05      38148     225729
clusvg5_16-lv5_16     0.20         0.00         0.00       3215          0
clusvg5_12-lv5_12     0.20         0.00         0.00       3216          0
clusvg5_14-lv5_14     0.20         0.00         0.00       3215          0
clusvg5_13-lv5_13     0.20         0.00         0.00       3215          0
clusvg5_15-lv5_15     0.20         0.00         0.00       3215          0
clusvg4_18-lv4_18     0.20         0.00         0.00       3215          0
clusvg4_17-lv4_17     0.20         0.00         0.00       3215          0
clusvg4_16-lv4_16     0.20         0.00         0.00       3215          0
clusvg4_19-lv4_19     0.20         0.00         0.00       3215          0
clusvg4_14-lv4_14     1.05         0.01         0.02      51240      91790
clusvg3_15-lv3_15     1.51         0.02         0.04      67201     147582
clusvg4_13-lv4_13     1.01         0.01         0.04      33081     154532
clusvg5_10-lv5_10     1.02         0.01         0.04      34334     166057
clusvg3_14-lv3_14     0.94         0.01         0.02      30504      75316
clusvg2_16-lv2_16     0.20         0.00         0.00       3215          0
clusvg2_14-lv2_14     1.05         0.01         0.02      61963     100467
clusvg3_16-lv3_16     0.20         0.00         0.00       3217          0
clusvg2_17-lv2_17     0.22         0.00         0.00       3270        307
clusvg2_15-lv2_15     0.99         0.01         0.02      28477      91272
clusvg1_21-lv1_21     1.02         0.01         0.03      26303     115238
clusvg1_20-lv1_20     1.07         0.01         0.02      56920      68974
clusvg1_17-lv1_17     1.66         0.06         0.03     265622     111808
clusvg5_7-lv5_7     1.02         0.01         0.09      30986     371038
clusvg5_8-lv5_8     0.88         0.01         0.01      30754      46520
clusvg06_09-lv06_09     0.51         0.00         0.00       8018        385
clusvg12_4-lv12_4     0.20         0.00         0.00       3215          0
clusvg10_12-lv10_12     0.20         0.00         0.00       3216          0
clusvg10_9-lv10_9     0.64         0.00         0.00      10123        324
clusvg11_14-lv11_14     2.43         0.02         0.19      70236     793286
clusvg7_9-lv7_9     0.20         0.00         0.00       3215          0
clusvg9_11-lv9_11     0.58         0.00         0.01       8742      30391
clusvg3_13-lv3_13     0.81         0.01         0.01      38526      57990
clusvg9_13-lv9_13     0.31         0.00         0.00       4839       6948
clusvg5_6-lv5_6     0.79         0.01         0.01      35011      51428
clusvg9_12-lv9_12     0.30         0.00         0.00       4763       3160
clusvg4_8-lv4_8     1.17         0.01         0.08      31167     345269
clusvg9_10-lv9_10     0.31         0.00         0.00       5055        202
clusvg4_10-lv4_10     1.69         0.01         0.18      36477     769821
clusvg9_9-lv9_9     0.32         0.00         0.00       5085        195
clusvg4_11-lv4_11     0.89         0.01         0.01      45072      56820
clusvg13_18-lv13_18     0.36         0.00         0.00       5430        447
clusvg4_9-lv4_9     1.05         0.01         0.00      37170      16032
clusvg13_17-lv13_17     0.39         0.00         0.00       5647       4898
clusvg4_12-lv4_12     0.98         0.01         0.01      39933      58927
clusvg06_10-lv06_10     0.40         0.00         0.00       6255        304
clusvg12_15-lv12_15     0.24         0.00         0.00       3491       4814
clusvg13_16-lv13_16     0.69         0.00         0.01       9514      52931
clusvg3_12-lv3_12     1.50         0.01         0.21      26110     867178
clusvg3_10-lv3_10     0.99         0.01         0.06      34683     231820
clusvg06_12-lv06_12     0.33         0.00         0.00       5012        398
clusvg06_14-lv06_14     0.28         0.00         0.00       4089        438
clusvg06_11-lv06_11     0.26         0.00         0.00       4021        307
clusvg3_11-lv3_11     1.02         0.03         0.03     109726     133479
clusvg2_11-lv2_11     0.90         0.02         0.00      93937      20805
clusvg1_15-lv1_15     0.87         0.02         0.01      81505      60743
clusvg2_9-lv2_9     0.90         0.01         0.03      55895     111312
clusvg1_16-lv1_16     0.88         0.01         0.01      33066      42219
clusvg13_15-lv13_15     0.41         0.00         0.00       5885       2770
clusvg2_10-lv2_10     1.07         0.01         0.08      45876     356372
clusvg3_9-lv3_9     0.91         0.01         0.03      35409     115334
clusvg1_14-lv1_14     0.87         0.01         0.01      53001      27352
clusvg13_14-lv13_14     0.46         0.00         0.00       6131       2595
clusvg2_13-lv2_13     0.91         0.02         0.02      74290      88618
clusvg5_5-lv5_5     0.69         0.01         0.01      46325      34091
clusvg1_13-lv1_13     0.91         0.01         0.02      31947      99658
clusvg06_15-lv06_15     0.34         0.00         0.00       5119       1285
clusvg13_7-lv13_7     0.20         0.00         0.00       3216          0
clusvg11_21-lv11_21     0.27         0.00         0.00       4015        659
clusvg12_17-lv12_17     0.36         0.00         0.00       5046       1328
clusvg12_18-lv12_18     0.25         0.00         0.00       3726       1555
clusvg12_14-lv12_14     0.20         0.00         0.00       3215          0
clusvg12_10-lv12_10     0.25         0.00         0.00       3762        340
clusvg12_9-lv12_9     0.26         0.00         0.00       4001        450
clusvg12_16-lv12_16     0.30         0.00         0.00       4623        551
clusvg5_4-lv5_4     1.20         0.03         0.03     105340     104985
clusvg12_12-lv12_12     0.28         0.00         0.00       4080       9921
clusvg12_13-lv12_13     0.28         0.00         0.00       4340       2180
clusvg4_7-lv4_7     0.71         0.01         0.01      57869      25460
clusvg12_11-lv12_11     0.38         0.00         0.00       5012       9308
clusvg4_6-lv4_6     1.19         0.01         0.07      45823     281828
clusvg4_5-lv4_5     1.03         0.02         0.01      73464      40633
clusvg11_20-lv11_20     0.23         0.00         0.00       3496        397
clusvg5_3-lv5_3     0.97         0.01         0.02      54913      73175
clusvg13_8-lv13_8     0.20         0.00         0.00       3215          0
clusvg13_5-lv13_5     0.20         0.00         0.00       3215          0
clusvg3_8-lv3_8     0.96         0.01         0.02      48120      67306
clusvg3_7-lv3_7     1.01         0.01         0.03      54906     108543
clusvg3_6-lv3_6     1.78         0.03         0.02     145674      96465
clusvg13_3-lv13_3     0.20         0.00         0.00       3216          0
clusvg2_8-lv2_8     1.02         0.01         0.01      40247      62302
clusvg2_7-lv2_7     1.89         0.02         0.08      65591     331669
clusvg12_8-lv12_8     0.20         0.00         0.00       3216          0
clusvg13_6-lv13_6     0.20         0.00         0.00       3215          0
clusvg1_11-lv1_11     1.18         0.02         0.03      93514     145572
clusvg13_4-lv13_4     0.20         0.00         0.00       3216          0
clusvg13_2-lv13_2     0.20         0.00         0.00       3215          0
clusvg1_12-lv1_12     1.25         0.02         0.06      89425     247175
clusvg2_6-lv2_6     0.93         0.01         0.01      24308      31573
clusvg11_11-lv11_11     0.71         0.00         0.00      11281        488
clusvg11_7-lv11_7     0.57         0.00         0.00       9056        302
clusvg7_3-lv7_3     1.66         0.01         0.01      54118      32705
clusvg11_10-lv11_10     0.57         0.00         0.00       8598      16300
clusvg11_4-lv11_4     1.17         0.00         0.00      18864       1644
clusvg11_9-lv11_9     0.72         0.00         0.00      11492       5242
clusvg11_8-lv11_8     1.08         0.00         0.14       7042     579152
clusvg11_13-lv11_13     1.95         0.02         0.01      68282      35411
clusvg13_1-lv13_1     0.20         0.00         0.00       3215          0
clusvg12_2-lv12_2     1.94         0.01         0.01      50618      52979
clusvg12_1-lv12_1     3.02         0.02         0.02      71506     103730
clusvg11_19-lv11_19     1.45         0.01         0.02      36449      99506
clusvg11_1-lv11_1     0.84         0.00         0.00      13430       1612
clusvg12_6-lv12_6     0.20         0.00         0.00       3216          0
clusvg12_7-lv12_7     0.20         0.00         0.00       3216          0
clusvg11_17-lv11_17     1.54         0.01         0.04      42381     167067
clusvg11_5-lv11_5     0.37         0.00         0.00       5693        467
clusvg11_2-lv11_2     0.62         0.00         0.00       9806        349
clusvg12_5-lv12_5     0.20         0.00         0.00       3216          0
clusvg11_18-lv11_18     1.62         0.01         0.03      49892     139703
clusvg11_3-lv11_3     0.56         0.00         0.00       8661       4773
clusvg12_3-lv12_3     1.86         0.02         0.02      70039      90002

Filesystem:               rMB_nor/s    wMB_nor/s    rMB_dir/s    wMB_dir/s    rMB_svr/s    wMB_svr/s     ops/s    rops/s    wops/s



Filesystem            Size  Used Avail Use% Mounted on
/dev/mapper/vg00-lv_root
                      2.0G  566M  1.3G  31% /
tmpfs                  63G  1.1G   62G   2% /dev/shm
/dev/mapper/vg00-lv_appl
                      976M  1.3M  924M   1% /appl
/dev/sda2             488M  111M  352M  24% /boot
/dev/mapper/vg00-lv_home
                      4.9G  111M  4.6G   3% /home
/dev/mapper/vg00-lv_opt
                      7.8G  4.8G  2.7G  65% /opt
/dev/mapper/vg00-lv_tmp
                      2.0G  5.0M  1.9G   1% /tmp
/dev/mapper/vg00-lv_usr
                      4.9G  2.6G  2.1G  56% /usr
/dev/mapper/vg00-lv_var
                      7.0G  2.8G  3.9G  42% /var
/dev/mapper/vg00-lv_var_log
                      3.0G  2.8G   41M  99% /var/log
/dev/mapper/vg00-lv_var_log_audit
                      976M   31M  894M   4% /var/log/audit
/dev/mapper/vg01-lv_simpana
                      493G   54G  414G  12% /opt/simpana
/dev/mapper/vg01-lv_indexcache
                      493G  103G  365G  22% /IndexCache
/dev/mapper/vg02-lv_gddb
                      1.7T  171G  1.5T  11% /DCCMA09GDDB/DDB
/dev/mapper/clusvg1_10-lv1_10
                      8.0T  6.5T  1.6T  81% /DCCMA01_Disk10
/dev/mapper/clusvg1_11-lv1_11
                      8.0T  5.4T  2.7T  67% /DCCMA01_Disk11
/dev/mapper/clusvg1_12-lv1_12
                      8.0T  6.7T  1.4T  83% /DCCMA01_Disk12
/dev/mapper/clusvg1_13-lv1_13
                      8.0T  5.8T  2.3T  72% /DCCMA01_Disk13
/dev/mapper/clusvg1_14-lv1_14
                      8.0T  6.5T  1.6T  82% /DCCMA01_Disk14
/dev/mapper/clusvg1_15-lv1_15
                      8.0T  6.1T  2.0T  77% /DCCMA01_Disk15
/dev/mapper/clusvg1_16-lv1_16
                      8.0T  6.3T  1.8T  79% /DCCMA01_Disk16
/dev/mapper/clusvg1_17-lv1_17
                      8.0T  4.1T  4.0T  51% /DCCMA01_Disk17
/dev/mapper/clusvg2_6-lv2_6
                      8.0T  4.4T  3.7T  55% /DCCMA02_Disk6
/dev/mapper/clusvg2_7-lv2_7
                      8.0T  5.7T  2.4T  71% /DCCMA02_Disk7
/dev/mapper/clusvg2_8-lv2_8
                      8.0T  5.7T  2.4T  71% /DCCMA02_Disk8
/dev/mapper/clusvg2_9-lv2_9
                      8.0T  6.6T  1.5T  83% /DCCMA02_Disk9
/dev/mapper/clusvg2_10-lv2_10
                      8.0T  6.1T  2.0T  77% /DCCMA02_Disk10
/dev/mapper/clusvg2_11-lv2_11
                      8.0T  5.9T  2.2T  73% /DCCMA02_Disk11
/dev/mapper/clusvg2_12-lv2_12
                      8.0T  6.0T  2.1T  75% /DCCMA02_Disk12
/dev/mapper/clusvg2_13-lv2_13
                      8.0T  6.6T  1.5T  82% /DCCMA02_Disk13
/dev/mapper/clusvg3_6-lv3_6
                      8.0T  7.0T  1.1T  87% /DCCMA03_Disk6
/dev/mapper/clusvg3_7-lv3_7
                      8.0T  6.3T  1.8T  79% /DCCMA03_Disk7
/dev/mapper/clusvg3_8-lv3_8
                      8.0T  6.4T  1.7T  80% /DCCMA03_Disk8
/dev/mapper/clusvg3_9-lv3_9
                      8.0T  5.7T  2.4T  71% /DCCMA03_Disk9
/dev/mapper/clusvg3_10-lv3_10
                      8.0T  5.5T  2.6T  68% /DCCMA03_Disk10
/dev/mapper/clusvg3_11-lv3_11
                      8.0T  6.0T  2.1T  75% /DCCMA03_Disk11
/dev/mapper/clusvg3_12-lv3_12
                      8.0T  7.1T  953G  89% /DCCMA03_Disk12
/dev/mapper/clusvg3_13-lv3_13
                      8.0T  5.8T  2.3T  73% /DCCMA03_Disk13
/dev/mapper/clusvg4_5-lv4_5
                      8.0T  5.5T  2.6T  68% /DCCMA04_Disk5
/dev/mapper/clusvg4_6-lv4_6
                      8.0T  5.8T  2.3T  72% /DCCMA04_Disk6
/dev/mapper/clusvg4_7-lv4_7
                      8.0T  6.4T  1.7T  80% /DCCMA04_Disk7
/dev/mapper/clusvg4_8-lv4_8
                      8.0T  5.3T  2.8T  67% /DCCMA04_Disk8
/dev/mapper/clusvg4_9-lv4_9
                      8.0T  5.0T  3.1T  62% /DCCMA04_Disk9
/dev/mapper/clusvg4_10-lv4_10
                      8.0T  6.5T  1.6T  81% /DCCMA04_Disk10
/dev/mapper/clusvg4_11-lv4_11
                      8.0T  4.3T  3.8T  54% /DCCMA04_Disk11
/dev/mapper/clusvg4_12-lv4_12
                      8.0T  7.1T  953G  89% /DCCMA04_Disk12
/dev/mapper/clusvg5_3-lv5_3
                      8.0T  5.1T  3.0T  64% /DCCMA05_Disk3
/dev/mapper/clusvg5_4-lv5_4
                      8.0T  5.9T  2.2T  73% /DCCMA05_Disk4
/dev/mapper/clusvg5_5-lv5_5
                      8.0T  6.4T  1.7T  80% /DCCMA05_Disk5
/dev/mapper/clusvg5_6-lv5_6
                      8.0T  7.1T  968G  89% /DCCMA05_Disk6
/dev/mapper/clusvg5_7-lv5_7
                      8.0T  6.5T  1.6T  81% /DCCMA05_Disk7
/dev/mapper/clusvg5_8-lv5_8
                      8.0T  6.6T  1.5T  82% /DCCMA05_Disk8
/dev/mapper/clusvg5_9-lv5_9
                      8.0T  8.0T  2.5G 100% /DCCMA05_Disk9
/dev/mapper/clusvg5_10-lv5_10
                      8.0T  5.1T  3.0T  64% /DCCMA05_Disk10
/dev/mapper/clusvg6_1-lv6_1
                      8.0T  5.0T  3.1T  62% /DCCMA06_Disk1
/dev/mapper/clusvg6_2-lv6_2
                      8.0T  4.6T  3.5T  57% /DCCMA06_Disk2
/dev/mapper/clusvg6_3-lv6_3
                      8.0T  4.2T  3.9T  52% /DCCMA06_Disk3
/dev/mapper/clusvg6_4-lv6_4
                      8.0T  5.9T  2.2T  74% /DCCMA06_Disk4
/dev/mapper/clusvg6_5-lv6_5
                      8.0T  6.7T  1.4T  83% /DCCMA06_Disk5
/dev/mapper/clusvg6_6-lv6_6
                      8.0T  5.4T  2.7T  68% /DCCMA06_Disk6
/dev/mapper/clusvg6_7-lv6_7
                      8.0T  5.9T  2.2T  73% /DCCMA06_Disk7
/dev/mapper/clusvg6_8-lv6_8
                      8.0T  5.4T  2.7T  67% /DCCMA06_Disk8
/dev/mapper/clusvg7_1-lv7_1
                      8.0T  6.6T  1.5T  82% /DCCMA07_Disk1
/dev/mapper/clusvg1_19-lv1_19
                      4.0T  3.9T  184G  96% /DCCMA01_Disk19
/dev/mapper/clusvg1_20-lv1_20
                      4.0T  3.9T  152G  97% /DCCMA01_Disk20
/dev/mapper/clusvg1_21-lv1_21
                      4.0T  3.7T  383G  91% /DCCMA01_Disk21
/dev/mapper/clusvg1_22-lv1_22
                      1.0T   75G  950G   8% /DCCMA01_Disk22
/dev/mapper/clusvg1_23-lv1_23
                      2.0T  2.6G  2.0T   1% /DCCMA01_Disk23
/dev/mapper/clusvg2_14-lv2_14
                      4.0T  3.3T  793G  81% /DCCMA02_Disk14
/dev/mapper/clusvg2_15-lv2_15
                      4.0T  3.8T  252G  94% /DCCMA02_Disk15
/dev/mapper/clusvg2_16-lv2_16
                      1.0T   61G  964G   6% /DCCMA02_Disk16
/dev/mapper/clusvg2_17-lv2_17
                      2.0T  2.6G  2.0T   1% /DCCMA02_Disk17
/dev/mapper/clusvg3_14-lv3_14
                      4.0T  3.7T  398G  91% /DCCMA03_Disk14
/dev/mapper/clusvg3_15-lv3_15
                      4.0T  4.0T  1.8G 100% /DCCMA03_Disk15
/dev/mapper/clusvg3_16-lv3_16
                      1.0T  268G  757G  27% /DCCMA03_Disk16
/dev/mapper/clusvg4_13-lv4_13
                      4.0T  4.0T   83G  98% /DCCMA04_Disk13
/dev/mapper/clusvg4_14-lv4_14
                      4.0T  3.1T  954G  77% /DCCMA04_Disk14
/dev/mapper/clusvg4_15-lv4_15
                      1.0T  313G  712G  31% /DCCMA04_Disk15
/dev/mapper/clusvg4_16-lv4_16
                      8.0T  2.6G  8.0T   1% /DCCMA04_Disk16
/dev/mapper/clusvg4_17-lv4_17
                      8.0T  2.6G  8.0T   1% /DCCMA04_Disk17
/dev/mapper/clusvg4_18-lv4_18
                      8.0T  2.6G  8.0T   1% /DCCMA04_Disk18
/dev/mapper/clusvg4_19-lv4_19
                      8.0T  2.6G  8.0T   1% /DCCMA04_Disk19
/dev/mapper/clusvg5_11-lv5_11
                      4.0T  3.3T  812G  81% /DCCMA05_Disk11
/dev/mapper/clusvg5_12-lv5_12
                      1.0T  257G  768G  26% /DCCMA05_Disk12
/dev/mapper/clusvg5_13-lv5_13
                      8.0T  2.6G  8.0T   1% /DCCMA05_Disk13
/dev/mapper/clusvg5_14-lv5_14
                      8.0T  2.6G  8.0T   1% /DCCMA05_Disk14
/dev/mapper/clusvg5_15-lv5_15
                      8.0T  2.6G  8.0T   1% /DCCMA05_Disk15
/dev/mapper/clusvg5_16-lv5_16
                      8.0T  2.6G  8.0T   1% /DCCMA05_Disk16
/dev/mapper/clusvg7_2-lv7_2
                      8.0T  5.6T  2.5T  69% /DCCMA07_Disk2
/dev/mapper/clusvg7_3-lv7_3
                      8.0T  4.1T  4.0T  51% /DCCMA07_Disk3
/dev/mapper/clusvg7_4-lv7_4
                      8.0T  6.8T  1.3T  85% /DCCMA07_Disk4
/dev/mapper/clusvg7_5-lv7_5
                      8.0T  5.2T  2.9T  64% /DCCMA07_Disk5
/dev/mapper/clusvg7_6-lv7_6
                      8.0T  4.5T  3.6T  56% /DCCMA07_Disk6
/dev/mapper/clusvg7_7-lv7_7
                      8.0T  5.4T  2.7T  68% /DCCMA07_Disk7
/dev/mapper/clusvg8_1-lv8_1
                      8.0T  5.8T  2.3T  73% /DCCMA08_Disk1
/dev/mapper/clusvg8_2-lv8_2
                      8.0T  5.0T  3.1T  62% /DCCMA08_Disk2
/dev/mapper/clusvg8_3-lv8_3
                      8.0T  7.4T  623G  93% /DCCMA08_Disk3
/dev/mapper/clusvg8_4-lv8_4
                      8.0T  7.3T  799G  91% /DCCMA08_Disk4
/dev/mapper/clusvg8_5-lv8_5
                      8.0T  8.0T   61G 100% /DCCMA08_Disk5
/dev/mapper/clusvg8_6-lv8_6
                      8.0T  6.0T  2.1T  75% /DCCMA08_Disk6
/dev/mapper/clusvg8_7-lv8_7
                      8.0T  4.2T  3.9T  52% /DCCMA08_Disk7
/dev/mapper/clusvg8_8-lv8_8
                      8.0T  5.4T  2.7T  67% /DCCMA08_Disk8
/dev/mapper/clusvg9_1-lv9_1
                      8.0T  7.0T  1.1T  88% /DCCMA09_Disk1
/dev/mapper/clusvg9_2-lv9_2
                      8.0T  8.0T   97G  99% /DCCMA09_Disk2
/dev/mapper/clusvg9_3-lv9_3
                      8.0T  6.5T  1.6T  82% /DCCMA09_Disk3
/dev/mapper/clusvg9_4-lv9_4
                      8.0T  7.4T  708G  92% /DCCMA09_Disk4
/dev/mapper/clusvg9_5-lv9_5
                      8.0T  6.8T  1.3T  85% /DCCMA09_Disk5
/dev/mapper/clusvg9_6-lv9_6
                      8.0T  6.7T  1.4T  83% /DCCMA09_Disk6
/dev/mapper/clusvg9_7-lv9_7
                      8.0T  8.0T   71G 100% /DCCMA09_Disk7
/dev/mapper/clusvg9_8-lv9_8
                      8.0T  5.1T  3.0T  63% /DCCMA09_Disk8
/dev/mapper/clusvg10_1-lv10_1
                      8.0T  4.7T  3.4T  59% /DCCMA10_Disk1
/dev/mapper/clusvg10_2-lv10_2
                      8.0T  5.1T  3.0T  64% /DCCMA10_Disk2
/dev/mapper/clusvg10_3-lv10_3
                      8.0T  7.6T  424G  95% /DCCMA10_Disk3
/dev/mapper/clusvg10_4-lv10_4
                      8.0T  7.8T  258G  97% /DCCMA10_Disk4
/dev/mapper/clusvg10_5-lv10_5
                      8.0T  8.0T  4.0G 100% /DCCMA10_Disk5
/dev/mapper/clusvg10_6-lv10_6
                      8.0T  4.6T  3.5T  57% /DCCMA10_Disk6
/dev/mapper/clusvg10_7-lv10_7
                      8.0T  6.9T  1.2T  86% /DCCMA10_Disk7
/dev/mapper/clusvg10_8-lv10_8
                      8.0T  8.0T   84G  99% /DCCMA10_Disk8
/dev/mapper/clusvg11_1-lv11_1
                      8.1T  8.0T   46G 100% /DCCMA11_Disk1
/dev/mapper/clusvg11_2-lv11_2
                      8.1T  7.9T  124G  99% /DCCMA11_Disk2
/dev/mapper/clusvg11_3-lv11_3
                      8.1T  8.1T  2.5G 100% /DCCMA11_Disk3
/dev/mapper/clusvg11_4-lv11_4
                      8.1T  7.1T  989G  88% /DCCMA11_Disk4
/dev/mapper/clusvg11_5-lv11_5
                      8.1T  4.9T  3.2T  61% /DCCMA11_Disk5
/dev/mapper/clusvg11_7-lv11_7
                      8.1T  8.1T  2.2G 100% /DCCMA11_Disk7
/dev/mapper/clusvg11_8-lv11_8
                      8.1T  4.6T  3.5T  57% /DCCMA11_Disk8
/dev/mapper/clusvg11_9-lv11_9
                      8.1T  7.9T  131G  99% /DCCMA11_Disk9
/dev/mapper/clusvg11_10-lv11_10
                      8.1T  7.6T  434G  95% /DCCMA11_Disk10
/dev/mapper/clusvg11_11-lv11_11
                      8.1T  6.7T  1.4T  83% /DCCMA11_Disk11
/dev/mapper/clusvg10_9-lv10_9
                      8.0T  6.5T  1.6T  81% /DCCMA10_Disk9
/dev/mapper/clusvg10_10-lv10_10
                      8.0T  2.6G  8.0T   1% /DCCMA10_Disk10
/dev/mapper/clusvg10_11-lv10_11
                      8.0T  2.6G  8.0T   1% /DCCMA10_Disk11
/dev/mapper/clusvg10_12-lv10_12
                      8.0T  2.6G  8.0T   1% /DCCMA10_Disk12
/dev/mapper/clusvg10_13-lv10_13
                      8.0T  2.6G  8.0T   1% /DCCMA10_Disk13
/dev/mapper/clusvg10_14-lv10_14
                      8.0T  2.6G  8.0T   1% /DCCMA10_Disk14
/dev/mapper/clusvg10_15-lv10_15
                      8.0T  2.6G  8.0T   1% /DCCMA10_Disk15
/dev/mapper/clusvg10_16-lv10_16
                      8.0T  2.6G  8.0T   1% /DCCMA10_Disk16
/dev/mapper/clusvg11_12-lv11_12
                      8.0T  5.8T  2.3T  72% /DCCMA11_Disk12
/dev/mapper/clusvg11_13-lv11_13
                      8.0T  5.7T  2.4T  71% /DCCMA11_Disk13
/dev/mapper/clusvg11_14-lv11_14
                      8.0T  5.6T  2.5T  70% /DCCMA11_Disk14
/dev/mapper/clusvg11_15-lv11_15
                      8.0T  6.7T  1.4T  84% /DCCMA11_Disk15
/dev/mapper/clusvg11_16-lv11_16
                      8.0T  5.0T  3.1T  62% /DCCMA11_Disk16
/dev/mapper/clusvg11_17-lv11_17
                      8.0T  5.5T  2.6T  69% /DCCMA11_Disk17
/dev/mapper/clusvg11_18-lv11_18
                      8.0T  4.4T  3.7T  54% /DCCMA11_Disk18
/dev/mapper/clusvg11_19-lv11_19
                      8.0T  5.0T  3.1T  62% /DCCMA11_Disk19
/dev/mapper/clusvg12_1-lv12_1
                      8.0T  5.6T  2.5T  70% /DCCMA12_Disk1
/dev/mapper/clusvg12_2-lv12_2
                      8.0T  4.1T  4.0T  51% /DCCMA12_Disk2
/dev/mapper/clusvg12_3-lv12_3
                      8.0T  5.4T  2.7T  67% /DCCMA12_Disk3
/dev/mapper/clusvg12_4-lv12_4
                      8.0T  2.6G  8.0T   1% /DCCMA12_Disk4
/dev/mapper/clusvg12_5-lv12_5
                      8.0T  2.6G  8.0T   1% /DCCMA12_Disk5
/dev/mapper/clusvg12_6-lv12_6
                      8.0T  2.6G  8.0T   1% /DCCMA12_Disk6
/dev/mapper/clusvg12_7-lv12_7
                      8.0T  2.6G  8.0T   1% /DCCMA12_Disk7
/dev/mapper/clusvg12_8-lv12_8
                      8.0T  2.6G  8.0T   1% /DCCMA12_Disk8
/dev/mapper/clusvg13_1-lv13_1
                      8.0T  2.6G  8.0T   1% /DCCMA13_Disk1
/dev/mapper/clusvg13_2-lv13_2
                      8.0T  2.6G  8.0T   1% /DCCMA13_Disk2
/dev/mapper/clusvg13_3-lv13_3
                      8.0T  2.6G  8.0T   1% /DCCMA13_Disk3
/dev/mapper/clusvg13_4-lv13_4
                      8.0T  2.6G  8.0T   1% /DCCMA13_Disk4
/dev/mapper/clusvg13_5-lv13_5
                      8.0T  2.6G  8.0T   1% /DCCMA13_Disk5
/dev/mapper/clusvg13_6-lv13_6
                      8.0T  2.6G  8.0T   1% /DCCMA13_Disk6
/dev/mapper/clusvg13_7-lv13_7
                      8.0T  2.6G  8.0T   1% /DCCMA13_Disk7
/dev/mapper/clusvg13_8-lv13_8
                      8.0T  2.6G  8.0T   1% /DCCMA13_Disk8
/dev/mapper/clusvg11_20-lv11_20
                      8.0T  7.8T  298G  97% /DCCMA11_Disk20
/dev/mapper/clusvg11_21-lv11_21
                      8.0T  7.7T  349G  96% /DCCMA11_Disk21
/dev/mapper/clusvg12_9-lv12_9
                      8.0T  7.8T  292G  97% /DCCMA12_Disk9
/dev/mapper/clusvg12_10-lv12_10
                      8.0T  6.6T  1.5T  82% /DCCMA12_Disk10
/dev/mapper/clusvg12_11-lv12_11
                      8.0T  5.0T  3.1T  62% /DCCMA12_Disk11
/dev/mapper/clusvg12_12-lv12_12
                      8.0T  6.2T  1.9T  78% /DCCMA12_Disk12
/dev/mapper/clusvg12_13-lv12_13
                      8.0T  5.7T  2.4T  71% /DCCMA12_Disk13
/dev/mapper/clusvg12_15-lv12_15
                      8.0T  5.1T  3.0T  64% /DCCMA12_Disk15
/dev/mapper/clusvg12_16-lv12_16
                      8.0T  6.8T  1.3T  85% /DCCMA12_Disk16
/dev/mapper/clusvg12_17-lv12_17
                      8.0T  6.3T  1.8T  78% /DCCMA12_Disk17
/dev/mapper/clusvg12_18-lv12_18
                      8.0T  8.0T  2.6G 100% /DCCMA12_Disk18
/dev/mapper/clusvg13_14-lv13_14
                      8.0T  6.5T  1.6T  81% /DCCMA13_Disk14
/dev/mapper/clusvg13_15-lv13_15
                      8.0T  6.9T  1.2T  86% /DCCMA13_Disk15
/dev/mapper/clusvg13_16-lv13_16
                      8.0T  6.0T  2.1T  75% /DCCMA13_Disk16
/dev/mapper/clusvg13_17-lv13_17
                      8.0T  5.6T  2.5T  70% /DCCMA13_Disk17
/dev/mapper/clusvg13_18-lv13_18
                      8.0T  5.4T  2.7T  67% /DCCMA13_Disk18
/dev/mapper/clusvg06_09-lv06_09
                      8.0T  7.4T  709G  92% /DCCMA06_Disk09
/dev/mapper/clusvg06_10-lv06_10
                      8.0T  8.0T   51G 100% /DCCMA06_Disk10
/dev/mapper/clusvg06_11-lv06_11
                      8.0T  7.8T  268G  97% /DCCMA06_Disk11
/dev/mapper/clusvg06_12-lv06_12
                      8.0T  6.0T  2.1T  75% /DCCMA06_Disk12
/dev/mapper/clusvg06_14-lv06_14
                      8.0T  7.5T  537G  94% /DCCMA06_Disk14
/dev/mapper/clusvg06_15-lv06_15
                      8.0T  5.3T  2.8T  67% /DCCMA06_Disk15
/dev/mapper/clusvg12_14-lv12_14
                      8.0T  2.6G  8.0T   1% /DCCMA12_Disk14
/dev/mapper/clusvg7_9-lv7_9
                      4.0T  1.4T  2.7T  35% /DCCMA07_Disk9
/dev/mapper/clusvg9_10-lv9_10
                      8.0T  2.9T  5.2T  36% /DCCMA09_Disk10
/dev/mapper/clusvg9_11-lv9_11
                      8.0T  1.5T  6.6T  18% /DCCMA09_Disk11
/dev/mapper/clusvg9_12-lv9_12
                      8.0T  8.0T  3.5G 100% /DCCMA09_Disk12
/dev/mapper/clusvg9_13-lv9_13
                      8.0T   97G  8.0T   2% /DCCMA09_Disk13
/dev/mapper/clusvg9_9-lv9_9
                      8.0T  156G  7.9T   2% /DCCMA09_Disk09


Galaxy         	0:off	1:off	2:off	3:on	4:off	5:on	6:off
Jarvis         	0:off	1:off	2:on	3:on	4:on	5:on	6:off
abrt-ccpp      	0:off	1:off	2:off	3:on	4:off	5:on	6:off
abrtd          	0:off	1:off	2:off	3:on	4:off	5:on	6:off
acpid          	0:off	1:off	2:on	3:on	4:on	5:on	6:off
atd            	0:off	1:off	2:off	3:on	4:on	5:on	6:off
auditd         	0:off	1:off	2:on	3:on	4:on	5:on	6:off
autofs         	0:off	1:off	2:off	3:on	4:on	5:on	6:off
blk-availability	0:off	1:on	2:on	3:on	4:on	5:on	6:off
cba8           	0:off	1:off	2:off	3:on	4:on	5:on	6:off
certmonger     	0:off	1:off	2:off	3:on	4:on	5:on	6:off
cgconfig       	0:off	1:off	2:off	3:off	4:off	5:off	6:off
cgred          	0:off	1:off	2:off	3:off	4:off	5:off	6:off
clvmd          	0:off	1:off	2:off	3:off	4:off	5:off	6:off
cman           	0:off	1:off	2:off	3:off	4:off	5:off	6:off
corosync       	0:off	1:off	2:off	3:off	4:off	5:off	6:off
cpglockd       	0:off	1:off	2:off	3:off	4:off	5:off	6:off
cpuspeed       	0:off	1:on	2:on	3:on	4:on	5:on	6:off
crond          	0:off	1:off	2:on	3:on	4:on	5:on	6:off
cups           	0:off	1:off	2:on	3:on	4:on	5:on	6:off
dnsmasq        	0:off	1:off	2:off	3:off	4:off	5:off	6:off
ds_agent       	0:off	1:off	2:on	3:on	4:on	5:on	6:off
firstboot      	0:off	1:off	2:off	3:off	4:off	5:off	6:off
gfs2           	0:off	1:off	2:off	3:off	4:off	5:off	6:off
goferd         	0:off	1:off	2:on	3:on	4:on	5:on	6:off
haldaemon      	0:off	1:off	2:off	3:on	4:on	5:on	6:off
ip6tables      	0:off	1:off	2:off	3:off	4:off	5:off	6:off
ipmievd        	0:off	1:off	2:off	3:off	4:off	5:off	6:off
iptables       	0:off	1:off	2:off	3:off	4:off	5:off	6:off
irqbalance     	0:off	1:off	2:off	3:on	4:on	5:on	6:off
kdump          	0:off	1:off	2:on	3:on	4:on	5:on	6:off
libvirt-guests 	0:off	1:off	2:on	3:on	4:on	5:on	6:off
lvm2-monitor   	0:off	1:on	2:on	3:on	4:on	5:on	6:off
mcelogd        	0:off	1:off	2:off	3:on	4:off	5:on	6:off
mdmonitor      	0:off	1:off	2:on	3:on	4:on	5:on	6:off
messagebus     	0:off	1:off	2:on	3:on	4:on	5:on	6:off
modclusterd    	0:off	1:off	2:on	3:on	4:on	5:on	6:off
multipathd     	0:off	1:off	2:on	3:on	4:on	5:on	6:off
ncpa_listener  	0:off	1:off	2:on	3:on	4:on	5:on	6:off
ncpa_passive   	0:off	1:off	2:on	3:on	4:on	5:on	6:off
netconsole     	0:off	1:off	2:off	3:off	4:off	5:off	6:off
netfs          	0:off	1:off	2:off	3:off	4:off	5:off	6:off
network        	0:off	1:off	2:on	3:on	4:on	5:on	6:off
nfs            	0:off	1:off	2:off	3:off	4:off	5:off	6:off
nfs-rdma       	0:off	1:off	2:off	3:off	4:off	5:off	6:off
nfslock        	0:off	1:off	2:off	3:off	4:off	5:off	6:off
nntgen7agent   	0:off	1:off	2:on	3:on	4:off	5:on	6:off
ntpd           	0:off	1:off	2:on	3:on	4:on	5:on	6:off
ntpdate        	0:off	1:off	2:off	3:off	4:off	5:off	6:off
numad          	0:off	1:off	2:off	3:off	4:off	5:off	6:off
oddjobd        	0:off	1:off	2:off	3:off	4:off	5:off	6:off
portreserve    	0:off	1:off	2:on	3:on	4:on	5:on	6:off
postfix        	0:off	1:off	2:off	3:off	4:off	5:off	6:off
pppoe-server   	0:off	1:off	2:off	3:off	4:off	5:off	6:off
psacct         	0:off	1:off	2:off	3:off	4:off	5:off	6:off
puppet         	0:off	1:off	2:on	3:on	4:on	5:on	6:off
pxp-agent      	0:off	1:off	2:on	3:on	4:on	5:on	6:off
quota_nld      	0:off	1:off	2:off	3:off	4:off	5:off	6:off
rdisc          	0:off	1:off	2:off	3:off	4:off	5:off	6:off
rdma           	0:off	1:on	2:on	3:on	4:on	5:on	6:off
restorecond    	0:off	1:off	2:off	3:off	4:off	5:off	6:off
rgmanager      	0:off	1:off	2:off	3:off	4:off	5:off	6:off
rhnsd          	0:off	1:off	2:off	3:off	4:off	5:off	6:off
rhsmcertd      	0:off	1:off	2:off	3:on	4:on	5:on	6:off
ricci          	0:off	1:off	2:on	3:on	4:on	5:on	6:off
rngd           	0:off	1:off	2:off	3:off	4:off	5:off	6:off
rpcbind        	0:off	1:off	2:off	3:off	4:off	5:off	6:off
rpcgssd        	0:off	1:off	2:off	3:on	4:on	5:on	6:off
rpcsvcgssd     	0:off	1:off	2:off	3:off	4:off	5:off	6:off
rsyslog        	0:off	1:off	2:on	3:on	4:on	5:on	6:off
saslauthd      	0:off	1:off	2:off	3:off	4:off	5:off	6:off
smartd         	0:off	1:off	2:off	3:off	4:off	5:off	6:off
snmpd          	0:off	1:off	2:on	3:on	4:on	5:on	6:off
snmptrapd      	0:off	1:off	2:off	3:off	4:off	5:off	6:off
spice-vdagentd 	0:off	1:off	2:off	3:off	4:off	5:on	6:off
sshd           	0:off	1:on	2:on	3:on	4:on	5:on	6:on
sssd           	0:off	1:off	2:off	3:off	4:off	5:off	6:off
sysstat        	0:off	1:on	2:on	3:on	4:on	5:on	6:off
udev-post      	0:off	1:on	2:on	3:on	4:on	5:on	6:off
wdaemon        	0:off	1:off	2:off	3:off	4:off	5:off	6:off
winbind        	0:off	1:off	2:off	3:off	4:off	5:off	6:off
wpa_supplicant 	0:off	1:off	2:off	3:off	4:off	5:off	6:off
xagt           	0:off	1:off	2:on	3:on	4:on	5:on	6:off
xinetd         	0:off	1:off	2:off	3:on	4:on	5:on	6:off
ypbind         	0:off	1:off	2:off	3:off	4:off	5:off	6:off

xinetd based services:
	chargen-dgram: 	off
	chargen-stream:	off
	daytime-dgram: 	off
	daytime-stream:	off
	discard-dgram: 	off
	discard-stream:	off
	echo-dgram:    	off
	echo-stream:   	off
	nrpe:          	on
	nsca:          	on
	pds2:          	on
	rsync:         	off
	tcpmux-server: 	off
	time-dgram:    	off
	time-stream:   	off


