
dccebrsma12
eth14 eth4 eth11 bond0 usb0:192.168.2.12/16 192.168.8.74/21 169.254.95.120/24
2.6.32-696.el6.x86_64
 11:17:18 up 48 days, 14:23,  1 user,  load average: 0.69, 0.46, 0.40
kernel-2.6.32-754.48.1.el6.x86_64             Fri 19 Aug 2022 08:50:52 PM +08
kernel-2.6.32-754.47.1.el6.x86_64             Fri 20 May 2022 10:51:22 PM +08
kernel-2.6.32-696.el6.x86_64                  Thu 01 Nov 2018 12:32:57 AM +08
Red Hat Enterprise Linux Server release 6.10 (Santiago)
Intel(R) Xeon(R) Gold 6132 CPU @ 2.60GHz
257980 MB
5 of 18

CPU usage is below the threshold (Which is 80%)
Memory Usage is below the threshold (Which is 80%)

Memory free 91
Used	Avail	Use%	Mounted
1.3G	31%	/	
1.1G	125G	1%	/dev/shm
924M	1%	/appl	
79M	384M	17%	/boot
4.7G	1%	/home	
3.6G	23%	/opt	
1.9G	1%	/tmp	
1.8G	62%	/usr	
4.5G	33%	/var	
1.5G	50%	/var/log	
896M	4%	/var/log/audit	
451G	4%	/opt/simpana	
354G	25%	/IndexCache	
1.6T	81%	/DCCMA01_Disk10	
2.7T	67%	/DCCMA01_Disk11	
1.4T	83%	/DCCMA01_Disk12	
2.3T	72%	/DCCMA01_Disk13	
1.6T	82%	/DCCMA01_Disk14	
2.0T	77%	/DCCMA01_Disk15	
1.8T	79%	/DCCMA01_Disk16	
4.0T	51%	/DCCMA01_Disk17	
3.7T	55%	/DCCMA02_Disk6	
2.4T	71%	/DCCMA02_Disk7	
2.4T	71%	/DCCMA02_Disk8	
1.5T	83%	/DCCMA02_Disk9	
2.0T	77%	/DCCMA02_Disk10	
2.2T	73%	/DCCMA02_Disk11	
2.1T	75%	/DCCMA02_Disk12	
1.5T	82%	/DCCMA02_Disk13	
1.1T	87%	/DCCMA03_Disk6	
1.8T	79%	/DCCMA03_Disk7	
1.7T	80%	/DCCMA03_Disk8	
2.4T	71%	/DCCMA03_Disk9	
2.6T	68%	/DCCMA03_Disk10	
2.1T	75%	/DCCMA03_Disk11	
953G	89%	/DCCMA03_Disk12	
2.3T	73%	/DCCMA03_Disk13	
2.6T	68%	/DCCMA04_Disk5	
2.3T	72%	/DCCMA04_Disk6	
1.7T	80%	/DCCMA04_Disk7	
2.8T	67%	/DCCMA04_Disk8	
3.1T	62%	/DCCMA04_Disk9	
1.6T	81%	/DCCMA04_Disk10	
3.8T	54%	/DCCMA04_Disk11	
953G	89%	/DCCMA04_Disk12	
3.0T	64%	/DCCMA05_Disk3	
2.2T	73%	/DCCMA05_Disk4	
1.7T	80%	/DCCMA05_Disk5	
968G	89%	/DCCMA05_Disk6	
1.6T	81%	/DCCMA05_Disk7	
1.5T	82%	/DCCMA05_Disk8	
2.5G	100%	/DCCMA05_Disk9	
3.0T	64%	/DCCMA05_Disk10	
3.1T	62%	/DCCMA06_Disk1	
3.5T	57%	/DCCMA06_Disk2	
3.9T	52%	/DCCMA06_Disk3	
2.2T	74%	/DCCMA06_Disk4	
1.4T	83%	/DCCMA06_Disk5	
2.7T	68%	/DCCMA06_Disk6	
2.2T	73%	/DCCMA06_Disk7	
2.7T	67%	/DCCMA06_Disk8	
1.5T	82%	/DCCMA07_Disk1	
184G	96%	/DCCMA01_Disk19	
152G	97%	/DCCMA01_Disk20	
383G	91%	/DCCMA01_Disk21	
950G	8%	/DCCMA01_Disk22	
2.0T	1%	/DCCMA01_Disk23	
793G	81%	/DCCMA02_Disk14	
252G	94%	/DCCMA02_Disk15	
964G	6%	/DCCMA02_Disk16	
2.0T	1%	/DCCMA02_Disk17	
398G	91%	/DCCMA03_Disk14	
1.8G	100%	/DCCMA03_Disk15	
757G	27%	/DCCMA03_Disk16	
83G	98%	/DCCMA04_Disk13	
954G	77%	/DCCMA04_Disk14	
712G	31%	/DCCMA04_Disk15	
8.0T	1%	/DCCMA04_Disk16	
8.0T	1%	/DCCMA04_Disk17	
8.0T	1%	/DCCMA04_Disk18	
8.0T	1%	/DCCMA04_Disk19	
812G	81%	/DCCMA05_Disk11	
768G	26%	/DCCMA05_Disk12	
8.0T	1%	/DCCMA05_Disk13	
8.0T	1%	/DCCMA05_Disk14	
8.0T	1%	/DCCMA05_Disk15	
8.0T	1%	/DCCMA05_Disk16	
2.5T	69%	/DCCMA07_Disk2	
4.0T	51%	/DCCMA07_Disk3	
1.3T	85%	/DCCMA07_Disk4	
2.9T	64%	/DCCMA07_Disk5	
3.6T	56%	/DCCMA07_Disk6	
2.7T	68%	/DCCMA07_Disk7	
2.3T	73%	/DCCMA08_Disk1	
3.1T	62%	/DCCMA08_Disk2	
623G	93%	/DCCMA08_Disk3	
799G	91%	/DCCMA08_Disk4	
61G	100%	/DCCMA08_Disk5	
2.1T	75%	/DCCMA08_Disk6	
3.9T	52%	/DCCMA08_Disk7	
2.7T	67%	/DCCMA08_Disk8	
1.1T	88%	/DCCMA09_Disk1	
97G	99%	/DCCMA09_Disk2	
1.6T	82%	/DCCMA09_Disk3	
708G	92%	/DCCMA09_Disk4	
1.3T	85%	/DCCMA09_Disk5	
1.4T	83%	/DCCMA09_Disk6	
71G	100%	/DCCMA09_Disk7	
3.0T	63%	/DCCMA09_Disk8	
3.4T	59%	/DCCMA10_Disk1	
3.0T	64%	/DCCMA10_Disk2	
424G	95%	/DCCMA10_Disk3	
258G	97%	/DCCMA10_Disk4	
4.0G	100%	/DCCMA10_Disk5	
3.5T	57%	/DCCMA10_Disk6	
1.2T	86%	/DCCMA10_Disk7	
84G	99%	/DCCMA10_Disk8	
46G	100%	/DCCMA11_Disk1	
124G	99%	/DCCMA11_Disk2	
2.5G	100%	/DCCMA11_Disk3	
989G	88%	/DCCMA11_Disk4	
3.2T	61%	/DCCMA11_Disk5	
2.2G	100%	/DCCMA11_Disk7	
3.5T	57%	/DCCMA11_Disk8	
131G	99%	/DCCMA11_Disk9	
434G	95%	/DCCMA11_Disk10	
1.4T	83%	/DCCMA11_Disk11	
1.6T	81%	/DCCMA10_Disk9	
8.0T	1%	/DCCMA10_Disk10	
8.0T	1%	/DCCMA10_Disk11	
8.0T	1%	/DCCMA10_Disk12	
8.0T	1%	/DCCMA10_Disk13	
8.0T	1%	/DCCMA10_Disk14	
8.0T	1%	/DCCMA10_Disk15	
8.0T	1%	/DCCMA10_Disk16	
2.3T	72%	/DCCMA11_Disk12	
2.4T	71%	/DCCMA11_Disk13	
2.5T	70%	/DCCMA11_Disk14	
1.4T	84%	/DCCMA11_Disk15	
3.1T	62%	/DCCMA11_Disk16	
2.6T	69%	/DCCMA11_Disk17	
3.7T	54%	/DCCMA11_Disk18	
3.1T	62%	/DCCMA11_Disk19	
2.5T	70%	/DCCMA12_Disk1	
4.0T	51%	/DCCMA12_Disk2	
2.7T	67%	/DCCMA12_Disk3	
8.0T	1%	/DCCMA12_Disk4	
8.0T	1%	/DCCMA12_Disk5	
8.0T	1%	/DCCMA12_Disk6	
8.0T	1%	/DCCMA12_Disk7	
8.0T	1%	/DCCMA12_Disk8	
8.0T	1%	/DCCMA13_Disk1	
8.0T	1%	/DCCMA13_Disk2	
8.0T	1%	/DCCMA13_Disk3	
8.0T	1%	/DCCMA13_Disk4	
8.0T	1%	/DCCMA13_Disk5	
8.0T	1%	/DCCMA13_Disk6	
8.0T	1%	/DCCMA13_Disk7	
8.0T	1%	/DCCMA13_Disk8	
298G	97%	/DCCMA11_Disk20	
349G	96%	/DCCMA11_Disk21	
292G	97%	/DCCMA12_Disk9	
1.5T	82%	/DCCMA12_Disk10	
3.1T	62%	/DCCMA12_Disk11	
1.9T	78%	/DCCMA12_Disk12	
2.4T	71%	/DCCMA12_Disk13	
3.0T	64%	/DCCMA12_Disk15	
1.3T	85%	/DCCMA12_Disk16	
1.8T	78%	/DCCMA12_Disk17	
2.6G	100%	/DCCMA12_Disk18	
1.6T	81%	/DCCMA13_Disk14	
1.2T	86%	/DCCMA13_Disk15	
2.1T	75%	/DCCMA13_Disk16	
2.5T	70%	/DCCMA13_Disk17	
2.7T	67%	/DCCMA13_Disk18	
709G	92%	/DCCMA06_Disk09	
51G	100%	/DCCMA06_Disk10	
268G	97%	/DCCMA06_Disk11	
2.1T	75%	/DCCMA06_Disk12	
537G	94%	/DCCMA06_Disk14	
2.8T	67%	/DCCMA06_Disk15	
8.0T	1%	/DCCMA12_Disk14	
2.7T	35%	/DCCMA07_Disk9	
5.2T	36%	/DCCMA09_Disk10	
6.6T	18%	/DCCMA09_Disk11	
3.5G	100%	/DCCMA09_Disk12	
8.0T	2%	/DCCMA09_Disk13	
7.9T	2%	/DCCMA09_Disk09	

48 days,
ntpd (pid  24771) is running...
ntpd           	0:off	1:off	2:on	3:on	4:on	5:on	6:off

Sat 10 Sep 2022 11:17:19 AM ZONE="Asia/Kuala_Lumpur"
Sat 10 Sep 2022 11:17:20 AM +08  -0.893320 seconds
ntpd (pid  24771) is running...
server 0.rhel.pool.ntp.org iburst
server 1.rhel.pool.ntp.org iburst
server 2.rhel.pool.ntp.org iburst
server 3.rhel.pool.ntp.org iburst
server 10.10.10.75 iburst
server 10.10.10.76 iburst


Linux 2.6.32-696.el6.x86_64 (dccebrsma12) 	09/10/2022 	_x86_64_	(56 CPU)

11:17:20 AM     CPU     %user     %nice   %system   %iowait    %steal     %idle
11:17:22 AM     all      0.15      0.00      0.54      0.04      0.00     99.27
11:17:24 AM     all      0.05      0.00      0.33      0.01      0.00     99.61
11:17:26 AM     all      0.12      0.00      0.73      0.00      0.00     99.15
11:17:28 AM     all      0.17      0.00      0.78      0.04      0.00     99.02
11:17:30 AM     all      0.04      0.00      0.62      0.00      0.00     99.34
Average:        all      0.11      0.00      0.60      0.02      0.00     99.28
Average:        all      0.45      0.00      1.03      0.15      0.00     98.36

             total       used       free     shared    buffers     cached
Mem:        257980     246504      11476       1311       9388     214240
-/+ buffers/cache:      22875     235105
Swap:            0          0          0
Total:      257980     246504      11476


Linux 2.6.32-696.el6.x86_64 (dccebrsma12) 	09/10/2022 	_x86_64_	(56 CPU)

09/10/2022 11:17:30 AM
Device:            tps    MB_read/s    MB_wrtn/s    MB_read    MB_wrtn
sda              51.80         0.02         0.44      93696    1860756
sdb               0.69         0.00         0.04      16794     169233
sde               0.60         0.01         0.01      26471      37362
sdi               1.55         0.10         0.01     425388      37929
sdc               1.24         0.00         0.00      20355          0
sdk               0.72         0.00         0.01      11039      29410
sdg               0.81         0.00         0.00      12601      10877
sdh               0.80         0.00         0.00      12616       4274
sdd               1.22         0.00         0.02      18812      68156
sdp               1.05         0.02         0.02      72670      69498
sdj               0.89         0.00         0.02      13021      85386
sdl               0.66         0.00         0.01       9838      39645
sdo               0.81         0.00         0.01      12425      29589
sdn               0.64         0.01         0.03      21126     115162
sdq               0.90         0.00         0.03      12780     127023
sdr               0.71         0.01         0.03      29941     106355
sds               0.22         0.00         0.00       3558          0
sdt               0.05         0.00         0.00        835          0
sdv               0.93         0.01         0.01      50629      62509
sdx               0.05         0.00         0.00        835          0
sdw               0.05         0.00         0.00        835          0
sdm               1.03         0.00         0.02      15063      99325
sdf               0.67         0.00         0.00      10610        416
sdz               0.96         0.04         0.01     182208      47597
sdu               0.05         0.00         0.00        836          0
sdy               0.05         0.00         0.00        836          0
sdac              0.73         0.01         0.03      37606     137963
sdaa              0.05         0.00         0.00        836          0
sdab              0.05         0.00         0.00        836          0
sdae              0.50         0.00         0.01      16946      22681
sdad              0.05         0.00         0.00        836          0
sdah              0.67         0.01         0.01      44473      47098
sdaj              0.67         0.01         0.01      32051      21472
sdag              0.05         0.00         0.00        836          0
sdak              0.60         0.01         0.01      22229      42204
sdai              0.63         0.00         0.03      15889     143893
sdaf              0.05         0.00         0.00        836          0
sdan              0.66         0.01         0.04      21515     157314
sdal              0.52         0.01         0.02      26744      65305
sdao              0.54         0.00         0.01      15181      27131
sdam              0.62         0.01         0.03      34266     127812
sdaq              0.59         0.01         0.01      22051      37256
sdat              0.82         0.01         0.04      26040     184601
sdaw              0.68         0.01         0.02      38191      83233
sdaz              0.51         0.00         0.01      16159      47785
sdap              0.22         0.00         0.00       3550          0
sdar              0.05         0.00         0.00        827          0
sdbf              0.80         0.01         0.01      30646      23324
sdbe              0.60         0.00         0.02      14077      97122
sdbg              0.64         0.01         0.03      31890     137322
sdbi              0.66         0.00         0.01      19776      56317
sdas              0.05         0.00         0.00        827          0
sdau              0.05         0.00         0.00        827          0
sdbn              0.57         0.01         0.01      27419      55148
sdav              0.05         0.00         0.00        827          0
sdbr              0.55         0.00         0.01      17474      37168
sdbt              0.65         0.01         0.02      29042      71342
sdax              0.05         0.00         0.00        827          0
sday              0.05         0.00         0.00        827          0
sdbx              0.69         0.00         0.04      16769     169183
sdby              0.68         0.01         0.01      46919      54378
sdbw              0.62         0.01         0.00      61375      15711
sdbc              0.05         0.00         0.00        827          0
sdba              0.05         0.00         0.00        827          0
sdbb              0.05         0.00         0.00        827          0
sdcb              1.55         0.10         0.01     425456      37972
sdbd              0.05         0.00         0.00        827          0
sdbz              0.60         0.01         0.01      26427      37353
sdch              0.71         0.01         0.03      29959     106348
sdcc              0.68         0.01         0.01      36178      42393
sdcj              0.93         0.01         0.01      50608      62443
sdcd              0.62         0.00         0.01      18138      61500
sdbj              0.05         0.00         0.00        827          0
sdbh              0.22         0.00         0.00       3550          0
sdca              0.72         0.01         0.02      35391      83703
sdbo              0.05         0.00         0.00        827          0
sdbm              0.05         0.00         0.00        827          0
sdbl              0.05         0.00         0.00        827          0
sdcf              1.05         0.02         0.02      72602      69480
sdbu              0.05         0.00         0.00        827          0
sdcg              0.67         0.01         0.01      26356      50346
sdck              0.56         0.00         0.02      15373     104051
sdci              0.67         0.00         0.05      16342     197884
sdco              0.88         0.01         0.08      21074     354584
sdcm              0.96         0.04         0.01     182269      47646
sdce              0.64         0.01         0.03      21104     115178
sdcl              0.72         0.02         0.03      73919     138024
sdbp              0.05         0.00         0.00        828          0
sdbq              0.05         0.00         0.00        827          0
sdbs              0.05         0.00         0.00        828          0
sdcp              0.50         0.00         0.01      16940      22697
sdbk              0.05         0.00         0.00        827          0
sdcs              0.22         0.00         0.00       3587          0
sdcv              0.67         0.01         0.01      32064      21467
sdbv              0.05         0.00         0.00        827          0
sdcu              0.63         0.00         0.03      15932     143722
sdcr              0.67         0.01         0.01      44486      47048
sdct              0.75         0.02         0.00     103710      16794
sdcq              0.64         0.01         0.02      22389      68460
sdcw              0.71         0.01         0.02      33226      65418
sdcn              0.73         0.01         0.03      37574     137926
sddd              0.66         0.01         0.04      21534     157427
sdcx              0.60         0.01         0.01      22227      42257
sddg              0.55         0.00         0.01      15323      36127
sdcy              0.68         0.01         0.00      25976      20208
sdda              0.26         0.00         0.00       4351          0
sddj              0.28         0.00         0.00       4384        148
sddc              0.62         0.01         0.03      34246     127847
sddf              0.54         0.00         0.01      15172      27149
sddr              0.56         0.01         0.01      21556      28811
sddq              0.26         0.00         0.00       4349          0
sddh              0.59         0.01         0.01      22073      37231
sddn              0.51         0.00         0.01      16172      47778
sddv              0.66         0.00         0.01      19788      56294
sddi              0.26         0.00         0.00       4351          0
sddo              0.93         0.01         0.02      59886      81551
sddk              0.82         0.01         0.04      26034     184550
sddp              0.60         0.00         0.02      14162      97056
sddl              0.68         0.01         0.02      38223      83332
sddx              0.26         0.00         0.00       4350          0
sddz              0.26         0.00         0.00       4350          0
sddm              0.75         0.01         0.03      40143     134552
sddw              0.26         0.00         0.00       4350          0
sddy              0.57         0.01         0.01      27407      55170
sdea              0.55         0.00         0.01      17505      37107
sdde              0.57         0.01         0.00      29192      18234
sdeg              0.68         0.01         0.01      46923      54312
sddb              0.28         0.00         0.00       4384        149
sdec              0.65         0.01         0.02      29067      71352
sdcz              0.52         0.01         0.02      26775      65272
sdef              0.65         0.01         0.01      22952      42911
sdds              0.80         0.01         0.01      30654      23237
sdeb              0.26         0.00         0.00       4348          0
sdel              0.62         0.00         0.01      18145      61465
sded              0.62         0.01         0.00      61392      15672
sdej              0.26         0.00         0.00       4349          0
sdem              0.26         0.00         0.00       4349          0
sdee              0.26         0.00         0.00       4348          0
sddu              0.64         0.01         0.03      31892     137369
sdei              0.72         0.01         0.02      35417      83658
sdep              0.26         0.00         0.00       4350          0
sdeh              0.26         0.00         0.00       4350          0
sddt              0.65         0.00         0.03      16822     105620
sdeq              0.67         0.00         0.05      16338     197676
sdek              0.68         0.01         0.01      36159      42393
sdes              0.56         0.00         0.02      15382     104134
sden              0.26         0.00         0.00       4349          0
sder              0.74         0.01         0.01      37497      51287
sdev              0.86         0.01         0.01      52619      28423
sdfa              0.22         0.00         0.00       3587          0
sdey              1.00         0.01         0.01      40825      39175
sdeu              0.89         0.01         0.01      37901      37501
sdfd              0.98         0.01         0.01      32135      31616
sdeo              0.67         0.01         0.01      26358      50333
sdfg              0.68         0.01         0.00      25999      20264
sdfe              0.71         0.01         0.02      33200      65414
sdff              0.74         0.00         0.01      18787      47727
sdew              0.89         0.01         0.02      60538      87304
sdet              0.72         0.02         0.03      73821     138090
sdfi              0.26         0.00         0.00       4350          0
sdfj              0.28         0.00         0.00       4381        149
sdfo              0.55         0.00         0.01      15341      36258
sdex              0.88         0.01         0.08      21103     354517
sdfq              0.26         0.00         0.00       4349          0
sdfc              0.75         0.01         0.02      25061      84196
sdfn              1.18         0.02         0.05     101942     189819
sdez              0.64         0.01         0.02      22368      68389
sdgd              0.26         0.00         0.00       4349          0
sdfl              1.07         0.01         0.03      28136     111971
sdft              1.03         0.01         0.01      30708      21421
sdfr              0.28         0.00         0.00       4384        147
sdfh              0.95         0.01         0.05      30821     206827
sdfx              0.26         0.00         0.00       4350          0
sdga              0.44         0.00         0.00       6825      13998
sdfy              0.56         0.01         0.01      21525      28752
sdfk              1.02         0.01         0.01      52416      51568
sdfv              0.30         0.00         0.00       4718        443
sdgf              0.26         0.00         0.00       4348          0
sdgc              0.38         0.00         0.01       5523      38724
sdfu              0.75         0.01         0.03      40176     134554
sdfp              0.89         0.01         0.02      49223      88029
sdgb              0.65         0.00         0.03      16799     105570
sdfs              0.92         0.01         0.02      47448      66474
sdfm              0.57         0.01         0.00      29174      18186
sdgh              0.38         0.00         0.01       5673      22550
sdfb              0.75         0.02         0.00     103773      16835
sdfw              0.93         0.01         0.02      59843      81531
sdge              0.54         0.00         0.01       8128      41938
sdfz              0.32         0.00         0.01       4745      26881
sdgn              0.65         0.01         0.01      22945      42845
sdgx              0.36         0.00         0.01       5347      23792
sdgk              0.26         0.00         0.00       4349          0
sdgl              0.40         0.00         0.01       5974      30600
sdgv              0.26         0.00         0.00       4349          0
sdgt              0.30         0.00         0.00       4633       6495
sdhc              0.89         0.01         0.01      37864      37497
sdgq              0.31         0.00         0.00       4710      18525
sdgr              0.36         0.00         0.00       5691       1798
sdhd              0.86         0.01         0.01      52540      28387
sdgu              0.26         0.00         0.00       4349          0
sdhh              0.36         0.00         0.01       5037      47941
sdgw              0.26         0.00         0.00       4348          0
sdgg              0.26         0.00         0.00       4348          0
sdgo              0.26         0.00         0.00       4350          0
sdhb              0.32         0.00         0.00       4691      20359
sdgm              0.26         0.00         0.00       4349          0
sdhj              0.42         0.00         0.01       6423      24691
sdgz              0.32         0.00         0.00       4906      12381
sdgj              0.33         0.00         0.00       5091      15171
sdgi              0.30         0.00         0.00       4733       2290
sdgy              0.40         0.00         0.01       5978      24518
sdhg              0.34         0.00         0.00       5141      16377
sdgs              0.26         0.00         0.00       4349          0
sdhi              1.00         0.01         0.01      40774      39210
sdhm              0.74         0.00         0.01      18776      47702
sdhk              0.75         0.01         0.02      25067      84212
sdhl              0.98         0.01         0.01      32162      31666
sdha              0.74         0.01         0.01      37493      51258
sdho              0.41         0.00         0.00       6178      17408
sdhp              0.95         0.01         0.05      30819     206681
sdgp              0.49         0.00         0.00       7651      16044
sdhe              0.89         0.01         0.02      60560      87244
sdhs              1.02         0.01         0.01      52421      51642
sdhy              0.92         0.01         0.02      47439      66328
sdhf              0.35         0.00         0.01       4774      56402
sdhn              0.31         0.00         0.00       4792       7456
sdhw              0.89         0.01         0.02      49208      88001
sdht              1.07         0.01         0.03      28120     111996
sdhr              0.26         0.00         0.00       4349          0
sdif              0.26         0.00         0.00       4349          0
sdhv              0.26         0.00         0.00       4349          0
sdig              0.44         0.00         0.00       6827      14005
sdic              0.30         0.00         0.00       4716        432
sdhx              0.26         0.00         0.00       4349          0
sdia              1.03         0.01         0.01      30702      21395
sdie              0.32         0.00         0.01       4745      26910
sdii              0.27         0.00         0.00       4350          0
sdhq              0.44         0.00         0.00       6744      15503
sdih              0.38         0.00         0.01       5524      38717
sdil              0.38         0.00         0.01       5676      22526
sdhu              1.18         0.02         0.05     101982     189648
sdik              1.04         0.02         0.05      69688     191786
sdij              0.54         0.00         0.01       8127      41929
sdiq              0.40         0.00         0.01       5975      30619
sdid              0.27         0.00         0.00       4349          0
sdib              0.27         0.00         0.00       4349          0
sdiw              1.05         0.01         0.03      48818     137820
sdiz              0.36         0.00         0.01       5349      23842
sdhz              0.27         0.00         0.00       4349          0
sdja              0.75         0.00         0.02      20761      67285
sdjb              0.40         0.00         0.01       5977      24524
sdjd              0.32         0.00         0.00       4906      12368
sdio              0.33         0.00         0.00       5090      15198
sdim              0.95         0.01         0.04      37327     169016
sdjg              3.12         0.23         0.01     947213      22435
sdiu              0.31         0.00         0.00       4711      18558
sdjf              0.32         0.00         0.00       4691      20389
sdin              0.30         0.00         0.00       4734       2316
sdit              0.49         0.00         0.00       7652      16019
sdji              0.27         0.00         0.00       4350          0
sdjk              0.27         0.00         0.00       4349          0
sdir              0.97         0.01         0.03      27399     143352
sdjo              0.27         0.00         0.00       4349          0
sdjq              0.41         0.00         0.00       6182      17374
sdiy              0.30         0.00         0.00       4633       6502
sdiv              0.36         0.00         0.00       5692       1800
sdjm              0.27         0.00         0.00       4349          0
sdjj              0.34         0.00         0.00       5143      16386
sdjh              0.35         0.00         0.01       4774      56461
sdis              1.06         0.01         0.00      62293      19169
sdjw              0.27         0.00         0.00       4349          0
sdip              1.02         0.01         0.06      40237     268783
sdjp              0.31         0.00         0.00       4791       7463
sdjn              0.42         0.00         0.01       6425      24700
sdka              0.27         0.00         0.00       4350          0
sdke              0.51         0.00         0.03       6325     145044
sdje              0.99         0.01         0.02      24407      97688
sdkf              0.32         0.00         0.00       4624      16596
sdkl              0.30         0.00         0.00       4555      13839
sdkm              0.30         0.00         0.00       4661        152
sdkn              0.15         0.00         0.00       2485          0
sdky              0.31         0.00         0.00       4848       4199
sdkw              0.33         0.00         0.01       4820      26684
sdko              0.34         0.00         0.01       5082      25070
sdkr              0.79         0.00         0.14       4847     570190
sdku              0.43         0.00         0.01       5848      58215
sdkv              0.33         0.00         0.00       5019       8783
sdjc              1.98         0.01         0.08      58226     337479
sdkq              0.36         0.00         0.00       5770       1186
sdjs              0.44         0.00         0.00       6742      15525
sdjz              0.27         0.00         0.00       4349          0
sdjl              0.36         0.00         0.01       5036      47895
sdkk              0.31         0.00         0.01       4516      25503
sdlb              0.40         0.00         0.01       6040      24159
sdkt              0.41         0.00         0.02       5053      71395
sdkb              0.40         0.00         0.02       5363      71947
sdkg              0.29         0.00         0.00       4515        274
sdkz              0.32         0.00         0.00       5054      10979
sdkx              0.33         0.00         0.00       4877      18143
sdkh              0.31         0.00         0.01       4517      34691
sdjr              0.26         0.00         0.00       4349          0
sdju              0.26         0.00         0.00       4350          0
sdld              0.27         0.00         0.00       4350          0
sdla              0.34         0.00         0.01       5043      33248
sdlc              0.32         0.00         0.00       5067        100
sdli              0.26         0.00         0.00       4349          0
sdle              0.32         0.00         0.00       5057        455
sdjt              0.26         0.00         0.00       4350          0
sdix              1.16         0.01         0.05      30205     206820
sdlg              0.27         0.00         0.00       4350          0
sdll              0.26         0.00         0.00       4350          0
sdjv              0.27         0.00         0.00       4349          0
sdln              1.04         0.02         0.05      69728     191692
sdma              0.05         0.00         0.00        836          0
sdlf              0.27         0.00         0.00       4349          0
sdlu              0.22         0.00         0.00       3558          0
sdkd              0.33         0.00         0.01       4951      21388
sdkj              0.30         0.00         0.01       4435      21309
sdki              0.27         0.00         0.00       4349          0
sdjx              0.27         0.00         0.00       4349          0
sdlz              0.05         0.00         0.00        836          0
sdlx              0.05         0.00         0.00        836          0
sdkp              0.36         0.00         0.01       5061      39943
sdlj              0.27         0.00         0.00       4349          0
sdls              1.05         0.01         0.03      48832     137834
sdlt              1.16         0.01         0.05      30226     207191
sdlw              0.05         0.00         0.00        836          0
sdlk              0.27         0.00         0.00       4349          0
sdlq              0.97         0.01         0.03      27407     143291
sdmc              0.05         0.00         0.00        836          0
sdlh              0.27         0.00         0.00       4349          0
sdlv              0.75         0.00         0.02      20825      67152
sdmg              0.05         0.00         0.00        836          0
sdmi              0.26         0.00         0.00       4348          0
sdmb              0.99         0.01         0.02      24375      97761
sdmf              0.05         0.00         0.00        836          0
sdlo              0.95         0.01         0.04      37309     169053
sdmm              0.05         0.00         0.00        836          0
sdmd              0.05         0.00         0.00        836          0
sdmq              0.05         0.00         0.00        836          0
sdlr              1.06         0.01         0.00      62272      19185
sdlp              1.02         0.01         0.06      40298     268761
sdmo              0.27         0.00         0.00       4349          0
sdks              0.34         0.00         0.00       5167      13301
sdkc              0.39         0.00         0.02       5372      68078
sdmn              0.05         0.00         0.00        836          0
sdmk              0.26         0.00         0.00       4349          0
sdly              1.98         0.01         0.08      58196     337491
sdmt              0.05         0.00         0.00        836          0
sdme              3.12         0.23         0.01     946962      22431
sdjy              0.26         0.00         0.00       4349          0
sdmp              0.05         0.00         0.00        836          0
sdmj              0.05         0.00         0.00        836          0
sdml              0.22         0.00         0.00       3558          0
sdmh              0.05         0.00         0.00        836          0
sdmr              0.27         0.00         0.00       4349          0
sdmu              0.27         0.00         0.00       4349          0
sdmy              0.27         0.00         0.00       4349          0
sdmw              0.05         0.00         0.00        836          0
sdnf              0.05         0.00         0.00        827          0
sdlm              0.27         0.00         0.00       4349          0
sdnb              0.27         0.00         0.00       4348          0
sdnh              0.05         0.00         0.00        827          0
sdne              0.27         0.00         0.00       4349          0
sdmv              0.05         0.00         0.00        836          0
sdns              0.05         0.00         0.00        827          0
sdnn              0.27         0.00         0.00       4349          0
sdnk              0.27         0.00         0.00       4349          0
sdng              0.05         0.00         0.00        827          0
sdnu              0.26         0.00         0.00       4349          0
sdnr              0.27         0.00         0.00       4350          0
sdms              0.05         0.00         0.00        836          0
sdnc              0.05         0.00         0.00        827          0
sdnm              0.05         0.00         0.00        827          0
sdmz              0.05         0.00         0.00        836          0
sdnd              0.05         0.00         0.00        827          0
sdni              0.05         0.00         0.00        827          0
sdod              0.40         0.00         0.02       5367      71965
sdon              0.30         0.00         0.00       4555      13833
sdnl              0.05         0.00         0.00        827          0
sdor              0.36         0.00         0.01       5064      39922
sdos              0.36         0.00         0.00       5768       1178
sdnw              0.05         0.00         0.00        827          0
sdol              0.30         0.00         0.01       4437      21310
sdnj              0.05         0.00         0.00        827          0
sdmx              0.05         0.00         0.00        836          0
sdnx              0.05         0.00         0.00        827          0
sdoj              0.31         0.00         0.01       4519      34655
sdoo              0.30         0.00         0.00       4659        153
sdnq              0.05         0.00         0.00        827          0
sdoa              0.26         0.00         0.00       4349          0
sdno              0.05         0.00         0.00        827          0
sdog              0.51         0.00         0.03       6324     145078
sdoy              0.33         0.00         0.01       4825      26681
sdoh              0.32         0.00         0.00       4626      16564
sdok              0.26         0.00         0.00       4349          0
sdoc              0.05         0.00         0.00        827          0
sdpb              0.32         0.00         0.00       5051      10985
sdna              0.22         0.00         0.00       3550          0
sdnz              0.05         0.00         0.00        827          0
sdnp              0.22         0.00         0.00       3550          0
sdoe              0.39         0.00         0.02       5370      68029
sdof              0.33         0.00         0.01       4952      21396
sdob              0.05         0.00         0.00        827          0
sdny              0.05         0.00         0.00        827          0
sdoi              0.29         0.00         0.00       4515        271
sdop              0.15         0.00         0.00       2485          0
sdpc              0.34         0.00         0.01       5041      33246
sdom              0.31         0.00         0.01       4519      25606
sdou              0.34         0.00         0.00       5167      13313
sdoz              0.33         0.00         0.00       4877      18116
sdnv              0.05         0.00         0.00        828          0
sdpd              0.40         0.00         0.01       6040      24157
sdnt              0.05         0.00         0.00        828          0
sdox              0.33         0.00         0.00       5021       8770
sdpi              0.70         0.00         0.00      11537          0
sdov              0.41         0.00         0.02       5054      71364
sdow              0.43         0.00         0.01       5846      58195
sdot              0.79         0.00         0.14       4848     570442
sdpe              0.32         0.00         0.00       5066        100
sdoq              0.34         0.00         0.01       5082      25089
sdph             11.81         0.11         0.18     468230     736142
sdpg              0.26         0.00         0.00       4349          0
sdpa              0.31         0.00         0.00       4848       4200
sdpf              0.32         0.00         0.00       5056        452
vg00-lv_root    106.74         0.00         0.42       3398    1747969
dccebrsma01_disk10     1.33         0.01         0.08      33119     338417
dccebrsma01_disk11     1.14         0.01         0.02      52455      74716
dccebrsma01_disk12     3.05         0.20         0.02     850400      75901
dccebrsma11_disk6     1.02         0.00         0.00      16797          0
dccebrsma11_disk8     0.66         0.00         0.01      10204      29410
dccebrsma11_disk2     0.75         0.00         0.00      11766      10877
dccebrsma11_disk11     0.74         0.00         0.00      11780       4274
dccebrsma11_disk4     1.17         0.00         0.02      17976      68156
dccebrsma02_disk7     2.03         0.03         0.03     144828     138979
dccebrsma11_disk9     0.83         0.00         0.02      12185      85386
dccebrsma01_disk10p1     1.46         0.01         0.08      32653     338417
dccebrsma11_disk5     0.60         0.00         0.01       9002      39645
dccebrsma11_disk10     0.75         0.00         0.01      11589      29589
dccebrsma01_disk12p1     3.19         0.20         0.02     849935      75901
dccebrsma02_disk6     1.22         0.01         0.05      41786     230341
dccebrsma01_disk11p1     1.20         0.01         0.02      51989      74716
dccebrsma11_disk6p1     1.00         0.00         0.00      16331          0
dccebrsma11_disk8p1     0.65         0.00         0.01       9738      29410
dccebrsma11_disk2p1     0.73         0.00         0.00      11300      10877
dccebrsma11_disk11p1     0.72         0.00         0.00      11314       4274
dccebrsma11_disk7     0.84         0.00         0.03      11945     127023
dccebrsma02_disk8     1.35         0.01         0.05      59457     212704
dccebrsma03_disk6     1.78         0.02         0.03     100794     124952
dccebrsma02_disk7p1     2.18         0.03         0.03     144362     138979
dccebrsma11_disk4p1     1.16         0.00         0.02      17510      68156
dccebrsma11_disk9p1     0.83         0.00         0.02      11719      85386
dccebrsma11_disk1     0.97         0.00         0.02      14227      99325
dccebrsma11_disk5p1     0.59         0.00         0.01       8537      39645
dccebrsma11_disk3     0.62         0.00         0.00       9774        416
dccebrsma03_disk7     1.86         0.09         0.02     364033      95244
dccebrsma03_disk8     1.39         0.02         0.07      74736     275889
dccebrsma04_disk5     0.95         0.01         0.01      33443      45378
dccebrsma11_disk10p1     0.73         0.00         0.01      11123      29589
dccebrsma02_disk6p1     1.32         0.01         0.05      41320     230341
dccebrsma04_disk6     1.28         0.02         0.02      88516      94147
dccebrsma05_disk3     1.29         0.02         0.01      63672      42940
dccebrsma05_disk4     1.14         0.01         0.02      44013      84461
dccebrsma04_disk7     1.21         0.01         0.07      31377     287615
dccebrsma01_disk14     1.27         0.01         0.07      42606     314742
dccebrsma05_disk5     0.99         0.01         0.03      53075     130577
dccebrsma01_disk15     1.03         0.01         0.01      29910      54281
dccebrsma02_disk8p1     1.48         0.01         0.05      58991     212704
dccebrsma01_disk13     1.19         0.02         0.06      68069     255660
dccebrsma11_disk7p1     0.85         0.00         0.03      11479     127023
dccebrsma03_disk6p1     1.92         0.02         0.03     100328     124952
dccebrsma11_disk1p1     0.98         0.00         0.02      13761      99325
dccebrsma03_disk7p1     1.97         0.09         0.02     363568      95244
dccebrsma03_disk8p1     1.51         0.02         0.07      74270     275889
dccebrsma01_disk16     1.13         0.01         0.02      43680      74487
dccebrsma11_disk3p1     0.60         0.00         0.00       9308        416
dccebrsma04_disk5p1     0.99         0.01         0.01      32977      45378
dccebrsma04_disk7p1     1.32         0.01         0.07      30912     287615
dccebrsma01_disk17     1.56         0.01         0.09      51630     369152
dccebrsma05_disk4p1     1.20         0.01         0.02      43547      84461
dccebrsma02_disk9     1.31         0.02         0.04      75970     166566
dccebrsma05_disk3p1     1.37         0.02         0.01      63206      42940
dccebrsma04_disk6p1     1.37         0.02         0.02      88050      94147
dccebrsma02_disk10     0.97         0.01         0.02      31887      95563
dccebrsma01_disk14p1     1.38         0.01         0.07      42140     314742
dccebrsma01_disk15p1     1.09         0.01         0.01      29444      54281
dccebrsma02_disk12     1.54         0.01         0.01      60857      46562
dccebrsma02_disk11     1.15         0.01         0.05      27795     194178
dccebrsma05_disk5p1     1.04         0.01         0.03      52610     130577
dccebrsma02_disk13     1.23         0.02         0.07      63339     274692
dccebrsma01_disk13p1     1.28         0.02         0.06      67603     255660
dccebrsma03_disk9     1.26         0.01         0.03      39121     112612
dccebrsma03_disk10     1.08         0.01         0.03      54383     110319
dccebrsma03_disk11     1.05         0.01         0.02      34536      74276
dccebrsma01_disk17p1     1.72         0.01         0.09      51164     369152
dccebrsma02_disk9p1     1.40         0.02         0.04      75504     166566
dccebrsma01_disk16p1     1.19         0.01         0.02      43214      74487
dccebrsma02_disk12p1     1.72         0.01         0.01      60391      46562
dccebrsma02_disk10p1     1.02         0.01         0.02      31421      95563
dccebrsma03_disk9p1     1.35         0.01         0.03      38655     112612
dccebrsma03_disk11p1     1.12         0.01         0.02      34070      74276
dccebrsma03_disk10p1     1.14         0.01         0.03      53917     110319
dccebrsma03_disk12     1.25         0.01         0.03      57666     142694
dccebrsma04_disk8     1.31         0.02         0.03      93399     108690
dccebrsma03_disk13     1.19         0.03         0.01     122324      31383
dccebrsma04_disk10     1.31         0.02         0.02      71893      84787
dccebrsma04_disk11     1.18         0.01         0.03      35840     122966
dccebrsma04_disk8p1     1.39         0.02         0.03      92934     108690
dccebrsma04_disk9     1.38         0.02         0.04      70365     167362
dccebrsma04_disk12     1.28         0.01         0.02      52271     100680
dccebrsma05_disk7     1.07         0.01         0.05      30311     208185
dccebrsma05_disk6     1.28         0.01         0.09      32236     395560
dccebrsma03_disk13p1     1.22         0.03         0.01     121858      31383
dccebrsma04_disk12p1     1.39         0.01         0.02      51805     100680
dccebrsma05_disk7p1     1.15         0.01         0.05      29846     208185
dccebrsma04_disk11p1     1.27         0.01         0.03      35374     122966
dccebrsma05_disk6p1     1.47         0.01         0.09      31770     395560
dccebrsma02_disk13p1     1.32         0.01         0.07      62873     274692
dccebrsma02_disk11p1     1.24         0.01         0.05      27330     194178
dccebrsma03_disk12p1     1.34         0.01         0.03      57200     142694
dccebrsma05_disk9     1.69         0.01         0.17      41733     709102
dccebrsma04_disk10p1     1.40         0.02         0.02      71427      84787
dccebrsma04_disk9p1     1.49         0.02         0.04      69899     167362
dccebrsma05_disk8     1.39         0.04         0.07     147297     276114
dccebrsma01_disk18     0.44         0.00         0.00       7172          0
dccebrsma01_disk19     1.45         0.05         0.01     207040      33629
dccebrsma05_disk10     1.22         0.01         0.03      44313     136849
dccebrsma01_disk20     1.35         0.02         0.03      65983     130833
dccebrsma02_disk15     1.04         0.01         0.02      30221      72385
dccebrsma01_disk21     1.29         0.01         0.01      51532      40472
dccebrsma01_disk22     0.50         0.00         0.00       8258          0
dccebrsma05_disk8p1     1.49         0.03         0.07     146831     276114
dccebrsma01_disk19p1     1.52         0.05         0.01     206574      33629
dccebrsma01_disk20p1     1.47         0.02         0.03      65517     130833
dccebrsma02_disk15p1     1.11         0.01         0.02      29755      72385
dccebrsma01_disk22p1     0.48         0.00         0.00       7792          0
dccebrsma05_disk9p1     2.00         0.01         0.17      41267     709102
dccebrsma02_disk17     0.53         0.00         0.00       8325        295
dccebrsma04_disk13     1.07         0.01         0.01      42638      57563
dccebrsma05_disk10p1     1.31         0.01         0.03      43848     136849
dccebrsma01_disk21p1     1.39         0.01         0.01      51066      40472
dccebrsma03_disk16     0.50         0.00         0.00       8255          0
dccebrsma02_disk16     0.50         0.00         0.00       8256          0
dccebrsma03_disk15     1.78         0.03         0.04     119285     163082
dccebrsma04_disk16     0.50         0.00         0.00       8255          0
dccebrsma04_disk17     0.50         0.00         0.00       8255          0
dccebrsma03_disk14     1.44         0.02         0.06      79876     269107
dccebrsma04_disk15     0.50         0.00         0.00       8255          0
dccebrsma02_disk14     1.08         0.01         0.01      57922      36421
dccebrsma01_disk23     0.53         0.00         0.00       8321        298
dccebrsma05_disk11     1.25         0.01         0.02      45453      85756
dccebrsma04_disk18     0.50         0.00         0.00       8254          0
dccebrsma05_disk13     0.50         0.00         0.00       8255          0
dccebrsma05_disk14     0.50         0.00         0.00       8254          0
dccebrsma04_disk19     0.50         0.00         0.00       8254          0
dccebrsma05_disk16     0.50         0.00         0.00       8255          0
dccebrsma05_disk12     0.50         0.00         0.00       8256          0
dccebrsma04_disk14     1.24         0.01         0.05      33178     211191
dccebrsma03_disk15p1     1.92         0.03         0.04     118820     163082
dccebrsma04_disk13p1     1.14         0.01         0.01      42172      57563
dccebrsma02_disk16p1     0.47         0.00         0.00       7790          0
dccebrsma05_disk15     0.50         0.00         0.00       8254          0
dccebrsma05_disk11p1     1.35         0.01         0.02      44988      85756
dccebrsma02_disk17p1     0.50         0.00         0.00       7859        295
dccebrsma06_disk1     1.42         0.02         0.02      74547     102546
dccebrsma04_disk15p1     0.47         0.00         0.00       7789          0
dccebrsma03_disk16p1     0.47         0.00         0.00       7790          0
dccebrsma06_disk3     1.64         0.02         0.01     104716      56810
dccebrsma05_disk16p1     0.47         0.00         0.00       7789          0
dccebrsma05_disk12p1     0.47         0.00         0.00       7791          0
dccebrsma04_disk16p1     0.47         0.00         0.00       7789          0
dccebrsma05_disk14p1     0.47         0.00         0.00       7789          0
dccebrsma06_disk3p1     1.74         0.02         0.01     104250      56810
dccebrsma05_disk15p1     0.47         0.00         0.00       7789          0
dccebrsma03_disk14p1     1.58         0.02         0.06      79411     269107
dccebrsma04_disk17p1     0.47         0.00         0.00       7789          0
dccebrsma01_disk23p1     0.50         0.00         0.00       7856        298
dccebrsma04_disk14p1     1.36         0.01         0.05      32712     211191
dccebrsma02_disk14p1     1.14         0.01         0.01      57456      36421
dccebrsma05_disk13p1     0.47         0.00         0.00       7789          0
dccebrsma06_disk5     1.92         0.02         0.02      81155      78386
dccebrsma04_disk18p1     0.47         0.00         0.00       7789          0
dccebrsma06_disk1p1     1.50         0.02         0.02      74081     102546
dccebrsma04_disk19p1     0.47         0.00         0.00       7789          0
dccebrsma06_disk2     1.70         0.02         0.02      75322      74998
dccebrsma06_disk7     1.87         0.02         0.02      63853      63283
ddccebrsma06_disk8     1.41         0.01         0.02      37120      95429
dccebrsma06_disk4     1.70         0.03         0.04     120655     174548
dccebrsma06_disk6     1.44         0.01         0.04      49685     168409
ddccebrsma06_disk8p1     1.51         0.01         0.02      36654      95429
dccebrsma06_disk7p1     2.05         0.02         0.02      63387      63283
dccebrsma06_disk2p1     1.80         0.02         0.02      74856      74998
dccebrsma07_disk4     2.27         0.05         0.09     203481     379468
dccebrsma07_disk3     2.05         0.01         0.05      55813     223967
dccebrsma07_disk7     1.97         0.01         0.01      60967      42816
dccebrsma06_disk5p1     2.06         0.02         0.02      80690      78386
dccebrsma07_disk1     1.82         0.01         0.10      61198     413508
dccebrsma08_disk3     0.85         0.00         0.01      13208      28003
dccebrsma07_disk2     1.95         0.02         0.02     104394     103211
dccebrsma08_disk1     0.56         0.00         0.00       8991        876
dccebrsma06_disk6p1     1.54         0.01         0.04      49219     168409
dccebrsma06_disk4p1     1.86         0.03         0.04     120189     174548
dccebrsma08_disk4     0.72         0.00         0.02      10604      77441
dccebrsma07_disk5     1.70         0.02         0.04      97987     176031
dccebrsma07_disk6     1.77         0.02         0.03      94444     132802
dccebrsma07_disk3p1     2.24         0.01         0.05      55347     223967
dccebrsma08_disk3p1     0.85         0.00         0.01      12743      28003
dccebrsma08_disk6     0.72         0.00         0.01      10906      45077
dccebrsma08_disk5     1.05         0.00         0.02      15811      83868
dccebrsma07_disk6p1     1.93         0.02         0.03      93978     132802
dccebrsma07_disk7p1     2.09         0.01         0.01      60501      42816
dccebrsma08_disk5p1     1.05         0.00         0.02      15346      83868
dccebrsma08_disk4p1     0.72         0.00         0.02      10138      77441
dccebrsma07_disk5p1     1.83         0.02         0.04      97522     176031
dccebrsma08_disk2     0.61         0.00         0.01       9047      53792
dccebrsma09_disk6     0.68         0.00         0.01      10252      47634
dccebrsma07_disk2p1     2.13         0.02         0.02     103928     103211
dccebrsma08_disk1p1     0.54         0.00         0.00       8525        876
dccebrsma08_disk6p1     0.71         0.00         0.01      10440      45077
dccebrsma07_disk1p1     2.09         0.01         0.10      60732     413508
dccebrsma09_disk6p1     0.67         0.00         0.01       9787      47634
dccebrsma07_disk4p1     2.54         0.05         0.09     203015     379468
dccebrsma09_disk1     0.77         0.00         0.01      11505      61219
dccebrsma08_disk2p1     0.61         0.00         0.01       8582      53792
dccebrsma09_disk5     0.57         0.00         0.00       8823      12997
dccebrsma09_disk3     0.59         0.00         0.01       8978      37084
dccebrsma09_disk4     0.69         0.00         0.00      10939       3599
dccebrsma09_disk3p1     0.58         0.00         0.01       8512      37084
dccebrsma09_disk5p1     0.55         0.00         0.00       8357      12997
dccebrsma10_disk4     0.68         0.00         0.02       9630      95837
dccebrsma09_disk4p1     0.67         0.00         0.00      10474       3599
dccebrsma10_disk4p1     0.68         0.00         0.02       9164      95837
dccebrsma10_disk1     0.60         0.00         0.01       8938      40749
dccebrsma10_disk5     0.81         0.00         0.01      12404      49392
dccebrsma09_disk8     0.61         0.00         0.01       9368      24750
dccebrsma08_disk8     0.63         0.00         0.01       9737      30370
dccebrsma08_disk7     0.57         0.00         0.00       9024       4606
dccebrsma09_disk7     0.76         0.00         0.01      11512      49042
dccebrsma09_disk1p1     0.77         0.00         0.01      11039      61219
dccebrsma10_disk3     0.64         0.00         0.01       9840      32763
dccebrsma10_disk7     0.78         0.00         0.01      11917      34782
dccebrsma09_disk2     0.95         0.00         0.01      14859      32063
dccebrsma10_disk2     0.66         0.00         0.03       9105     112863
dccebrsma10_disk1p1     0.59         0.00         0.01       8473      40749
dccebrsma10_disk5p1     0.80         0.00         0.01      11939      49392
dccebrsma10_disk6     0.59         0.00         0.00       9140      14920
dccebrsma09_disk7p1     0.75         0.00         0.01      11046      49042
dccebrsma10_disk3p1     0.63         0.00         0.01       9374      32763
dccebrsma10_disk7p1     0.77         0.00         0.01      11452      34782
dccebrsma10_disk9     0.50         0.00         0.00       8256          0
dccebrsma08_disk8p1     0.63         0.00         0.01       9272      30370
dccebrsma10_disk2p1     0.66         0.00         0.03       8639     112863
dccebrsma09_disk2p1     0.94         0.00         0.01      14394      32063
dccebrsma10_disk15     0.50         0.00         0.00       8255          0
dccebrsma10_disk10     0.50         0.00         0.00       8255          0
dccebrsma10_disk11     0.50         0.00         0.00       8255          0
dccebrsma10_disk16     0.50         0.00         0.00       8255          0
dccebrsma10_disk8     0.84         0.00         0.01      13042      31029
dccebrsma11_disk12     1.99         0.03         0.09     138973     383479
dccebrsma10_disk14     0.50         0.00         0.00       8255          0
dccebrsma10_disk13     0.50         0.00         0.00       8255          0
dccebrsma11_disk17     2.00         0.02         0.07      97207     275655
dccebrsma10_disk12     0.50         0.00         0.00       8255          0
dccebrsma11_disk19     1.43         0.01         0.03      41142     134437
dccebrsma10_disk15p1     0.47         0.00         0.00       7789          0
dccebrsma10_disk6p1     0.57         0.00         0.00       8674      14920
dccebrsma10_disk9p1     0.47         0.00         0.00       7790          0
dccebrsma11_disk13     1.83         0.02         0.08      74193     338069
dccebrsma12_disk3     6.17         0.45         0.01    1893732      44866
dccebrsma10_disk11p1     0.47         0.00         0.00       7789          0
dccebrsma10_disk16p1     0.47         0.00         0.00       7789          0
dccebrsma11_disk12p1     2.23         0.03         0.09     138507     383479
dccebrsma11_disk17p1     2.26         0.02         0.07      96741     275655
dccebrsma12_disk4     0.50         0.00         0.00       8255          0
dccebrsma12_disk5     0.50         0.00         0.00       8255          0
dccebrsma11_disk13p1     2.04         0.02         0.08      73727     338069
dccebrsma12_disk3p1     6.34         0.45         0.01    1893266      44866
dccebrsma11_disk15     1.85         0.01         0.07      54362     286643
dccebrsma12_disk7     0.50         0.00         0.00       8255          0
dccebrsma12_disk6     0.50         0.00         0.00       8254          0
dccebrsma11_disk16     2.02         0.03         0.01     124121      38355
dccebrsma13_disk4     0.50         0.00         0.00       8255          0
dccebrsma11_disk14     1.97         0.02         0.13      80091     537545
dccebrsma13_disk8     0.50         0.00         0.00       8255          0
dccebrsma10_disk14p1     0.47         0.00         0.00       7789          0
dccebrsma12_disk10     0.98         0.00         0.07      12206     290123
dccebrsma10_disk13p1     0.47         0.00         0.00       7789          0
dccebrsma10_disk8p1     0.83         0.00         0.01      12577      31029
dccebrsma10_disk10p1     0.47         0.00         0.00       7789          0
dccebrsma11_disk19p1     1.53         0.01         0.03      40676     134437
dccebrsma10_disk12p1     0.47         0.00         0.00       7789          0
dccebrsma12_disk2     1.88         0.01         0.05      48339     195449
dccebrsma12_disk4p1     0.47         0.00         0.00       7789          0
dccebrsma12_disk2p1     2.08         0.01         0.05      47873     195449
dccebrsma12_disk11     0.60         0.00         0.01       8807      33160
dccebrsma12_disk5p1     0.47         0.00         0.00       7789          0
dccebrsma11_disk15p1     2.07         0.01         0.07      53897     286643
dccebrsma12_disk7p1     0.47         0.00         0.00       7789          0
dccebrsma12_disk6p1     0.47         0.00         0.00       7789          0
dccebrsma11_disk16p1     2.19         0.03         0.01     123655      38355
dccebrsma13_disk4p1     0.47         0.00         0.00       7789          0
dccebrsma11_disk14p1     2.21         0.02         0.13      79625     537545
dccebrsma09_disk8p1     0.59         0.00         0.01       8903      24750
dccebrsma08_disk7p1     0.55         0.00         0.00       8558       4606
dccebrsma13_disk8p1     0.47         0.00         0.00       7789          0
dccebrsma12_disk10p1     1.06         0.00         0.07      11740     290123
dccebrsma12_disk17     0.57         0.00         0.01       8666      27673
dccebrsma12_disk18     0.56         0.00         0.00       8877        305
vmax_dccebrsma09_disk19     0.30         0.00         0.00       4969          0
vmax_dccebrsma09_disk17     0.59         0.00         0.00       9253       8400
dccebrsma13_disk17     0.62         0.00         0.01       9201      53365
dccebrsma06_disk15     0.65         0.00         0.01       9721      50159
dccebrsma12_disk11p1     0.59         0.00         0.01       8341      33160
vmax_dccebrsma09_disk17p1     0.57         0.00         0.00       8787       8400
dccebrsma12_disk17p1     0.55         0.00         0.01       8200      27673
dccebrsma06_disk14     1.51         0.00         0.27       9252    1140632
dccebrsma06_disk14p1     1.90         0.00         0.27       8786    1140632
dccebrsma12_disk18p1     0.54         0.00         0.00       8411        305
dccebrsma13_disk15     0.81         0.00         0.03      11250     116410
dccebrsma06_disk15p1     0.65         0.00         0.01       9255      50159
dccebrsma13_disk16     0.62         0.00         0.00       9597      17553
dccebrsma12_disk1     3.80         0.03         0.16     115978     674970
dccebrsma13_disk17p1     0.61         0.00         0.01       8735      53365
dccebrsma06_disk9     0.70         0.00         0.00      11094       2365
dccebrsma13_disk7     0.50         0.00         0.00       8255          0
dccebrsma12_disk16     0.58         0.00         0.01       8592      51109
vsp_g700_dccebrsma09_disk11     0.76         0.00         0.01      11636      48317
dccebrsma13_disk14     0.77         0.00         0.03       9664     142760
dccebrsma11_disk21     0.76         0.00         0.03      10286     143913
dccebrsma12_disk12     0.54         0.00         0.00       8587        546
vsp_g700_dccebrsma09_disk11p1     0.75         0.00         0.01      11170      48317
vsp_g700_dccebrsma09_disk9     0.62         0.00         0.01       9661      21964
dccebrsma06_disk9p1     0.67         0.00         0.00      10629       2365
dccebrsma13_disk18     0.62         0.00         0.01       9311      36259
dccebrsma13_disk7p1     0.47         0.00         0.00       7789          0
dccebrsma13_disk16p1     0.62         0.00         0.00       9131      17553
dccebrsma13_disk15p1     0.84         0.00         0.03      10784     116410
dccebrsma12_disk16p1     0.57         0.00         0.01       8126      51109
dccebrsma12_disk13     0.59         0.00         0.02       8593      69347
dccebrsma12_disk1p1     4.38         0.03         0.16     115512     674970
dccebrsma12_disk8     0.50         0.00         0.00       8255          0
dccebrsma13_disk2     0.50         0.00         0.00       8255          0
dccebrsma11_disk21p1     0.79         0.00         0.03       9820     143913
vsp_g700_dccebrsma09_disk10     0.65         0.00         0.02       9641      66495
vsp_g700_dccebrsma09_disk12     0.60         0.00         0.00       9689        200
dccebrsma13_disk14p1     0.80         0.00         0.03       9198     142760
vsp_g700_dccebrsma09_disk13     0.61         0.00         0.00       9670        907
dccebrsma13_disk1     0.50         0.00         0.00       8255          0
dccebrsma11_disk18     2.20         0.01         0.10      59987     414011
dccebrsma12_disk12p1     0.52         0.00         0.00       8121        546
dccebrsma13_disk3     0.50         0.00         0.00       8255          0
vsp_g700_dccebrsma07_disk9     0.50         0.00         0.00       8255          0
dccebrsma12_disk9     0.63         0.00         0.01       9460      42784
dccebrsma12_disk15     0.57         0.00         0.01       8428      42620
dccebrsma12_disk14     0.50         0.00         0.00       8255          0
dccebrsma13_disk5     0.50         0.00         0.00       8255          0
dccebrsma12_disk13p1     0.59         0.00         0.02       8127      69347
dccebrsma06_disk11     0.67         0.00         0.02       9682      79865
dccebrsma13_disk18p1     0.61         0.00         0.01       8845      36259
vsp_g700_dccebrsma09_disk10p1     0.64         0.00         0.02       9175      66495
dccebrsma11_disk18p1     2.65         0.01         0.10      59521     414011
dccebrsma12_disk15p1     0.55         0.00         0.01       7962      42620
vsp_g700_dccebrsma09_disk13p1     0.58         0.00         0.00       9204        907
vsp_g700_dccebrsma09_disk12p1     0.58         0.00         0.00       9223        200
vsp_g700_dccebrsma09_disk9p1     0.60         0.00         0.01       9196      21964
dccebrsma12_disk14p1     0.47         0.00         0.00       7789          0
dccebrsma13_disk5p1     0.47         0.00         0.00       7789          0
dccebrsma13_disk2p1     0.47         0.00         0.00       7789          0
dccebrsma12_disk9p1     0.62         0.00         0.01       8994      42784
dccebrsma06_disk10     0.64         0.00         0.01       9891      26615
dccebrsma11_disk20     0.75         0.00         0.03      10299     136107
dccebrsma13_disk6     0.50         0.00         0.00       8255          0
dccebrsma13_disk3p1     0.47         0.00         0.00       7789          0
dccebrsma13_disk1p1     0.47         0.00         0.00       7789          0
mpatha            0.65         0.00         0.00      10701          0
dccebrsma12_disk8p1     0.47         0.00         0.00       7789          0
mpathb           11.76         0.11         0.18     467393     736142
dccebrsma13_disk6p1     0.47         0.00         0.00       7789          0
vsp_g700_dccebrsma07_disk9p1     0.47         0.00         0.00       7789          0
dccebrsma06_disk11p1     0.68         0.00         0.02       9216      79865
mpathap1          0.62         0.00         0.00      10235          0
dccebrsma11_disk20p1     0.77         0.00         0.03       9833     136107
mpathbp1         49.35         0.11         0.18     466928     736142
dccebrsma06_disk10p1     0.63         0.00         0.01       9425      26615
vg02-lv_gddb      0.34         0.00         0.00       5645          0
vg01-lv_indexcache    47.61         0.11         0.17     452152     715789
vg01-lv_simpana     1.46         0.00         0.00       9573      20353
vg00-lv_tmp       0.86         0.00         0.00       2648      11379
vg00-lv_var       3.46         0.01         0.01      37809      50554
vg00-lv_home      0.41         0.00         0.00       2648       4138
vg00-lv_appl      0.16         0.00         0.00       2647          0
vg00-lv_opt       0.36         0.00         0.00       5948       2466
vg00-lv_var_log     2.36         0.00         0.01       4849      35318
vg00-lv_var_log_audit     0.18         0.00         0.00       2659        320
vg00-lv_usr       1.00         0.00         0.00      14829       8574
clusvg10_12-lv10_12     0.19         0.00         0.00       3198          0
clusvg11_19-lv11_19     1.21         0.01         0.03      36085     134437
clusvg11_17-lv11_17     1.91         0.02         0.07      92150     275655
clusvg10_10-lv10_10     0.20         0.00         0.00       3198          0
clusvg10_8-lv10_8     0.54         0.00         0.01       7986      31029
clusvg10_13-lv10_13     0.20         0.00         0.00       3198          0
clusvg10_14-lv10_14     0.19         0.00         0.00       3198          0
clusvg11_12-lv11_12     1.89         0.03         0.09     133916     383479
clusvg10_16-lv10_16     0.19         0.00         0.00       3198          0
clusvg10_11-lv10_11     0.19         0.00         0.00       3198          0
clusvg10_9-lv10_9     0.20         0.00         0.00       3199          0
clusvg10_6-lv10_6     0.28         0.00         0.00       4083      14920
clusvg10_15-lv10_15     0.20         0.00         0.00       3198          0
clusvg9_2-lv9_2     0.65         0.00         0.01       9803      32063
clusvg10_2-lv10_2     0.38         0.00         0.03       4048     112863
clusvg10_7-lv10_7     0.48         0.00         0.01       6861      34782
clusvg10_3-lv10_3     0.34         0.00         0.01       4783      32763
clusvg9_7-lv9_7     0.46         0.00         0.01       6455      49042
clusvg8_8-lv8_8     0.34         0.00         0.01       4681      30370
clusvg10_5-lv10_5     0.52         0.00         0.01       7348      49392
clusvg10_1-lv10_1     0.30         0.00         0.01       3882      40749
clusvg9_1-lv9_1     0.48         0.00         0.01       6448      61219
clusvg10_4-lv10_4     0.39         0.00         0.02       4573      95837
clusvg9_4-lv9_4     0.38         0.00         0.00       5883       3599
clusvg9_5-lv9_5     0.26         0.00         0.00       3766      12997
clusvg9_3-lv9_3     0.29         0.00         0.01       3921      37084
clusvg9_6-lv9_6     0.38         0.00         0.01       5196      47634
clusvg8_2-lv8_2     0.32         0.00         0.01       3991      53792
clusvg7_1-lv7_1     1.75         0.01         0.10      56141     413508
clusvg7_4-lv7_4     2.20         0.05         0.09     198424     379468
clusvg8_6-lv8_6     0.42         0.00         0.01       5849      45077
clusvg8_5-lv8_5     0.76         0.00         0.02      10755      83868
clusvg8_1-lv8_1     0.26         0.00         0.00       3934        876
clusvg7_2-lv7_2     1.79         0.02         0.02      99337     103211
clusvg7_7-lv7_7     1.76         0.01         0.01      55910      42816
clusvg8_4-lv8_4     0.43         0.00         0.02       5547      77441
clusvg7_5-lv7_5     1.50         0.02         0.04      92931     176031
clusvg7_6-lv7_6     1.61         0.02         0.03      89387     132802
clusvg8_3-lv8_3     0.56         0.00         0.01       8152      28003
clusvg7_3-lv7_3     1.89         0.01         0.05      50756     223967
clusvg6_4-lv6_4     1.53         0.03         0.04     115598     174548
clusvg6_2-lv6_2     1.47         0.02         0.02      70265      74998
clusvg6_7-lv6_7     1.70         0.01         0.02      58796      63283
clusvg6_6-lv6_6     1.22         0.01         0.04      44628     168409
clusvg6_5-lv6_5     1.73         0.02         0.02      76099      78386
clusvg6_8-lv6_8     1.19         0.01         0.02      32063      95429
clusvg6_1-lv6_1     1.18         0.02         0.02      69490     102546
clusvg5_15-lv5_15     0.19         0.00         0.00       3198          0
clusvg6_3-lv6_3     1.41         0.02         0.01      99659      56810
clusvg4_19-lv4_19     0.19         0.00         0.00       3197          0
clusvg4_18-lv4_18     0.19         0.00         0.00       3198          0
clusvg3_14-lv3_14     1.26         0.02         0.06      74820     269107
clusvg2_14-lv2_14     0.83         0.01         0.01      52865      36421
clusvg5_13-lv5_13     0.20         0.00         0.00       3198          0
clusvg4_14-lv4_14     1.04         0.01         0.05      28121     211191
clusvg1_23-lv1_23     0.22         0.00         0.00       3265        298
clusvg4_17-lv4_17     0.20         0.00         0.00       3198          0
clusvg5_14-lv5_14     0.19         0.00         0.00       3198          0
clusvg4_16-lv4_16     0.19         0.00         0.00       3198          0
clusvg5_12-lv5_12     0.20         0.00         0.00       3199          0
clusvg5_16-lv5_16     0.19         0.00         0.00       3198          0
clusvg3_16-lv3_16     0.20         0.00         0.00       3198          0
clusvg4_15-lv4_15     0.20         0.00         0.00       3198          0
clusvg2_17-lv2_17     0.22         0.00         0.00       3268        295
clusvg5_11-lv5_11     1.04         0.01         0.02      40397      85756
clusvg2_16-lv2_16     0.20         0.00         0.00       3199          0
clusvg4_13-lv4_13     0.83         0.01         0.01      37581      57563
clusvg3_15-lv3_15     1.60         0.03         0.04     114229     163082
clusvg1_22-lv1_22     0.20         0.00         0.00       3201          0
clusvg2_15-lv2_15     0.80         0.01         0.02      25164      72385
clusvg1_21-lv1_21     1.07         0.01         0.01      46475      40472
clusvg1_20-lv1_20     1.15         0.01         0.03      60926     130833
clusvg5_10-lv5_10     1.00         0.01         0.03      39257     136849
clusvg1_19-lv1_19     1.20         0.05         0.01     201983      33629
clusvg5_8-lv5_8     1.19         0.03         0.07     142240     276114
clusvg5_9-lv5_9     1.67         0.01         0.17      36676     709102
clusvg06_10-lv06_10     0.34         0.00         0.01       4834      26615
clusvg11_20-lv11_20     0.48         0.00         0.03       5242     136107
clusvg13_6-lv13_6     0.20         0.00         0.00       3198          0
clusvg4_12-lv4_12     1.08         0.01         0.02      47214     100680
clusvg5_6-lv5_6     1.15         0.01         0.09      27179     395560
clusvg4_11-lv4_11     0.96         0.01         0.03      30783     122966
clusvg5_7-lv5_7     0.85         0.01         0.05      25255     208185
clusvg12_9-lv12_9     0.33         0.00         0.01       4403      42784
clusvg4_9-lv4_9     1.17         0.02         0.04      65308     167362
clusvg13_5-lv13_5     0.19         0.00         0.00       3198          0
clusvg4_10-lv4_10     1.09         0.02         0.02      66836      84787
clusvg06_11-lv06_11     0.39         0.00         0.02       4625      79865
clusvg3_13-lv3_13     0.92         0.03         0.01     117267      31383
clusvg12_14-lv12_14     0.20         0.00         0.00       3198          0
clusvg7_9-lv7_9     0.20         0.00         0.00       3198          0
clusvg12_8-lv12_8     0.20         0.00         0.00       3198          0
clusvg13_1-lv13_1     0.20         0.00         0.00       3198          0
clusvg9_9-lv9_9     0.31         0.00         0.01       4604      21964
clusvg12_15-lv12_15     0.27         0.00         0.01       3371      42620
clusvg4_8-lv4_8     1.08         0.02         0.03      88343     108690
clusvg13_3-lv13_3     0.19         0.00         0.00       3198          0
clusvg3_12-lv3_12     1.03         0.01         0.03      52609     142694
clusvg3_10-lv3_10     0.84         0.01         0.03      49326     110319
clusvg2_13-lv2_13     1.01         0.01         0.07      58282     274692
clusvg3_11-lv3_11     0.82         0.01         0.02      29479      74276
clusvg12_12-lv12_12     0.24         0.00         0.00       3530        546
clusvg3_9-lv3_9     1.05         0.01         0.03      34064     112612
clusvg9_13-lv9_13     0.29         0.00         0.00       4613        907
clusvg2_11-lv2_11     0.94         0.01         0.05      22739     194178
clusvg13_2-lv13_2     0.19         0.00         0.00       3198          0
clusvg11_18-lv11_18     2.27         0.01         0.10      54930     414011
clusvg2_10-lv2_10     0.72         0.01         0.02      26830      95563
clusvg9_12-lv9_12     0.29         0.00         0.00       4632        200
clusvg2_12-lv2_12     1.40         0.01         0.01      55800      46562
clusvg13_18-lv13_18     0.33         0.00         0.01       4254      36259
clusvg1_16-lv1_16     0.88         0.01         0.02      38623      74487
clusvg9_10-lv9_10     0.36         0.00         0.02       4584      66495
clusvg2_9-lv2_9     1.10         0.02         0.04      70913     166566
clusvg12_13-lv12_13     0.30         0.00         0.02       3536      69347
clusvg1_17-lv1_17     1.40         0.01         0.09      46573     369152
clusvg13_14-lv13_14     0.49         0.00         0.03       4607     142760
clusvg1_13-lv1_13     0.98         0.02         0.06      63012     255660
clusvg5_5-lv5_5     0.74         0.01         0.03      48019     130577
clusvg11_21-lv11_21     0.50         0.00         0.03       5229     143913
clusvg1_15-lv1_15     0.79         0.01         0.01      24853      54281
clusvg1_14-lv1_14     1.07         0.01         0.07      37549     314742
clusvg12_1-lv12_1     3.98         0.03         0.16     110921     674970
clusvg12_16-lv12_16     0.29         0.00         0.01       3535      51109
clusvg4_6-lv4_6     1.06         0.02         0.02      83459      94147
clusvg13_15-lv13_15     0.55         0.00         0.03       6193     116410
clusvg4_7-lv4_7     1.01         0.01         0.07      26321     287615
clusvg13_16-lv13_16     0.33         0.00         0.00       4540      17553
clusvg5_4-lv5_4     0.90         0.01         0.02      38956      84461
clusvg13_7-lv13_7     0.20         0.00         0.00       3198          0
clusvg5_3-lv5_3     1.06         0.01         0.01      58615      42940
clusvg06_09-lv06_09     0.39         0.00         0.00       6038       2365
clusvg4_5-lv4_5     0.69         0.01         0.01      28386      45378
clusvg9_11-lv9_11     0.46         0.00         0.01       6579      48317
clusvg3_8-lv3_8     1.20         0.02         0.07      69679     275889
clusvg3_7-lv3_7     1.66         0.09         0.02     358977      95244
clusvg11_1-lv11_1     0.69         0.00         0.02       9169      99325
clusvg11_3-lv11_3     0.31         0.00         0.00       4716        416
clusvg3_6-lv3_6     1.59         0.02         0.03      95737     124952
clusvg2_8-lv2_8     1.17         0.01         0.05      54400     212704
clusvg11_7-lv11_7     0.56         0.00         0.03       6887     127023
clusvg13_17-lv13_17     0.32         0.00         0.01       4144      53365
clusvg06_15-lv06_15     0.36         0.00         0.01       4664      50159
clusvg06_14-lv06_14     1.58         0.00         0.27       4195    1140632
clusvg12_17-lv12_17     0.27         0.00         0.01       3609      27673
clusvg12_18-lv12_18     0.25         0.00         0.00       3820        305
clusvg2_6-lv2_6     1.01         0.01         0.05      36729     230341
clusvg06_12-lv06_12     0.28         0.00         0.00       4196       8400
clusvg11_10-lv11_10     0.45         0.00         0.01       6531      29589
clusvg12_11-lv12_11     0.30         0.00         0.01       3750      33160
clusvg11_5-lv11_5     0.30         0.00         0.01       3944      39645
clusvg11_9-lv11_9     0.54         0.00         0.02       7127      85386
clusvg8_7-lv8_7     0.27         0.00         0.00       3967       4606
clusvg11_4-lv11_4     0.87         0.00         0.02      12918      68156
clusvg9_8-lv9_8     0.31         0.00         0.01       4312      24750
clusvg2_7-lv2_7     1.84         0.03         0.03     139771     138979
clusvg12_2-lv12_2     1.73         0.01         0.05      43282     195449
clusvg12_10-lv12_10     0.77         0.00         0.07       7149     290123
clusvg13_8-lv13_8     0.20         0.00         0.00       3198          0
clusvg11_11-lv11_11     0.43         0.00         0.00       6722       4274
clusvg11_14-lv11_14     1.88         0.02         0.13      75034     537545
clusvg11_2-lv11_2     0.45         0.00         0.00       6708      10877
clusvg13_4-lv13_4     0.20         0.00         0.00       3198          0
clusvg11_8-lv11_8     0.36         0.00         0.01       5146      29410
clusvg11_15-lv11_15     1.73         0.01         0.07      49306     286643
clusvg11_16-lv11_16     1.85         0.03         0.01     119064      38355
clusvg1_11-lv1_11     0.89         0.01         0.02      47398      74716
clusvg12_7-lv12_7     0.20         0.00         0.00       3198          0
clusvg12_6-lv12_6     0.19         0.00         0.00       3198          0
clusvg1_12-lv1_12     2.88         0.20         0.02     845344      75901
clusvg12_5-lv12_5     0.19         0.00         0.00       3198          0
clusvg12_4-lv12_4     0.19         0.00         0.00       3198          0
clusvg1_10-lv1_10     1.15         0.01         0.08      28062     338417
clusvg12_3-lv12_3     6.02         0.45         0.01    1888675      44866
clusvg11_13-lv11_13     1.73         0.02         0.08      69358     338069

Filesystem:               rMB_nor/s    wMB_nor/s    rMB_dir/s    wMB_dir/s    rMB_svr/s    wMB_svr/s     ops/s    rops/s    wops/s



Filesystem            Size  Used Avail Use% Mounted on
/dev/mapper/vg00-lv_root
                      2.0G  568M  1.3G  31% /
tmpfs                 126G  1.1G  125G   1% /dev/shm
/dev/mapper/vg00-lv_appl
                      976M  1.3M  924M   1% /appl
/dev/sda3             488M   79M  384M  17% /boot
/dev/mapper/vg00-lv_home
                      4.9G   17M  4.7G   1% /home
/dev/mapper/vg00-lv_opt
                      4.8G  1.1G  3.6G  23% /opt
/dev/mapper/vg00-lv_tmp
                      2.0G  3.1M  1.9G   1% /tmp
/dev/mapper/vg00-lv_usr
                      4.8G  2.8G  1.8G  62% /usr
/dev/mapper/vg00-lv_var
                      7.0G  2.2G  4.5G  33% /var
/dev/mapper/vg00-lv_var_log
                      3.0G  1.4G  1.5G  50% /var/log
/dev/mapper/vg00-lv_var_log_audit
                      976M   30M  896M   4% /var/log/audit
/dev/mapper/vg01-lv_simpana
                      493G   17G  451G   4% /opt/simpana
/dev/mapper/vg01-lv_indexcache
                      493G  115G  354G  25% /IndexCache
/dev/mapper/clusvg1_10-lv1_10
                      8.0T  6.5T  1.6T  81% /DCCMA01_Disk10
/dev/mapper/clusvg1_11-lv1_11
                      8.0T  5.4T  2.7T  67% /DCCMA01_Disk11
/dev/mapper/clusvg1_12-lv1_12
                      8.0T  6.7T  1.4T  83% /DCCMA01_Disk12
/dev/mapper/clusvg1_13-lv1_13
                      8.0T  5.8T  2.3T  72% /DCCMA01_Disk13
/dev/mapper/clusvg1_14-lv1_14
                      8.0T  6.5T  1.6T  82% /DCCMA01_Disk14
/dev/mapper/clusvg1_15-lv1_15
                      8.0T  6.1T  2.0T  77% /DCCMA01_Disk15
/dev/mapper/clusvg1_16-lv1_16
                      8.0T  6.3T  1.8T  79% /DCCMA01_Disk16
/dev/mapper/clusvg1_17-lv1_17
                      8.0T  4.1T  4.0T  51% /DCCMA01_Disk17
/dev/mapper/clusvg2_6-lv2_6
                      8.0T  4.4T  3.7T  55% /DCCMA02_Disk6
/dev/mapper/clusvg2_7-lv2_7
                      8.0T  5.7T  2.4T  71% /DCCMA02_Disk7
/dev/mapper/clusvg2_8-lv2_8
                      8.0T  5.7T  2.4T  71% /DCCMA02_Disk8
/dev/mapper/clusvg2_9-lv2_9
                      8.0T  6.6T  1.5T  83% /DCCMA02_Disk9
/dev/mapper/clusvg2_10-lv2_10
                      8.0T  6.1T  2.0T  77% /DCCMA02_Disk10
/dev/mapper/clusvg2_11-lv2_11
                      8.0T  5.9T  2.2T  73% /DCCMA02_Disk11
/dev/mapper/clusvg2_12-lv2_12
                      8.0T  6.0T  2.1T  75% /DCCMA02_Disk12
/dev/mapper/clusvg2_13-lv2_13
                      8.0T  6.6T  1.5T  82% /DCCMA02_Disk13
/dev/mapper/clusvg3_6-lv3_6
                      8.0T  7.0T  1.1T  87% /DCCMA03_Disk6
/dev/mapper/clusvg3_7-lv3_7
                      8.0T  6.3T  1.8T  79% /DCCMA03_Disk7
/dev/mapper/clusvg3_8-lv3_8
                      8.0T  6.4T  1.7T  80% /DCCMA03_Disk8
/dev/mapper/clusvg3_9-lv3_9
                      8.0T  5.7T  2.4T  71% /DCCMA03_Disk9
/dev/mapper/clusvg3_10-lv3_10
                      8.0T  5.5T  2.6T  68% /DCCMA03_Disk10
/dev/mapper/clusvg3_11-lv3_11
                      8.0T  6.0T  2.1T  75% /DCCMA03_Disk11
/dev/mapper/clusvg3_12-lv3_12
                      8.0T  7.1T  953G  89% /DCCMA03_Disk12
/dev/mapper/clusvg3_13-lv3_13
                      8.0T  5.8T  2.3T  73% /DCCMA03_Disk13
/dev/mapper/clusvg4_5-lv4_5
                      8.0T  5.5T  2.6T  68% /DCCMA04_Disk5
/dev/mapper/clusvg4_6-lv4_6
                      8.0T  5.8T  2.3T  72% /DCCMA04_Disk6
/dev/mapper/clusvg4_7-lv4_7
                      8.0T  6.4T  1.7T  80% /DCCMA04_Disk7
/dev/mapper/clusvg4_8-lv4_8
                      8.0T  5.3T  2.8T  67% /DCCMA04_Disk8
/dev/mapper/clusvg4_9-lv4_9
                      8.0T  5.0T  3.1T  62% /DCCMA04_Disk9
/dev/mapper/clusvg4_10-lv4_10
                      8.0T  6.5T  1.6T  81% /DCCMA04_Disk10
/dev/mapper/clusvg4_11-lv4_11
                      8.0T  4.3T  3.8T  54% /DCCMA04_Disk11
/dev/mapper/clusvg4_12-lv4_12
                      8.0T  7.1T  953G  89% /DCCMA04_Disk12
/dev/mapper/clusvg5_3-lv5_3
                      8.0T  5.1T  3.0T  64% /DCCMA05_Disk3
/dev/mapper/clusvg5_4-lv5_4
                      8.0T  5.9T  2.2T  73% /DCCMA05_Disk4
/dev/mapper/clusvg5_5-lv5_5
                      8.0T  6.4T  1.7T  80% /DCCMA05_Disk5
/dev/mapper/clusvg5_6-lv5_6
                      8.0T  7.1T  968G  89% /DCCMA05_Disk6
/dev/mapper/clusvg5_7-lv5_7
                      8.0T  6.5T  1.6T  81% /DCCMA05_Disk7
/dev/mapper/clusvg5_8-lv5_8
                      8.0T  6.6T  1.5T  82% /DCCMA05_Disk8
/dev/mapper/clusvg5_9-lv5_9
                      8.0T  8.0T  2.5G 100% /DCCMA05_Disk9
/dev/mapper/clusvg5_10-lv5_10
                      8.0T  5.1T  3.0T  64% /DCCMA05_Disk10
/dev/mapper/clusvg6_1-lv6_1
                      8.0T  5.0T  3.1T  62% /DCCMA06_Disk1
/dev/mapper/clusvg6_2-lv6_2
                      8.0T  4.6T  3.5T  57% /DCCMA06_Disk2
/dev/mapper/clusvg6_3-lv6_3
                      8.0T  4.2T  3.9T  52% /DCCMA06_Disk3
/dev/mapper/clusvg6_4-lv6_4
                      8.0T  5.9T  2.2T  74% /DCCMA06_Disk4
/dev/mapper/clusvg6_5-lv6_5
                      8.0T  6.7T  1.4T  83% /DCCMA06_Disk5
/dev/mapper/clusvg6_6-lv6_6
                      8.0T  5.4T  2.7T  68% /DCCMA06_Disk6
/dev/mapper/clusvg6_7-lv6_7
                      8.0T  5.9T  2.2T  73% /DCCMA06_Disk7
/dev/mapper/clusvg6_8-lv6_8
                      8.0T  5.4T  2.7T  67% /DCCMA06_Disk8
/dev/mapper/clusvg7_1-lv7_1
                      8.0T  6.6T  1.5T  82% /DCCMA07_Disk1
/dev/mapper/clusvg1_19-lv1_19
                      4.0T  3.9T  184G  96% /DCCMA01_Disk19
/dev/mapper/clusvg1_20-lv1_20
                      4.0T  3.9T  152G  97% /DCCMA01_Disk20
/dev/mapper/clusvg1_21-lv1_21
                      4.0T  3.7T  383G  91% /DCCMA01_Disk21
/dev/mapper/clusvg1_22-lv1_22
                      1.0T   75G  950G   8% /DCCMA01_Disk22
/dev/mapper/clusvg1_23-lv1_23
                      2.0T  2.6G  2.0T   1% /DCCMA01_Disk23
/dev/mapper/clusvg2_14-lv2_14
                      4.0T  3.3T  793G  81% /DCCMA02_Disk14
/dev/mapper/clusvg2_15-lv2_15
                      4.0T  3.8T  252G  94% /DCCMA02_Disk15
/dev/mapper/clusvg2_16-lv2_16
                      1.0T   61G  964G   6% /DCCMA02_Disk16
/dev/mapper/clusvg2_17-lv2_17
                      2.0T  2.6G  2.0T   1% /DCCMA02_Disk17
/dev/mapper/clusvg3_14-lv3_14
                      4.0T  3.7T  398G  91% /DCCMA03_Disk14
/dev/mapper/clusvg3_15-lv3_15
                      4.0T  4.0T  1.8G 100% /DCCMA03_Disk15
/dev/mapper/clusvg3_16-lv3_16
                      1.0T  268G  757G  27% /DCCMA03_Disk16
/dev/mapper/clusvg4_13-lv4_13
                      4.0T  4.0T   83G  98% /DCCMA04_Disk13
/dev/mapper/clusvg4_14-lv4_14
                      4.0T  3.1T  954G  77% /DCCMA04_Disk14
/dev/mapper/clusvg4_15-lv4_15
                      1.0T  313G  712G  31% /DCCMA04_Disk15
/dev/mapper/clusvg4_16-lv4_16
                      8.0T  2.6G  8.0T   1% /DCCMA04_Disk16
/dev/mapper/clusvg4_17-lv4_17
                      8.0T  2.6G  8.0T   1% /DCCMA04_Disk17
/dev/mapper/clusvg4_18-lv4_18
                      8.0T  2.6G  8.0T   1% /DCCMA04_Disk18
/dev/mapper/clusvg4_19-lv4_19
                      8.0T  2.6G  8.0T   1% /DCCMA04_Disk19
/dev/mapper/clusvg5_11-lv5_11
                      4.0T  3.3T  812G  81% /DCCMA05_Disk11
/dev/mapper/clusvg5_12-lv5_12
                      1.0T  257G  768G  26% /DCCMA05_Disk12
/dev/mapper/clusvg5_13-lv5_13
                      8.0T  2.6G  8.0T   1% /DCCMA05_Disk13
/dev/mapper/clusvg5_14-lv5_14
                      8.0T  2.6G  8.0T   1% /DCCMA05_Disk14
/dev/mapper/clusvg5_15-lv5_15
                      8.0T  2.6G  8.0T   1% /DCCMA05_Disk15
/dev/mapper/clusvg5_16-lv5_16
                      8.0T  2.6G  8.0T   1% /DCCMA05_Disk16
/dev/mapper/clusvg7_2-lv7_2
                      8.0T  5.6T  2.5T  69% /DCCMA07_Disk2
/dev/mapper/clusvg7_3-lv7_3
                      8.0T  4.1T  4.0T  51% /DCCMA07_Disk3
/dev/mapper/clusvg7_4-lv7_4
                      8.0T  6.8T  1.3T  85% /DCCMA07_Disk4
/dev/mapper/clusvg7_5-lv7_5
                      8.0T  5.2T  2.9T  64% /DCCMA07_Disk5
/dev/mapper/clusvg7_6-lv7_6
                      8.0T  4.5T  3.6T  56% /DCCMA07_Disk6
/dev/mapper/clusvg7_7-lv7_7
                      8.0T  5.4T  2.7T  68% /DCCMA07_Disk7
/dev/mapper/clusvg8_1-lv8_1
                      8.0T  5.8T  2.3T  73% /DCCMA08_Disk1
/dev/mapper/clusvg8_2-lv8_2
                      8.0T  5.0T  3.1T  62% /DCCMA08_Disk2
/dev/mapper/clusvg8_3-lv8_3
                      8.0T  7.4T  623G  93% /DCCMA08_Disk3
/dev/mapper/clusvg8_4-lv8_4
                      8.0T  7.3T  799G  91% /DCCMA08_Disk4
/dev/mapper/clusvg8_5-lv8_5
                      8.0T  8.0T   61G 100% /DCCMA08_Disk5
/dev/mapper/clusvg8_6-lv8_6
                      8.0T  6.0T  2.1T  75% /DCCMA08_Disk6
/dev/mapper/clusvg8_7-lv8_7
                      8.0T  4.2T  3.9T  52% /DCCMA08_Disk7
/dev/mapper/clusvg8_8-lv8_8
                      8.0T  5.4T  2.7T  67% /DCCMA08_Disk8
/dev/mapper/clusvg9_1-lv9_1
                      8.0T  7.0T  1.1T  88% /DCCMA09_Disk1
/dev/mapper/clusvg9_2-lv9_2
                      8.0T  8.0T   97G  99% /DCCMA09_Disk2
/dev/mapper/clusvg9_3-lv9_3
                      8.0T  6.5T  1.6T  82% /DCCMA09_Disk3
/dev/mapper/clusvg9_4-lv9_4
                      8.0T  7.4T  708G  92% /DCCMA09_Disk4
/dev/mapper/clusvg9_5-lv9_5
                      8.0T  6.8T  1.3T  85% /DCCMA09_Disk5
/dev/mapper/clusvg9_6-lv9_6
                      8.0T  6.7T  1.4T  83% /DCCMA09_Disk6
/dev/mapper/clusvg9_7-lv9_7
                      8.0T  8.0T   71G 100% /DCCMA09_Disk7
/dev/mapper/clusvg9_8-lv9_8
                      8.0T  5.1T  3.0T  63% /DCCMA09_Disk8
/dev/mapper/clusvg10_1-lv10_1
                      8.0T  4.7T  3.4T  59% /DCCMA10_Disk1
/dev/mapper/clusvg10_2-lv10_2
                      8.0T  5.1T  3.0T  64% /DCCMA10_Disk2
/dev/mapper/clusvg10_3-lv10_3
                      8.0T  7.6T  424G  95% /DCCMA10_Disk3
/dev/mapper/clusvg10_4-lv10_4
                      8.0T  7.8T  258G  97% /DCCMA10_Disk4
/dev/mapper/clusvg10_5-lv10_5
                      8.0T  8.0T  4.0G 100% /DCCMA10_Disk5
/dev/mapper/clusvg10_6-lv10_6
                      8.0T  4.6T  3.5T  57% /DCCMA10_Disk6
/dev/mapper/clusvg10_7-lv10_7
                      8.0T  6.9T  1.2T  86% /DCCMA10_Disk7
/dev/mapper/clusvg10_8-lv10_8
                      8.0T  8.0T   84G  99% /DCCMA10_Disk8
/dev/mapper/clusvg11_1-lv11_1
                      8.1T  8.0T   46G 100% /DCCMA11_Disk1
/dev/mapper/clusvg11_2-lv11_2
                      8.1T  7.9T  124G  99% /DCCMA11_Disk2
/dev/mapper/clusvg11_3-lv11_3
                      8.1T  8.1T  2.5G 100% /DCCMA11_Disk3
/dev/mapper/clusvg11_4-lv11_4
                      8.1T  7.1T  989G  88% /DCCMA11_Disk4
/dev/mapper/clusvg11_5-lv11_5
                      8.1T  4.9T  3.2T  61% /DCCMA11_Disk5
/dev/mapper/clusvg11_7-lv11_7
                      8.1T  8.1T  2.2G 100% /DCCMA11_Disk7
/dev/mapper/clusvg11_8-lv11_8
                      8.1T  4.6T  3.5T  57% /DCCMA11_Disk8
/dev/mapper/clusvg11_9-lv11_9
                      8.1T  7.9T  131G  99% /DCCMA11_Disk9
/dev/mapper/clusvg11_10-lv11_10
                      8.1T  7.6T  434G  95% /DCCMA11_Disk10
/dev/mapper/clusvg11_11-lv11_11
                      8.1T  6.7T  1.4T  83% /DCCMA11_Disk11
/dev/mapper/clusvg10_9-lv10_9
                      8.0T  6.5T  1.6T  81% /DCCMA10_Disk9
/dev/mapper/clusvg10_10-lv10_10
                      8.0T  2.6G  8.0T   1% /DCCMA10_Disk10
/dev/mapper/clusvg10_11-lv10_11
                      8.0T  2.6G  8.0T   1% /DCCMA10_Disk11
/dev/mapper/clusvg10_12-lv10_12
                      8.0T  2.6G  8.0T   1% /DCCMA10_Disk12
/dev/mapper/clusvg10_13-lv10_13
                      8.0T  2.6G  8.0T   1% /DCCMA10_Disk13
/dev/mapper/clusvg10_14-lv10_14
                      8.0T  2.6G  8.0T   1% /DCCMA10_Disk14
/dev/mapper/clusvg10_15-lv10_15
                      8.0T  2.6G  8.0T   1% /DCCMA10_Disk15
/dev/mapper/clusvg10_16-lv10_16
                      8.0T  2.6G  8.0T   1% /DCCMA10_Disk16
/dev/mapper/clusvg11_12-lv11_12
                      8.0T  5.8T  2.3T  72% /DCCMA11_Disk12
/dev/mapper/clusvg11_13-lv11_13
                      8.0T  5.7T  2.4T  71% /DCCMA11_Disk13
/dev/mapper/clusvg11_14-lv11_14
                      8.0T  5.6T  2.5T  70% /DCCMA11_Disk14
/dev/mapper/clusvg11_15-lv11_15
                      8.0T  6.7T  1.4T  84% /DCCMA11_Disk15
/dev/mapper/clusvg11_16-lv11_16
                      8.0T  5.0T  3.1T  62% /DCCMA11_Disk16
/dev/mapper/clusvg11_17-lv11_17
                      8.0T  5.5T  2.6T  69% /DCCMA11_Disk17
/dev/mapper/clusvg11_18-lv11_18
                      8.0T  4.4T  3.7T  54% /DCCMA11_Disk18
/dev/mapper/clusvg11_19-lv11_19
                      8.0T  5.0T  3.1T  62% /DCCMA11_Disk19
/dev/mapper/clusvg12_1-lv12_1
                      8.0T  5.6T  2.5T  70% /DCCMA12_Disk1
/dev/mapper/clusvg12_2-lv12_2
                      8.0T  4.1T  4.0T  51% /DCCMA12_Disk2
/dev/mapper/clusvg12_3-lv12_3
                      8.0T  5.4T  2.7T  67% /DCCMA12_Disk3
/dev/mapper/clusvg12_4-lv12_4
                      8.0T  2.6G  8.0T   1% /DCCMA12_Disk4
/dev/mapper/clusvg12_5-lv12_5
                      8.0T  2.6G  8.0T   1% /DCCMA12_Disk5
/dev/mapper/clusvg12_6-lv12_6
                      8.0T  2.6G  8.0T   1% /DCCMA12_Disk6
/dev/mapper/clusvg12_7-lv12_7
                      8.0T  2.6G  8.0T   1% /DCCMA12_Disk7
/dev/mapper/clusvg12_8-lv12_8
                      8.0T  2.6G  8.0T   1% /DCCMA12_Disk8
/dev/mapper/clusvg13_1-lv13_1
                      8.0T  2.6G  8.0T   1% /DCCMA13_Disk1
/dev/mapper/clusvg13_2-lv13_2
                      8.0T  2.6G  8.0T   1% /DCCMA13_Disk2
/dev/mapper/clusvg13_3-lv13_3
                      8.0T  2.6G  8.0T   1% /DCCMA13_Disk3
/dev/mapper/clusvg13_4-lv13_4
                      8.0T  2.6G  8.0T   1% /DCCMA13_Disk4
/dev/mapper/clusvg13_5-lv13_5
                      8.0T  2.6G  8.0T   1% /DCCMA13_Disk5
/dev/mapper/clusvg13_6-lv13_6
                      8.0T  2.6G  8.0T   1% /DCCMA13_Disk6
/dev/mapper/clusvg13_7-lv13_7
                      8.0T  2.6G  8.0T   1% /DCCMA13_Disk7
/dev/mapper/clusvg13_8-lv13_8
                      8.0T  2.6G  8.0T   1% /DCCMA13_Disk8
/dev/mapper/clusvg11_20-lv11_20
                      8.0T  7.8T  298G  97% /DCCMA11_Disk20
/dev/mapper/clusvg11_21-lv11_21
                      8.0T  7.7T  349G  96% /DCCMA11_Disk21
/dev/mapper/clusvg12_9-lv12_9
                      8.0T  7.8T  292G  97% /DCCMA12_Disk9
/dev/mapper/clusvg12_10-lv12_10
                      8.0T  6.6T  1.5T  82% /DCCMA12_Disk10
/dev/mapper/clusvg12_11-lv12_11
                      8.0T  5.0T  3.1T  62% /DCCMA12_Disk11
/dev/mapper/clusvg12_12-lv12_12
                      8.0T  6.2T  1.9T  78% /DCCMA12_Disk12
/dev/mapper/clusvg12_13-lv12_13
                      8.0T  5.7T  2.4T  71% /DCCMA12_Disk13
/dev/mapper/clusvg12_15-lv12_15
                      8.0T  5.1T  3.0T  64% /DCCMA12_Disk15
/dev/mapper/clusvg12_16-lv12_16
                      8.0T  6.8T  1.3T  85% /DCCMA12_Disk16
/dev/mapper/clusvg12_17-lv12_17
                      8.0T  6.3T  1.8T  78% /DCCMA12_Disk17
/dev/mapper/clusvg12_18-lv12_18
                      8.0T  8.0T  2.6G 100% /DCCMA12_Disk18
/dev/mapper/clusvg13_14-lv13_14
                      8.0T  6.5T  1.6T  81% /DCCMA13_Disk14
/dev/mapper/clusvg13_15-lv13_15
                      8.0T  6.9T  1.2T  86% /DCCMA13_Disk15
/dev/mapper/clusvg13_16-lv13_16
                      8.0T  6.0T  2.1T  75% /DCCMA13_Disk16
/dev/mapper/clusvg13_17-lv13_17
                      8.0T  5.6T  2.5T  70% /DCCMA13_Disk17
/dev/mapper/clusvg13_18-lv13_18
                      8.0T  5.4T  2.7T  67% /DCCMA13_Disk18
/dev/mapper/clusvg06_09-lv06_09
                      8.0T  7.4T  709G  92% /DCCMA06_Disk09
/dev/mapper/clusvg06_10-lv06_10
                      8.0T  8.0T   51G 100% /DCCMA06_Disk10
/dev/mapper/clusvg06_11-lv06_11
                      8.0T  7.8T  268G  97% /DCCMA06_Disk11
/dev/mapper/clusvg06_12-lv06_12
                      8.0T  6.0T  2.1T  75% /DCCMA06_Disk12
/dev/mapper/clusvg06_14-lv06_14
                      8.0T  7.5T  537G  94% /DCCMA06_Disk14
/dev/mapper/clusvg06_15-lv06_15
                      8.0T  5.3T  2.8T  67% /DCCMA06_Disk15
/dev/mapper/clusvg12_14-lv12_14
                      8.0T  2.6G  8.0T   1% /DCCMA12_Disk14
/dev/mapper/clusvg7_9-lv7_9
                      4.0T  1.4T  2.7T  35% /DCCMA07_Disk9
/dev/mapper/clusvg9_10-lv9_10
                      8.0T  2.9T  5.2T  36% /DCCMA09_Disk10
/dev/mapper/clusvg9_11-lv9_11
                      8.0T  1.5T  6.6T  18% /DCCMA09_Disk11
/dev/mapper/clusvg9_12-lv9_12
                      8.0T  8.0T  3.5G 100% /DCCMA09_Disk12
/dev/mapper/clusvg9_13-lv9_13
                      8.0T   97G  8.0T   2% /DCCMA09_Disk13
/dev/mapper/clusvg9_9-lv9_9
                      8.0T  156G  7.9T   2% /DCCMA09_Disk09


Galaxy         	0:off	1:off	2:off	3:on	4:off	5:on	6:off
Jarvis         	0:off	1:off	2:on	3:on	4:on	5:on	6:off
NetworkManager 	0:off	1:off	2:off	3:off	4:off	5:off	6:off
abrt-ccpp      	0:off	1:off	2:off	3:on	4:off	5:on	6:off
abrtd          	0:off	1:off	2:off	3:on	4:off	5:on	6:off
acpid          	0:off	1:off	2:on	3:on	4:on	5:on	6:off
atd            	0:off	1:off	2:off	3:on	4:on	5:on	6:off
auditd         	0:off	1:off	2:on	3:on	4:on	5:on	6:off
autofs         	0:off	1:off	2:off	3:on	4:on	5:on	6:off
blk-availability	0:off	1:on	2:on	3:on	4:on	5:on	6:off
bluetooth      	0:off	1:off	2:off	3:on	4:on	5:on	6:off
cba8           	0:off	1:off	2:off	3:on	4:on	5:on	6:off
certmonger     	0:off	1:off	2:off	3:on	4:on	5:on	6:off
cgconfig       	0:off	1:off	2:off	3:off	4:off	5:off	6:off
cgred          	0:off	1:off	2:off	3:off	4:off	5:off	6:off
clvmd          	0:off	1:off	2:off	3:off	4:off	5:off	6:off
cman           	0:off	1:off	2:off	3:off	4:off	5:off	6:off
corosync       	0:off	1:off	2:off	3:off	4:off	5:off	6:off
cpglockd       	0:off	1:off	2:off	3:off	4:off	5:off	6:off
cpuspeed       	0:off	1:on	2:on	3:on	4:on	5:on	6:off
crond          	0:off	1:off	2:on	3:on	4:on	5:on	6:off
cups           	0:off	1:off	2:on	3:on	4:on	5:on	6:off
dnsmasq        	0:off	1:off	2:off	3:off	4:off	5:off	6:off
ds_agent       	0:off	1:off	2:on	3:on	4:on	5:on	6:off
firstboot      	0:off	1:off	2:off	3:off	4:off	5:off	6:off
gfs2           	0:off	1:off	2:off	3:off	4:off	5:off	6:off
goferd         	0:off	1:off	2:on	3:on	4:on	5:on	6:off
haldaemon      	0:off	1:off	2:off	3:on	4:on	5:on	6:off
htcacheclean   	0:off	1:off	2:off	3:off	4:off	5:off	6:off
httpd          	0:off	1:off	2:off	3:off	4:off	5:off	6:off
ip6tables      	0:off	1:off	2:on	3:on	4:on	5:on	6:off
ipmievd        	0:off	1:off	2:off	3:off	4:off	5:off	6:off
iptables       	0:off	1:off	2:off	3:off	4:off	5:off	6:off
irqbalance     	0:off	1:off	2:off	3:on	4:on	5:on	6:off
kdump          	0:off	1:off	2:on	3:on	4:on	5:on	6:off
libvirt-guests 	0:off	1:off	2:on	3:on	4:on	5:on	6:off
lvm2-monitor   	0:off	1:on	2:on	3:on	4:on	5:on	6:off
mcelogd        	0:off	1:off	2:off	3:on	4:off	5:on	6:off
mdmonitor      	0:off	1:off	2:on	3:on	4:on	5:on	6:off
messagebus     	0:off	1:off	2:on	3:on	4:on	5:on	6:off
modclusterd    	0:off	1:off	2:off	3:off	4:off	5:off	6:off
multipathd     	0:off	1:off	2:off	3:off	4:off	5:off	6:off
ncpa_listener  	0:off	1:off	2:on	3:on	4:on	5:on	6:off
ncpa_passive   	0:off	1:off	2:on	3:on	4:on	5:on	6:off
netconsole     	0:off	1:off	2:off	3:off	4:off	5:off	6:off
netfs          	0:off	1:off	2:off	3:off	4:off	5:off	6:off
network        	0:off	1:off	2:on	3:on	4:on	5:on	6:off
nfs            	0:off	1:off	2:off	3:off	4:off	5:off	6:off
nfs-rdma       	0:off	1:off	2:off	3:off	4:off	5:off	6:off
nfslock        	0:off	1:off	2:off	3:off	4:off	5:off	6:off
nntgen7agent   	0:off	1:off	2:on	3:on	4:off	5:on	6:off
ntpd           	0:off	1:off	2:on	3:on	4:on	5:on	6:off
ntpdate        	0:off	1:off	2:off	3:off	4:off	5:off	6:off
numad          	0:off	1:off	2:off	3:off	4:off	5:off	6:off
oddjobd        	0:off	1:off	2:off	3:off	4:off	5:off	6:off
portreserve    	0:off	1:off	2:on	3:on	4:on	5:on	6:off
postfix        	0:off	1:off	2:on	3:on	4:on	5:on	6:off
pppoe-server   	0:off	1:off	2:off	3:off	4:off	5:off	6:off
psacct         	0:off	1:off	2:off	3:off	4:off	5:off	6:off
puppet         	0:off	1:off	2:on	3:on	4:on	5:on	6:off
pxp-agent      	0:off	1:off	2:on	3:on	4:on	5:on	6:off
quota_nld      	0:off	1:off	2:off	3:off	4:off	5:off	6:off
rdisc          	0:off	1:off	2:off	3:off	4:off	5:off	6:off
rdma           	0:off	1:on	2:on	3:on	4:on	5:on	6:off
restorecond    	0:off	1:off	2:off	3:off	4:off	5:off	6:off
rgmanager      	0:off	1:off	2:off	3:off	4:off	5:off	6:off
rhnsd          	0:off	1:off	2:off	3:off	4:off	5:off	6:off
rhsmcertd      	0:off	1:off	2:off	3:on	4:on	5:on	6:off
ricci          	0:off	1:off	2:off	3:off	4:off	5:off	6:off
rngd           	0:off	1:off	2:off	3:off	4:off	5:off	6:off
rpcbind        	0:off	1:off	2:on	3:on	4:on	5:on	6:off
rpcgssd        	0:off	1:off	2:off	3:on	4:on	5:on	6:off
rpcsvcgssd     	0:off	1:off	2:off	3:off	4:off	5:off	6:off
rsyslog        	0:off	1:off	2:on	3:on	4:on	5:on	6:off
saslauthd      	0:off	1:off	2:off	3:off	4:off	5:off	6:off
smartd         	0:off	1:off	2:off	3:off	4:off	5:off	6:off
spice-vdagentd 	0:off	1:off	2:off	3:off	4:off	5:on	6:off
sshd           	0:off	1:off	2:on	3:on	4:on	5:on	6:off
sssd           	0:off	1:off	2:off	3:off	4:off	5:off	6:off
sysstat        	0:off	1:on	2:on	3:on	4:on	5:on	6:off
udev-post      	0:off	1:on	2:on	3:on	4:on	5:on	6:off
wdaemon        	0:off	1:off	2:off	3:off	4:off	5:off	6:off
winbind        	0:off	1:off	2:off	3:off	4:off	5:off	6:off
