
DCCISSCFLP02
eno1 eno2 eno3 eno4 ens8f0 ens8f1 ens6f0 ens6f1 ens7f0 ens7f1 enp0s20u1u5 virbr0:10.20.9.248/16 192.168.13.155/21 192.168.122.1/24
3.10.0-1160.76.1.el7.x86_64
 14:42:43 up 26 days, 13:15,  1 user,  load average: 0.60, 0.22, 0.12
kernel-3.10.0-1160.76.1.el7.x86_64            Fri 26 Aug 2022 07:34:33 PM +08
kernel-3.10.0-1160.71.1.el7.x86_64            Tue 02 Aug 2022 08:28:12 PM +08
kernel-3.10.0-1160.66.1.el7.x86_64            Sat 02 Jul 2022 04:36:33 PM +08
Red Hat Enterprise Linux Server release 7.9 (Maipo)
Intel(R) Xeon(R) CPU E5-2640 v3 @ 2.60GHz
128379 MB
12 of 11

CPU usage is below the threshold (Which is 80%)
Memory Usage is above the threshold (Which is 80%)

Memory free 
Used	Avail	Use%	Mounted
0	63G	0%	/dev
8.0K	63G	1%	/dev/shm
475M	63G	1%	/run
0	63G	0%	/sys/fs/cgroup
4.0G	5.9G	41%	/
4.7G	2.2G	69%	/usr
223M	272M	45%	/boot
9.9M	190M	5%	/boot/efi
192M	1.8G	10%	/home
4.7G	6.1G	44%	/appl
1.7G	5.4G	24%	/var
2.4G	3.7G	40%	/opt
534M	461M	54%	/var/log
247M	4.8G	5%	/tmp
82M	913M	9%	/var/log/audit
0	13G	0%	/run/user/1000
0	13G	0%	/run/user/1019

26 days,

Thu 22 Sep 2022 02:42:44 PM
Thu 22 Sep 2022 02:42:45 PM +08  -0.537593 seconds


Linux 3.10.0-1160.76.1.el7.x86_64 (DCCISSCFLP02) 	09/22/2022 	_x86_64_	(32 CPU)

02:42:45 PM     CPU     %user     %nice   %system   %iowait    %steal     %idle
02:42:47 PM     all      0.03      0.00      0.02      0.00      0.00     99.95
02:42:49 PM     all      0.02      0.00      0.02      0.02      0.00     99.95
02:42:51 PM     all      0.05      0.00      0.02      0.00      0.00     99.94
02:42:53 PM     all      0.05      0.00      0.05      0.00      0.00     99.91
02:42:55 PM     all      0.03      0.00      0.02      0.00      0.00     99.95
Average:        all      0.03      0.00      0.02      0.00      0.00     99.94
Average:        all      0.11      0.00      0.06      0.00      0.00     99.82

              total        used        free      shared  buff/cache   available
Mem:         128379       67019       52293         589        9066       60159
Swap:          4095           0        4095
Total:       132475       67019       56389




Filesystem                      Size  Used Avail Use% Mounted on
devtmpfs                         63G     0   63G   0% /dev
tmpfs                            63G  8.0K   63G   1% /dev/shm
tmpfs                            63G  475M   63G   1% /run
tmpfs                            63G     0   63G   0% /sys/fs/cgroup
/dev/mapper/rhel-root           9.8G  4.0G  5.9G  41% /
/dev/mapper/rhel-usr            6.9G  4.7G  2.2G  69% /usr
/dev/sda2                       494M  223M  272M  45% /boot
/dev/sda1                       200M  9.9M  190M   5% /boot/efi
/dev/mapper/rhel-home           2.0G  192M  1.8G  10% /home
/dev/mapper/rhel-appl            11G  4.7G  6.1G  44% /appl
/dev/mapper/rhel-var            7.1G  1.7G  5.4G  24% /var
/dev/mapper/rhel-opt            6.0G  2.4G  3.7G  40% /opt
/dev/mapper/rhel-var_log        994M  534M  461M  54% /var/log
/dev/mapper/rhel-tmp            5.0G  247M  4.8G   5% /tmp
/dev/mapper/rhel-var_log_audit  994M   82M  913M   9% /var/log/audit
tmpfs                            13G     0   13G   0% /run/user/1000
tmpfs                            13G     0   13G   0% /run/user/1019


Galaxy         	0:off	1:off	2:off	3:on	4:off	5:on	6:off
Jarvis         	0:off	1:off	2:on	3:on	4:on	5:on	6:off
ncpa_listener  	0:off	1:off	2:on	3:on	4:on	5:on	6:off
ncpa_passive   	0:off	1:off	2:on	3:on	4:on	5:on	6:off
netconsole     	0:off	1:off	2:off	3:off	4:off	5:off	6:off
network        	0:off	1:off	2:on	3:on	4:on	5:on	6:off
rhnsd          	0:off	1:off	2:off	3:off	4:off	5:off	6:off

xinetd based services:
	chargen-dgram: 	off
	chargen-stream:	off
	daytime-dgram: 	off
	daytime-stream:	off
	discard-dgram: 	off
	discard-stream:	off
	echo-dgram:    	off
	echo-stream:   	off
	nrpe:          	on
	nsca:          	on
	tcpmux-server: 	off
	time-dgram:    	off
	time-stream:   	off


