
dccissejap02
ens2f0 ens2f1 ens2f2 ens2f3 eno1 eno2 eno3 eno4 enp0s20u1u5 bond0:192.168.13.97/21 10.20.1.145/16
3.10.0-1160.76.1.el7.x86_64
 14:53:35 up 26 days, 13:27,  1 user,  load average: 2.34, 1.79, 1.71
kernel-3.10.0-1160.76.1.el7.x86_64            Fri 26 Aug 2022 07:34:42 PM +08
kernel-3.10.0-1160.71.1.el7.x86_64            Sat 06 Aug 2022 12:03:38 AM +08
kernel-3.10.0-1160.66.1.el7.x86_64            Sat 02 Jul 2022 12:02:09 AM +08
Red Hat Enterprise Linux Server release 7.9 (Maipo)
Intel(R) Xeon(R) CPU E5-2667 v3 @ 3.20GHz
63558 MB
10 of 9

CPU usage is below the threshold (Which is 80%)
Memory Usage is above the threshold (Which is 80%)

Memory free 
Used	Avail	Use%	Mounted
0	32G	0%	/dev
8.0K	32G	1%	/dev/shm
1.1G	31G	4%	/run
0	32G	0%	/sys/fs/cgroup
153M	20G	1%	/
4.1G	6.0G	41%	/usr
263M	235M	53%	/boot
11M	190M	6%	/boot/efi
76G	125G	38%	/appl
314M	4.7G	7%	/home
3.5G	3.6G	50%	/opt
4.7G	5.8G	45%	/var
42M	5.0G	1%	/tmp
1.5G	3.6G	30%	/var/log
73M	942M	8%	/var/log/audit
12K	6.3G	1%	/run/user/42
0	6.3G	0%	/run/user/5013

26 days,

Thu 22 Sep 2022 02:53:36 PM
Thu 22 Sep 2022 02:53:37 PM +08  -0.220204 seconds


Linux 3.10.0-1160.76.1.el7.x86_64 (dccissejap02) 	09/22/2022 	_x86_64_	(32 CPU)

02:53:37 PM     CPU     %user     %nice   %system   %iowait    %steal     %idle
02:53:39 PM     all      1.63      0.00      0.27      0.02      0.00     98.09
02:53:41 PM     all      0.50      0.00      0.27      0.00      0.00     99.23
02:53:43 PM     all      0.09      0.00      0.08      0.00      0.00     99.83
02:53:45 PM     all      0.33      0.00      0.56      0.02      0.00     99.09
02:53:47 PM     all      0.08      0.00      0.03      0.00      0.00     99.89
Average:        all      0.53      0.00      0.24      0.01      0.00     99.23
Average:        all      3.05      0.00      0.24      0.01      0.00     96.70

              total        used        free      shared  buff/cache   available
Mem:          63558        7751       41773        1155       14034       54159
Swap:          4091           0        4091
Total:        67650        7751       45865




Filesystem                         Size  Used Avail Use% Mounted on
devtmpfs                            32G     0   32G   0% /dev
tmpfs                               32G  8.0K   32G   1% /dev/shm
tmpfs                               32G  1.1G   31G   4% /run
tmpfs                               32G     0   32G   0% /sys/fs/cgroup
/dev/mapper/vg00-lv_root            20G  153M   20G   1% /
/dev/mapper/vg00-lv_usr             10G  4.1G  6.0G  41% /usr
/dev/sda2                          497M  263M  235M  53% /boot
/dev/sda1                          200M   11M  190M   6% /boot/efi
/dev/mapper/vg01-lv_appl           200G   76G  125G  38% /appl
/dev/mapper/vg00-lv_home           5.0G  314M  4.7G   7% /home
/dev/mapper/vg00-lv_opt            7.0G  3.5G  3.6G  50% /opt
/dev/mapper/vg00-lv_var             11G  4.7G  5.8G  45% /var
/dev/mapper/vg00-lv_tmp            5.0G   42M  5.0G   1% /tmp
/dev/mapper/vg00-lv_var_log        5.0G  1.5G  3.6G  30% /var/log
/dev/mapper/vg00-lv_var_log_audit 1014M   73M  942M   8% /var/log/audit
tmpfs                              6.3G   12K  6.3G   1% /run/user/42
tmpfs                              6.3G     0  6.3G   0% /run/user/5013


Galaxy         	0:off	1:off	2:off	3:on	4:off	5:on	6:off
Jarvis         	0:off	1:off	2:on	3:on	4:on	5:on	6:off
ncpa_listener  	0:off	1:off	2:on	3:on	4:on	5:on	6:off
ncpa_passive   	0:off	1:off	2:on	3:on	4:on	5:on	6:off
netconsole     	0:off	1:off	2:off	3:off	4:off	5:off	6:off
network        	0:off	1:off	2:on	3:on	4:on	5:on	6:off
rhnsd          	0:off	1:off	2:off	3:off	4:off	5:off	6:off

xinetd based services:
	chargen-dgram: 	off
	chargen-stream:	off
	daytime-dgram: 	off
	daytime-stream:	off
	discard-dgram: 	off
	discard-stream:	off
	echo-dgram:    	off
	echo-stream:   	off
	nrpe:          	on
	nsca:          	on
	tcpmux-server: 	off
	time-dgram:    	off
	time-stream:   	off


