
DCCISSCFLP01
eno1 eno2 eno3 eno4 ens8f0 ens8f1 ens6f0 ens6f1 ens7f0 ens7f1 enp0s20u1u5 virbr0:10.20.9.247/16 192.168.13.154/21 192.168.122.1/24
3.10.0-1160.76.1.el7.x86_64
 14:42:27 up 26 days, 13:15,  1 user,  load average: 0.52, 0.20, 0.09
kernel-3.10.0-1160.76.1.el7.x86_64            Fri 26 Aug 2022 07:34:35 PM +08
kernel-3.10.0-1160.71.1.el7.x86_64            Tue 02 Aug 2022 08:28:10 PM +08
kernel-3.10.0-1160.66.1.el7.x86_64            Sat 02 Jul 2022 10:35:35 AM +08
Red Hat Enterprise Linux Server release 7.9 (Maipo)
Intel(R) Xeon(R) CPU E5-2640 v3 @ 2.60GHz
128379 MB
12 of 11

CPU usage is below the threshold (Which is 80%)
Memory Usage is above the threshold (Which is 80%)

Memory free 
Used	Avail	Use%	Mounted
0	63G	0%	/dev
36K	63G	1%	/dev/shm
667M	63G	2%	/run
0	63G	0%	/sys/fs/cgroup
4.0G	5.9G	41%	/
5.0G	2.0G	73%	/usr
223M	272M	45%	/boot
9.9M	190M	5%	/boot/efi
16G	15G	52%	/appl
252M	1.7G	13%	/home
2.5G	7.2G	26%	/opt
291M	4.7G	6%	/tmp
3.4G	4.9G	41%	/var
637M	1.4G	32%	/var/log
66M	929M	7%	/var/log/audit
0	13G	0%	/run/user/1000
0	13G	0%	/run/user/1020

26 days,

Thu 22 Sep 2022 02:42:28 PM
Thu 22 Sep 2022 02:42:29 PM +08  -0.188962 seconds


Linux 3.10.0-1160.76.1.el7.x86_64 (DCCISSCFLP01) 	09/22/2022 	_x86_64_	(32 CPU)

02:42:29 PM     CPU     %user     %nice   %system   %iowait    %steal     %idle
02:42:31 PM     all      0.08      0.00      0.05      0.00      0.00     99.87
02:42:33 PM     all      0.08      0.00      0.06      0.00      0.00     99.86
02:42:35 PM     all      0.06      0.00      0.05      0.02      0.00     99.87
02:42:37 PM     all      0.13      0.00      0.06      0.00      0.00     99.81
02:42:39 PM     all      0.44      0.00      0.17      0.00      0.00     99.39
Average:        all      0.16      0.00      0.08      0.00      0.00     99.76
Average:        all      0.25      0.00      0.12      0.00      0.00     99.63

              total        used        free      shared  buff/cache   available
Mem:         128379       68402       48122         857       11854       58507
Swap:          4095           0        4095
Total:       132475       68402       52218




Filesystem                      Size  Used Avail Use% Mounted on
devtmpfs                         63G     0   63G   0% /dev
tmpfs                            63G   36K   63G   1% /dev/shm
tmpfs                            63G  667M   63G   2% /run
tmpfs                            63G     0   63G   0% /sys/fs/cgroup
/dev/mapper/rhel-root           9.8G  4.0G  5.9G  41% /
/dev/mapper/rhel-usr            6.9G  5.0G  2.0G  73% /usr
/dev/sda2                       494M  223M  272M  45% /boot
/dev/sda1                       200M  9.9M  190M   5% /boot/efi
/dev/mapper/rhel-appl            30G   16G   15G  52% /appl
/dev/mapper/rhel-home           2.0G  252M  1.7G  13% /home
/dev/mapper/rhel-opt            9.6G  2.5G  7.2G  26% /opt
/dev/mapper/rhel-tmp            5.0G  291M  4.7G   6% /tmp
/dev/mapper/rhel-var            8.2G  3.4G  4.9G  41% /var
/dev/mapper/rhel-var_log        2.0G  637M  1.4G  32% /var/log
/dev/mapper/rhel-var_log_audit  994M   66M  929M   7% /var/log/audit
tmpfs                            13G     0   13G   0% /run/user/1000
tmpfs                            13G     0   13G   0% /run/user/1020


Galaxy         	0:off	1:off	2:off	3:on	4:off	5:on	6:off
Jarvis         	0:off	1:off	2:on	3:on	4:on	5:on	6:off
decimate-server	0:off	1:off	2:on	3:on	4:on	5:on	6:off
ncpa_listener  	0:off	1:off	2:on	3:on	4:on	5:on	6:off
ncpa_passive   	0:off	1:off	2:on	3:on	4:on	5:on	6:off
netconsole     	0:off	1:off	2:off	3:off	4:off	5:off	6:off
network        	0:off	1:off	2:on	3:on	4:on	5:on	6:off
rhnsd          	0:off	1:off	2:off	3:off	4:off	5:off	6:off

xinetd based services:
	chargen-dgram: 	off
	chargen-stream:	off
	daytime-dgram: 	off
	daytime-stream:	off
	discard-dgram: 	off
	discard-stream:	off
	echo-dgram:    	off
	echo-stream:   	off
	nrpe:          	on
	nsca:          	on
	tcpmux-server: 	off
	time-dgram:    	off
	time-stream:   	off


