
dccreuters2
eno1 eno49 eno51 eno52 bond01:192.168.11.128/21 172.22.0.25/24
3.10.0-1160.76.1.el7.x86_64
 11:08:00 up 13 days, 18:34,  1 user,  load average: 0.05, 0.11, 0.13
kernel-3.10.0-1160.76.1.el7.x86_64            Sat 20 Aug 2022 06:16:53 AM +08
kernel-3.10.0-1160.62.1.el7.x86_64            Sat 23 Apr 2022 02:48:53 PM +08
kernel-3.10.0-1160.59.1.el7.x86_64            Sat 19 Mar 2022 12:50:53 PM +08
Red Hat Enterprise Linux Server release 7.9 (Maipo)
Intel(R) Xeon(R) CPU E5-2630 v4 @ 2.20GHz
31875 MB
5 of 9

CPU usage is below the threshold (Which is 80%)
Memory Usage is above the threshold (Which is 80%)

Memory free 
Used	Avail	Use%	Mounted
0	16G	0%	/dev
8.0K	16G	1%	/dev/shm
1.6G	15G	10%	/run
0	16G	0%	/sys/fs/cgroup
104M	1.9G	6%	/
4.7G	1.4G	78%	/usr
264M	240M	53%	/boot
11M	502M	2%	/boot/efi
2.9G	6.2G	32%	/var
23G	13G	64%	/opt
34M	4.0G	1%	/tmp
895M	1.2G	44%	/home
33M	983M	4%	/appl
2.4G	693M	78%	/var/log
67M	949M	7%	/var/log/audit
0	3.2G	0%	/run/user/1003

13 days,

Sat 10 Sep 2022 11:08:01 AM
Sat 10 Sep 2022 11:08:13 AM +08  -0.220162 seconds


Linux 3.10.0-1160.76.1.el7.x86_64 (dccreuters2) 	09/10/2022 	_x86_64_	(40 CPU)

11:08:02 AM     CPU     %user     %nice   %system   %iowait    %steal     %idle
11:08:04 AM     all      0.18      0.00      0.15      0.00      0.00     99.67
11:08:06 AM     all      0.03      0.00      0.03      0.01      0.00     99.94
11:08:08 AM     all      0.18      0.00      0.15      0.00      0.00     99.67
11:08:10 AM     all      0.06      0.00      0.04      0.00      0.00     99.90
11:08:12 AM     all      0.01      0.00      0.01      0.00      0.00     99.97
Average:        all      0.09      0.00      0.08      0.00      0.00     99.83
Average:        all      0.15      0.00      0.11      0.00      0.00     99.73

              total        used        free      shared  buff/cache   available
Mem:          31875        1908       19705        1692       10261       27852
Swap:             0           0           0
Total:        31875        1908       19705




Filesystem                         Size  Used Avail Use% Mounted on
devtmpfs                            16G     0   16G   0% /dev
tmpfs                               16G  8.0K   16G   1% /dev/shm
tmpfs                               16G  1.6G   15G  10% /run
tmpfs                               16G     0   16G   0% /sys/fs/cgroup
/dev/mapper/vg00-lv_root           2.0G  104M  1.9G   6% /
/dev/mapper/vg00-lv_usr            6.0G  4.7G  1.4G  78% /usr
/dev/sda2                          504M  264M  240M  53% /boot
/dev/sda1                          512M   11M  502M   2% /boot/efi
/dev/mapper/vg00-lv_var            9.0G  2.9G  6.2G  32% /var
/dev/mapper/vg00-lv_opt             35G   23G   13G  64% /opt
/dev/mapper/vg00-lv_tmp            4.0G   34M  4.0G   1% /tmp
/dev/mapper/vg00-lv_home           2.0G  895M  1.2G  44% /home
/dev/mapper/vg00-lv_appl          1016M   33M  983M   4% /appl
/dev/mapper/vg00-lv_var_log        3.0G  2.4G  693M  78% /var/log
/dev/mapper/vg00-lv_var_log_audit 1016M   67M  949M   7% /var/log/audit
tmpfs                              3.2G     0  3.2G   0% /run/user/1003


Galaxy         	0:off	1:off	2:off	3:on	4:off	5:on	6:off
Jarvis         	0:off	1:off	2:on	3:on	4:on	5:on	6:off
ncpa_listener  	0:off	1:off	2:on	3:on	4:on	5:on	6:off
ncpa_passive   	0:off	1:off	2:on	3:on	4:on	5:on	6:off
netconsole     	0:off	1:off	2:off	3:off	4:off	5:off	6:off
network        	0:off	1:off	2:on	3:on	4:on	5:on	6:off
rhnsd          	0:off	1:off	2:off	3:off	4:off	5:off	6:off

xinetd based services:
	chargen-dgram: 	off
	chargen-stream:	off
	daytime-dgram: 	off
	daytime-stream:	off
	discard-dgram: 	off
	discard-stream:	off
	echo-dgram:    	off
	echo-stream:   	off
	tcpmux-server: 	off
	time-dgram:    	off
	time-stream:   	off


