
dccreuters3
eno1 eno49 eno52 bond01:192.168.11.129/21 172.22.0.24/24
3.10.0-1160.76.1.el7.x86_64
 10:55:46 up 6 days, 21:45,  1 user,  load average: 0.03, 0.09, 0.08
kernel-3.10.0-1160.76.1.el7.x86_64            Sat 20 Aug 2022 06:04:12 AM +08
kernel-3.10.0-1160.62.1.el7.x86_64            Sat 23 Apr 2022 02:48:17 PM +08
kernel-3.10.0-1160.59.1.el7.x86_64            Sat 19 Mar 2022 12:35:03 PM +08
Red Hat Enterprise Linux Server release 7.9 (Maipo)
Intel(R) Xeon(R) CPU E5-2630 v4 @ 2.20GHz
31868 MB
4 of 9

CPU usage is below the threshold (Which is 80%)
Memory Usage is above the threshold (Which is 80%)

Memory free 
Used	Avail	Use%	Mounted
0	16G	0%	/dev
1.3M	16G	1%	/dev/shm
82M	16G	1%	/run
0	16G	0%	/sys/fs/cgroup
106M	1.9G	6%	/
5.3G	3.8G	58%	/usr
264M	240M	53%	/boot
11M	502M	2%	/boot/efi
33M	983M	4%	/appl
33M	2.0G	2%	/tmp
19G	17G	52%	/opt
626M	1.4G	31%	/home
3.6G	6.5G	36%	/var
423M	593M	42%	/var/log
66M	951M	7%	/var/log/audit
0	3.2G	0%	/run/user/1003

6 days,

Sat 10 Sep 2022 10:55:48 AM
Sat 10 Sep 2022 10:55:51 AM +08  -0.406737 seconds


Linux 3.10.0-1160.76.1.el7.x86_64 (dccreuters3) 	09/10/2022 	_x86_64_	(40 CPU)

10:55:48 AM     CPU     %user     %nice   %system   %iowait    %steal     %idle
10:55:50 AM     all      0.04      0.00      0.05      0.01      0.00     99.90
10:55:52 AM     all      0.04      0.00      0.03      0.00      0.00     99.94
10:55:54 AM     all      0.01      0.00      0.04      0.00      0.00     99.95
10:55:56 AM     all      0.03      0.00      0.03      0.00      0.00     99.95
10:55:58 AM     all      0.01      0.00      0.04      0.00      0.00     99.95
Average:        all      0.03      0.00      0.04      0.00      0.00     99.94
Average:        all      0.11      0.00      0.08      0.00      0.00     99.80

              total        used        free      shared  buff/cache   available
Mem:          31868        2477       20524         356        8865       28611
Swap:             0           0           0
Total:        31868        2477       20524




Filesystem                         Size  Used Avail Use% Mounted on
devtmpfs                            16G     0   16G   0% /dev
tmpfs                               16G  1.3M   16G   1% /dev/shm
tmpfs                               16G   82M   16G   1% /run
tmpfs                               16G     0   16G   0% /sys/fs/cgroup
/dev/mapper/vg00-lv_root           2.0G  106M  1.9G   6% /
/dev/mapper/vg00-lv_usr            9.0G  5.3G  3.8G  58% /usr
/dev/sda2                          504M  264M  240M  53% /boot
/dev/sda1                          512M   11M  502M   2% /boot/efi
/dev/mapper/vg00-lv_appl          1016M   33M  983M   4% /appl
/dev/mapper/vg00-lv_tmp            2.0G   33M  2.0G   2% /tmp
/dev/mapper/vg00-lv_opt             35G   19G   17G  52% /opt
/dev/mapper/vg00-lv_home           2.0G  626M  1.4G  31% /home
/dev/mapper/vg00-lv_var             10G  3.6G  6.5G  36% /var
/dev/mapper/vg00-lv_var_log       1016M  423M  593M  42% /var/log
/dev/mapper/vg00-lv_var_log_audit 1016M   66M  951M   7% /var/log/audit
tmpfs                              3.2G     0  3.2G   0% /run/user/1003


Galaxy         	0:off	1:off	2:off	3:on	4:off	5:on	6:off
Jarvis         	0:off	1:off	2:on	3:on	4:on	5:on	6:off
ncpa_listener  	0:off	1:off	2:on	3:on	4:on	5:on	6:off
ncpa_passive   	0:off	1:off	2:on	3:on	4:on	5:on	6:off
netconsole     	0:off	1:off	2:off	3:off	4:off	5:off	6:off
network        	0:off	1:off	2:on	3:on	4:on	5:on	6:off
rhnsd          	0:off	1:off	2:off	3:off	4:off	5:off	6:off

xinetd based services:
	chargen-dgram: 	off
	chargen-stream:	off
	daytime-dgram: 	off
	daytime-stream:	off
	discard-dgram: 	off
	discard-stream:	off
	echo-dgram:    	off
	echo-stream:   	off
	tcpmux-server: 	off
	telnet:        	off
	time-dgram:    	off
	time-stream:   	off


