
dccvhfissdb.lux.bnm.gov.my
eth0 eth1:10.103.3.26/16 192.168.11.126/21
3.10.0-1160.76.1.el7.x86_64
 11:56:02 up 21 days, 10:38,  1 user,  load average: 0.64, 0.39, 0.30
kernel-3.10.0-1160.76.1.el7.x86_64            Fri 19 Aug 2022 07:16:43 PM +08
kernel-3.10.0-1160.66.1.el7.x86_64            Sat 25 Jun 2022 12:09:49 AM +08
kernel-3.10.0-1160.62.1.el7.x86_64            Sat 23 Apr 2022 12:04:48 AM +08
Red Hat Enterprise Linux Server release 7.9 (Maipo)
Intel(R) Xeon(R) Gold 6134 CPU @ 3.20GHz
60198 MB
2 of 3

CPU usage is below the threshold (Which is 80%)
Memory Usage is above the threshold (Which is 80%)

Memory free 
Used	Avail	Use%	Mounted
0	30G	0%	/dev
637M	29G	3%	/dev/shm
2.0G	28G	7%	/run
0	30G	0%	/sys/fs/cgroup
644M	1.4G	32%	/
4.6G	1.5G	76%	/usr
378M	128M	75%	/boot
308M	9.7G	4%	/home
65M	2.0G	4%	/tmp
6.9G	3.2G	69%	/opt
4.2G	5.2G	46%	/var
752M	2.3G	25%	/var/log
68M	10G	1%	/var/log/audit
172G	341G	34%	/backup
68G	33G	68%	/u01
12K	5.9G	1%	/run/user/42
0	5.9G	0%	/run/user/54321
0	5.9G	0%	/run/user/54330
0	5.9G	0%	/run/user/54328

21 days,

Sat 10 Sep 2022 11:56:03 AM
Sat 10 Sep 2022 11:56:00 AM +08  -0.958052 seconds


Linux 3.10.0-1160.76.1.el7.x86_64 (dccvhfissdb.lux.bnm.gov.my) 	09/10/2022 	_x86_64_	(4 CPU)

11:56:04 AM     CPU     %user     %nice   %system   %iowait    %steal     %idle
11:56:06 AM     all      1.91      0.00      1.27      0.13      0.00     96.69
11:56:08 AM     all      2.17      0.00      0.76      0.13      0.00     96.94
11:56:10 AM     all      1.40      0.00      0.89      0.13      0.00     97.58
11:56:12 AM     all      1.53      0.00      1.40      0.13      0.13     96.82
11:56:14 AM     all      2.93      0.00      1.91      0.00      0.00     95.15
Average:        all      1.99      0.00      1.25      0.10      0.03     96.64
Average:        all      6.74      0.00      2.35      2.18      0.02     88.71

              total        used        free      shared  buff/cache   available
Mem:          60198       30246        2356        2724       27595       26672
Swap:         16382           0       16382
Total:        76581       30246       18739




Filesystem                         Size  Used Avail Use% Mounted on
devtmpfs                            30G     0   30G   0% /dev
tmpfs                               30G  637M   29G   3% /dev/shm
tmpfs                               30G  2.0G   28G   7% /run
tmpfs                               30G     0   30G   0% /sys/fs/cgroup
/dev/mapper/vg00-lv_root           2.0G  644M  1.4G  32% /
/dev/mapper/vg00-lv_usr            6.0G  4.6G  1.5G  76% /usr
/dev/sda1                          506M  378M  128M  75% /boot
/dev/mapper/vg00-lv_home            10G  308M  9.7G   4% /home
/dev/mapper/vg00-lv_tmp            2.0G   65M  2.0G   4% /tmp
/dev/mapper/vg00-lv_opt             10G  6.9G  3.2G  69% /opt
/dev/mapper/vg00-lv_var            9.3G  4.2G  5.2G  46% /var
/dev/mapper/vg00-lv_var_log        3.0G  752M  2.3G  25% /var/log
/dev/mapper/vg00-lv_var_log_audit   10G   68M   10G   1% /var/log/audit
/dev/mapper/vg02-lv_backup         512G  172G  341G  34% /backup
/dev/mapper/vg01-lv_u01            100G   68G   33G  68% /u01
tmpfs                              5.9G   12K  5.9G   1% /run/user/42
tmpfs                              5.9G     0  5.9G   0% /run/user/54321
tmpfs                              5.9G     0  5.9G   0% /run/user/54330
tmpfs                              5.9G     0  5.9G   0% /run/user/54328


Galaxy         	0:off	1:off	2:off	3:on	4:off	5:on	6:off
Jarvis         	0:off	1:off	2:on	3:on	4:on	5:on	6:off
acfssihamount  	0:off	1:off	2:off	3:on	4:off	5:on	6:off
afd            	0:off	1:off	2:off	3:on	4:off	5:on	6:off
gcstartup      	0:off	1:off	2:on	3:on	4:on	5:on	6:off
lockgcstartup  	0:off	1:off	2:on	3:on	4:on	5:on	6:off
ncpa_listener  	0:off	1:off	2:on	3:on	4:on	5:on	6:off
ncpa_passive   	0:off	1:off	2:on	3:on	4:on	5:on	6:off
netconsole     	0:off	1:off	2:off	3:off	4:off	5:off	6:off
network        	0:off	1:off	2:on	3:on	4:on	5:on	6:off
ngt_guest_agent	0:off	1:off	2:on	3:on	4:on	5:on	6:off
ngt_self_service_restore	0:off	1:off	2:on	3:on	4:on	5:on	6:off
ohasd          	0:off	1:off	2:off	3:on	4:off	5:on	6:off
rhnsd          	0:off	1:off	2:off	3:off	4:off	5:off	6:off
unlockgcstartup	0:off	1:off	2:off	3:off	4:on	5:off	6:off

xinetd based services:
	chargen-dgram: 	off
	chargen-stream:	off
	daytime-dgram: 	off
	daytime-stream:	off
	discard-dgram: 	off
	discard-stream:	off
	echo-dgram:    	off
	echo-stream:   	off
	nrpe:          	on
	nsca:          	on
	tcpmux-server: 	off
	time-dgram:    	off
	time-stream:   	off


