
dccvmapnrps.w2k.bnm.gov.my
ens32 ens34:10.103.1.215/16 192.168.11.40/21
3.10.0-1160.76.1.el7.x86_64
 14:43:57 up 7 days,  1:38,  1 user,  load average: 0.08, 0.05, 0.05
kernel-3.10.0-1160.76.1.el7.x86_64            Fri 19 Aug 2022 07:17:01 PM +08
kernel-3.10.0-1160.66.1.el7.x86_64            Sat 25 Jun 2022 12:09:56 AM +08
kernel-3.10.0-1160.62.1.el7.x86_64            Sat 23 Apr 2022 12:05:23 AM +08
Red Hat Enterprise Linux Server release 7.9 (Maipo)
Intel(R) Xeon(R) CPU E7-4850 v4 @ 2.10GHz
7821 MB
2 of 3

CPU usage is below the threshold (Which is 80%)
Memory Usage is above the threshold (Which is 80%)

Memory free 
Used	Avail	Use%	Mounted
0	3.9G	0%	/dev
8.0K	3.9G	1%	/dev/shm
154M	3.7G	4%	/run
0	3.9G	0%	/sys/fs/cgroup
695M	1.4G	35%	/
4.2G	3.9G	52%	/usr
272M	238M	54%	/boot
33M	982M	4%	/appl
2.1G	2.6G	45%	/var
282M	733M	28%	/var/log
199M	1.8G	10%	/home
77M	938M	8%	/var/log/audit
1.5G	601M	71%	/opt
102M	1.9G	5%	/tmp
0	783M	0%	/run/user/1002

7 days,

Sat 10 Sep 2022 02:43:58 PM
Sat 10 Sep 2022 02:43:59 PM +08  -0.053217 seconds


Linux 3.10.0-1160.76.1.el7.x86_64 (dccvmapnrps.w2k.bnm.gov.my) 	09/10/2022 	_x86_64_	(2 CPU)

02:43:59 PM     CPU     %user     %nice   %system   %iowait    %steal     %idle
02:44:01 PM     all      0.25      0.00      0.25      0.00      0.00     99.50
02:44:03 PM     all      0.25      0.00      0.00      0.00      0.00     99.75
02:44:05 PM     all      0.25      0.00      0.25      0.00      0.00     99.50
02:44:07 PM     all      0.50      0.00      0.50      0.00      0.00     99.00
02:44:09 PM     all      0.00      0.00      0.00      0.00      0.00    100.00
Average:        all      0.25      0.00      0.20      0.00      0.00     99.55
Average:        all      1.01      0.00      0.52      0.09      0.00     98.38

              total        used        free      shared  buff/cache   available
Mem:           7821        1151         955         153        5714        6217
Swap:             0           0           0
Total:         7821        1151         955




Filesystem                      Size  Used Avail Use% Mounted on
devtmpfs                        3.9G     0  3.9G   0% /dev
tmpfs                           3.9G  8.0K  3.9G   1% /dev/shm
tmpfs                           3.9G  154M  3.7G   4% /run
tmpfs                           3.9G     0  3.9G   0% /sys/fs/cgroup
/dev/mapper/vg00-root           2.0G  695M  1.4G  35% /
/dev/mapper/vg00-usr            8.0G  4.2G  3.9G  52% /usr
/dev/sda1                       509M  272M  238M  54% /boot
/dev/mapper/vg00-appl          1014M   33M  982M   4% /appl
/dev/mapper/vg00-var            4.6G  2.1G  2.6G  45% /var
/dev/mapper/vg00-var_log       1014M  282M  733M  28% /var/log
/dev/mapper/vg00-home           2.0G  199M  1.8G  10% /home
/dev/mapper/vg00-var_log_audit 1014M   77M  938M   8% /var/log/audit
/dev/mapper/vg00-opt            2.0G  1.5G  601M  71% /opt
/dev/mapper/vg00-tmp            2.0G  102M  1.9G   5% /tmp
tmpfs                           783M     0  783M   0% /run/user/1002


Jarvis         	0:off	1:off	2:on	3:on	4:on	5:on	6:off
ncpa_listener  	0:off	1:off	2:on	3:on	4:on	5:on	6:off
ncpa_passive   	0:off	1:off	2:on	3:on	4:on	5:on	6:off
netconsole     	0:off	1:off	2:off	3:off	4:off	5:off	6:off
network        	0:off	1:off	2:on	3:on	4:on	5:on	6:off
rhnsd          	0:off	1:off	2:off	3:off	4:off	5:off	6:off
vmware-tools   	0:off	1:off	2:on	3:on	4:on	5:on	6:off

xinetd based services:
	chargen-dgram: 	off
	chargen-stream:	off
	daytime-dgram: 	off
	daytime-stream:	off
	discard-dgram: 	off
	discard-stream:	off
	echo-dgram:    	off
	echo-stream:   	off
	nrpe:          	on
	nsca:          	on
	tcpmux-server: 	off
	time-dgram:    	off
	time-stream:   	off


