
dccvmoraprox01.w2k.bnm.gov.my
eno16777728:10.103.15.230/16
3.10.0-1160.76.1.el7.x86_64
 15:51:18 up 21 days, 14:34,  1 user,  load average: 0.76, 0.42, 0.24
kernel-3.10.0-1160.76.1.el7.x86_64            Fri 19 Aug 2022 07:22:36 PM +08
kernel-3.10.0-1160.71.1.el7.x86_64            Sat 23 Jul 2022 12:09:08 AM +08
kernel-3.10.0-1160.66.1.el7.x86_64            Sat 25 Jun 2022 12:16:57 AM +08
Red Hat Enterprise Linux Server release 7.9 (Maipo)
Intel(R) Xeon(R) CPU E7-4850 v4 @ 2.10GHz
15885 MB
1 of 1

CPU usage is below the threshold (Which is 80%)
Memory Usage is above the threshold (Which is 80%)

Memory free 
Used	Avail	Use%	Mounted
0	7.8G	0%	/dev
8.0K	7.8G	1%	/dev/shm
1.7M	7.8G	1%	/run
0	7.8G	0%	/sys/fs/cgroup
99M	1.9G	5%	/
4.7G	1.4G	78%	/usr
292M	1.8G	15%	/home
1.7G	4.2G	29%	/var
88M	2.0G	5%	/tmp
272M	238M	54%	/boot
577M	438M	57%	/var/log
1.2G	887M	57%	/opt
28G	23G	55%	/u01
72M	943M	8%	/var/log/audit
0	1.6G	0%	/run/user/1002
12K	1.6G	1%	/run/user/42
0	1.6G	0%	/run/user/1004

21 days,

Sat 10 Sep 2022 03:51:21 PM
Sat 10 Sep 2022 03:51:22 PM +08  -0.521653 seconds


Linux 3.10.0-1160.76.1.el7.x86_64 (dccvmoraprox01.w2k.bnm.gov.my) 	09/10/2022 	_x86_64_	(4 CPU)

03:51:22 PM     CPU     %user     %nice   %system   %iowait    %steal     %idle
03:51:24 PM     all      0.63      0.00      0.38      0.00      0.00     98.99
03:51:26 PM     all      0.50      0.00      0.88      0.00      0.00     98.62
03:51:28 PM     all      0.75      0.00      0.38      0.00      0.00     98.87
03:51:30 PM     all      0.38      0.00      0.50      0.00      0.00     99.12
03:51:32 PM     all      0.50      0.00      0.13      0.00      0.00     99.37
Average:        all      0.55      0.00      0.45      0.00      0.00     99.00
Average:        all      1.71      0.00      0.91      0.01      0.00     97.37

              total        used        free      shared  buff/cache   available
Mem:          15885        1617        8031           6        6235       13931
Swap:         16382          25       16357
Total:        32268        1642       24389




Filesystem                      Size  Used Avail Use% Mounted on
devtmpfs                        7.8G     0  7.8G   0% /dev
tmpfs                           7.8G  8.0K  7.8G   1% /dev/shm
tmpfs                           7.8G  1.7M  7.8G   1% /run
tmpfs                           7.8G     0  7.8G   0% /sys/fs/cgroup
/dev/mapper/vg00-root           2.0G   99M  1.9G   5% /
/dev/mapper/vg00-usr            6.0G  4.7G  1.4G  78% /usr
/dev/mapper/vg00-home           2.0G  292M  1.8G  15% /home
/dev/mapper/vg00-var            5.8G  1.7G  4.2G  29% /var
/dev/mapper/vg00-tmp            2.0G   88M  2.0G   5% /tmp
/dev/sda1                       509M  272M  238M  54% /boot
/dev/mapper/vg00-var_log       1014M  577M  438M  57% /var/log
/dev/mapper/vg00-opt            2.0G  1.2G  887M  57% /opt
/dev/mapper/vg01-u01             50G   28G   23G  55% /u01
/dev/mapper/vg00-var_log_audit 1014M   72M  943M   8% /var/log/audit
tmpfs                           1.6G     0  1.6G   0% /run/user/1002
tmpfs                           1.6G   12K  1.6G   1% /run/user/42
tmpfs                           1.6G     0  1.6G   0% /run/user/1004


Jarvis         	0:off	1:off	2:on	3:on	4:on	5:on	6:off
ncpa_listener  	0:off	1:off	2:on	3:on	4:on	5:on	6:off
ncpa_passive   	0:off	1:off	2:on	3:on	4:on	5:on	6:off
netconsole     	0:off	1:off	2:off	3:off	4:off	5:off	6:off
network        	0:off	1:off	2:on	3:on	4:on	5:on	6:off
rhnsd          	0:off	1:off	2:off	3:off	4:off	5:off	6:off
vmware-tools   	0:off	1:off	2:on	3:on	4:on	5:on	6:off

xinetd based services:
	chargen-dgram: 	off
	chargen-stream:	off
	daytime-dgram: 	off
	daytime-stream:	off
	discard-dgram: 	off
	discard-stream:	off
	echo-dgram:    	off
	echo-stream:   	off
	tcpmux-server: 	off
	time-dgram:    	off
	time-stream:   	off


