
dccvmstg1.w2k.bnm.gov.my
ens32:10.20.1.217/16
3.10.0-1160.76.1.el7.x86_64
 16:20:36 up 6 days, 17:22,  1 user,  load average: 0.27, 0.19, 0.16
kernel-3.10.0-1160.76.1.el7.x86_64            Sat 20 Aug 2022 10:16:59 PM +08
kernel-3.10.0-1160.71.1.el7.x86_64            Sat 30 Jul 2022 06:45:15 PM +08
kernel-3.10.0-1160.66.1.el7.x86_64            Sun 03 Jul 2022 01:56:15 AM +08
Red Hat Enterprise Linux Server release 7.9 (Maipo)
Intel(R) Xeon(R) CPU E7-4850 v4 @ 2.10GHz
32007 MB
1 of 1

CPU usage is below the threshold (Which is 80%)
Memory Usage is above the threshold (Which is 80%)

Memory free 
Used	Avail	Use%	Mounted
0	16G	0%	/dev
8.0K	16G	1%	/dev/shm
290M	16G	2%	/run
0	16G	0%	/sys/fs/cgroup
101M	1.9G	5%	/
4.3G	760M	86%	/usr
272M	238M	54%	/boot
8.5G	12G	43%	/appl
2.9G	13G	20%	/var
3.0G	4.0G	43%	/home
12G	105G	10%	/data
3.7G	1.4G	74%	/var/log
73M	942M	8%	/var/log/audit
41G	60G	41%	/opt
56M	50G	1%	/tmp
33M	50G	1%	/tmp/gatewaydb_backup
12K	3.2G	1%	/run/user/42
0	3.2G	0%	/run/user/1001
0	3.2G	0%	/run/user/1007

6 days,

Sat 10 Sep 2022 04:20:39 PM
Sat 10 Sep 2022 04:20:40 PM +08  -0.465050 seconds


Linux 3.10.0-1160.76.1.el7.x86_64 (dccvmstg1.w2k.bnm.gov.my) 	09/10/2022 	_x86_64_	(32 CPU)

04:20:40 PM     CPU     %user     %nice   %system   %iowait    %steal     %idle
04:20:42 PM     all      0.13      0.00      0.16      0.00      0.00     99.72
04:20:44 PM     all      0.56      0.00      0.30      0.00      0.00     99.14
04:20:46 PM     all      0.13      0.00      0.16      0.00      0.00     99.72
04:20:48 PM     all      0.11      0.00      0.16      0.00      0.00     99.73
04:20:50 PM     all      0.19      0.00      0.17      0.00      0.00     99.64
Average:        all      0.22      0.00      0.19      0.00      0.00     99.59
Average:        all      0.44      0.00      0.25      0.02      0.00     99.29

              total        used        free      shared  buff/cache   available
Mem:          32007       10368        1209         293       20429       20926
Swap:             0           0           0
Total:        32007       10368        1209




Filesystem                      Size  Used Avail Use% Mounted on
devtmpfs                         16G     0   16G   0% /dev
tmpfs                            16G  8.0K   16G   1% /dev/shm
tmpfs                            16G  290M   16G   2% /run
tmpfs                            16G     0   16G   0% /sys/fs/cgroup
/dev/mapper/vg00-root           2.0G  101M  1.9G   5% /
/dev/mapper/vg00-usr            5.0G  4.3G  760M  86% /usr
/dev/sda1                       509M  272M  238M  54% /boot
/dev/mapper/vg00-appl            20G  8.5G   12G  43% /appl
/dev/mapper/vg00-var             15G  2.9G   13G  20% /var
/dev/mapper/vg00-home           7.0G  3.0G  4.0G  43% /home
/dev/mapper/vg01-data           116G   12G  105G  10% /data
/dev/mapper/vg00-var_log        5.0G  3.7G  1.4G  74% /var/log
/dev/mapper/vg00-var_log_audit 1014M   73M  942M   8% /var/log/audit
/dev/mapper/vg00-opt            100G   41G   60G  41% /opt
/dev/mapper/vg00-tmp             50G   56M   50G   1% /tmp
/dev/mapper/vg02-lv_mastersam    50G   33M   50G   1% /tmp/gatewaydb_backup
tmpfs                           3.2G   12K  3.2G   1% /run/user/42
tmpfs                           3.2G     0  3.2G   0% /run/user/1001
tmpfs                           3.2G     0  3.2G   0% /run/user/1007


Jarvis         	0:off	1:off	2:on	3:on	4:on	5:on	6:off
guacd          	0:off	1:off	2:on	3:on	4:on	5:on	6:off
ncpa_listener  	0:off	1:off	2:on	3:on	4:on	5:on	6:off
ncpa_passive   	0:off	1:off	2:on	3:on	4:on	5:on	6:off
netconsole     	0:off	1:off	2:off	3:off	4:off	5:off	6:off
network        	0:off	1:off	2:on	3:on	4:on	5:on	6:off
rhnsd          	0:off	1:off	2:off	3:off	4:off	5:off	6:off
vmware-tools   	0:off	1:off	2:on	3:on	4:on	5:on	6:off

xinetd based services:
	chargen-dgram: 	off
	chargen-stream:	off
	daytime-dgram: 	off
	daytime-stream:	off
	discard-dgram: 	off
	discard-stream:	off
	echo-dgram:    	off
	echo-stream:   	off
	nrpe:          	on
	nsca:          	on
	tcpmux-server: 	off
	time-dgram:    	off
	time-stream:   	off


