
dccvhfinsdb.w2k.bnm.gov.my
eth0 eth1 virbr0:10.103.3.27/16 192.168.13.200/21 192.168.122.1/24
3.10.0-1160.76.1.el7.x86_64
 15:00:35 up 26 days, 13:38,  1 user,  load average: 1.11, 0.44, 0.28
kernel-3.10.0-1160.76.1.el7.x86_64            Fri 26 Aug 2022 07:34:43 PM +08
kernel-3.10.0-1160.71.1.el7.x86_64            Fri 29 Jul 2022 10:49:42 PM +08
kernel-3.10.0-1160.66.1.el7.x86_64            Sat 02 Jul 2022 12:02:30 AM +08
Red Hat Enterprise Linux Server release 7.9 (Maipo)
Intel(R) Xeon(R) CPU E5-2643 v4 @ 3.40GHz
201309 MB
3 of 2

CPU usage is below the threshold (Which is 80%)
Memory Usage is above the threshold (Which is 80%)

Memory free 
Used	Avail	Use%	Mounted
0	99G	0%	/dev
643M	98G	1%	/dev/shm
1.5G	97G	2%	/run
0	99G	0%	/sys/fs/cgroup
140M	1.9G	7%	/
4.2G	1.9G	70%	/usr
282M	225M	56%	/boot
640G	361G	64%	/backup
7.0G	11G	41%	/opt
7.8G	3.3G	71%	/home
35M	2.0G	2%	/tmp
3.0G	5.1G	37%	/var
695M	4.4G	14%	/var/log
185M	9.9G	2%	/var/log/audit
62G	39G	62%	/u01
0	20G	0%	/run/user/54321
12K	20G	1%	/run/user/42
0	20G	0%	/run/user/54322
0	20G	0%	/run/user/54328
0	20G	0%	/run/user/54327

26 days,

Thu 22 Sep 2022 03:00:36 PM
Thu 22 Sep 2022 03:00:20 PM +08  -0.962279 seconds


Linux 3.10.0-1160.76.1.el7.x86_64 (dccvhfinsdb.w2k.bnm.gov.my) 	09/22/2022 	_x86_64_	(16 CPU)

03:00:37 PM     CPU     %user     %nice   %system   %iowait    %steal     %idle
03:00:39 PM     all      0.09      0.00      0.09      0.00      0.03     99.78
03:00:41 PM     all      0.09      0.00      0.06      0.00      0.00     99.84
03:00:43 PM     all      0.16      0.00      0.09      0.03      0.03     99.69
03:00:45 PM     all      0.28      0.00      0.22      0.00      0.00     99.50
03:00:47 PM     all      0.16      0.00      0.06      0.00      0.03     99.75
Average:        all      0.16      0.00      0.11      0.01      0.02     99.71
Average:        all      4.65      0.00      1.37      1.34      0.24     92.40

              total        used        free      shared  buff/cache   available
Mem:         201309       78895      107743        2290       14670      118928
Swap:        131070           0      131070
Total:       332380       78895      238814




Filesystem                         Size  Used Avail Use% Mounted on
devtmpfs                            99G     0   99G   0% /dev
tmpfs                               99G  643M   98G   1% /dev/shm
tmpfs                               99G  1.5G   97G   2% /run
tmpfs                               99G     0   99G   0% /sys/fs/cgroup
/dev/mapper/vg00-lv_root           2.0G  140M  1.9G   7% /
/dev/mapper/vg00-lv_usr            6.0G  4.2G  1.9G  70% /usr
/dev/sda1                          506M  282M  225M  56% /boot
/dev/mapper/vg02-lv_backup        1000G  640G  361G  64% /backup
/dev/mapper/vg00-lv_opt             17G  7.0G   11G  41% /opt
/dev/mapper/vg00-lv_home            11G  7.8G  3.3G  71% /home
/dev/mapper/vg00-lv_tmp            2.0G   35M  2.0G   2% /tmp
/dev/mapper/vg00-lv_var            8.0G  3.0G  5.1G  37% /var
/dev/mapper/vg00-lv_var_log        5.0G  695M  4.4G  14% /var/log
/dev/mapper/vg00-lv_var_log_audit   10G  185M  9.9G   2% /var/log/audit
/dev/mapper/vg01-lv_u01            100G   62G   39G  62% /u01
tmpfs                               20G     0   20G   0% /run/user/54321
tmpfs                               20G   12K   20G   1% /run/user/42
tmpfs                               20G     0   20G   0% /run/user/54322
tmpfs                               20G     0   20G   0% /run/user/54328
tmpfs                               20G     0   20G   0% /run/user/54327


Galaxy         	0:off	1:off	2:off	3:on	4:off	5:on	6:off
Jarvis         	0:off	1:off	2:on	3:on	4:on	5:on	6:off
afd            	0:off	1:off	2:off	3:on	4:off	5:on	6:off
gcstartup      	0:off	1:off	2:on	3:on	4:on	5:on	6:off
lockgcstartup  	0:off	1:off	2:on	3:on	4:on	5:on	6:off
ncpa_listener  	0:off	1:off	2:on	3:on	4:on	5:on	6:off
ncpa_passive   	0:off	1:off	2:on	3:on	4:on	5:on	6:off
netconsole     	0:off	1:off	2:off	3:off	4:off	5:off	6:off
network        	0:off	1:off	2:on	3:on	4:on	5:on	6:off
ngt_guest_agent	0:off	1:off	2:on	3:on	4:on	5:on	6:off
ngt_self_service_restore	0:off	1:off	2:on	3:on	4:on	5:on	6:off
ohasd          	0:off	1:off	2:off	3:on	4:off	5:on	6:off
rhnsd          	0:off	1:off	2:off	3:off	4:off	5:off	6:off
unlockgcstartup	0:off	1:off	2:off	3:off	4:on	5:off	6:off

xinetd based services:
	chargen-dgram: 	off
	chargen-stream:	off
	daytime-dgram: 	off
	daytime-stream:	off
	discard-dgram: 	off
	discard-stream:	off
	echo-dgram:    	off
	echo-stream:   	off
	nrpe:          	on
	nsca:          	on
	tcpmux-server: 	off
	time-dgram:    	off
	time-stream:   	off


