
dccvhstatqdb.w2k.gov.my
bond0 eth0 eth1 eth2 virbr0:10.30.9.22/16 192.168.13.199/21 192.168.122.1/24
3.10.0-1160.76.1.el7.x86_64
 14:57:06 up 26 days, 13:34,  2 users,  load average: 1.81, 0.80, 0.39
kernel-3.10.0-1160.76.1.el7.x86_64            Fri 26 Aug 2022 07:34:46 PM +08
kernel-3.10.0-1160.71.1.el7.x86_64            Fri 29 Jul 2022 10:49:37 PM +08
kernel-3.10.0-1160.66.1.el7.x86_64            Sat 02 Jul 2022 12:03:02 AM +08
Red Hat Enterprise Linux Server release 7.9 (Maipo)
Intel(R) Xeon(R) Gold 6134 CPU @ 3.20GHz
40280 MB
5 of 5

CPU usage is below the threshold (Which is 80%)
Memory Usage is above the threshold (Which is 80%)

Memory free 
Used	Avail	Use%	Mounted
0	13G	0%	/dev
645M	12G	6%	/dev/shm
1.3G	11G	11%	/run
0	13G	0%	/sys/fs/cgroup
132M	1.9G	7%	/
4.5G	2.6G	64%	/usr
282M	225M	56%	/boot
2.7G	2.3G	54%	/opt
7.6G	2.5G	76%	/home
2.2G	9.9G	19%	/var
38M	977M	4%	/appl
49M	2.0G	3%	/tmp
1.4G	1.7G	45%	/var/log
214G	786G	22%	/backup
75M	10G	1%	/var/log/audit
73G	28G	73%	/u01
0	4.0G	0%	/run/user/54321
12K	4.0G	1%	/run/user/42
0	4.0G	0%	/run/user/54330
0	4.0G	0%	/run/user/54329

26 days,

Thu 22 Sep 2022 02:57:07 PM
Thu 22 Sep 2022 02:57:02 PM +08  -0.539825 seconds


Linux 3.10.0-1160.76.1.el7.x86_64 (dccvhstatqdb.w2k.gov.my) 	09/22/2022 	_x86_64_	(3 CPU)

02:57:08 PM     CPU     %user     %nice   %system   %iowait    %steal     %idle
02:57:10 PM     all      1.35      0.00      0.68      0.00      0.00     97.97
02:57:12 PM     all      2.21      0.00      1.02      0.68      0.00     96.10
02:57:14 PM     all      1.02      0.00      0.68      0.00      0.00     98.31
02:57:16 PM     all      1.02      0.00      0.85      0.00      0.00     98.14
02:57:18 PM     all      1.19      0.00      0.68      0.34      0.00     97.80
Average:        all      1.36      0.00      0.78      0.20      0.00     97.66
Average:        all      7.23      0.00      3.12      2.45      0.01     87.19

              total        used        free      shared  buff/cache   available
Mem:          40280       18125       11440        2020       10714       19850
Swap:         24574           0       24574
Total:        64855       18125       36015




Filesystem                         Size  Used Avail Use% Mounted on
devtmpfs                            13G     0   13G   0% /dev
tmpfs                               13G  645M   12G   6% /dev/shm
tmpfs                               13G  1.3G   11G  11% /run
tmpfs                               13G     0   13G   0% /sys/fs/cgroup
/dev/mapper/vg00-lv_root           2.0G  132M  1.9G   7% /
/dev/mapper/vg00-lv_usr            7.0G  4.5G  2.6G  64% /usr
/dev/sda1                          506M  282M  225M  56% /boot
/dev/mapper/vg00-lv_opt            5.0G  2.7G  2.3G  54% /opt
/dev/mapper/vg00-lv_home            10G  7.6G  2.5G  76% /home
/dev/mapper/vg00-lv_var             12G  2.2G  9.9G  19% /var
/dev/mapper/vg00-lv_appl          1014M   38M  977M   4% /appl
/dev/mapper/vg00-lv_tmp            2.0G   49M  2.0G   3% /tmp
/dev/mapper/vg00-lv_var_log        3.0G  1.4G  1.7G  45% /var/log
/dev/mapper/vg02-lv_backup        1000G  214G  786G  22% /backup
/dev/mapper/vg00-lv_var_log_audit   10G   75M   10G   1% /var/log/audit
/dev/mapper/vg01-lv_u01            100G   73G   28G  73% /u01
tmpfs                              4.0G     0  4.0G   0% /run/user/54321
tmpfs                              4.0G   12K  4.0G   1% /run/user/42
tmpfs                              4.0G     0  4.0G   0% /run/user/54330
tmpfs                              4.0G     0  4.0G   0% /run/user/54329


Galaxy         	0:off	1:off	2:off	3:on	4:off	5:on	6:off
Jarvis         	0:off	1:off	2:on	3:on	4:on	5:on	6:off
afd            	0:off	1:off	2:off	3:on	4:off	5:on	6:off
gcstartup      	0:off	1:off	2:on	3:on	4:on	5:on	6:off
lockgcstartup  	0:off	1:off	2:on	3:on	4:on	5:on	6:off
ncpa_listener  	0:off	1:off	2:on	3:on	4:on	5:on	6:off
ncpa_passive   	0:off	1:off	2:on	3:on	4:on	5:on	6:off
netconsole     	0:off	1:off	2:off	3:off	4:off	5:off	6:off
network        	0:off	1:off	2:on	3:on	4:on	5:on	6:off
ngt_guest_agent	0:off	1:off	2:on	3:on	4:on	5:on	6:off
ngt_self_service_restore	0:off	1:off	2:on	3:on	4:on	5:on	6:off
ohasd          	0:off	1:off	2:off	3:on	4:off	5:on	6:off
rhnsd          	0:off	1:off	2:off	3:off	4:off	5:off	6:off
unlockgcstartup	0:off	1:off	2:off	3:off	4:on	5:off	6:off

xinetd based services:
	chargen-dgram: 	off
	chargen-stream:	off
	daytime-dgram: 	off
	daytime-stream:	off
	discard-dgram: 	off
	discard-stream:	off
	echo-dgram:    	off
	echo-stream:   	off
	nrpe:          	on
	nsca:          	on
	tcpmux-server: 	off
	time-dgram:    	off
	time-stream:   	off


