
dccvhficdb.lux.bnm.gov.my
eth0 eth1:10.30.9.24/16 192.168.11.125/21
3.10.0-1160.76.1.el7.x86_64
 11:55:25 up 21 days, 10:37,  1 user,  load average: 0.33, 0.32, 0.25
kernel-3.10.0-1160.76.1.el7.x86_64            Fri 19 Aug 2022 07:16:49 PM +08
kernel-3.10.0-1160.66.1.el7.x86_64            Sat 25 Jun 2022 12:10:08 AM +08
kernel-3.10.0-1160.62.1.el7.x86_64            Sat 21 May 2022 12:04:16 AM +08
Red Hat Enterprise Linux Server release 7.9 (Maipo)
Intel(R) Xeon(R) Silver 4208 CPU @ 2.10GHz
40039 MB
2 of 5

CPU usage is below the threshold (Which is 80%)
Memory Usage is above the threshold (Which is 80%)

Memory free 
Used	Avail	Use%	Mounted
0	20G	0%	/dev
637M	19G	4%	/dev/shm
1.4G	19G	8%	/run
0	20G	0%	/sys/fs/cgroup
632M	1.4G	31%	/
4.6G	2.5G	66%	/usr
378M	128M	75%	/boot
24G	489G	5%	/backup
3.2G	6.9G	32%	/home
33M	2.0G	2%	/tmp
6.8G	3.3G	68%	/opt
3.4G	5.7G	38%	/var
566M	2.5G	19%	/var/log
67G	34G	67%	/u01
75M	10G	1%	/var/log/audit
12K	4.0G	1%	/run/user/42
0	4.0G	0%	/run/user/54321
0	4.0G	0%	/run/user/54328

21 days,

Sat 10 Sep 2022 11:55:27 AM
Sat 10 Sep 2022 11:55:22 AM +08  -0.236908 seconds


Linux 3.10.0-1160.76.1.el7.x86_64 (dccvhficdb.lux.bnm.gov.my) 	09/10/2022 	_x86_64_	(2 CPU)

11:55:27 AM     CPU     %user     %nice   %system   %iowait    %steal     %idle
11:55:29 AM     all      2.56      0.00      5.12      0.00      0.00     92.33
11:55:31 AM     all      2.05      0.00      1.79      0.00      0.00     96.16
11:55:33 AM     all      1.53      0.00      1.02      0.26      0.00     97.19
11:55:35 AM     all      2.58      0.00      2.58      0.00      0.00     94.85
11:55:37 AM     all      1.53      0.00      0.76      0.25      0.00     97.46
Average:        all      2.05      0.00      2.25      0.10      0.00     95.60
Average:        all      7.66      0.00      3.07      1.23      0.01     88.03

              total        used        free      shared  buff/cache   available
Mem:          40039       17362        3805        2180       18871       20042
Swap:         16382          15       16367
Total:        56422       17378       20173




Filesystem                         Size  Used Avail Use% Mounted on
devtmpfs                            20G     0   20G   0% /dev
tmpfs                               20G  637M   19G   4% /dev/shm
tmpfs                               20G  1.4G   19G   8% /run
tmpfs                               20G     0   20G   0% /sys/fs/cgroup
/dev/mapper/vg00-lv_root           2.0G  632M  1.4G  31% /
/dev/mapper/vg00-lv_usr            7.0G  4.6G  2.5G  66% /usr
/dev/sda1                          506M  378M  128M  75% /boot
/dev/mapper/vg02-lv_backup         512G   24G  489G   5% /backup
/dev/mapper/vg00-lv_home            10G  3.2G  6.9G  32% /home
/dev/mapper/vg00-lv_tmp            2.0G   33M  2.0G   2% /tmp
/dev/mapper/vg00-lv_opt             10G  6.8G  3.3G  68% /opt
/dev/mapper/vg00-lv_var            9.0G  3.4G  5.7G  38% /var
/dev/mapper/vg00-lv_var_log        3.0G  566M  2.5G  19% /var/log
/dev/mapper/vg01-lv_u01            100G   67G   34G  67% /u01
/dev/mapper/vg00-lv_var_log_audit   10G   75M   10G   1% /var/log/audit
tmpfs                              4.0G   12K  4.0G   1% /run/user/42
tmpfs                              4.0G     0  4.0G   0% /run/user/54321
tmpfs                              4.0G     0  4.0G   0% /run/user/54328


Galaxy         	0:off	1:off	2:off	3:on	4:off	5:on	6:off
Jarvis         	0:off	1:off	2:on	3:on	4:on	5:on	6:off
acfssihamount  	0:off	1:off	2:off	3:on	4:off	5:on	6:off
afd            	0:off	1:off	2:off	3:on	4:off	5:on	6:off
gcstartup      	0:off	1:off	2:on	3:on	4:on	5:on	6:off
lockgcstartup  	0:off	1:off	2:on	3:on	4:on	5:on	6:off
ncpa_listener  	0:off	1:off	2:on	3:on	4:on	5:on	6:off
ncpa_passive   	0:off	1:off	2:on	3:on	4:on	5:on	6:off
netconsole     	0:off	1:off	2:off	3:off	4:off	5:off	6:off
network        	0:off	1:off	2:on	3:on	4:on	5:on	6:off
ngt_guest_agent	0:off	1:off	2:on	3:on	4:on	5:on	6:off
ngt_self_service_restore	0:off	1:off	2:on	3:on	4:on	5:on	6:off
ohasd          	0:off	1:off	2:off	3:on	4:off	5:on	6:off
rhnsd          	0:off	1:off	2:off	3:off	4:off	5:off	6:off
unlockgcstartup	0:off	1:off	2:off	3:off	4:on	5:off	6:off

xinetd based services:
	chargen-dgram: 	off
	chargen-stream:	off
	daytime-dgram: 	off
	daytime-stream:	off
	discard-dgram: 	off
	discard-stream:	off
	echo-dgram:    	off
	echo-stream:   	off
	nrpe:          	on
	nsca:          	on
	tcpmux-server: 	off
	time-dgram:    	off
	time-stream:   	off


