
dcvhomrdbp1.lux.bnm.gov.my
eth0 eth1:192.168.248.221/21 192.168.15.5/21
3.10.0-1160.76.1.el7.x86_64
 13:43:21 up 33 days,  7:47,  1 user,  load average: 0.91, 0.35, 0.22
kernel-3.10.0-1160.76.1.el7.x86_64            Fri 19 Aug 2022 09:05:50 PM +08
kernel-3.10.0-1160.71.1.el7.x86_64            Sat 23 Jul 2022 01:33:16 AM +08
kernel-3.10.0-1160.66.1.el7.x86_64            Sat 25 Jun 2022 01:35:22 AM +08
Red Hat Enterprise Linux Server release 7.9 (Maipo)
Intel(R) Xeon(R) Gold 6134 CPU @ 3.20GHz
25129 MB
2 of 2

CPU usage is below the threshold (Which is 80%)
Memory Usage is above the threshold (Which is 80%)

Memory free 
Used	Avail	Use%	Mounted
0	5.8G	0%	/dev
637M	5.2G	11%	/dev/shm
668M	5.2G	12%	/run
0	5.8G	0%	/sys/fs/cgroup
128M	1.9G	7%	/
4.3G	1.8G	71%	/usr
2.7G	2.4G	54%	/opt
1.7G	2.4G	41%	/var
33M	2.0G	2%	/tmp
109G	403G	22%	/backup
1.4G	1.7G	45%	/var/log
324M	183M	64%	/boot
51G	50G	51%	/u01
106M	9.9G	2%	/home
78M	10G	1%	/var/log/audit
12K	2.5G	1%	/run/user/42
0	2.5G	0%	/run/user/54330
0	2.5G	0%	/run/user/54328

33 days,

Thu 22 Sep 2022 01:43:22 PM
Thu 22 Sep 2022 01:43:17 PM +08  -0.715394 seconds


Linux 3.10.0-1160.76.1.el7.x86_64 (dcvhomrdbp1.lux.bnm.gov.my) 	09/22/2022 	_x86_64_	(16 CPU)

01:43:22 PM     CPU     %user     %nice   %system   %iowait    %steal     %idle
01:43:24 PM     all      0.13      0.00      0.06      0.06      0.00     99.75
01:43:26 PM     all      0.13      0.00      0.06      0.03      0.00     99.78
01:43:28 PM     all      0.13      0.00      0.09      0.00      0.03     99.75
01:43:30 PM     all      0.13      0.00      0.09      0.06      0.00     99.72
01:43:32 PM     all      0.13      0.00      0.09      0.06      0.00     99.72
Average:        all      0.13      0.00      0.08      0.04      0.01     99.74
Average:        all      0.59      0.00      0.23      0.31      0.01     98.87

              total        used        free      shared  buff/cache   available
Mem:          25129        5980        2034        6535       17114       12425
Swap:         16382           0       16382
Total:        41512        5980       18417




Filesystem                         Size  Used Avail Use% Mounted on
devtmpfs                           5.8G     0  5.8G   0% /dev
tmpfs                              5.8G  637M  5.2G  11% /dev/shm
tmpfs                              5.8G  668M  5.2G  12% /run
tmpfs                              5.8G     0  5.8G   0% /sys/fs/cgroup
/dev/mapper/vg00-lv_root           2.0G  128M  1.9G   7% /
/dev/mapper/vg00-lv_usr            6.0G  4.3G  1.8G  71% /usr
/dev/mapper/vg00-lv_opt            5.0G  2.7G  2.4G  54% /opt
/dev/mapper/vg00-lv_var            4.0G  1.7G  2.4G  41% /var
/dev/mapper/vg00-lv_tmp            2.0G   33M  2.0G   2% /tmp
/dev/mapper/vg02-lv_backup         512G  109G  403G  22% /backup
/dev/mapper/vg00-lv_var_log        3.0G  1.4G  1.7G  45% /var/log
/dev/sda1                          506M  324M  183M  64% /boot
/dev/mapper/vg01-lv_u01            100G   51G   50G  51% /u01
/dev/mapper/vg00-lv_home            10G  106M  9.9G   2% /home
/dev/mapper/vg00-lv_var_log_audit   10G   78M   10G   1% /var/log/audit
tmpfs                              2.5G   12K  2.5G   1% /run/user/42
tmpfs                              2.5G     0  2.5G   0% /run/user/54330
tmpfs                              2.5G     0  2.5G   0% /run/user/54328


Galaxy         	0:off	1:off	2:off	3:on	4:off	5:on	6:off
Jarvis         	0:off	1:off	2:on	3:on	4:on	5:on	6:off
acfssihamount  	0:off	1:off	2:off	3:on	4:off	5:on	6:off
ncpa_listener  	0:off	1:off	2:on	3:on	4:on	5:on	6:off
ncpa_passive   	0:off	1:off	2:on	3:on	4:on	5:on	6:off
netconsole     	0:off	1:off	2:off	3:off	4:off	5:off	6:off
network        	0:off	1:off	2:on	3:on	4:on	5:on	6:off
ngt_guest_agent	0:off	1:off	2:on	3:on	4:on	5:on	6:off
ohasd          	0:off	1:off	2:off	3:on	4:off	5:on	6:off
rhnsd          	0:off	1:off	2:off	3:off	4:off	5:off	6:off

xinetd based services:
	chargen-dgram: 	off
	chargen-stream:	off
	daytime-dgram: 	off
	daytime-stream:	off
	discard-dgram: 	off
	discard-stream:	off
	echo-dgram:    	off
	echo-stream:   	off
	nrpe:          	on
	nsca:          	on
	tcpmux-server: 	off
	time-dgram:    	off
	time-stream:   	off


