
dcvhedlpdbp1.lux.bnm.gov.my
eth0 eth1:10.30.1.163/16 192.168.9.152/21
3.10.0-1160.76.1.el7.x86_64
 11:58:46 up 21 days, 10:40,  1 user,  load average: 0.17, 0.14, 0.14
kernel-3.10.0-1160.76.1.el7.x86_64            Fri 19 Aug 2022 07:16:46 PM +08
kernel-3.10.0-1160.66.1.el7.x86_64            Sat 25 Jun 2022 12:09:39 AM +08
kernel-3.10.0-1160.62.1.el7.x86_64            Sat 23 Apr 2022 12:04:19 AM +08
Red Hat Enterprise Linux Server release 7.9 (Maipo)
Intel(R) Xeon(R) Gold 6134 CPU @ 3.20GHz
40039 MB
2 of 2

CPU usage is below the threshold (Which is 80%)
Memory Usage is above the threshold (Which is 80%)

Memory free 
Used	Avail	Use%	Mounted
0	20G	0%	/dev
637M	19G	4%	/dev/shm
1.6G	18G	8%	/run
0	20G	0%	/sys/fs/cgroup
120M	1.9G	6%	/
4.3G	733M	86%	/usr
378M	128M	75%	/boot
179M	9.9G	2%	/home
2.6G	2.5G	52%	/opt
2.6G	4.5G	37%	/var
97G	416G	19%	/backup
36M	2.0G	2%	/tmp
1.4G	3.7G	28%	/var/log
61G	39G	61%	/u01
71M	10G	1%	/var/log/audit
12K	4.0G	1%	/run/user/42
0	4.0G	0%	/run/user/54321
0	4.0G	0%	/run/user/54330
0	4.0G	0%	/run/user/54328

21 days,

Sat 10 Sep 2022 11:58:48 AM
Sat 10 Sep 2022 11:58:44 AM +08  -0.162916 seconds


Linux 3.10.0-1160.76.1.el7.x86_64 (dcvhedlpdbp1.lux.bnm.gov.my) 	09/10/2022 	_x86_64_	(12 CPU)

11:58:48 AM     CPU     %user     %nice   %system   %iowait    %steal     %idle
11:58:50 AM     all      0.17      0.00      0.13      0.04      0.04     99.62
11:58:52 AM     all      0.17      0.00      0.17      0.00      0.00     99.67
11:58:54 AM     all      0.13      0.00      0.13      0.00      0.00     99.75
11:58:56 AM     all      0.08      0.00      0.13      0.00      0.00     99.79
11:58:58 AM     all      0.13      0.00      0.13      0.04      0.00     99.71
Average:        all      0.13      0.00      0.13      0.02      0.01     99.71
Average:        all      1.09      0.00      0.61      0.46      0.01     97.82

              total        used        free      shared  buff/cache   available
Mem:          40039       14305       14310        2348       11424       22938
Swap:         16382           0       16382
Total:        56422       14305       30693




Filesystem                         Size  Used Avail Use% Mounted on
devtmpfs                            20G     0   20G   0% /dev
tmpfs                               20G  637M   19G   4% /dev/shm
tmpfs                               20G  1.6G   18G   8% /run
tmpfs                               20G     0   20G   0% /sys/fs/cgroup
/dev/mapper/vg00-lv_root           2.0G  120M  1.9G   6% /
/dev/mapper/vg00-lv_usr            5.0G  4.3G  733M  86% /usr
/dev/sda1                          506M  378M  128M  75% /boot
/dev/mapper/vg00-lv_home            10G  179M  9.9G   2% /home
/dev/mapper/vg00-lv_opt            5.0G  2.6G  2.5G  52% /opt
/dev/mapper/vg00-lv_var            7.0G  2.6G  4.5G  37% /var
/dev/mapper/vg02-lv_backup         512G   97G  416G  19% /backup
/dev/mapper/vg00-lv_tmp            2.0G   36M  2.0G   2% /tmp
/dev/mapper/vg00-lv_var_log        5.0G  1.4G  3.7G  28% /var/log
/dev/mapper/vg01-lv_u01            100G   61G   39G  61% /u01
/dev/mapper/vg00-lv_var_log_audit   10G   71M   10G   1% /var/log/audit
tmpfs                              4.0G   12K  4.0G   1% /run/user/42
tmpfs                              4.0G     0  4.0G   0% /run/user/54321
tmpfs                              4.0G     0  4.0G   0% /run/user/54330
tmpfs                              4.0G     0  4.0G   0% /run/user/54328


Galaxy         	0:off	1:off	2:off	3:on	4:off	5:on	6:off
Jarvis         	0:off	1:off	2:on	3:on	4:on	5:on	6:off
acfssihamount  	0:off	1:off	2:off	3:on	4:off	5:on	6:off
afd            	0:off	1:off	2:off	3:on	4:off	5:on	6:off
gcstartup      	0:off	1:off	2:on	3:on	4:on	5:on	6:off
lockgcstartup  	0:off	1:off	2:on	3:on	4:on	5:on	6:off
ncpa_listener  	0:off	1:off	2:on	3:on	4:on	5:on	6:off
ncpa_passive   	0:off	1:off	2:on	3:on	4:on	5:on	6:off
netconsole     	0:off	1:off	2:off	3:off	4:off	5:off	6:off
network        	0:off	1:off	2:on	3:on	4:on	5:on	6:off
ngt_guest_agent	0:off	1:off	2:on	3:on	4:on	5:on	6:off
ohasd          	0:off	1:off	2:off	3:on	4:off	5:on	6:off
rhnsd          	0:off	1:off	2:off	3:off	4:off	5:off	6:off
unlockgcstartup	0:off	1:off	2:off	3:off	4:on	5:off	6:off

xinetd based services:
	chargen-dgram: 	off
	chargen-stream:	off
	daytime-dgram: 	off
	daytime-stream:	off
	discard-dgram: 	off
	discard-stream:	off
	echo-dgram:    	off
	echo-stream:   	off
	nrpe:          	on
	nsca:          	on
	tcpmux-server: 	off
	time-dgram:    	off
	time-stream:   	off


