
dcvxlogfwd02.lux.bnm.gov.my
ens160:10.100.0.113/24
4.18.0-372.9.1.el8.x86_64
 13:32:48 up 33 days, 10:52,  1 user,  load average: 1.34, 1.15, 0.95
kernel-4.18.0-372.9.1.el8.x86_64              Fri 14 Oct 2022 09:49:59 AM +08
kernel-4.18.0-372.26.1.el8_6.x86_64           Thu 22 Sep 2022 01:29:18 PM +08
kernel-4.18.0-372.19.1.el8_6.x86_64           Thu 01 Sep 2022 11:15:42 AM +08
Red Hat Enterprise Linux release 8.6 (Ootpa)
Intel(R) Xeon(R) Gold 6246 CPU @ 3.30GHz
64120 MB
1 of 1

CPU usage is below the threshold (Which is 80%)
Memory Usage is above the threshold (Which is 80%)

Memory free 
Used	Avail	Use%	Mounted
0	32G	0%	/dev
8.0K	32G	1%	/dev/shm
1.9G	30G	6%	/run
0	32G	0%	/sys/fs/cgroup
941M	30G	4%	/
1.9G	3.2G	37%	/usr
272M	1.8G	14%	/boot
69M	5.0G	2%	/tmp
158M	9.9G	2%	/home
951M	9.1G	10%	/var
910M	9.2G	9%	/var/log
40M	975M	4%	/var/crash
102M	4.9G	2%	/var/log/audit
1.1G	8.9G	11%	/opt
0	6.3G	0%	/run/user/38263
0	6.3G	0%	/run/user/1001

33 days,

Thu 22 Sep 2022 01:32:50 PM
2022-09-22 13:32:50.228282+08:00


Linux 4.18.0-372.9.1.el8.x86_64 (dcvxlogfwd02.lux.bnm.gov.my) 	09/22/2022 	_x86_64_	(32 CPU)

01:32:51 PM     CPU     %user     %nice   %system   %iowait    %steal     %idle
01:32:53 PM     all      0.59      0.00      1.50      0.00      0.00     97.90
01:32:55 PM     all      0.77      0.00      1.58      0.08      0.00     97.57
01:32:57 PM     all      0.72      0.00      1.50      0.00      0.00     97.78
01:32:59 PM     all      0.67      0.00      1.53      0.05      0.00     97.75
01:33:01 PM     all      0.66      0.00      1.58      0.08      0.00     97.68
Average:        all      0.68      0.00      1.54      0.04      0.00     97.74
Average:        all      0.64      0.00      1.38      0.00      0.00     97.98

              total        used        free      shared  buff/cache   available
Mem:          64120        4411       54365        1889        5343       57121
Swap:          8191           0        8191
Total:        72312        4411       62557


Linux 4.18.0-372.9.1.el8.x86_64 (dcvxlogfwd02.lux.bnm.gov.my) 	09/22/2022 	_x86_64_	(32 CPU)

Device             tps    kB_read/s    kB_wrtn/s    kB_read    kB_wrtn
sda               1.31         0.89        14.55    2567342   42047513
sdb               0.05         1.18         0.00    3404648          0
scd0              0.00         0.00         0.00          1          0
dm-0              0.01         0.01         0.06      26210     159307
dm-1              0.00         0.00         0.00       2220          0
dm-2              0.35         0.40         2.01    1154010    5818033
dm-3              0.02         0.00         0.09      11909     250540
dm-4              0.18         0.02         0.83      47294    2385907
dm-5              0.80         0.16        10.54     465950   30457966
dm-6              0.07         0.00         0.34       4568     972901
dm-7              0.06         0.22         0.63     623430    1819765
dm-8              0.00         0.02         0.01      45114      29024
dm-9              0.00         0.00         0.00       3043       2718



Filesystem                     Size  Used Avail Use% Mounted on
devtmpfs                        32G     0   32G   0% /dev
tmpfs                           32G  8.0K   32G   1% /dev/shm
tmpfs                           32G  1.9G   30G   6% /run
tmpfs                           32G     0   32G   0% /sys/fs/cgroup
/dev/mapper/vg00-lv_root        30G  941M   30G   4% /
/dev/mapper/vg00-lv_usr        5.0G  1.9G  3.2G  37% /usr
/dev/sda1                      2.0G  272M  1.8G  14% /boot
/dev/mapper/vg00-lv_tmp        5.0G   69M  5.0G   2% /tmp
/dev/mapper/vg00-lv_home        10G  158M  9.9G   2% /home
/dev/mapper/vg00-lv_var         10G  951M  9.1G  10% /var
/dev/mapper/vg00-lv_var_log     10G  910M  9.2G   9% /var/log
/dev/mapper/vg00-lv_var_crash 1014M   40M  975M   4% /var/crash
/dev/mapper/vg00-lv_log_audit  5.0G  102M  4.9G   2% /var/log/audit
/dev/mapper/vg00-lv_opt         10G  1.1G  8.9G  11% /opt
tmpfs                          6.3G     0  6.3G   0% /run/user/38263
tmpfs                          6.3G     0  6.3G   0% /run/user/1001


ncpa_listener  	0:off	1:off	2:on	3:on	4:on	5:on	6:off
ncpa_passive   	0:off	1:off	2:on	3:on	4:on	5:on	6:off


