
dcvxlogfwd01.lux.bnm.gov.my
ens160:10.100.0.112/24
4.18.0-372.19.1.el8_6.x86_64
 13:30:17 up 33 days, 10:51,  1 user,  load average: 1.61, 0.66, 0.25
kernel-4.18.0-372.26.1.el8_6.x86_64           Thu 22 Sep 2022 01:29:12 PM +08
kernel-4.18.0-372.19.1.el8_6.x86_64           Fri 19 Aug 2022 09:06:01 PM +08
kernel-4.18.0-372.16.1.el8_6.x86_64           Mon 18 Jul 2022 10:31:58 AM +08
Red Hat Enterprise Linux release 8.6 (Ootpa)
Intel(R) Xeon(R) Gold 6246 CPU @ 3.30GHz
7736 MB
1 of 1

CPU usage is below the threshold (Which is 80%)
Memory Usage is above the threshold (Which is 80%)

Memory free 
Used	Avail	Use%	Mounted
0	3.8G	0%	/dev
8.0K	3.8G	1%	/dev/shm
394M	3.4G	11%	/run
0	3.8G	0%	/sys/fs/cgroup
285M	30G	1%	/
1.9G	3.2G	37%	/usr
304M	1.7G	15%	/boot
105M	9.9G	2%	/home
69M	5.0G	2%	/tmp
916M	9.1G	9%	/var
413M	9.6G	5%	/var/log
1.2G	8.9G	12%	/opt
64M	4.4G	2%	/var/crash
109M	4.9G	3%	/var/log/audit
0	774M	0%	/run/user/1001

33 days,

Thu 22 Sep 2022 01:30:18 PM
2022-09-22 13:30:18.524060+08:00


Linux 4.18.0-372.19.1.el8_6.x86_64 (dcvxlogfwd01.lux.bnm.gov.my) 	09/22/2022 	_x86_64_	(4 CPU)

01:30:19 PM     CPU     %user     %nice   %system   %iowait    %steal     %idle
01:30:21 PM     all      0.00      0.00      0.25      0.00      0.00     99.75
01:30:23 PM     all      0.00      0.00      0.25      0.00      0.00     99.75
01:30:25 PM     all      0.38      0.00      0.50      0.00      0.00     99.12
01:30:27 PM     all      0.25      0.00      0.00      0.00      0.00     99.75
01:30:29 PM     all      0.13      0.00      0.25      0.00      0.00     99.62
Average:        all      0.15      0.00      0.25      0.00      0.00     99.60
Average:        all      0.51      0.01      0.30      0.01      0.00     99.18

              total        used        free      shared  buff/cache   available
Mem:           7736        3016        1190         393        3529        4028
Swap:          8191           0        8191
Total:        15928        3016        9382


Linux 4.18.0-372.19.1.el8_6.x86_64 (dcvxlogfwd01.lux.bnm.gov.my) 	09/22/2022 	_x86_64_	(4 CPU)

Device             tps    kB_read/s    kB_wrtn/s    kB_read    kB_wrtn
sdb               0.05         1.18         0.00    3402560          0
sda               1.42         0.90        16.69    2599932   48244839
scd0              0.00         0.00         0.00          1          0
dm-0              0.16         0.01         4.09      28706   11835323
dm-1              0.00         0.00         0.00       2220          0
dm-2              0.35         0.40         2.00    1153090    5771760
dm-3              0.00         0.00         0.00       3180       2187
dm-4              0.02         0.00         0.09      11565     250978
dm-5              0.18         0.02         0.87      48858    2523720
dm-6              0.62         0.18         7.74     522190   22367835
dm-7              0.07         0.00         0.30       4568     859401
dm-8              0.05         0.22         0.58     625922    1671139
dm-9              0.19         0.00         1.01       5042    2915199



Filesystem                     Size  Used Avail Use% Mounted on
devtmpfs                       3.8G     0  3.8G   0% /dev
tmpfs                          3.8G  8.0K  3.8G   1% /dev/shm
tmpfs                          3.8G  394M  3.4G  11% /run
tmpfs                          3.8G     0  3.8G   0% /sys/fs/cgroup
/dev/mapper/vg00-lv_root        30G  285M   30G   1% /
/dev/mapper/vg00-lv_usr        5.0G  1.9G  3.2G  37% /usr
/dev/sda1                      2.0G  304M  1.7G  15% /boot
/dev/mapper/vg00-lv_home        10G  105M  9.9G   2% /home
/dev/mapper/vg00-lv_tmp        5.0G   69M  5.0G   2% /tmp
/dev/mapper/vg00-lv_var         10G  916M  9.1G   9% /var
/dev/mapper/vg00-lv_var_log     10G  413M  9.6G   5% /var/log
/dev/mapper/vg00-lv_opt         10G  1.2G  8.9G  12% /opt
/dev/mapper/vg00-lv_var_crash  4.4G   64M  4.4G   2% /var/crash
/dev/mapper/vg00-lv_log_audit  5.0G  109M  4.9G   3% /var/log/audit
tmpfs                          774M     0  774M   0% /run/user/1001


Jarvis         	0:off	1:off	2:on	3:on	4:on	5:on	6:off
ncpa_listener  	0:off	1:off	2:on	3:on	4:on	5:on	6:off
ncpa_passive   	0:off	1:off	2:on	3:on	4:on	5:on	6:off


